[2019-07-24T13:03:35.318-0300][0.022s][warning][gc] -XX:+PrintGCDetails is deprecated. Will use -Xlog:gc* instead.
[2019-07-24T13:03:35.350-0300][0.054s][debug  ][gc] ConcGCThreads: 1 offset 8
[2019-07-24T13:03:35.350-0300][0.054s][debug  ][gc] ParallelGCThreads: 4
[2019-07-24T13:03:35.350-0300][0.054s][debug  ][gc] Initialize mark stack with 4096 chunks, maximum 16384
[2019-07-24T13:03:35.369-0300][0.073s][info   ][gc] Using G1
[2019-07-24T13:03:39.402-0300][4.106s][info   ][gc] GC(0) Pause Young (Normal) (G1 Evacuation Pause) 44M->40M(512M) 77.605ms
[2019-07-24T13:03:44.082-0300][8.786s][info   ][gc] GC(1) Pause Young (Normal) (G1 Evacuation Pause) 89M->91M(512M) 137.922ms
[2019-07-24T13:03:54.576-0300][19.280s][info   ][gc] GC(2) Pause Young (Normal) (G1 Evacuation Pause) 217M->218M(512M) 352.816ms
[2019-07-24T13:04:03.310-0300][28.013s][info   ][gc] GC(3) Pause Young (Normal) (G1 Evacuation Pause) 293M->286M(512M) 473.749ms
[2019-07-24T13:04:10.727-0300][35.431s][info   ][gc] GC(4) Pause Young (Concurrent Start) (G1 Evacuation Pause) 340M->339M(512M) 345.940ms
[2019-07-24T13:04:10.728-0300][35.431s][info   ][gc] GC(5) Concurrent Cycle
[2019-07-24T13:04:12.512-0300][37.215s][debug  ][gc] GC(5) Reclaimed 37 empty regions
[2019-07-24T13:04:12.512-0300][37.215s][info   ][gc] GC(5) Pause Remark 357M->320M(512M) 2.192ms
[2019-07-24T13:04:13.431-0300][38.134s][info   ][gc] GC(5) Pause Cleanup 324M->324M(512M) 0.210ms
[2019-07-24T13:04:13.435-0300][38.138s][info   ][gc] GC(5) Concurrent Cycle 2707.134ms
[2019-07-24T13:04:13.973-0300][38.676s][info   ][gc] GC(6) Pause Young (Concurrent Start) (G1 Humongous Allocation) 328M->329M(512M) 239.479ms
[2019-07-24T13:04:13.973-0300][38.676s][info   ][gc] GC(7) Concurrent Cycle
[2019-07-24T13:04:16.687-0300][41.390s][info   ][gc] GC(7) Pause Remark 404M->404M(512M) 1.816ms
[2019-07-24T13:04:18.135-0300][42.838s][info   ][gc] GC(7) Pause Cleanup 413M->413M(512M) 0.345ms
[2019-07-24T13:04:18.138-0300][42.841s][info   ][gc] GC(7) Concurrent Cycle 4164.997ms
[2019-07-24T13:04:21.186-0300][45.889s][info   ][gc] GC(8) Pause Young (Normal) (G1 Evacuation Pause) 435M->435M(512M) 474.685ms
[2019-07-24T13:04:23.900-0300][48.603s][info   ][gc] GC(9) Pause Young (Concurrent Start) (G1 Evacuation Pause) 454M->454M(512M) 406.578ms
[2019-07-24T13:04:23.900-0300][48.603s][info   ][gc] GC(10) Concurrent Cycle
[2019-07-24T13:04:27.185-0300][51.888s][info   ][gc] GC(11) Pause Young (Normal) (G1 Evacuation Pause) 475M->476M(512M) 419.605ms
[2019-07-24T13:04:27.735-0300][52.438s][debug  ][gc] GC(10) Reclaimed 33 empty regions
[2019-07-24T13:04:27.735-0300][52.438s][info   ][gc] GC(10) Pause Remark 480M->447M(512M) 2.072ms
[2019-07-24T13:04:29.595-0300][54.297s][info   ][gc] GC(10) Pause Cleanup 461M->461M(512M) 0.430ms
[2019-07-24T13:04:29.596-0300][54.299s][info   ][gc] GC(10) Concurrent Cycle 5695.891ms
[2019-07-24T13:04:30.163-0300][54.866s][info   ][gc] GC(12) Pause Young (Normal) (G1 Evacuation Pause) 464M->464M(512M) 421.756ms
[2019-07-24T13:04:33.367-0300][58.069s][info   ][gc] GC(13) Pause Young (Concurrent Start) (G1 Evacuation Pause) 485M->485M(512M) 435.798ms
[2019-07-24T13:04:33.401-0300][58.104s][info   ][gc] GC(14) Concurrent Cycle
[2019-07-24T13:04:36.329-0300][61.031s][info   ][gc] GC(15) To-space exhausted
[2019-07-24T13:04:36.329-0300][61.032s][info   ][gc] GC(15) Pause Young (Normal) (G1 Evacuation Pause) 506M->512M(512M) 534.910ms
[2019-07-24T13:04:36.330-0300][61.033s][debug  ][gc] GC(16) Clear Next Bitmap 0.882ms
[2019-07-24T13:04:38.248-0300][62.951s][info   ][gc] GC(16) Pause Full (G1 Evacuation Pause) 512M->495M(512M) 1919.028ms
[2019-07-24T13:04:38.249-0300][62.951s][info   ][gc] GC(14) Concurrent Cycle 4847.438ms
[2019-07-24T13:04:40.425-0300][65.128s][info   ][gc] GC(17) To-space exhausted
[2019-07-24T13:04:40.426-0300][65.128s][info   ][gc] GC(17) Pause Young (Normal) (G1 Evacuation Pause) 509M->509M(512M) 414.477ms
[2019-07-24T13:04:42.211-0300][66.913s][info   ][gc] GC(18) Pause Full (G1 Evacuation Pause) 509M->508M(512M) 1784.677ms
[2019-07-24T13:04:42.378-0300][67.080s][info   ][gc] GC(19) To-space exhausted
[2019-07-24T13:04:42.378-0300][67.080s][info   ][gc] GC(19) Pause Young (Concurrent Start) (G1 Evacuation Pause) 510M->510M(512M) 149.586ms
[2019-07-24T13:04:42.378-0300][67.080s][info   ][gc] GC(21) Concurrent Cycle
[2019-07-24T13:04:42.379-0300][67.081s][debug  ][gc] GC(20) Clear Next Bitmap 0.889ms
[2019-07-24T13:04:44.136-0300][68.838s][info   ][gc] GC(20) Pause Full (G1 Evacuation Pause) 510M->509M(512M) 1757.376ms
[2019-07-24T13:04:44.138-0300][68.840s][info   ][gc] GC(21) Concurrent Cycle 1759.798ms
[2019-07-24T13:04:44.186-0300][68.888s][info   ][gc] GC(22) To-space exhausted
[2019-07-24T13:04:44.186-0300][68.889s][info   ][gc] GC(22) Pause Young (Normal) (G1 Evacuation Pause) 510M->510M(512M) 35.545ms
[2019-07-24T13:04:45.990-0300][70.692s][info   ][gc] GC(23) Pause Full (G1 Evacuation Pause) 510M->510M(512M) 1803.047ms
[2019-07-24T13:04:46.189-0300][70.891s][info   ][gc] GC(24) To-space exhausted
[2019-07-24T13:04:46.189-0300][70.891s][info   ][gc] GC(24) Pause Young (Concurrent Start) (G1 Evacuation Pause) 511M->511M(512M) 185.518ms
[2019-07-24T13:04:46.189-0300][70.891s][info   ][gc] GC(26) Concurrent Cycle
[2019-07-24T13:04:46.195-0300][70.897s][debug  ][gc] GC(25) Clear Next Bitmap 5.610ms
[2019-07-24T13:04:47.895-0300][72.597s][info   ][gc] GC(25) Pause Full (G1 Evacuation Pause) 511M->511M(512M) 1705.955ms
[2019-07-24T13:04:49.659-0300][74.361s][info   ][gc] GC(27) Pause Full (G1 Evacuation Pause) 511M->511M(512M) 1763.553ms
[2019-07-24T13:04:49.660-0300][74.362s][info   ][gc] GC(28) Pause Young (Normal) (G1 Evacuation Pause) 511M->511M(512M) 0.766ms
[2019-07-24T13:04:51.389-0300][76.091s][info   ][gc] GC(29) Pause Full (G1 Evacuation Pause) 511M->511M(512M) 1729.223ms
[2019-07-24T13:04:53.048-0300][77.750s][info   ][gc] GC(30) Pause Full (G1 Evacuation Pause) 511M->511M(512M) 1658.584ms
[2019-07-24T13:04:53.048-0300][77.750s][info   ][gc] GC(26) Concurrent Cycle 6858.992ms
[2019-07-24T13:04:53.049-0300][77.751s][info   ][gc] GC(31) Pause Young (Normal) (G1 Evacuation Pause) 511M->511M(512M) 0.363ms
[2019-07-24T13:04:54.701-0300][79.403s][info   ][gc] GC(32) Pause Full (G1 Evacuation Pause) 511M->511M(512M) 1652.323ms
[2019-07-24T13:04:56.334-0300][81.036s][info   ][gc] GC(33) Pause Full (G1 Evacuation Pause) 511M->511M(512M) 1631.193ms
[2019-07-24T13:04:56.335-0300][81.037s][info   ][gc] GC(34) Pause Young (Concurrent Start) (G1 Evacuation Pause) 511M->511M(512M) 0.994ms
[2019-07-24T13:04:56.335-0300][81.037s][info   ][gc] GC(36) Concurrent Cycle
[2019-07-24T13:04:56.339-0300][81.041s][debug  ][gc] GC(35) Clear Next Bitmap 3.397ms
[2019-07-24T13:04:58.004-0300][82.706s][info   ][gc] GC(35) Pause Full (G1 Evacuation Pause) 511M->511M(512M) 1668.703ms
[2019-07-24T13:04:59.965-0300][84.666s][info   ][gc] GC(37) Pause Full (G1 Evacuation Pause) 511M->511M(512M) 1960.274ms
[2019-07-24T13:04:59.965-0300][84.667s][info   ][gc] GC(36) Concurrent Cycle 3629.382ms
[2019-07-24T13:04:59.976-0300][84.678s][info   ][gc] GC(38) Pause Young (Normal) (G1 Evacuation Pause) 511M->511M(512M) 10.935ms
[2019-07-24T13:05:02.443-0300][87.144s][info   ][gc] GC(39) Pause Full (G1 Evacuation Pause) 511M->511M(512M) 2466.559ms
[2019-07-24T13:05:04.329-0300][89.030s][info   ][gc] GC(40) Pause Full (G1 Evacuation Pause) 511M->511M(512M) 1885.940ms
[2019-07-24T13:05:04.331-0300][89.033s][info   ][gc] GC(41) Pause Young (Concurrent Start) (G1 Evacuation Pause) 511M->511M(512M) 1.128ms
[2019-07-24T13:05:04.331-0300][89.033s][info   ][gc] GC(43) Concurrent Cycle
[2019-07-24T13:05:04.332-0300][89.033s][debug  ][gc] GC(42) Clear Next Bitmap 0.862ms
[2019-07-24T13:05:05.956-0300][90.658s][info   ][gc] GC(42) Pause Full (G1 Evacuation Pause) 511M->511M(512M) 1625.374ms
[2019-07-24T13:05:07.674-0300][92.376s][info   ][gc] GC(44) Pause Full (G1 Evacuation Pause) 511M->511M(512M) 1717.646ms
[2019-07-24T13:05:07.675-0300][92.376s][info   ][gc] GC(43) Concurrent Cycle 3343.480ms
[2019-07-24T13:05:07.678-0300][92.380s][info   ][gc] GC(45) Pause Young (Normal) (G1 Evacuation Pause) 511M->511M(512M) 3.287ms
[2019-07-24T13:05:09.548-0300][94.249s][info   ][gc] GC(46) Pause Full (G1 Evacuation Pause) 511M->511M(512M) 1869.286ms
[2019-07-24T13:05:11.191-0300][95.893s][info   ][gc] GC(47) Pause Full (G1 Evacuation Pause) 511M->511M(512M) 1643.445ms
[2019-07-24T13:05:11.192-0300][95.894s][info   ][gc] GC(48) Pause Young (Concurrent Start) (G1 Evacuation Pause) 511M->511M(512M) 0.559ms
[2019-07-24T13:05:11.192-0300][95.894s][info   ][gc] GC(50) Concurrent Cycle
[2019-07-24T13:05:11.193-0300][95.895s][debug  ][gc] GC(49) Clear Next Bitmap 0.891ms
[2019-07-24T13:05:12.733-0300][97.434s][info   ][gc] GC(49) Pause Full (G1 Evacuation Pause) 511M->511M(512M) 1540.246ms
[2019-07-24T13:05:14.297-0300][98.999s][info   ][gc] GC(51) Pause Full (G1 Evacuation Pause) 511M->511M(512M) 1564.129ms
[2019-07-24T13:05:14.297-0300][98.999s][info   ][gc] GC(50) Concurrent Cycle 3104.773ms
[2019-07-24T13:05:22.413-0300][107.114s][info   ][gc] GC(52) Pause Young (Normal) (G1 Evacuation Pause) 511M->511M(512M) 1.279ms
[2019-07-24T13:05:24.266-0300][108.967s][info   ][gc] GC(53) Pause Full (G1 Evacuation Pause) 511M->511M(512M) 1850.273ms
[2019-07-24T13:05:25.835-0300][110.536s][info   ][gc] GC(54) Pause Full (G1 Evacuation Pause) 511M->511M(512M) 1569.455ms
[2019-07-24T13:05:25.836-0300][110.537s][info   ][gc] GC(55) Pause Young (Concurrent Start) (G1 Evacuation Pause) 511M->511M(512M) 0.592ms
[2019-07-24T13:05:25.836-0300][110.537s][info   ][gc] GC(57) Concurrent Cycle
[2019-07-24T13:05:25.837-0300][110.538s][debug  ][gc] GC(56) Clear Next Bitmap 0.880ms
[2019-07-24T13:05:27.363-0300][112.064s][info   ][gc] GC(56) Pause Full (G1 Evacuation Pause) 511M->511M(512M) 1527.131ms
[2019-07-24T13:05:28.939-0300][113.640s][info   ][gc] GC(58) Pause Full (G1 Evacuation Pause) 511M->511M(512M) 1573.442ms
[2019-07-24T13:05:28.939-0300][113.640s][info   ][gc] GC(59) Pause Young (Normal) (G1 Evacuation Pause) 511M->511M(512M) 0.442ms
[2019-07-24T13:05:30.651-0300][115.352s][info   ][gc] GC(60) Pause Full (G1 Evacuation Pause) 511M->511M(512M) 1711.374ms
[2019-07-24T13:05:32.290-0300][116.990s][info   ][gc] GC(61) Pause Full (G1 Evacuation Pause) 511M->511M(512M) 1638.541ms
[2019-07-24T13:05:32.290-0300][116.991s][info   ][gc] GC(57) Concurrent Cycle 6453.327ms
[2019-07-24T13:05:32.290-0300][116.991s][info   ][gc] GC(62) Pause Young (Normal) (G1 Evacuation Pause) 511M->511M(512M) 0.291ms
[2019-07-24T13:05:32.302-0300][117.003s][info   ][gc] GC(63) Pause Full (G1 Evacuation Pause) 511M->2M(512M) 11.815ms
