[2019-07-24T13:21:25.017-0300][0.018s][info][gc] Using Concurrent Mark Sweep
[2019-07-24T13:21:25.017-0300][0.019s][info][gc,heap,coops] Heap address: 0x00000007e0000000, size: 512 MB, Compressed Oops mode: Zero based, Oop shift amount: 3
[2019-07-24T13:21:33.998-0300][8.999s][info][gc,start     ] GC(0) Pause Young (Allocation Failure)
[2019-07-24T13:21:33.998-0300][8.999s][info][gc,task      ] GC(0) Using 4 workers of 4 for evacuation
[2019-07-24T13:21:34.713-0300][9.714s][info][gc,heap      ] GC(0) ParNew: 126158K->17471K(157248K)
[2019-07-24T13:21:34.713-0300][9.714s][info][gc,heap      ] GC(0) CMS: 0K->109680K(349568K)
[2019-07-24T13:21:34.713-0300][9.714s][info][gc,metaspace ] GC(0) Metaspace: 13381K->13381K(1060864K)
[2019-07-24T13:21:34.713-0300][9.714s][info][gc           ] GC(0) Pause Young (Allocation Failure) 123M->124M(494M) 715.541ms
[2019-07-24T13:21:34.713-0300][9.714s][info][gc,cpu       ] GC(0) User=2.09s Sys=0.25s Real=0.72s
[2019-07-24T13:21:44.724-0300][19.724s][info][gc,start     ] GC(1) Pause Young (Allocation Failure)
[2019-07-24T13:21:44.724-0300][19.724s][info][gc,task      ] GC(1) Using 4 workers of 4 for evacuation
[2019-07-24T13:21:45.131-0300][20.132s][info][gc,heap      ] GC(1) ParNew: 157247K->17472K(157248K)
[2019-07-24T13:21:45.132-0300][20.132s][info][gc,heap      ] GC(1) CMS: 109680K->234121K(349568K)
[2019-07-24T13:21:45.132-0300][20.132s][info][gc,metaspace ] GC(1) Metaspace: 13532K->13532K(1062912K)
[2019-07-24T13:21:45.132-0300][20.132s][info][gc           ] GC(1) Pause Young (Allocation Failure) 260M->245M(494M) 407.629ms
[2019-07-24T13:21:45.132-0300][20.132s][info][gc,cpu       ] GC(1) User=1.35s Sys=0.08s Real=0.41s
[2019-07-24T13:21:45.132-0300][20.132s][info][gc,start     ] GC(2) Pause Initial Mark
[2019-07-24T13:21:45.142-0300][20.142s][info][gc           ] GC(2) Pause Initial Mark 249M->249M(494M) 10.140ms
[2019-07-24T13:21:45.142-0300][20.142s][info][gc,cpu       ] GC(2) User=0.03s Sys=0.00s Real=0.01s
[2019-07-24T13:21:45.142-0300][20.143s][info][gc           ] GC(2) Concurrent Mark
[2019-07-24T13:21:45.477-0300][20.477s][info][gc           ] GC(2) Concurrent Mark 334.570ms
[2019-07-24T13:21:45.477-0300][20.477s][info][gc,cpu       ] GC(2) User=0.34s Sys=0.01s Real=0.33s
[2019-07-24T13:21:45.477-0300][20.477s][info][gc           ] GC(2) Concurrent Preclean
[2019-07-24T13:21:45.494-0300][20.494s][info][gc           ] GC(2) Concurrent Preclean 17.220ms
[2019-07-24T13:21:45.494-0300][20.494s][info][gc,cpu       ] GC(2) User=0.02s Sys=0.00s Real=0.02s
[2019-07-24T13:21:45.494-0300][20.495s][info][gc           ] GC(2) Concurrent Abortable Preclean
[2019-07-24T13:21:50.657-0300][25.658s][info][gc           ] GC(2) Concurrent Abortable Preclean 5163.196ms
[2019-07-24T13:21:50.657-0300][25.658s][info][gc,cpu       ] GC(2) User=4.53s Sys=0.03s Real=5.16s
[2019-07-24T13:21:50.658-0300][25.658s][info][gc,start     ] GC(2) Pause Remark
[2019-07-24T13:21:50.693-0300][25.693s][info][gc           ] GC(2) Pause Remark 295M->295M(494M) 35.094ms
[2019-07-24T13:21:50.693-0300][25.693s][info][gc,cpu       ] GC(2) User=0.10s Sys=0.00s Real=0.04s
[2019-07-24T13:21:50.693-0300][25.693s][info][gc           ] GC(2) Concurrent Sweep
[2019-07-24T13:21:50.772-0300][25.773s][info][gc           ] GC(2) Concurrent Sweep 79.489ms
[2019-07-24T13:21:50.772-0300][25.773s][info][gc,cpu       ] GC(2) User=0.08s Sys=0.01s Real=0.08s
[2019-07-24T13:21:50.772-0300][25.773s][info][gc           ] GC(2) Concurrent Reset
[2019-07-24T13:21:50.773-0300][25.773s][info][gc           ] GC(2) Concurrent Reset 0.463ms
[2019-07-24T13:21:50.773-0300][25.773s][info][gc,cpu       ] GC(2) User=0.00s Sys=0.00s Real=0.00s
[2019-07-24T13:21:50.773-0300][25.773s][info][gc,heap      ] GC(2) Old: 234121K->225928K(349568K)
[2019-07-24T13:21:52.773-0300][27.773s][info][gc,start     ] GC(3) Pause Initial Mark
[2019-07-24T13:21:52.813-0300][27.813s][info][gc           ] GC(3) Pause Initial Mark 307M->307M(494M) 40.554ms
[2019-07-24T13:21:52.813-0300][27.813s][info][gc,cpu       ] GC(3) User=0.13s Sys=0.00s Real=0.04s
[2019-07-24T13:21:52.813-0300][27.813s][info][gc           ] GC(3) Concurrent Mark
[2019-07-24T13:21:53.169-0300][28.169s][info][gc           ] GC(3) Concurrent Mark 355.488ms
[2019-07-24T13:21:53.169-0300][28.169s][info][gc,cpu       ] GC(3) User=0.35s Sys=0.01s Real=0.35s
[2019-07-24T13:21:53.169-0300][28.169s][info][gc           ] GC(3) Concurrent Preclean
[2019-07-24T13:21:53.315-0300][28.315s][info][gc           ] GC(3) Concurrent Preclean 145.921ms
[2019-07-24T13:21:53.315-0300][28.315s][info][gc,cpu       ] GC(3) User=0.17s Sys=0.00s Real=0.15s
[2019-07-24T13:21:53.315-0300][28.315s][info][gc           ] GC(3) Concurrent Abortable Preclean
[2019-07-24T13:21:57.020-0300][32.020s][info][gc           ] GC(3) Concurrent Abortable Preclean 3705.191ms
[2019-07-24T13:21:57.020-0300][32.020s][info][gc,cpu       ] GC(3) User=3.12s Sys=0.02s Real=3.71s
[2019-07-24T13:21:57.020-0300][32.020s][info][gc,start     ] GC(3) Pause Remark
[2019-07-24T13:21:57.091-0300][32.091s][info][gc           ] GC(3) Pause Remark 344M->344M(494M) 70.904ms
[2019-07-24T13:21:57.091-0300][32.091s][info][gc,cpu       ] GC(3) User=0.23s Sys=0.01s Real=0.07s
[2019-07-24T13:21:57.092-0300][32.092s][info][gc           ] GC(3) Concurrent Sweep
[2019-07-24T13:21:57.196-0300][32.196s][info][gc           ] GC(3) Concurrent Sweep 104.721ms
[2019-07-24T13:21:57.196-0300][32.196s][info][gc,cpu       ] GC(3) User=0.10s Sys=0.00s Real=0.10s
[2019-07-24T13:21:57.196-0300][32.196s][info][gc           ] GC(3) Concurrent Reset
[2019-07-24T13:21:57.197-0300][32.197s][info][gc           ] GC(3) Concurrent Reset 0.283ms
[2019-07-24T13:21:57.197-0300][32.197s][info][gc,cpu       ] GC(3) User=0.00s Sys=0.00s Real=0.00s
[2019-07-24T13:21:57.197-0300][32.197s][info][gc,heap      ] GC(3) Old: 225928K->225928K(349568K)
[2019-07-24T13:21:59.197-0300][34.197s][info][gc,start     ] GC(4) Pause Initial Mark
[2019-07-24T13:21:59.260-0300][34.260s][info][gc           ] GC(4) Pause Initial Mark 362M->362M(494M) 62.968ms
[2019-07-24T13:21:59.260-0300][34.260s][info][gc,cpu       ] GC(4) User=0.22s Sys=0.00s Real=0.07s
[2019-07-24T13:21:59.260-0300][34.260s][info][gc           ] GC(4) Concurrent Mark
[2019-07-24T13:21:59.597-0300][34.597s][info][gc           ] GC(4) Concurrent Mark 336.615ms
[2019-07-24T13:21:59.597-0300][34.597s][info][gc,cpu       ] GC(4) User=0.33s Sys=0.00s Real=0.33s
[2019-07-24T13:21:59.597-0300][34.597s][info][gc           ] GC(4) Concurrent Preclean
[2019-07-24T13:21:59.749-0300][34.749s][info][gc           ] GC(4) Concurrent Preclean 151.878ms
[2019-07-24T13:21:59.749-0300][34.749s][info][gc,cpu       ] GC(4) User=0.18s Sys=0.00s Real=0.15s
[2019-07-24T13:21:59.749-0300][34.749s][info][gc           ] GC(4) Concurrent Abortable Preclean
[2019-07-24T13:21:59.749-0300][34.749s][info][gc           ] GC(4) Concurrent Abortable Preclean 0.014ms
[2019-07-24T13:21:59.749-0300][34.749s][info][gc,cpu       ] GC(4) User=0.00s Sys=0.00s Real=0.00s
[2019-07-24T13:21:59.749-0300][34.749s][info][gc,start     ] GC(4) Pause Remark
[2019-07-24T13:21:59.821-0300][34.821s][info][gc           ] GC(4) Pause Remark 367M->367M(494M) 71.611ms
[2019-07-24T13:21:59.821-0300][34.821s][info][gc,cpu       ] GC(4) User=0.26s Sys=0.00s Real=0.08s
[2019-07-24T13:21:59.821-0300][34.821s][info][gc           ] GC(4) Concurrent Sweep
[2019-07-24T13:21:59.937-0300][34.937s][info][gc           ] GC(4) Concurrent Sweep 116.132ms
[2019-07-24T13:21:59.937-0300][34.937s][info][gc,cpu       ] GC(4) User=0.10s Sys=0.01s Real=0.11s
[2019-07-24T13:21:59.937-0300][34.937s][info][gc           ] GC(4) Concurrent Reset
[2019-07-24T13:21:59.937-0300][34.937s][info][gc           ] GC(4) Concurrent Reset 0.255ms
[2019-07-24T13:21:59.937-0300][34.937s][info][gc,cpu       ] GC(4) User=0.00s Sys=0.00s Real=0.00s
[2019-07-24T13:21:59.937-0300][34.937s][info][gc,heap      ] GC(4) Old: 225928K->225928K(349568K)
[2019-07-24T13:22:00.737-0300][35.737s][info][gc,start     ] GC(5) Pause Young (Allocation Failure)
[2019-07-24T13:22:00.737-0300][35.737s][info][gc,task      ] GC(5) Using 4 workers of 4 for evacuation
[2019-07-24T13:22:00.737-0300][35.737s][info][gc,start     ] GC(6) Pause Full (Allocation Failure)
[2019-07-24T13:22:00.737-0300][35.737s][info][gc,phases,start] GC(6) Phase 1: Mark live objects
[2019-07-24T13:22:01.600-0300][36.600s][info][gc,phases      ] GC(6) Phase 1: Mark live objects 862.468ms
[2019-07-24T13:22:01.600-0300][36.600s][info][gc,phases,start] GC(6) Phase 2: Compute new object addresses
[2019-07-24T13:22:01.783-0300][36.783s][info][gc,phases      ] GC(6) Phase 2: Compute new object addresses 183.307ms
[2019-07-24T13:22:01.783-0300][36.783s][info][gc,phases,start] GC(6) Phase 3: Adjust pointers
[2019-07-24T13:22:02.422-0300][37.422s][info][gc,phases      ] GC(6) Phase 3: Adjust pointers 639.060ms
[2019-07-24T13:22:02.423-0300][37.423s][info][gc,phases,start] GC(6) Phase 4: Move objects
[2019-07-24T13:22:02.606-0300][37.606s][info][gc,phases      ] GC(6) Phase 4: Move objects 183.533ms
[2019-07-24T13:22:02.738-0300][37.738s][info][gc             ] GC(6) Pause Full (Allocation Failure) 374M->365M(494M) 2000.718ms
[2019-07-24T13:22:02.738-0300][37.738s][info][gc,heap        ] GC(5) ParNew: 157248K->24664K(157248K)
[2019-07-24T13:22:02.738-0300][37.738s][info][gc,heap        ] GC(5) CMS: 225928K->349567K(349568K)
[2019-07-24T13:22:02.738-0300][37.738s][info][gc,metaspace   ] GC(5) Metaspace: 13627K->13627K(1062912K)
[2019-07-24T13:22:02.738-0300][37.738s][info][gc             ] GC(5) Pause Young (Allocation Failure) 374M->365M(494M) 2000.939ms
[2019-07-24T13:22:02.738-0300][37.738s][info][gc,cpu         ] GC(5) User=1.91s Sys=0.09s Real=2.00s
[2019-07-24T13:22:02.738-0300][37.738s][info][gc,start       ] GC(7) Pause Initial Mark
[2019-07-24T13:22:02.771-0300][37.771s][info][gc             ] GC(7) Pause Initial Mark 369M->369M(494M) 32.919ms
[2019-07-24T13:22:02.771-0300][37.771s][info][gc,cpu         ] GC(7) User=0.03s Sys=0.00s Real=0.04s
[2019-07-24T13:22:02.771-0300][37.771s][info][gc             ] GC(7) Concurrent Mark
[2019-07-24T13:22:03.500-0300][38.500s][info][gc             ] GC(7) Concurrent Mark 728.496ms
[2019-07-24T13:22:03.500-0300][38.500s][info][gc,cpu         ] GC(7) User=1.11s Sys=0.01s Real=0.73s
[2019-07-24T13:22:03.500-0300][38.500s][info][gc             ] GC(7) Concurrent Preclean
[2019-07-24T13:22:03.971-0300][38.971s][info][gc             ] GC(7) Concurrent Preclean 470.610ms
[2019-07-24T13:22:03.971-0300][38.971s][info][gc,cpu         ] GC(7) User=0.49s Sys=0.00s Real=0.47s
[2019-07-24T13:22:03.971-0300][38.971s][info][gc             ] GC(7) Concurrent Abortable Preclean
[2019-07-24T13:22:03.971-0300][38.971s][info][gc             ] GC(7) Concurrent Abortable Preclean 0.013ms
[2019-07-24T13:22:03.971-0300][38.971s][info][gc,cpu         ] GC(7) User=0.00s Sys=0.00s Real=0.00s
[2019-07-24T13:22:03.971-0300][38.971s][info][gc,start       ] GC(7) Pause Remark
[2019-07-24T13:22:04.239-0300][39.239s][info][gc             ] GC(7) Pause Remark 439M->439M(494M) 268.029ms
[2019-07-24T13:22:04.239-0300][39.239s][info][gc,cpu         ] GC(7) User=0.94s Sys=0.01s Real=0.26s
[2019-07-24T13:22:04.239-0300][39.239s][info][gc             ] GC(7) Concurrent Sweep
[2019-07-24T13:22:04.423-0300][39.423s][info][gc             ] GC(7) Concurrent Sweep 183.665ms
[2019-07-24T13:22:04.423-0300][39.423s][info][gc,cpu         ] GC(7) User=0.21s Sys=0.00s Real=0.19s
[2019-07-24T13:22:04.423-0300][39.423s][info][gc             ] GC(7) Concurrent Reset
[2019-07-24T13:22:04.423-0300][39.423s][info][gc             ] GC(7) Concurrent Reset 0.315ms
[2019-07-24T13:22:04.423-0300][39.423s][info][gc,cpu         ] GC(7) User=0.00s Sys=0.00s Real=0.00s
[2019-07-24T13:22:04.423-0300][39.423s][info][gc,heap        ] GC(7) Old: 349567K->349567K(349568K)
[2019-07-24T13:22:06.425-0300][41.425s][info][gc,start       ] GC(8) Pause Initial Mark
[2019-07-24T13:22:06.640-0300][41.640s][info][gc             ] GC(8) Pause Initial Mark 456M->456M(494M) 214.906ms
[2019-07-24T13:22:06.640-0300][41.640s][info][gc,cpu         ] GC(8) User=0.29s Sys=0.00s Real=0.22s
[2019-07-24T13:22:06.640-0300][41.640s][info][gc             ] GC(8) Concurrent Mark
[2019-07-24T13:22:07.141-0300][42.141s][info][gc             ] GC(8) Concurrent Mark 501.081ms
[2019-07-24T13:22:07.141-0300][42.141s][info][gc,cpu         ] GC(8) User=0.51s Sys=0.01s Real=0.50s
[2019-07-24T13:22:07.141-0300][42.141s][info][gc             ] GC(8) Concurrent Preclean
[2019-07-24T13:22:07.316-0300][42.315s][info][gc             ] GC(8) Concurrent Preclean 174.609ms
[2019-07-24T13:22:07.316-0300][42.316s][info][gc,cpu         ] GC(8) User=0.20s Sys=0.00s Real=0.17s
[2019-07-24T13:22:07.316-0300][42.316s][info][gc             ] GC(8) Concurrent Abortable Preclean
[2019-07-24T13:22:07.316-0300][42.316s][info][gc             ] GC(8) Concurrent Abortable Preclean 0.013ms
[2019-07-24T13:22:07.316-0300][42.316s][info][gc,cpu         ] GC(8) User=0.01s Sys=0.00s Real=0.00s
[2019-07-24T13:22:07.316-0300][42.316s][info][gc,start       ] GC(8) Pause Remark
[2019-07-24T13:22:07.538-0300][42.538s][info][gc             ] GC(8) Pause Remark 467M->467M(494M) 222.310ms
[2019-07-24T13:22:07.538-0300][42.538s][info][gc,cpu         ] GC(8) User=0.78s Sys=0.00s Real=0.22s
[2019-07-24T13:22:07.538-0300][42.538s][info][gc             ] GC(8) Concurrent Sweep
[2019-07-24T13:22:07.719-0300][42.719s][info][gc             ] GC(8) Concurrent Sweep 180.407ms
[2019-07-24T13:22:07.719-0300][42.719s][info][gc,cpu         ] GC(8) User=0.18s Sys=0.01s Real=0.18s
[2019-07-24T13:22:07.719-0300][42.719s][info][gc             ] GC(8) Concurrent Reset
[2019-07-24T13:22:07.719-0300][42.719s][info][gc             ] GC(8) Concurrent Reset 0.278ms
[2019-07-24T13:22:07.719-0300][42.719s][info][gc,cpu         ] GC(8) User=0.00s Sys=0.00s Real=0.00s
[2019-07-24T13:22:07.719-0300][42.719s][info][gc,heap        ] GC(8) Old: 349567K->316799K(349568K)
[2019-07-24T13:22:09.723-0300][44.723s][info][gc,start       ] GC(9) Pause Initial Mark
[2019-07-24T13:22:09.951-0300][44.951s][info][gc             ] GC(9) Pause Initial Mark 452M->452M(494M) 228.259ms
[2019-07-24T13:22:09.951-0300][44.951s][info][gc,cpu         ] GC(9) User=0.35s Sys=0.01s Real=0.23s
[2019-07-24T13:22:09.951-0300][44.951s][info][gc             ] GC(9) Concurrent Mark
[2019-07-24T13:22:10.450-0300][45.450s][info][gc             ] GC(9) Concurrent Mark 498.486ms
[2019-07-24T13:22:10.450-0300][45.450s][info][gc,cpu         ] GC(9) User=0.59s Sys=0.00s Real=0.50s
[2019-07-24T13:22:10.450-0300][45.450s][info][gc             ] GC(9) Concurrent Preclean
[2019-07-24T13:22:10.599-0300][45.599s][info][gc             ] GC(9) Concurrent Preclean 148.799ms
[2019-07-24T13:22:10.599-0300][45.599s][info][gc,cpu         ] GC(9) User=0.18s Sys=0.00s Real=0.14s
[2019-07-24T13:22:10.599-0300][45.599s][info][gc             ] GC(9) Concurrent Abortable Preclean
[2019-07-24T13:22:10.599-0300][45.599s][info][gc             ] GC(9) Concurrent Abortable Preclean 0.019ms
[2019-07-24T13:22:10.599-0300][45.599s][info][gc,cpu         ] GC(9) User=0.00s Sys=0.00s Real=0.00s
[2019-07-24T13:22:10.599-0300][45.599s][info][gc,start       ] GC(9) Pause Remark
[2019-07-24T13:22:10.866-0300][45.866s][info][gc             ] GC(9) Pause Remark 458M->458M(494M) 266.655ms
[2019-07-24T13:22:10.866-0300][45.866s][info][gc,cpu         ] GC(9) User=0.89s Sys=0.01s Real=0.27s
[2019-07-24T13:22:10.866-0300][45.866s][info][gc             ] GC(9) Concurrent Sweep
[2019-07-24T13:22:11.114-0300][46.113s][info][gc             ] GC(9) Concurrent Sweep 247.681ms
[2019-07-24T13:22:11.114-0300][46.114s][info][gc,cpu         ] GC(9) User=0.30s Sys=0.01s Real=0.25s
[2019-07-24T13:22:11.114-0300][46.114s][info][gc             ] GC(9) Concurrent Reset
[2019-07-24T13:22:11.114-0300][46.114s][info][gc             ] GC(9) Concurrent Reset 0.254ms
[2019-07-24T13:22:11.114-0300][46.114s][info][gc,cpu         ] GC(9) User=0.00s Sys=0.00s Real=0.00s
[2019-07-24T13:22:11.114-0300][46.114s][info][gc,heap        ] GC(9) Old: 316799K->316785K(349568K)
[2019-07-24T13:22:11.480-0300][46.480s][info][gc,start       ] GC(10) Pause Young (Allocation Failure)
[2019-07-24T13:22:11.480-0300][46.480s][info][gc,task        ] GC(10) Using 4 workers of 4 for evacuation
[2019-07-24T13:22:11.480-0300][46.480s][info][gc,start       ] GC(11) Pause Full (Allocation Failure)
[2019-07-24T13:22:11.480-0300][46.480s][info][gc,phases,start] GC(11) Phase 1: Mark live objects
[2019-07-24T13:22:12.732-0300][47.732s][info][gc,phases      ] GC(11) Phase 1: Mark live objects 1251.802ms
[2019-07-24T13:22:12.732-0300][47.732s][info][gc,phases,start] GC(11) Phase 2: Compute new object addresses
[2019-07-24T13:22:12.969-0300][47.968s][info][gc,phases      ] GC(11) Phase 2: Compute new object addresses 236.543ms
[2019-07-24T13:22:12.969-0300][47.968s][info][gc,phases,start] GC(11) Phase 3: Adjust pointers
[2019-07-24T13:22:13.877-0300][48.877s][info][gc,phases      ] GC(11) Phase 3: Adjust pointers 908.739ms
[2019-07-24T13:22:13.877-0300][48.877s][info][gc,phases,start] GC(11) Phase 4: Move objects
[2019-07-24T13:22:14.002-0300][49.002s][info][gc,phases      ] GC(11) Phase 4: Move objects 124.950ms
[2019-07-24T13:22:14.174-0300][49.174s][info][gc             ] GC(11) Pause Full (Allocation Failure) 462M->464M(494M) 2694.277ms
[2019-07-24T13:22:14.174-0300][49.174s][info][gc,heap        ] GC(10) ParNew: 157247K->126826K(157248K)
[2019-07-24T13:22:14.174-0300][49.174s][info][gc,heap        ] GC(10) CMS: 316785K->348558K(349568K)
[2019-07-24T13:22:14.174-0300][49.174s][info][gc,metaspace   ] GC(10) Metaspace: 13716K->13716K(1062912K)
[2019-07-24T13:22:14.174-0300][49.174s][info][gc             ] GC(10) Pause Young (Allocation Failure) 462M->464M(494M) 2694.536ms
[2019-07-24T13:22:14.174-0300][49.174s][info][gc,cpu         ] GC(10) User=2.63s Sys=0.05s Real=2.69s
[2019-07-24T13:22:14.175-0300][49.175s][info][gc,start       ] GC(12) Pause Initial Mark
[2019-07-24T13:22:14.478-0300][49.478s][info][gc             ] GC(12) Pause Initial Mark 467M->467M(494M) 302.828ms
[2019-07-24T13:22:14.478-0300][49.478s][info][gc,cpu         ] GC(12) User=0.29s Sys=0.01s Real=0.30s
[2019-07-24T13:22:14.478-0300][49.478s][info][gc             ] GC(12) Concurrent Mark
[2019-07-24T13:22:15.174-0300][50.173s][info][gc             ] GC(12) Concurrent Mark 695.545ms
[2019-07-24T13:22:15.174-0300][50.173s][info][gc,cpu         ] GC(12) User=0.71s Sys=0.01s Real=0.70s
[2019-07-24T13:22:15.174-0300][50.173s][info][gc             ] GC(12) Concurrent Preclean
[2019-07-24T13:22:15.724-0300][50.724s][info][gc             ] GC(12) Concurrent Preclean 550.340ms
[2019-07-24T13:22:15.724-0300][50.724s][info][gc,cpu         ] GC(12) User=0.58s Sys=0.00s Real=0.55s
[2019-07-24T13:22:15.724-0300][50.724s][info][gc             ] GC(12) Concurrent Abortable Preclean
[2019-07-24T13:22:15.724-0300][50.724s][info][gc             ] GC(12) Concurrent Abortable Preclean 0.011ms
[2019-07-24T13:22:15.724-0300][50.724s][info][gc,cpu         ] GC(12) User=0.00s Sys=0.00s Real=0.00s
[2019-07-24T13:22:15.724-0300][50.724s][info][gc,start       ] GC(12) Pause Remark
[2019-07-24T13:22:16.093-0300][51.092s][info][gc             ] GC(12) Pause Remark 477M->477M(494M) 368.557ms
[2019-07-24T13:22:16.093-0300][51.093s][info][gc,cpu         ] GC(12) User=1.04s Sys=0.01s Real=0.37s
[2019-07-24T13:22:16.093-0300][51.093s][info][gc             ] GC(12) Concurrent Sweep
[2019-07-24T13:22:16.300-0300][51.300s][info][gc             ] GC(12) Concurrent Sweep 207.261ms
[2019-07-24T13:22:16.300-0300][51.300s][info][gc,cpu         ] GC(12) User=0.30s Sys=0.00s Real=0.21s
[2019-07-24T13:22:16.300-0300][51.300s][info][gc             ] GC(12) Concurrent Reset
[2019-07-24T13:22:16.301-0300][51.300s][info][gc             ] GC(12) Concurrent Reset 0.262ms
[2019-07-24T13:22:16.301-0300][51.300s][info][gc,cpu         ] GC(12) User=0.00s Sys=0.00s Real=0.00s
[2019-07-24T13:22:16.301-0300][51.300s][info][gc,heap        ] GC(12) Old: 348558K->348558K(349568K)
[2019-07-24T13:22:17.894-0300][52.894s][info][gc,start       ] GC(13) Pause Young (Allocation Failure)
[2019-07-24T13:22:17.895-0300][52.894s][info][gc,task        ] GC(13) Using 4 workers of 4 for evacuation
[2019-07-24T13:22:17.895-0300][52.894s][info][gc,start       ] GC(14) Pause Full (Allocation Failure)
[2019-07-24T13:22:17.895-0300][52.894s][info][gc,phases,start] GC(14) Phase 1: Mark live objects
[2019-07-24T13:22:19.287-0300][54.287s][info][gc,phases      ] GC(14) Phase 1: Mark live objects 1392.304ms
[2019-07-24T13:22:19.288-0300][54.287s][info][gc,phases,start] GC(14) Phase 2: Compute new object addresses
[2019-07-24T13:22:19.551-0300][54.551s][info][gc,phases      ] GC(14) Phase 2: Compute new object addresses 263.113ms
[2019-07-24T13:22:19.551-0300][54.551s][info][gc,phases,start] GC(14) Phase 3: Adjust pointers
[2019-07-24T13:22:20.574-0300][55.574s][info][gc,phases      ] GC(14) Phase 3: Adjust pointers 1023.159ms
[2019-07-24T13:22:20.574-0300][55.574s][info][gc,phases,start] GC(14) Phase 4: Move objects
[2019-07-24T13:22:20.689-0300][55.689s][info][gc,phases      ] GC(14) Phase 4: Move objects 114.928ms
[2019-07-24T13:22:20.886-0300][55.885s][info][gc             ] GC(14) Pause Full (Allocation Failure) 493M->492M(494M) 2991.342ms
[2019-07-24T13:22:20.886-0300][55.886s][info][gc,heap        ] GC(13) ParNew: 157247K->155823K(157248K)
[2019-07-24T13:22:20.886-0300][55.886s][info][gc,heap        ] GC(13) CMS: 348558K->348119K(349568K)
[2019-07-24T13:22:20.886-0300][55.886s][info][gc,metaspace   ] GC(13) Metaspace: 13736K->13736K(1062912K)
[2019-07-24T13:22:20.887-0300][55.886s][info][gc             ] GC(13) Pause Young (Allocation Failure) 493M->492M(494M) 2992.106ms
[2019-07-24T13:22:20.887-0300][55.886s][info][gc,cpu         ] GC(13) User=2.91s Sys=0.05s Real=2.99s
[2019-07-24T13:22:20.887-0300][55.886s][info][gc,start       ] GC(15) Pause Initial Mark
[2019-07-24T13:22:21.223-0300][56.223s][info][gc             ] GC(15) Pause Initial Mark 492M->492M(494M) 336.293ms
[2019-07-24T13:22:21.226-0300][56.225s][info][gc,cpu         ] GC(15) User=0.34s Sys=0.01s Real=0.34s
[2019-07-24T13:22:21.226-0300][56.225s][info][gc             ] GC(15) Concurrent Mark
[2019-07-24T13:22:21.866-0300][56.865s][info][gc,start       ] GC(16) Pause Full (Allocation Failure)
[2019-07-24T13:22:21.879-0300][56.879s][info][gc             ] GC(15) Concurrent Mark 653.277ms
[2019-07-24T13:22:21.879-0300][56.879s][info][gc,cpu         ] GC(15) User=0.70s Sys=0.01s Real=0.65s
[2019-07-24T13:22:21.879-0300][56.879s][info][gc,phases,start] GC(16) Phase 1: Mark live objects
[2019-07-24T13:22:23.291-0300][58.291s][info][gc,phases      ] GC(16) Phase 1: Mark live objects 1411.836ms
[2019-07-24T13:22:23.291-0300][58.291s][info][gc,phases,start] GC(16) Phase 2: Compute new object addresses
[2019-07-24T13:22:23.556-0300][58.555s][info][gc,phases      ] GC(16) Phase 2: Compute new object addresses 264.484ms
[2019-07-24T13:22:23.556-0300][58.555s][info][gc,phases,start] GC(16) Phase 3: Adjust pointers
[2019-07-24T13:22:24.465-0300][59.464s][info][gc,phases      ] GC(16) Phase 3: Adjust pointers 908.801ms
[2019-07-24T13:22:24.465-0300][59.464s][info][gc,phases,start] GC(16) Phase 4: Move objects
[2019-07-24T13:22:24.466-0300][59.465s][info][gc,phases      ] GC(16) Phase 4: Move objects 0.957ms
[2019-07-24T13:22:24.665-0300][59.664s][info][gc,heap        ] GC(16) ParNew: 157248K->157107K(157248K)
[2019-07-24T13:22:24.665-0300][59.664s][info][gc,heap        ] GC(16) CMS: 349567K->349559K(349568K)
[2019-07-24T13:22:24.665-0300][59.664s][info][gc,metaspace   ] GC(16) Metaspace: 13488K->13488K(1062912K)
[2019-07-24T13:22:24.665-0300][59.664s][info][gc             ] GC(16) Pause Full (Allocation Failure) 494M->494M(494M) 2799.051ms
[2019-07-24T13:22:24.665-0300][59.664s][info][gc,cpu         ] GC(16) User=2.73s Sys=0.05s Real=2.80s
[2019-07-24T13:22:24.670-0300][59.670s][info][gc,start       ] GC(17) Pause Full (Allocation Failure)
[2019-07-24T13:22:24.670-0300][59.670s][info][gc,phases,start] GC(17) Phase 1: Mark live objects
[2019-07-24T13:22:26.046-0300][61.045s][info][gc,phases      ] GC(17) Phase 1: Mark live objects 1375.310ms
[2019-07-24T13:22:26.047-0300][61.046s][info][gc,phases,start] GC(17) Phase 2: Compute new object addresses
[2019-07-24T13:22:26.318-0300][61.317s][info][gc,phases      ] GC(17) Phase 2: Compute new object addresses 271.074ms
[2019-07-24T13:22:26.318-0300][61.317s][info][gc,phases,start] GC(17) Phase 3: Adjust pointers
[2019-07-24T13:22:27.196-0300][62.196s][info][gc,phases      ] GC(17) Phase 3: Adjust pointers 878.338ms
[2019-07-24T13:22:27.196-0300][62.196s][info][gc,phases,start] GC(17) Phase 4: Move objects
[2019-07-24T13:22:27.197-0300][62.196s][info][gc,phases      ] GC(17) Phase 4: Move objects 0.062ms
[2019-07-24T13:22:27.393-0300][62.393s][info][gc,heap        ] GC(17) ParNew: 157247K->157213K(157248K)
[2019-07-24T13:22:27.393-0300][62.393s][info][gc,heap        ] GC(17) CMS: 349567K->349563K(349568K)
[2019-07-24T13:22:27.394-0300][62.393s][info][gc,metaspace   ] GC(17) Metaspace: 13490K->13490K(1062912K)
[2019-07-24T13:22:27.394-0300][62.393s][info][gc             ] GC(17) Pause Full (Allocation Failure) 494M->494M(494M) 2723.277ms
[2019-07-24T13:22:27.394-0300][62.393s][info][gc,cpu         ] GC(17) User=2.65s Sys=0.04s Real=2.72s
[2019-07-24T13:22:27.394-0300][62.393s][info][gc,start       ] GC(18) Pause Initial Mark
[2019-07-24T13:22:27.694-0300][62.694s][info][gc             ] GC(18) Pause Initial Mark 494M->494M(494M) 300.546ms
[2019-07-24T13:22:27.694-0300][62.694s][info][gc,cpu         ] GC(18) User=0.32s Sys=0.00s Real=0.30s
[2019-07-24T13:22:27.694-0300][62.694s][info][gc             ] GC(18) Concurrent Mark
[2019-07-24T13:22:27.695-0300][62.694s][info][gc,start       ] GC(19) Pause Full (Allocation Failure)
[2019-07-24T13:22:28.188-0300][63.187s][info][gc             ] GC(18) Concurrent Mark 493.533ms
[2019-07-24T13:22:28.188-0300][63.187s][info][gc,cpu         ] GC(18) User=0.49s Sys=0.00s Real=0.49s
[2019-07-24T13:22:28.188-0300][63.187s][info][gc,phases,start] GC(19) Phase 1: Mark live objects
[2019-07-24T13:22:29.518-0300][64.517s][info][gc,phases      ] GC(19) Phase 1: Mark live objects 1330.012ms
[2019-07-24T13:22:29.518-0300][64.517s][info][gc,phases,start] GC(19) Phase 2: Compute new object addresses
[2019-07-24T13:22:29.774-0300][64.773s][info][gc,phases      ] GC(19) Phase 2: Compute new object addresses 255.571ms
[2019-07-24T13:22:29.774-0300][64.773s][info][gc,phases,start] GC(19) Phase 3: Adjust pointers
[2019-07-24T13:22:30.864-0300][65.863s][info][gc,phases      ] GC(19) Phase 3: Adjust pointers 1089.814ms
[2019-07-24T13:22:30.864-0300][65.863s][info][gc,phases,start] GC(19) Phase 4: Move objects
[2019-07-24T13:22:30.958-0300][65.957s][info][gc,phases      ] GC(19) Phase 4: Move objects 94.035ms
[2019-07-24T13:22:31.136-0300][66.135s][info][gc,heap        ] GC(19) ParNew: 157248K->157243K(157248K)
[2019-07-24T13:22:31.136-0300][66.135s][info][gc,heap        ] GC(19) CMS: 349567K->349554K(349568K)
[2019-07-24T13:22:31.136-0300][66.135s][info][gc,metaspace   ] GC(19) Metaspace: 13490K->13490K(1062912K)
[2019-07-24T13:22:31.136-0300][66.135s][info][gc             ] GC(19) Pause Full (Allocation Failure) 494M->494M(494M) 3440.612ms
[2019-07-24T13:22:31.136-0300][66.135s][info][gc,cpu         ] GC(19) User=3.38s Sys=0.03s Real=3.44s
[2019-07-24T13:22:31.137-0300][66.136s][info][gc,start       ] GC(20) Pause Full (Allocation Failure)
[2019-07-24T13:22:31.137-0300][66.136s][info][gc,phases,start] GC(20) Phase 1: Mark live objects
[2019-07-24T13:22:32.446-0300][67.445s][info][gc,phases      ] GC(20) Phase 1: Mark live objects 1308.994ms
[2019-07-24T13:22:32.446-0300][67.445s][info][gc,phases,start] GC(20) Phase 2: Compute new object addresses
[2019-07-24T13:22:32.717-0300][67.716s][info][gc,phases      ] GC(20) Phase 2: Compute new object addresses 271.255ms
[2019-07-24T13:22:32.717-0300][67.716s][info][gc,phases,start] GC(20) Phase 3: Adjust pointers
[2019-07-24T13:22:33.673-0300][68.672s][info][gc,phases      ] GC(20) Phase 3: Adjust pointers 955.732ms
[2019-07-24T13:22:33.673-0300][68.672s][info][gc,phases,start] GC(20) Phase 4: Move objects
[2019-07-24T13:22:33.673-0300][68.672s][info][gc,phases      ] GC(20) Phase 4: Move objects 0.041ms
[2019-07-24T13:22:33.860-0300][68.859s][info][gc,heap        ] GC(20) ParNew: 157248K->157240K(157248K)
[2019-07-24T13:22:33.860-0300][68.859s][info][gc,heap        ] GC(20) CMS: 349567K->349558K(349568K)
[2019-07-24T13:22:33.860-0300][68.859s][info][gc,metaspace   ] GC(20) Metaspace: 13474K->13474K(1062912K)
[2019-07-24T13:22:33.860-0300][68.859s][info][gc             ] GC(20) Pause Full (Allocation Failure) 494M->494M(494M) 2723.125ms
[2019-07-24T13:22:33.860-0300][68.859s][info][gc,cpu         ] GC(20) User=2.64s Sys=0.04s Real=2.73s
[2019-07-24T13:22:33.860-0300][68.859s][info][gc,start       ] GC(21) Pause Initial Mark
[2019-07-24T13:22:34.155-0300][69.154s][info][gc             ] GC(21) Pause Initial Mark 494M->494M(494M) 295.126ms
[2019-07-24T13:22:34.155-0300][69.154s][info][gc,cpu         ] GC(21) User=0.30s Sys=0.00s Real=0.29s
[2019-07-24T13:22:34.155-0300][69.154s][info][gc             ] GC(21) Concurrent Mark
[2019-07-24T13:22:34.156-0300][69.155s][info][gc,start       ] GC(22) Pause Full (Allocation Failure)
[2019-07-24T13:22:34.655-0300][69.654s][info][gc             ] GC(21) Concurrent Mark 499.276ms
[2019-07-24T13:22:34.655-0300][69.654s][info][gc,cpu         ] GC(21) User=0.50s Sys=0.01s Real=0.50s
[2019-07-24T13:22:34.655-0300][69.654s][info][gc,phases,start] GC(22) Phase 1: Mark live objects
[2019-07-24T13:22:36.027-0300][71.026s][info][gc,phases      ] GC(22) Phase 1: Mark live objects 1372.262ms
[2019-07-24T13:22:36.027-0300][71.026s][info][gc,phases,start] GC(22) Phase 2: Compute new object addresses
[2019-07-24T13:22:36.305-0300][71.304s][info][gc,phases      ] GC(22) Phase 2: Compute new object addresses 277.691ms
[2019-07-24T13:22:36.305-0300][71.304s][info][gc,phases,start] GC(22) Phase 3: Adjust pointers
[2019-07-24T13:22:37.314-0300][72.313s][info][gc,phases      ] GC(22) Phase 3: Adjust pointers 1009.190ms
[2019-07-24T13:22:37.314-0300][72.313s][info][gc,phases,start] GC(22) Phase 4: Move objects
[2019-07-24T13:22:37.314-0300][72.313s][info][gc,phases      ] GC(22) Phase 4: Move objects 0.045ms
[2019-07-24T13:22:37.645-0300][72.644s][info][gc,heap        ] GC(22) ParNew: 157247K->157247K(157248K)
[2019-07-24T13:22:37.645-0300][72.644s][info][gc,heap        ] GC(22) CMS: 349567K->349564K(349568K)
[2019-07-24T13:22:37.645-0300][72.644s][info][gc,metaspace   ] GC(22) Metaspace: 13474K->13474K(1062912K)
[2019-07-24T13:22:37.645-0300][72.644s][info][gc             ] GC(22) Pause Full (Allocation Failure) 494M->494M(494M) 3489.369ms
[2019-07-24T13:22:37.645-0300][72.644s][info][gc,cpu         ] GC(22) User=3.34s Sys=0.05s Real=3.49s
[2019-07-24T13:22:37.646-0300][72.645s][info][gc,start       ] GC(23) Pause Full (Allocation Failure)
[2019-07-24T13:22:37.646-0300][72.645s][info][gc,phases,start] GC(23) Phase 1: Mark live objects
[2019-07-24T13:22:39.235-0300][74.234s][info][gc,phases      ] GC(23) Phase 1: Mark live objects 1588.571ms
[2019-07-24T13:22:39.235-0300][74.234s][info][gc,phases,start] GC(23) Phase 2: Compute new object addresses
[2019-07-24T13:22:39.511-0300][74.510s][info][gc,phases      ] GC(23) Phase 2: Compute new object addresses 276.177ms
[2019-07-24T13:22:39.511-0300][74.510s][info][gc,phases,start] GC(23) Phase 3: Adjust pointers
[2019-07-24T13:22:40.377-0300][75.375s][info][gc,phases      ] GC(23) Phase 3: Adjust pointers 865.529ms
[2019-07-24T13:22:40.377-0300][75.375s][info][gc,phases,start] GC(23) Phase 4: Move objects
[2019-07-24T13:22:40.377-0300][75.375s][info][gc,phases      ] GC(23) Phase 4: Move objects 0.026ms
[2019-07-24T13:22:40.571-0300][75.570s][info][gc,heap        ] GC(23) ParNew: 157247K->157247K(157248K)
[2019-07-24T13:22:40.571-0300][75.570s][info][gc,heap        ] GC(23) CMS: 349567K->349566K(349568K)
[2019-07-24T13:22:40.571-0300][75.570s][info][gc,metaspace   ] GC(23) Metaspace: 13474K->13474K(1062912K)
[2019-07-24T13:22:40.571-0300][75.570s][info][gc             ] GC(23) Pause Full (Allocation Failure) 494M->494M(494M) 2924.824ms
[2019-07-24T13:22:40.571-0300][75.570s][info][gc,cpu         ] GC(23) User=2.75s Sys=0.04s Real=2.93s
[2019-07-24T13:22:40.571-0300][75.570s][info][gc,start       ] GC(24) Pause Initial Mark
[2019-07-24T13:22:40.870-0300][75.869s][info][gc             ] GC(24) Pause Initial Mark 494M->494M(494M) 298.845ms
[2019-07-24T13:22:40.870-0300][75.869s][info][gc,cpu         ] GC(24) User=0.31s Sys=0.00s Real=0.30s
[2019-07-24T13:22:40.870-0300][75.869s][info][gc             ] GC(24) Concurrent Mark
[2019-07-24T13:22:40.870-0300][75.869s][info][gc,start       ] GC(25) Pause Full (Allocation Failure)
[2019-07-24T13:22:41.388-0300][76.387s][info][gc             ] GC(24) Concurrent Mark 518.399ms
[2019-07-24T13:22:41.388-0300][76.387s][info][gc,cpu         ] GC(24) User=0.51s Sys=0.00s Real=0.51s
[2019-07-24T13:22:41.389-0300][76.387s][info][gc,phases,start] GC(25) Phase 1: Mark live objects
[2019-07-24T13:22:42.950-0300][77.949s][info][gc,phases      ] GC(25) Phase 1: Mark live objects 1561.775ms
[2019-07-24T13:22:42.950-0300][77.949s][info][gc,phases,start] GC(25) Phase 2: Compute new object addresses
[2019-07-24T13:22:43.312-0300][78.311s][info][gc,phases      ] GC(25) Phase 2: Compute new object addresses 361.653ms
[2019-07-24T13:22:43.312-0300][78.311s][info][gc,phases,start] GC(25) Phase 3: Adjust pointers
[2019-07-24T13:22:44.366-0300][79.365s][info][gc,phases      ] GC(25) Phase 3: Adjust pointers 1053.828ms
[2019-07-24T13:22:44.366-0300][79.365s][info][gc,phases,start] GC(25) Phase 4: Move objects
[2019-07-24T13:22:44.473-0300][79.472s][info][gc,phases      ] GC(25) Phase 4: Move objects 106.678ms
[2019-07-24T13:22:44.670-0300][79.669s][info][gc,heap        ] GC(25) ParNew: 157248K->157247K(157248K)
[2019-07-24T13:22:44.671-0300][79.669s][info][gc,heap        ] GC(25) CMS: 349567K->349549K(349568K)
[2019-07-24T13:22:44.671-0300][79.669s][info][gc,metaspace   ] GC(25) Metaspace: 13474K->13474K(1062912K)
[2019-07-24T13:22:44.671-0300][79.669s][info][gc             ] GC(25) Pause Full (Allocation Failure) 494M->494M(494M) 3800.296ms
[2019-07-24T13:22:44.671-0300][79.669s][info][gc,cpu         ] GC(25) User=3.58s Sys=0.05s Real=3.80s
[2019-07-24T13:22:44.671-0300][79.670s][info][gc,start       ] GC(26) Pause Full (Allocation Failure)
[2019-07-24T13:22:44.671-0300][79.670s][info][gc,phases,start] GC(26) Phase 1: Mark live objects
[2019-07-24T13:22:46.005-0300][81.004s][info][gc,phases      ] GC(26) Phase 1: Mark live objects 1333.840ms
[2019-07-24T13:22:46.005-0300][81.004s][info][gc,phases,start] GC(26) Phase 2: Compute new object addresses
[2019-07-24T13:22:46.261-0300][81.260s][info][gc,phases      ] GC(26) Phase 2: Compute new object addresses 255.810ms
[2019-07-24T13:22:46.261-0300][81.260s][info][gc,phases,start] GC(26) Phase 3: Adjust pointers
[2019-07-24T13:22:47.317-0300][82.316s][info][gc,phases      ] GC(26) Phase 3: Adjust pointers 1055.875ms
[2019-07-24T13:22:47.317-0300][82.316s][info][gc,phases,start] GC(26) Phase 4: Move objects
[2019-07-24T13:22:47.410-0300][82.408s][info][gc,phases      ] GC(26) Phase 4: Move objects 92.835ms
[2019-07-24T13:22:47.588-0300][82.587s][info][gc,heap        ] GC(26) ParNew: 157248K->157247K(157248K)
[2019-07-24T13:22:47.589-0300][82.587s][info][gc,heap        ] GC(26) CMS: 349558K->349549K(349568K)
[2019-07-24T13:22:47.589-0300][82.587s][info][gc,metaspace   ] GC(26) Metaspace: 13441K->13441K(1062912K)
[2019-07-24T13:22:47.589-0300][82.587s][info][gc             ] GC(26) Pause Full (Allocation Failure) 494M->494M(494M) 2917.575ms
[2019-07-24T13:22:47.589-0300][82.587s][info][gc,cpu         ] GC(26) User=2.87s Sys=0.03s Real=2.91s
[2019-07-24T13:22:47.589-0300][82.587s][info][gc,start       ] GC(27) Pause Initial Mark
[2019-07-24T13:22:47.897-0300][82.895s][info][gc             ] GC(27) Pause Initial Mark 494M->494M(494M) 307.731ms
[2019-07-24T13:22:47.897-0300][82.895s][info][gc,cpu         ] GC(27) User=0.32s Sys=0.00s Real=0.31s
[2019-07-24T13:22:47.897-0300][82.895s][info][gc             ] GC(27) Concurrent Mark
[2019-07-24T13:22:47.898-0300][82.896s][info][gc,start       ] GC(28) Pause Full (Allocation Failure)
[2019-07-24T13:22:48.391-0300][83.390s][info][gc             ] GC(27) Concurrent Mark 494.529ms
[2019-07-24T13:22:48.391-0300][83.390s][info][gc,cpu         ] GC(27) User=0.49s Sys=0.00s Real=0.50s
[2019-07-24T13:22:48.391-0300][83.390s][info][gc,phases,start] GC(28) Phase 1: Mark live objects
[2019-07-24T13:22:49.696-0300][84.695s][info][gc,phases      ] GC(28) Phase 1: Mark live objects 1304.582ms
[2019-07-24T13:22:49.696-0300][84.695s][info][gc,phases,start] GC(28) Phase 2: Compute new object addresses
[2019-07-24T13:22:49.957-0300][84.956s][info][gc,phases      ] GC(28) Phase 2: Compute new object addresses 261.241ms
[2019-07-24T13:22:49.957-0300][84.956s][info][gc,phases,start] GC(28) Phase 3: Adjust pointers
[2019-07-24T13:22:51.015-0300][86.014s][info][gc,phases      ] GC(28) Phase 3: Adjust pointers 1057.758ms
[2019-07-24T13:22:51.015-0300][86.014s][info][gc,phases,start] GC(28) Phase 4: Move objects
[2019-07-24T13:22:51.113-0300][86.111s][info][gc,phases      ] GC(28) Phase 4: Move objects 97.184ms
[2019-07-24T13:22:51.307-0300][86.305s][info][gc,heap        ] GC(28) ParNew: 157248K->157245K(157248K)
[2019-07-24T13:22:51.307-0300][86.305s][info][gc,heap        ] GC(28) CMS: 349567K->349562K(349568K)
[2019-07-24T13:22:51.307-0300][86.305s][info][gc,metaspace   ] GC(28) Metaspace: 13422K->13422K(1062912K)
[2019-07-24T13:22:51.307-0300][86.305s][info][gc             ] GC(28) Pause Full (Allocation Failure) 494M->494M(494M) 3408.993ms
[2019-07-24T13:22:51.307-0300][86.305s][info][gc,cpu         ] GC(28) User=3.34s Sys=0.04s Real=3.41s
[2019-07-24T13:22:51.307-0300][86.306s][info][gc,start       ] GC(29) Pause Full (Allocation Failure)
[2019-07-24T13:22:51.307-0300][86.306s][info][gc,phases,start] GC(29) Phase 1: Mark live objects
[2019-07-24T13:22:52.798-0300][87.797s][info][gc,phases      ] GC(29) Phase 1: Mark live objects 1490.573ms
[2019-07-24T13:22:52.798-0300][87.797s][info][gc,phases,start] GC(29) Phase 2: Compute new object addresses
[2019-07-24T13:22:53.067-0300][88.066s][info][gc,phases      ] GC(29) Phase 2: Compute new object addresses 268.975ms
[2019-07-24T13:22:53.067-0300][88.066s][info][gc,phases,start] GC(29) Phase 3: Adjust pointers
[2019-07-24T13:22:54.117-0300][89.115s][info][gc,phases      ] GC(29) Phase 3: Adjust pointers 1049.749ms
[2019-07-24T13:22:54.117-0300][89.116s][info][gc,phases,start] GC(29) Phase 4: Move objects
[2019-07-24T13:22:54.210-0300][89.208s][info][gc,phases      ] GC(29) Phase 4: Move objects 92.821ms
[2019-07-24T13:22:54.389-0300][89.388s][info][gc,heap        ] GC(29) ParNew: 157247K->157247K(157248K)
[2019-07-24T13:22:54.389-0300][89.388s][info][gc,heap        ] GC(29) CMS: 349566K->349564K(349568K)
[2019-07-24T13:22:54.389-0300][89.388s][info][gc,metaspace   ] GC(29) Metaspace: 13422K->13422K(1062912K)
[2019-07-24T13:22:54.389-0300][89.388s][info][gc             ] GC(29) Pause Full (Allocation Failure) 494M->494M(494M) 3081.904ms
[2019-07-24T13:22:54.389-0300][89.388s][info][gc,cpu         ] GC(29) User=2.96s Sys=0.04s Real=3.08s
[2019-07-24T13:22:54.389-0300][89.388s][info][gc,start       ] GC(30) Pause Initial Mark
[2019-07-24T13:22:54.703-0300][89.701s][info][gc             ] GC(30) Pause Initial Mark 494M->494M(494M) 313.204ms
[2019-07-24T13:22:54.703-0300][89.701s][info][gc,cpu         ] GC(30) User=0.32s Sys=0.00s Real=0.32s
[2019-07-24T13:22:54.703-0300][89.701s][info][gc             ] GC(30) Concurrent Mark
[2019-07-24T13:22:54.703-0300][89.701s][info][gc,start       ] GC(31) Pause Full (Allocation Failure)
[2019-07-24T13:22:55.595-0300][90.593s][info][gc             ] GC(30) Concurrent Mark 891.672ms
[2019-07-24T13:22:55.595-0300][90.593s][info][gc,cpu         ] GC(30) User=0.64s Sys=0.01s Real=0.89s
[2019-07-24T13:22:55.596-0300][90.594s][info][gc,phases,start] GC(31) Phase 1: Mark live objects
[2019-07-24T13:22:57.686-0300][92.684s][info][gc,phases      ] GC(31) Phase 1: Mark live objects 2090.166ms
[2019-07-24T13:22:57.686-0300][92.684s][info][gc,phases,start] GC(31) Phase 2: Compute new object addresses
[2019-07-24T13:22:58.048-0300][93.047s][info][gc,phases      ] GC(31) Phase 2: Compute new object addresses 362.463ms
[2019-07-24T13:22:58.048-0300][93.047s][info][gc,phases,start] GC(31) Phase 3: Adjust pointers
[2019-07-24T13:22:59.273-0300][94.272s][info][gc,phases      ] GC(31) Phase 3: Adjust pointers 1224.842ms
[2019-07-24T13:22:59.273-0300][94.272s][info][gc,phases,start] GC(31) Phase 4: Move objects
[2019-07-24T13:22:59.273-0300][94.272s][info][gc,phases      ] GC(31) Phase 4: Move objects 0.052ms
[2019-07-24T13:22:59.506-0300][94.504s][info][gc,heap        ] GC(31) ParNew: 157247K->157247K(157248K)
[2019-07-24T13:22:59.506-0300][94.504s][info][gc,heap        ] GC(31) CMS: 349568K->349567K(349568K)
[2019-07-24T13:22:59.506-0300][94.504s][info][gc,metaspace   ] GC(31) Metaspace: 13418K->13418K(1062912K)
[2019-07-24T13:22:59.506-0300][94.504s][info][gc             ] GC(31) Pause Full (Allocation Failure) 494M->494M(494M) 4802.711ms
[2019-07-24T13:22:59.506-0300][94.504s][info][gc,cpu         ] GC(31) User=3.97s Sys=0.08s Real=4.80s
[2019-07-24T13:22:59.506-0300][94.504s][info][gc,start       ] GC(32) Pause Full (Allocation Failure)
[2019-07-24T13:22:59.506-0300][94.505s][info][gc,phases,start] GC(32) Phase 1: Mark live objects
[2019-07-24T13:23:01.134-0300][96.132s][info][gc,phases      ] GC(32) Phase 1: Mark live objects 1627.414ms
[2019-07-24T13:23:01.134-0300][96.132s][info][gc,phases,start] GC(32) Phase 2: Compute new object addresses
[2019-07-24T13:23:01.473-0300][96.471s][info][gc,phases      ] GC(32) Phase 2: Compute new object addresses 338.581ms
[2019-07-24T13:23:01.473-0300][96.471s][info][gc,phases,start] GC(32) Phase 3: Adjust pointers
[2019-07-24T13:23:02.486-0300][97.485s][info][gc,phases      ] GC(32) Phase 3: Adjust pointers 1013.757ms
[2019-07-24T13:23:02.487-0300][97.485s][info][gc,phases,start] GC(32) Phase 4: Move objects
[2019-07-24T13:23:02.487-0300][97.485s][info][gc,phases      ] GC(32) Phase 4: Move objects 0.027ms
[2019-07-24T13:23:02.663-0300][97.662s][info][gc,heap        ] GC(32) ParNew: 157247K->157247K(157248K)
[2019-07-24T13:23:02.663-0300][97.662s][info][gc,heap        ] GC(32) CMS: 349567K->349567K(349568K)
[2019-07-24T13:23:02.663-0300][97.662s][info][gc,metaspace   ] GC(32) Metaspace: 13418K->13418K(1062912K)
[2019-07-24T13:23:02.663-0300][97.662s][info][gc             ] GC(32) Pause Full (Allocation Failure) 494M->494M(494M) 3157.305ms
[2019-07-24T13:23:02.663-0300][97.662s][info][gc,cpu         ] GC(32) User=2.98s Sys=0.04s Real=3.16s
[2019-07-24T13:23:02.664-0300][97.662s][info][gc,start       ] GC(34) Pause Full (Allocation Failure)
[2019-07-24T13:23:02.664-0300][97.662s][info][gc,phases,start] GC(34) Phase 1: Mark live objects
[2019-07-24T13:23:04.403-0300][99.401s][info][gc,phases      ] GC(34) Phase 1: Mark live objects 1738.579ms
[2019-07-24T13:23:04.403-0300][99.401s][info][gc,phases,start] GC(34) Phase 2: Compute new object addresses
[2019-07-24T13:23:04.703-0300][99.701s][info][gc,phases      ] GC(34) Phase 2: Compute new object addresses 300.528ms
[2019-07-24T13:23:04.703-0300][99.701s][info][gc,phases,start] GC(34) Phase 3: Adjust pointers
[2019-07-24T13:23:05.591-0300][100.589s][info][gc,phases      ] GC(34) Phase 3: Adjust pointers 888.098ms
[2019-07-24T13:23:05.591-0300][100.590s][info][gc,phases,start] GC(34) Phase 4: Move objects
[2019-07-24T13:23:05.591-0300][100.590s][info][gc,phases      ] GC(34) Phase 4: Move objects 0.040ms
[2019-07-24T13:23:05.785-0300][100.783s][info][gc,heap        ] GC(34) ParNew: 157247K->157247K(157248K)
[2019-07-24T13:23:05.785-0300][100.783s][info][gc,heap        ] GC(34) CMS: 349567K->349567K(349568K)
[2019-07-24T13:23:05.785-0300][100.783s][info][gc,metaspace   ] GC(34) Metaspace: 13418K->13418K(1062912K)
[2019-07-24T13:23:05.785-0300][100.783s][info][gc             ] GC(34) Pause Full (Allocation Failure) 494M->494M(494M) 3121.492ms
[2019-07-24T13:23:05.785-0300][100.783s][info][gc,cpu         ] GC(34) User=2.85s Sys=0.05s Real=3.12s
[2019-07-24T13:23:05.785-0300][100.783s][info][gc,start       ] GC(35) Pause Full (Allocation Failure)
[2019-07-24T13:23:05.786-0300][100.784s][info][gc,phases,start] GC(35) Phase 1: Mark live objects
[2019-07-24T13:23:07.103-0300][102.101s][info][gc,phases      ] GC(35) Phase 1: Mark live objects 1316.990ms
[2019-07-24T13:23:07.103-0300][102.101s][info][gc,phases,start] GC(35) Phase 2: Compute new object addresses
[2019-07-24T13:23:07.361-0300][102.359s][info][gc,phases      ] GC(35) Phase 2: Compute new object addresses 258.534ms
[2019-07-24T13:23:07.361-0300][102.359s][info][gc,phases,start] GC(35) Phase 3: Adjust pointers
[2019-07-24T13:23:08.423-0300][103.421s][info][gc,phases      ] GC(35) Phase 3: Adjust pointers 1062.124ms
[2019-07-24T13:23:08.424-0300][103.422s][info][gc,phases,start] GC(35) Phase 4: Move objects
[2019-07-24T13:23:08.518-0300][103.516s][info][gc,phases      ] GC(35) Phase 4: Move objects 94.667ms
[2019-07-24T13:23:08.723-0300][103.721s][info][gc,heap        ] GC(35) ParNew: 157247K->157247K(157248K)
[2019-07-24T13:23:08.723-0300][103.721s][info][gc,heap        ] GC(35) CMS: 349567K->349564K(349568K)
[2019-07-24T13:23:08.723-0300][103.721s][info][gc,metaspace   ] GC(35) Metaspace: 13418K->13418K(1062912K)
[2019-07-24T13:23:08.723-0300][103.721s][info][gc             ] GC(35) Pause Full (Allocation Failure) 494M->494M(494M) 2937.356ms
[2019-07-24T13:23:08.723-0300][103.721s][info][gc,cpu         ] GC(35) User=2.88s Sys=0.02s Real=2.94s
[2019-07-24T13:23:08.723-0300][103.721s][info][gc,start       ] GC(33) Pause Initial Mark
[2019-07-24T13:23:09.031-0300][104.029s][info][gc             ] GC(33) Pause Initial Mark 494M->494M(494M) 308.440ms
[2019-07-24T13:23:09.032-0300][104.030s][info][gc,cpu         ] GC(33) User=0.32s Sys=0.00s Real=0.31s
[2019-07-24T13:23:09.032-0300][104.030s][info][gc             ] GC(33) Concurrent Mark
[2019-07-24T13:23:09.032-0300][104.030s][info][gc,start       ] GC(36) Pause Full (Allocation Failure)
[2019-07-24T13:23:09.521-0300][104.519s][info][gc             ] GC(33) Concurrent Mark 489.679ms
[2019-07-24T13:23:09.521-0300][104.519s][info][gc,cpu         ] GC(33) User=0.49s Sys=0.01s Real=0.49s
[2019-07-24T13:23:09.521-0300][104.519s][info][gc,phases,start] GC(36) Phase 1: Mark live objects
[2019-07-24T13:23:10.869-0300][105.867s][info][gc,phases      ] GC(36) Phase 1: Mark live objects 1347.658ms
[2019-07-24T13:23:10.869-0300][105.867s][info][gc,phases,start] GC(36) Phase 2: Compute new object addresses
[2019-07-24T13:23:11.165-0300][106.163s][info][gc,phases      ] GC(36) Phase 2: Compute new object addresses 296.045ms
[2019-07-24T13:23:11.165-0300][106.163s][info][gc,phases,start] GC(36) Phase 3: Adjust pointers
[2019-07-24T13:23:12.106-0300][107.104s][info][gc,phases      ] GC(36) Phase 3: Adjust pointers 940.609ms
[2019-07-24T13:23:12.106-0300][107.104s][info][gc,phases,start] GC(36) Phase 4: Move objects
[2019-07-24T13:23:12.106-0300][107.104s][info][gc,phases      ] GC(36) Phase 4: Move objects 0.021ms
[2019-07-24T13:23:12.297-0300][107.295s][info][gc,heap        ] GC(36) ParNew: 157247K->157247K(157248K)
[2019-07-24T13:23:12.297-0300][107.295s][info][gc,heap        ] GC(36) CMS: 349568K->349567K(349568K)
[2019-07-24T13:23:12.297-0300][107.295s][info][gc,metaspace   ] GC(36) Metaspace: 13411K->13411K(1062912K)
[2019-07-24T13:23:12.297-0300][107.295s][info][gc             ] GC(36) Pause Full (Allocation Failure) 494M->494M(494M) 3264.809ms
[2019-07-24T13:23:12.297-0300][107.295s][info][gc,cpu         ] GC(36) User=3.18s Sys=0.05s Real=3.26s
[2019-07-24T13:23:12.297-0300][107.295s][info][gc,start       ] GC(37) Pause Full (Allocation Failure)
[2019-07-24T13:23:12.297-0300][107.295s][info][gc,phases,start] GC(37) Phase 1: Mark live objects
[2019-07-24T13:23:13.605-0300][108.603s][info][gc,phases      ] GC(37) Phase 1: Mark live objects 1307.492ms
[2019-07-24T13:23:13.605-0300][108.603s][info][gc,phases,start] GC(37) Phase 2: Compute new object addresses
[2019-07-24T13:23:13.895-0300][108.893s][info][gc,phases      ] GC(37) Phase 2: Compute new object addresses 289.837ms
[2019-07-24T13:23:13.895-0300][108.893s][info][gc,phases,start] GC(37) Phase 3: Adjust pointers
[2019-07-24T13:23:14.797-0300][109.794s][info][gc,phases      ] GC(37) Phase 3: Adjust pointers 901.618ms
[2019-07-24T13:23:14.797-0300][109.794s][info][gc,phases,start] GC(37) Phase 4: Move objects
[2019-07-24T13:23:14.797-0300][109.794s][info][gc,phases      ] GC(37) Phase 4: Move objects 0.021ms
[2019-07-24T13:23:15.021-0300][110.019s][info][gc,heap        ] GC(37) ParNew: 157247K->157247K(157248K)
[2019-07-24T13:23:15.021-0300][110.019s][info][gc,heap        ] GC(37) CMS: 349567K->349567K(349568K)
[2019-07-24T13:23:15.021-0300][110.019s][info][gc,metaspace   ] GC(37) Metaspace: 13411K->13411K(1062912K)
[2019-07-24T13:23:15.021-0300][110.019s][info][gc             ] GC(37) Pause Full (Allocation Failure) 494M->494M(494M) 2724.191ms
[2019-07-24T13:23:15.021-0300][110.019s][info][gc,cpu         ] GC(37) User=2.66s Sys=0.03s Real=2.73s
[2019-07-24T13:23:15.022-0300][110.020s][info][gc,start       ] GC(38) Pause Initial Mark
[2019-07-24T13:23:15.327-0300][110.325s][info][gc             ] GC(38) Pause Initial Mark 494M->494M(494M) 305.354ms
[2019-07-24T13:23:15.327-0300][110.325s][info][gc,cpu         ] GC(38) User=0.32s Sys=0.00s Real=0.30s
[2019-07-24T13:23:15.327-0300][110.325s][info][gc             ] GC(38) Concurrent Mark
[2019-07-24T13:23:15.327-0300][110.325s][info][gc,start       ] GC(39) Pause Full (Allocation Failure)
[2019-07-24T13:23:15.815-0300][110.813s][info][gc             ] GC(38) Concurrent Mark 487.770ms
[2019-07-24T13:23:15.815-0300][110.813s][info][gc,cpu         ] GC(38) User=0.49s Sys=0.01s Real=0.49s
[2019-07-24T13:23:15.815-0300][110.813s][info][gc,phases,start] GC(39) Phase 1: Mark live objects
[2019-07-24T13:23:17.138-0300][112.136s][info][gc,phases      ] GC(39) Phase 1: Mark live objects 1322.659ms
[2019-07-24T13:23:17.138-0300][112.136s][info][gc,phases,start] GC(39) Phase 2: Compute new object addresses
[2019-07-24T13:23:17.412-0300][112.409s][info][gc,phases      ] GC(39) Phase 2: Compute new object addresses 273.643ms
[2019-07-24T13:23:17.412-0300][112.409s][info][gc,phases,start] GC(39) Phase 3: Adjust pointers
[2019-07-24T13:23:18.337-0300][113.335s][info][gc,phases      ] GC(39) Phase 3: Adjust pointers 925.299ms
[2019-07-24T13:23:18.337-0300][113.335s][info][gc,phases,start] GC(39) Phase 4: Move objects
[2019-07-24T13:23:18.337-0300][113.335s][info][gc,phases      ] GC(39) Phase 4: Move objects 0.031ms
[2019-07-24T13:23:18.542-0300][113.540s][info][gc,heap        ] GC(39) ParNew: 157247K->157247K(157248K)
[2019-07-24T13:23:18.543-0300][113.540s][info][gc,heap        ] GC(39) CMS: 349567K->349567K(349568K)
[2019-07-24T13:23:18.543-0300][113.540s][info][gc,metaspace   ] GC(39) Metaspace: 13411K->13411K(1062912K)
[2019-07-24T13:23:18.543-0300][113.540s][info][gc             ] GC(39) Pause Full (Allocation Failure) 494M->494M(494M) 3215.049ms
[2019-07-24T13:23:18.543-0300][113.540s][info][gc,cpu         ] GC(39) User=3.17s Sys=0.03s Real=3.22s
[2019-07-24T13:23:18.543-0300][113.541s][info][gc,start       ] GC(40) Pause Full (Allocation Failure)
[2019-07-24T13:23:18.543-0300][113.541s][info][gc,phases,start] GC(40) Phase 1: Mark live objects
[2019-07-24T13:23:19.867-0300][114.864s][info][gc,phases      ] GC(40) Phase 1: Mark live objects 1323.506ms
[2019-07-24T13:23:19.867-0300][114.864s][info][gc,phases,start] GC(40) Phase 2: Compute new object addresses
[2019-07-24T13:23:20.134-0300][115.132s][info][gc,phases      ] GC(40) Phase 2: Compute new object addresses 267.298ms
[2019-07-24T13:23:20.134-0300][115.132s][info][gc,phases,start] GC(40) Phase 3: Adjust pointers
[2019-07-24T13:23:21.064-0300][116.062s][info][gc,phases      ] GC(40) Phase 3: Adjust pointers 930.218ms
[2019-07-24T13:23:21.066-0300][116.064s][info][gc,phases,start] GC(40) Phase 4: Move objects
[2019-07-24T13:23:21.066-0300][116.064s][info][gc,phases      ] GC(40) Phase 4: Move objects 0.060ms
[2019-07-24T13:23:21.272-0300][116.270s][info][gc,heap        ] GC(40) ParNew: 157247K->157247K(157248K)
[2019-07-24T13:23:21.272-0300][116.270s][info][gc,heap        ] GC(40) CMS: 349567K->349567K(349568K)
[2019-07-24T13:23:21.272-0300][116.270s][info][gc,metaspace   ] GC(40) Metaspace: 13411K->13411K(1062912K)
[2019-07-24T13:23:21.272-0300][116.270s][info][gc             ] GC(40) Pause Full (Allocation Failure) 494M->494M(494M) 2729.266ms
[2019-07-24T13:23:21.272-0300][116.270s][info][gc,cpu         ] GC(40) User=2.65s Sys=0.03s Real=2.73s
[2019-07-24T13:23:21.272-0300][116.270s][info][gc,start       ] GC(41) Pause Initial Mark
[2019-07-24T13:23:21.593-0300][116.591s][info][gc             ] GC(41) Pause Initial Mark 494M->494M(494M) 321.047ms
[2019-07-24T13:23:21.594-0300][116.591s][info][gc,cpu         ] GC(41) User=0.33s Sys=0.01s Real=0.32s
[2019-07-24T13:23:21.594-0300][116.591s][info][gc             ] GC(41) Concurrent Mark
[2019-07-24T13:23:21.594-0300][116.591s][info][gc,start       ] GC(42) Pause Full (Allocation Failure)
[2019-07-24T13:23:22.078-0300][117.076s][info][gc             ] GC(41) Concurrent Mark 484.690ms
[2019-07-24T13:23:22.078-0300][117.076s][info][gc,cpu         ] GC(41) User=0.48s Sys=0.00s Real=0.48s
[2019-07-24T13:23:22.078-0300][117.076s][info][gc,phases,start] GC(42) Phase 1: Mark live objects
[2019-07-24T13:23:23.378-0300][118.375s][info][gc,phases      ] GC(42) Phase 1: Mark live objects 1299.289ms
[2019-07-24T13:23:23.378-0300][118.375s][info][gc,phases,start] GC(42) Phase 2: Compute new object addresses
[2019-07-24T13:23:23.648-0300][118.646s][info][gc,phases      ] GC(42) Phase 2: Compute new object addresses 270.456ms
[2019-07-24T13:23:23.648-0300][118.646s][info][gc,phases,start] GC(42) Phase 3: Adjust pointers
[2019-07-24T13:23:24.511-0300][119.509s][info][gc,phases      ] GC(42) Phase 3: Adjust pointers 862.892ms
[2019-07-24T13:23:24.511-0300][119.509s][info][gc,phases,start] GC(42) Phase 4: Move objects
[2019-07-24T13:23:24.511-0300][119.509s][info][gc,phases      ] GC(42) Phase 4: Move objects 0.035ms
[2019-07-24T13:23:24.730-0300][119.728s][info][gc,heap        ] GC(42) ParNew: 157247K->157247K(157248K)
[2019-07-24T13:23:24.730-0300][119.728s][info][gc,heap        ] GC(42) CMS: 349568K->349567K(349568K)
[2019-07-24T13:23:24.730-0300][119.728s][info][gc,metaspace   ] GC(42) Metaspace: 13411K->13411K(1062912K)
[2019-07-24T13:23:24.730-0300][119.728s][info][gc             ] GC(42) Pause Full (Allocation Failure) 494M->494M(494M) 3136.446ms
[2019-07-24T13:23:24.730-0300][119.728s][info][gc,cpu         ] GC(42) User=3.09s Sys=0.03s Real=3.14s
[2019-07-24T13:23:24.730-0300][119.728s][info][gc,start       ] GC(43) Pause Full (Allocation Failure)
[2019-07-24T13:23:24.731-0300][119.728s][info][gc,phases,start] GC(43) Phase 1: Mark live objects
[2019-07-24T13:23:26.157-0300][121.155s][info][gc,phases      ] GC(43) Phase 1: Mark live objects 1426.840ms
[2019-07-24T13:23:26.158-0300][121.155s][info][gc,phases,start] GC(43) Phase 2: Compute new object addresses
[2019-07-24T13:23:26.427-0300][121.425s][info][gc,phases      ] GC(43) Phase 2: Compute new object addresses 269.859ms
[2019-07-24T13:23:26.427-0300][121.425s][info][gc,phases,start] GC(43) Phase 3: Adjust pointers
[2019-07-24T13:23:27.302-0300][122.300s][info][gc,phases      ] GC(43) Phase 3: Adjust pointers 874.805ms
[2019-07-24T13:23:27.302-0300][122.300s][info][gc,phases,start] GC(43) Phase 4: Move objects
[2019-07-24T13:23:27.302-0300][122.300s][info][gc,phases      ] GC(43) Phase 4: Move objects 0.022ms
[2019-07-24T13:23:27.495-0300][122.493s][info][gc,heap        ] GC(43) ParNew: 157247K->157247K(157248K)
[2019-07-24T13:23:27.495-0300][122.493s][info][gc,heap        ] GC(43) CMS: 349567K->349567K(349568K)
[2019-07-24T13:23:27.495-0300][122.493s][info][gc,metaspace   ] GC(43) Metaspace: 13411K->13411K(1062912K)
[2019-07-24T13:23:27.495-0300][122.493s][info][gc             ] GC(43) Pause Full (Allocation Failure) 494M->494M(494M) 2764.694ms
[2019-07-24T13:23:27.495-0300][122.493s][info][gc,cpu         ] GC(43) User=2.69s Sys=0.04s Real=2.76s
[2019-07-24T13:23:27.495-0300][122.493s][info][gc,start       ] GC(44) Pause Full (Allocation Failure)
[2019-07-24T13:23:27.495-0300][122.493s][info][gc,phases,start] GC(44) Phase 1: Mark live objects
[2019-07-24T13:23:28.882-0300][123.879s][info][gc,phases      ] GC(44) Phase 1: Mark live objects 1386.421ms
[2019-07-24T13:23:28.882-0300][123.879s][info][gc,phases,start] GC(44) Phase 2: Compute new object addresses
[2019-07-24T13:23:29.148-0300][124.146s][info][gc,phases      ] GC(44) Phase 2: Compute new object addresses 266.322ms
[2019-07-24T13:23:29.148-0300][124.146s][info][gc,phases,start] GC(44) Phase 3: Adjust pointers
[2019-07-24T13:23:30.005-0300][125.002s][info][gc,phases      ] GC(44) Phase 3: Adjust pointers 856.573ms
[2019-07-24T13:23:30.005-0300][125.002s][info][gc,phases,start] GC(44) Phase 4: Move objects
[2019-07-24T13:23:30.005-0300][125.002s][info][gc,phases      ] GC(44) Phase 4: Move objects 0.022ms
[2019-07-24T13:23:30.192-0300][125.190s][info][gc,heap        ] GC(44) ParNew: 157247K->157247K(157248K)
[2019-07-24T13:23:30.193-0300][125.190s][info][gc,heap        ] GC(44) CMS: 349567K->349567K(349568K)
[2019-07-24T13:23:30.193-0300][125.190s][info][gc,metaspace   ] GC(44) Metaspace: 13411K->13411K(1062912K)
[2019-07-24T13:23:30.193-0300][125.190s][info][gc             ] GC(44) Pause Full (Allocation Failure) 494M->494M(494M) 2697.254ms
[2019-07-24T13:23:30.193-0300][125.190s][info][gc,cpu         ] GC(44) User=2.63s Sys=0.02s Real=2.70s
[2019-07-24T13:23:30.194-0300][125.191s][info][gc,start       ] GC(45) Pause Full (Allocation Failure)
[2019-07-24T13:23:30.194-0300][125.191s][info][gc,phases,start] GC(45) Phase 1: Mark live objects
[2019-07-24T13:23:31.520-0300][126.517s][info][gc,phases      ] GC(45) Phase 1: Mark live objects 1325.904ms
[2019-07-24T13:23:31.520-0300][126.517s][info][gc,phases,start] GC(45) Phase 2: Compute new object addresses
[2019-07-24T13:23:31.791-0300][126.789s][info][gc,phases      ] GC(45) Phase 2: Compute new object addresses 271.441ms
[2019-07-24T13:23:31.791-0300][126.789s][info][gc,phases,start] GC(45) Phase 3: Adjust pointers
[2019-07-24T13:23:32.650-0300][127.647s][info][gc,phases      ] GC(45) Phase 3: Adjust pointers 858.340ms
[2019-07-24T13:23:32.650-0300][127.647s][info][gc,phases,start] GC(45) Phase 4: Move objects
[2019-07-24T13:23:32.650-0300][127.647s][info][gc,phases      ] GC(45) Phase 4: Move objects 0.023ms
[2019-07-24T13:23:32.822-0300][127.820s][info][gc,heap        ] GC(45) ParNew: 157247K->157247K(157248K)
[2019-07-24T13:23:32.822-0300][127.820s][info][gc,heap        ] GC(45) CMS: 349567K->349567K(349568K)
[2019-07-24T13:23:32.822-0300][127.820s][info][gc,metaspace   ] GC(45) Metaspace: 13411K->13411K(1062912K)
[2019-07-24T13:23:32.822-0300][127.820s][info][gc             ] GC(45) Pause Full (Allocation Failure) 494M->494M(494M) 2628.750ms
[2019-07-24T13:23:32.822-0300][127.820s][info][gc,cpu         ] GC(45) User=2.60s Sys=0.01s Real=2.63s
[2019-07-24T13:23:32.822-0300][127.820s][info][gc,start       ] GC(46) Pause Full (Allocation Failure)
[2019-07-24T13:23:32.823-0300][127.820s][info][gc,phases,start] GC(46) Phase 1: Mark live objects
[2019-07-24T13:23:34.158-0300][129.155s][info][gc,phases      ] GC(46) Phase 1: Mark live objects 1335.301ms
[2019-07-24T13:23:34.158-0300][129.155s][info][gc,phases,start] GC(46) Phase 2: Compute new object addresses
[2019-07-24T13:23:34.428-0300][129.426s][info][gc,phases      ] GC(46) Phase 2: Compute new object addresses 270.236ms
[2019-07-24T13:23:34.428-0300][129.426s][info][gc,phases,start] GC(46) Phase 3: Adjust pointers
[2019-07-24T13:23:35.393-0300][130.390s][info][gc,phases      ] GC(46) Phase 3: Adjust pointers 964.741ms
[2019-07-24T13:23:35.393-0300][130.390s][info][gc,phases,start] GC(46) Phase 4: Move objects
[2019-07-24T13:23:35.393-0300][130.390s][info][gc,phases      ] GC(46) Phase 4: Move objects 0.029ms
[2019-07-24T13:23:35.583-0300][130.580s][info][gc,heap        ] GC(46) ParNew: 157247K->157247K(157248K)
[2019-07-24T13:23:35.583-0300][130.580s][info][gc,heap        ] GC(46) CMS: 349567K->349567K(349568K)
[2019-07-24T13:23:35.583-0300][130.580s][info][gc,metaspace   ] GC(46) Metaspace: 13411K->13411K(1062912K)
[2019-07-24T13:23:35.583-0300][130.580s][info][gc             ] GC(46) Pause Full (Allocation Failure) 494M->494M(494M) 2760.575ms
[2019-07-24T13:23:35.583-0300][130.580s][info][gc,cpu         ] GC(46) User=2.70s Sys=0.03s Real=2.76s
[2019-07-24T13:23:41.382-0300][136.379s][info][gc,start       ] GC(47) Pause Full (Allocation Failure)
[2019-07-24T13:23:41.386-0300][136.383s][info][gc,phases,start] GC(47) Phase 1: Mark live objects
[2019-07-24T13:23:42.736-0300][137.733s][info][gc,phases      ] GC(47) Phase 1: Mark live objects 1349.740ms
[2019-07-24T13:23:42.736-0300][137.733s][info][gc,phases,start] GC(47) Phase 2: Compute new object addresses
[2019-07-24T13:23:42.993-0300][137.990s][info][gc,phases      ] GC(47) Phase 2: Compute new object addresses 256.720ms
[2019-07-24T13:23:42.993-0300][137.990s][info][gc,phases,start] GC(47) Phase 3: Adjust pointers
[2019-07-24T13:23:44.028-0300][139.025s][info][gc,phases      ] GC(47) Phase 3: Adjust pointers 1035.454ms
[2019-07-24T13:23:44.028-0300][139.025s][info][gc,phases,start] GC(47) Phase 4: Move objects
[2019-07-24T13:23:44.121-0300][139.118s][info][gc,phases      ] GC(47) Phase 4: Move objects 92.178ms
[2019-07-24T13:23:44.298-0300][139.295s][info][gc,heap        ] GC(47) ParNew: 157247K->157247K(157248K)
[2019-07-24T13:23:44.298-0300][139.295s][info][gc,heap        ] GC(47) CMS: 349567K->349566K(349568K)
[2019-07-24T13:23:44.298-0300][139.295s][info][gc,metaspace   ] GC(47) Metaspace: 13411K->13411K(1062912K)
[2019-07-24T13:23:44.298-0300][139.295s][info][gc             ] GC(47) Pause Full (Allocation Failure) 494M->494M(494M) 2916.279ms
[2019-07-24T13:23:44.298-0300][139.295s][info][gc,cpu         ] GC(47) User=2.86s Sys=0.03s Real=2.91s
[2019-07-24T13:23:44.299-0300][139.296s][info][gc,start       ] GC(48) Pause Full (Allocation Failure)
[2019-07-24T13:23:44.299-0300][139.296s][info][gc,phases,start] GC(48) Phase 1: Mark live objects
[2019-07-24T13:23:45.609-0300][140.606s][info][gc,phases      ] GC(48) Phase 1: Mark live objects 1309.952ms
[2019-07-24T13:23:45.609-0300][140.606s][info][gc,phases,start] GC(48) Phase 2: Compute new object addresses
[2019-07-24T13:23:45.880-0300][140.877s][info][gc,phases      ] GC(48) Phase 2: Compute new object addresses 271.147ms
[2019-07-24T13:23:45.880-0300][140.877s][info][gc,phases,start] GC(48) Phase 3: Adjust pointers
[2019-07-24T13:23:46.957-0300][141.954s][info][gc,phases      ] GC(48) Phase 3: Adjust pointers 1076.984ms
[2019-07-24T13:23:46.957-0300][141.954s][info][gc,phases,start] GC(48) Phase 4: Move objects
[2019-07-24T13:23:47.050-0300][142.047s][info][gc,phases      ] GC(48) Phase 4: Move objects 93.196ms
[2019-07-24T13:23:47.248-0300][142.245s][info][gc,heap        ] GC(48) ParNew: 157247K->157247K(157248K)
[2019-07-24T13:23:47.249-0300][142.245s][info][gc,heap        ] GC(48) CMS: 349568K->349562K(349568K)
[2019-07-24T13:23:47.249-0300][142.245s][info][gc,metaspace   ] GC(48) Metaspace: 13412K->13412K(1062912K)
[2019-07-24T13:23:47.249-0300][142.245s][info][gc             ] GC(48) Pause Full (Allocation Failure) 494M->494M(494M) 2949.910ms
[2019-07-24T13:23:47.249-0300][142.245s][info][gc,cpu         ] GC(48) User=2.89s Sys=0.03s Real=2.95s
[2019-07-24T13:23:47.249-0300][142.246s][info][gc,start       ] GC(50) Pause Full (Allocation Failure)
[2019-07-24T13:23:47.249-0300][142.246s][info][gc,phases,start] GC(50) Phase 1: Mark live objects
[2019-07-24T13:23:48.610-0300][143.607s][info][gc,phases      ] GC(50) Phase 1: Mark live objects 1360.805ms
[2019-07-24T13:23:48.610-0300][143.607s][info][gc,phases,start] GC(50) Phase 2: Compute new object addresses
[2019-07-24T13:23:48.865-0300][143.862s][info][gc,phases      ] GC(50) Phase 2: Compute new object addresses 255.307ms
[2019-07-24T13:23:48.866-0300][143.862s][info][gc,phases,start] GC(50) Phase 3: Adjust pointers
[2019-07-24T13:23:49.912-0300][144.909s][info][gc,phases      ] GC(50) Phase 3: Adjust pointers 1046.294ms
[2019-07-24T13:23:49.912-0300][144.909s][info][gc,phases,start] GC(50) Phase 4: Move objects
[2019-07-24T13:23:50.005-0300][145.001s][info][gc,phases      ] GC(50) Phase 4: Move objects 92.608ms
[2019-07-24T13:23:50.212-0300][145.208s][info][gc,heap        ] GC(50) ParNew: 157247K->157247K(157248K)
[2019-07-24T13:23:50.212-0300][145.208s][info][gc,heap        ] GC(50) CMS: 349568K->349565K(349568K)
[2019-07-24T13:23:50.212-0300][145.208s][info][gc,metaspace   ] GC(50) Metaspace: 13415K->13415K(1062912K)
[2019-07-24T13:23:50.212-0300][145.208s][info][gc             ] GC(50) Pause Full (Allocation Failure) 494M->494M(494M) 2962.540ms
[2019-07-24T13:23:50.212-0300][145.209s][info][gc,cpu         ] GC(50) User=2.92s Sys=0.03s Real=2.97s
[2019-07-24T13:23:50.212-0300][145.209s][info][gc,start       ] GC(49) Pause Initial Mark
[2019-07-24T13:23:50.519-0300][145.516s][info][gc             ] GC(49) Pause Initial Mark 494M->494M(494M) 307.334ms
[2019-07-24T13:23:50.519-0300][145.516s][info][gc,cpu         ] GC(49) User=0.32s Sys=0.00s Real=0.30s
[2019-07-24T13:23:50.519-0300][145.516s][info][gc             ] GC(49) Concurrent Mark
[2019-07-24T13:23:50.520-0300][145.517s][info][gc,start       ] GC(51) Pause Full (Allocation Failure)
[2019-07-24T13:23:51.018-0300][146.014s][info][gc             ] GC(49) Concurrent Mark 498.015ms
[2019-07-24T13:23:51.019-0300][146.016s][info][gc,cpu         ] GC(49) User=0.49s Sys=0.00s Real=0.50s
[2019-07-24T13:23:51.036-0300][146.033s][info][gc,phases,start] GC(51) Phase 1: Mark live objects
[2019-07-24T13:23:52.407-0300][147.404s][info][gc,phases      ] GC(51) Phase 1: Mark live objects 1371.064ms
[2019-07-24T13:23:52.407-0300][147.404s][info][gc,phases,start] GC(51) Phase 2: Compute new object addresses
[2019-07-24T13:23:52.676-0300][147.673s][info][gc,phases      ] GC(51) Phase 2: Compute new object addresses 269.157ms
[2019-07-24T13:23:52.676-0300][147.673s][info][gc,phases,start] GC(51) Phase 3: Adjust pointers
[2019-07-24T13:23:53.538-0300][148.534s][info][gc,phases      ] GC(51) Phase 3: Adjust pointers 861.152ms
[2019-07-24T13:23:53.538-0300][148.534s][info][gc,phases,start] GC(51) Phase 4: Move objects
[2019-07-24T13:23:53.538-0300][148.534s][info][gc,phases      ] GC(51) Phase 4: Move objects 0.036ms
[2019-07-24T13:23:53.721-0300][148.718s][info][gc,heap        ] GC(51) ParNew: 157247K->157247K(157248K)
[2019-07-24T13:23:53.721-0300][148.718s][info][gc,heap        ] GC(51) CMS: 349567K->349567K(349568K)
[2019-07-24T13:23:53.721-0300][148.718s][info][gc,metaspace   ] GC(51) Metaspace: 13415K->13415K(1062912K)
[2019-07-24T13:23:53.721-0300][148.718s][info][gc             ] GC(51) Pause Full (Allocation Failure) 494M->494M(494M) 3201.198ms
[2019-07-24T13:23:53.721-0300][148.718s][info][gc,cpu         ] GC(51) User=3.12s Sys=0.03s Real=3.20s
[2019-07-24T13:23:53.721-0300][148.718s][info][gc,start       ] GC(52) Pause Full (Allocation Failure)
[2019-07-24T13:23:53.721-0300][148.718s][info][gc,phases,start] GC(52) Phase 1: Mark live objects
[2019-07-24T13:23:55.062-0300][150.059s][info][gc,phases      ] GC(52) Phase 1: Mark live objects 1340.417ms
[2019-07-24T13:23:55.062-0300][150.059s][info][gc,phases,start] GC(52) Phase 2: Compute new object addresses
[2019-07-24T13:23:55.331-0300][150.328s][info][gc,phases      ] GC(52) Phase 2: Compute new object addresses 269.073ms
[2019-07-24T13:23:55.331-0300][150.328s][info][gc,phases,start] GC(52) Phase 3: Adjust pointers
[2019-07-24T13:23:56.229-0300][151.226s][info][gc,phases      ] GC(52) Phase 3: Adjust pointers 897.981ms
[2019-07-24T13:23:56.229-0300][151.226s][info][gc,phases,start] GC(52) Phase 4: Move objects
[2019-07-24T13:23:56.229-0300][151.226s][info][gc,phases      ] GC(52) Phase 4: Move objects 0.034ms
[2019-07-24T13:23:56.417-0300][151.413s][info][gc,heap        ] GC(52) ParNew: 157247K->157247K(157248K)
[2019-07-24T13:23:56.417-0300][151.413s][info][gc,heap        ] GC(52) CMS: 349567K->349567K(349568K)
[2019-07-24T13:23:56.417-0300][151.413s][info][gc,metaspace   ] GC(52) Metaspace: 13415K->13415K(1062912K)
[2019-07-24T13:23:56.417-0300][151.413s][info][gc             ] GC(52) Pause Full (Allocation Failure) 494M->494M(494M) 2695.401ms
[2019-07-24T13:23:56.417-0300][151.413s][info][gc,cpu         ] GC(52) User=2.65s Sys=0.03s Real=2.69s
[2019-07-24T13:23:56.417-0300][151.414s][info][gc,start       ] GC(54) Pause Full (Allocation Failure)
[2019-07-24T13:23:56.417-0300][151.414s][info][gc,phases,start] GC(54) Phase 1: Mark live objects
[2019-07-24T13:23:57.775-0300][152.772s][info][gc,phases      ] GC(54) Phase 1: Mark live objects 1358.227ms
[2019-07-24T13:23:57.776-0300][152.772s][info][gc,phases,start] GC(54) Phase 2: Compute new object addresses
[2019-07-24T13:23:58.041-0300][153.037s][info][gc,phases      ] GC(54) Phase 2: Compute new object addresses 265.075ms
[2019-07-24T13:23:58.041-0300][153.037s][info][gc,phases,start] GC(54) Phase 3: Adjust pointers
[2019-07-24T13:23:58.983-0300][153.979s][info][gc,phases      ] GC(54) Phase 3: Adjust pointers 941.902ms
[2019-07-24T13:23:58.983-0300][153.979s][info][gc,phases,start] GC(54) Phase 4: Move objects
[2019-07-24T13:23:58.983-0300][153.979s][info][gc,phases      ] GC(54) Phase 4: Move objects 0.025ms
[2019-07-24T13:23:59.157-0300][154.154s][info][gc,heap        ] GC(54) ParNew: 157247K->157247K(157248K)
[2019-07-24T13:23:59.157-0300][154.154s][info][gc,heap        ] GC(54) CMS: 349568K->349566K(349568K)
[2019-07-24T13:23:59.157-0300][154.154s][info][gc,metaspace   ] GC(54) Metaspace: 13416K->13416K(1062912K)
[2019-07-24T13:23:59.157-0300][154.154s][info][gc             ] GC(54) Pause Full (Allocation Failure) 494M->494M(494M) 2740.310ms
[2019-07-24T13:23:59.157-0300][154.154s][info][gc,cpu         ] GC(54) User=2.71s Sys=0.02s Real=2.74s
[2019-07-24T13:23:59.158-0300][154.154s][info][gc,start       ] GC(55) Pause Full (Allocation Failure)
[2019-07-24T13:23:59.158-0300][154.154s][info][gc,phases,start] GC(55) Phase 1: Mark live objects
[2019-07-24T13:24:00.488-0300][155.484s][info][gc,phases      ] GC(55) Phase 1: Mark live objects 1329.619ms
[2019-07-24T13:24:00.488-0300][155.484s][info][gc,phases,start] GC(55) Phase 2: Compute new object addresses
[2019-07-24T13:24:00.777-0300][155.774s][info][gc,phases      ] GC(55) Phase 2: Compute new object addresses 289.570ms
[2019-07-24T13:24:00.777-0300][155.774s][info][gc,phases,start] GC(55) Phase 3: Adjust pointers
[2019-07-24T13:24:01.673-0300][156.670s][info][gc,phases      ] GC(55) Phase 3: Adjust pointers 896.129ms
[2019-07-24T13:24:01.673-0300][156.670s][info][gc,phases,start] GC(55) Phase 4: Move objects
[2019-07-24T13:24:01.674-0300][156.670s][info][gc,phases      ] GC(55) Phase 4: Move objects 0.043ms
[2019-07-24T13:24:01.853-0300][156.850s][info][gc,heap        ] GC(55) ParNew: 157247K->157247K(157248K)
[2019-07-24T13:24:01.853-0300][156.850s][info][gc,heap        ] GC(55) CMS: 349566K->349566K(349568K)
[2019-07-24T13:24:01.853-0300][156.850s][info][gc,metaspace   ] GC(55) Metaspace: 13417K->13417K(1062912K)
[2019-07-24T13:24:01.853-0300][156.850s][info][gc             ] GC(55) Pause Full (Allocation Failure) 494M->494M(494M) 2695.377ms
[2019-07-24T13:24:01.853-0300][156.850s][info][gc,cpu         ] GC(55) User=2.63s Sys=0.03s Real=2.70s
[2019-07-24T13:24:01.853-0300][156.850s][info][gc,start       ] GC(56) Pause Full (Allocation Failure)
[2019-07-24T13:24:01.853-0300][156.850s][info][gc,phases,start] GC(56) Phase 1: Mark live objects
[2019-07-24T13:24:03.155-0300][158.152s][info][gc,phases      ] GC(56) Phase 1: Mark live objects 1301.668ms
[2019-07-24T13:24:03.155-0300][158.152s][info][gc,phases,start] GC(56) Phase 2: Compute new object addresses
[2019-07-24T13:24:03.423-0300][158.420s][info][gc,phases      ] GC(56) Phase 2: Compute new object addresses 268.184ms
[2019-07-24T13:24:03.423-0300][158.420s][info][gc,phases,start] GC(56) Phase 3: Adjust pointers
[2019-07-24T13:24:04.300-0300][159.296s][info][gc,phases      ] GC(56) Phase 3: Adjust pointers 876.097ms
[2019-07-24T13:24:04.300-0300][159.296s][info][gc,phases,start] GC(56) Phase 4: Move objects
[2019-07-24T13:24:04.300-0300][159.296s][info][gc,phases      ] GC(56) Phase 4: Move objects 0.023ms
[2019-07-24T13:24:04.479-0300][159.476s][info][gc,heap        ] GC(56) ParNew: 157247K->157247K(157248K)
[2019-07-24T13:24:04.479-0300][159.476s][info][gc,heap        ] GC(56) CMS: 349566K->349566K(349568K)
[2019-07-24T13:24:04.479-0300][159.476s][info][gc,metaspace   ] GC(56) Metaspace: 13417K->13417K(1062912K)
[2019-07-24T13:24:04.479-0300][159.476s][info][gc             ] GC(56) Pause Full (Allocation Failure) 494M->494M(494M) 2626.155ms
[2019-07-24T13:24:04.479-0300][159.476s][info][gc,cpu         ] GC(56) User=2.59s Sys=0.03s Real=2.62s
[2019-07-24T13:24:04.480-0300][159.476s][info][gc,start       ] GC(57) Pause Full (Allocation Failure)
[2019-07-24T13:24:04.480-0300][159.476s][info][gc,phases,start] GC(57) Phase 1: Mark live objects
[2019-07-24T13:24:05.776-0300][160.773s][info][gc,phases      ] GC(57) Phase 1: Mark live objects 1296.219ms
[2019-07-24T13:24:05.776-0300][160.773s][info][gc,phases,start] GC(57) Phase 2: Compute new object addresses
[2019-07-24T13:24:06.040-0300][161.037s][info][gc,phases      ] GC(57) Phase 2: Compute new object addresses 264.096ms
[2019-07-24T13:24:06.041-0300][161.037s][info][gc,phases,start] GC(57) Phase 3: Adjust pointers
[2019-07-24T13:24:07.021-0300][162.017s][info][gc,phases      ] GC(57) Phase 3: Adjust pointers 980.314ms
[2019-07-24T13:24:07.021-0300][162.017s][info][gc,phases,start] GC(57) Phase 4: Move objects
[2019-07-24T13:24:07.021-0300][162.017s][info][gc,phases      ] GC(57) Phase 4: Move objects 0.026ms
[2019-07-24T13:24:07.254-0300][162.250s][info][gc,heap        ] GC(57) ParNew: 157247K->157247K(157248K)
[2019-07-24T13:24:07.254-0300][162.250s][info][gc,heap        ] GC(57) CMS: 349567K->349564K(349568K)
[2019-07-24T13:24:07.254-0300][162.250s][info][gc,metaspace   ] GC(57) Metaspace: 13419K->13419K(1062912K)
[2019-07-24T13:24:07.254-0300][162.250s][info][gc             ] GC(57) Pause Full (Allocation Failure) 494M->494M(494M) 2773.922ms
[2019-07-24T13:24:07.254-0300][162.250s][info][gc,cpu         ] GC(57) User=2.70s Sys=0.04s Real=2.77s
[2019-07-24T13:24:07.254-0300][162.250s][info][gc,heap        ] GC(53) Old: 349568K->349564K(349568K)
[2019-07-24T13:24:07.254-0300][162.250s][info][gc,start       ] GC(58) Pause Full (Allocation Failure)
[2019-07-24T13:24:07.254-0300][162.251s][info][gc,phases,start] GC(58) Phase 1: Mark live objects
[2019-07-24T13:24:08.827-0300][163.823s][info][gc,phases      ] GC(58) Phase 1: Mark live objects 1572.319ms
[2019-07-24T13:24:08.827-0300][163.823s][info][gc,phases,start] GC(58) Phase 2: Compute new object addresses
[2019-07-24T13:24:09.119-0300][164.116s][info][gc,phases      ] GC(58) Phase 2: Compute new object addresses 292.405ms
[2019-07-24T13:24:09.120-0300][164.116s][info][gc,phases,start] GC(58) Phase 3: Adjust pointers
[2019-07-24T13:24:10.249-0300][165.246s][info][gc,phases      ] GC(58) Phase 3: Adjust pointers 1129.744ms
[2019-07-24T13:24:10.249-0300][165.246s][info][gc,phases,start] GC(58) Phase 4: Move objects
[2019-07-24T13:24:10.249-0300][165.246s][info][gc,phases      ] GC(58) Phase 4: Move objects 0.024ms
[2019-07-24T13:24:10.450-0300][165.446s][info][gc,heap        ] GC(58) ParNew: 157247K->157247K(157248K)
[2019-07-24T13:24:10.450-0300][165.446s][info][gc,heap        ] GC(58) CMS: 349564K->349564K(349568K)
[2019-07-24T13:24:10.450-0300][165.446s][info][gc,metaspace   ] GC(58) Metaspace: 13419K->13419K(1062912K)
[2019-07-24T13:24:10.450-0300][165.446s][info][gc             ] GC(58) Pause Full (Allocation Failure) 494M->494M(494M) 3195.921ms
[2019-07-24T13:24:10.450-0300][165.446s][info][gc,cpu         ] GC(58) User=3.04s Sys=0.04s Real=3.20s
[2019-07-24T13:24:10.450-0300][165.447s][info][gc,start       ] GC(59) Pause Full (Allocation Failure)
[2019-07-24T13:24:10.450-0300][165.447s][info][gc,phases,start] GC(59) Phase 1: Mark live objects
[2019-07-24T13:24:11.870-0300][166.866s][info][gc,phases      ] GC(59) Phase 1: Mark live objects 1419.632ms
[2019-07-24T13:24:11.870-0300][166.866s][info][gc,phases,start] GC(59) Phase 2: Compute new object addresses
[2019-07-24T13:24:12.140-0300][167.136s][info][gc,phases      ] GC(59) Phase 2: Compute new object addresses 269.531ms
[2019-07-24T13:24:12.140-0300][167.136s][info][gc,phases,start] GC(59) Phase 3: Adjust pointers
[2019-07-24T13:24:12.999-0300][167.995s][info][gc,phases      ] GC(59) Phase 3: Adjust pointers 858.966ms
[2019-07-24T13:24:12.999-0300][167.995s][info][gc,phases,start] GC(59) Phase 4: Move objects
[2019-07-24T13:24:12.999-0300][167.995s][info][gc,phases      ] GC(59) Phase 4: Move objects 0.027ms
[2019-07-24T13:24:13.170-0300][168.167s][info][gc,heap        ] GC(59) ParNew: 157247K->157247K(157248K)
[2019-07-24T13:24:13.171-0300][168.167s][info][gc,heap        ] GC(59) CMS: 349567K->349567K(349568K)
[2019-07-24T13:24:13.171-0300][168.167s][info][gc,metaspace   ] GC(59) Metaspace: 13420K->13420K(1062912K)
[2019-07-24T13:24:13.171-0300][168.167s][info][gc             ] GC(59) Pause Full (Allocation Failure) 494M->494M(494M) 2720.193ms
[2019-07-24T13:24:13.171-0300][168.167s][info][gc,cpu         ] GC(59) User=2.68s Sys=0.01s Real=2.72s
[2019-07-24T13:24:13.171-0300][168.167s][info][gc,start       ] GC(60) Pause Initial Mark
[2019-07-24T13:24:13.476-0300][168.472s][info][gc             ] GC(60) Pause Initial Mark 494M->494M(494M) 305.425ms
[2019-07-24T13:24:13.476-0300][168.472s][info][gc,cpu         ] GC(60) User=0.32s Sys=0.01s Real=0.30s
[2019-07-24T13:24:13.476-0300][168.472s][info][gc             ] GC(60) Concurrent Mark
[2019-07-24T13:24:13.477-0300][168.473s][info][gc,start       ] GC(61) Pause Full (Allocation Failure)
[2019-07-24T13:24:13.978-0300][168.974s][info][gc             ] GC(60) Concurrent Mark 501.310ms
[2019-07-24T13:24:13.978-0300][168.974s][info][gc,cpu         ] GC(60) User=0.50s Sys=0.00s Real=0.50s
[2019-07-24T13:24:13.978-0300][168.974s][info][gc,phases,start] GC(61) Phase 1: Mark live objects
[2019-07-24T13:24:15.298-0300][170.294s][info][gc,phases      ] GC(61) Phase 1: Mark live objects 1319.823ms
[2019-07-24T13:24:15.298-0300][170.294s][info][gc,phases,start] GC(61) Phase 2: Compute new object addresses
[2019-07-24T13:24:15.566-0300][170.562s][info][gc,phases      ] GC(61) Phase 2: Compute new object addresses 267.934ms
[2019-07-24T13:24:15.566-0300][170.562s][info][gc,phases,start] GC(61) Phase 3: Adjust pointers
[2019-07-24T13:24:16.452-0300][171.448s][info][gc,phases      ] GC(61) Phase 3: Adjust pointers 885.822ms
[2019-07-24T13:24:16.452-0300][171.448s][info][gc,phases,start] GC(61) Phase 4: Move objects
[2019-07-24T13:24:16.452-0300][171.448s][info][gc,phases      ] GC(61) Phase 4: Move objects 0.024ms
[2019-07-24T13:24:16.635-0300][171.631s][info][gc,heap        ] GC(61) ParNew: 157247K->157247K(157248K)
[2019-07-24T13:24:16.635-0300][171.631s][info][gc,heap        ] GC(61) CMS: 349567K->349567K(349568K)
[2019-07-24T13:24:16.635-0300][171.631s][info][gc,metaspace   ] GC(61) Metaspace: 13420K->13420K(1062912K)
[2019-07-24T13:24:16.635-0300][171.631s][info][gc             ] GC(61) Pause Full (Allocation Failure) 494M->494M(494M) 3158.706ms
[2019-07-24T13:24:16.635-0300][171.631s][info][gc,cpu         ] GC(61) User=3.12s Sys=0.02s Real=3.16s
[2019-07-24T13:24:16.635-0300][171.631s][info][gc,start       ] GC(62) Pause Full (Allocation Failure)
[2019-07-24T13:24:16.636-0300][171.632s][info][gc,phases,start] GC(62) Phase 1: Mark live objects
[2019-07-24T13:24:17.938-0300][172.934s][info][gc,phases      ] GC(62) Phase 1: Mark live objects 1302.826ms
[2019-07-24T13:24:17.939-0300][172.935s][info][gc,phases,start] GC(62) Phase 2: Compute new object addresses
[2019-07-24T13:24:18.209-0300][173.205s][info][gc,phases      ] GC(62) Phase 2: Compute new object addresses 270.038ms
[2019-07-24T13:24:18.209-0300][173.205s][info][gc,phases,start] GC(62) Phase 3: Adjust pointers
[2019-07-24T13:24:19.081-0300][174.077s][info][gc,phases      ] GC(62) Phase 3: Adjust pointers 872.316ms
[2019-07-24T13:24:19.081-0300][174.077s][info][gc,phases,start] GC(62) Phase 4: Move objects
[2019-07-24T13:24:19.081-0300][174.077s][info][gc,phases      ] GC(62) Phase 4: Move objects 0.024ms
[2019-07-24T13:24:19.253-0300][174.249s][info][gc,heap        ] GC(62) ParNew: 157247K->157247K(157248K)
[2019-07-24T13:24:19.253-0300][174.249s][info][gc,heap        ] GC(62) CMS: 349567K->349567K(349568K)
[2019-07-24T13:24:19.254-0300][174.249s][info][gc,metaspace   ] GC(62) Metaspace: 13420K->13420K(1062912K)
[2019-07-24T13:24:19.254-0300][174.249s][info][gc             ] GC(62) Pause Full (Allocation Failure) 494M->494M(494M) 2618.035ms
[2019-07-24T13:24:19.254-0300][174.250s][info][gc,cpu         ] GC(62) User=2.58s Sys=0.03s Real=2.62s
[2019-07-24T13:24:19.254-0300][174.250s][info][gc,start       ] GC(63) Pause Full (Allocation Failure)
[2019-07-24T13:24:19.254-0300][174.250s][info][gc,phases,start] GC(63) Phase 1: Mark live objects
[2019-07-24T13:24:20.571-0300][175.567s][info][gc,phases      ] GC(63) Phase 1: Mark live objects 1316.949ms
[2019-07-24T13:24:20.571-0300][175.567s][info][gc,phases,start] GC(63) Phase 2: Compute new object addresses
[2019-07-24T13:24:20.860-0300][175.856s][info][gc,phases      ] GC(63) Phase 2: Compute new object addresses 289.185ms
[2019-07-24T13:24:20.860-0300][175.856s][info][gc,phases,start] GC(63) Phase 3: Adjust pointers
[2019-07-24T13:24:21.838-0300][176.834s][info][gc,phases      ] GC(63) Phase 3: Adjust pointers 977.615ms
[2019-07-24T13:24:21.841-0300][176.837s][info][gc,phases,start] GC(63) Phase 4: Move objects
[2019-07-24T13:24:21.841-0300][176.837s][info][gc,phases      ] GC(63) Phase 4: Move objects 0.055ms
[2019-07-24T13:24:22.022-0300][177.018s][info][gc,heap        ] GC(63) ParNew: 157247K->157247K(157248K)
[2019-07-24T13:24:22.022-0300][177.018s][info][gc,heap        ] GC(63) CMS: 349567K->349567K(349568K)
[2019-07-24T13:24:22.022-0300][177.018s][info][gc,metaspace   ] GC(63) Metaspace: 13420K->13420K(1062912K)
[2019-07-24T13:24:22.022-0300][177.018s][info][gc             ] GC(63) Pause Full (Allocation Failure) 494M->494M(494M) 2768.112ms
[2019-07-24T13:24:22.022-0300][177.018s][info][gc,cpu         ] GC(63) User=2.67s Sys=0.02s Real=2.77s
[2019-07-24T13:24:22.022-0300][177.018s][info][gc,start       ] GC(65) Pause Full (Allocation Failure)
[2019-07-24T13:24:22.022-0300][177.018s][info][gc,phases,start] GC(65) Phase 1: Mark live objects
[2019-07-24T13:24:23.326-0300][178.322s][info][gc,phases      ] GC(65) Phase 1: Mark live objects 1303.675ms
[2019-07-24T13:24:23.326-0300][178.322s][info][gc,phases,start] GC(65) Phase 2: Compute new object addresses
[2019-07-24T13:24:23.591-0300][178.587s][info][gc,phases      ] GC(65) Phase 2: Compute new object addresses 264.845ms
[2019-07-24T13:24:23.591-0300][178.587s][info][gc,phases,start] GC(65) Phase 3: Adjust pointers
[2019-07-24T13:24:24.465-0300][179.461s][info][gc,phases      ] GC(65) Phase 3: Adjust pointers 874.298ms
[2019-07-24T13:24:24.465-0300][179.461s][info][gc,phases,start] GC(65) Phase 4: Move objects
[2019-07-24T13:24:24.465-0300][179.461s][info][gc,phases      ] GC(65) Phase 4: Move objects 0.031ms
[2019-07-24T13:24:24.659-0300][179.655s][info][gc,heap        ] GC(65) ParNew: 157247K->157247K(157248K)
[2019-07-24T13:24:24.659-0300][179.655s][info][gc,heap        ] GC(65) CMS: 349568K->349567K(349568K)
[2019-07-24T13:24:24.659-0300][179.655s][info][gc,metaspace   ] GC(65) Metaspace: 13420K->13420K(1062912K)
[2019-07-24T13:24:24.659-0300][179.655s][info][gc             ] GC(65) Pause Full (Allocation Failure) 494M->494M(494M) 2636.690ms
[2019-07-24T13:24:24.659-0300][179.655s][info][gc,cpu         ] GC(65) User=2.60s Sys=0.03s Real=2.63s
[2019-07-24T13:24:24.659-0300][179.655s][info][gc,start       ] GC(66) Pause Full (Allocation Failure)
[2019-07-24T13:24:24.659-0300][179.655s][info][gc,phases,start] GC(66) Phase 1: Mark live objects
[2019-07-24T13:24:25.971-0300][180.967s][info][gc,phases      ] GC(66) Phase 1: Mark live objects 1311.865ms
[2019-07-24T13:24:25.971-0300][180.967s][info][gc,phases,start] GC(66) Phase 2: Compute new object addresses
[2019-07-24T13:24:26.237-0300][181.233s][info][gc,phases      ] GC(66) Phase 2: Compute new object addresses 265.853ms
[2019-07-24T13:24:26.237-0300][181.233s][info][gc,phases,start] GC(66) Phase 3: Adjust pointers
[2019-07-24T13:24:27.107-0300][182.102s][info][gc,phases      ] GC(66) Phase 3: Adjust pointers 869.298ms
[2019-07-24T13:24:27.107-0300][182.102s][info][gc,phases,start] GC(66) Phase 4: Move objects
[2019-07-24T13:24:27.107-0300][182.102s][info][gc,phases      ] GC(66) Phase 4: Move objects 0.020ms
[2019-07-24T13:24:27.291-0300][182.286s][info][gc,heap        ] GC(66) ParNew: 157247K->157247K(157248K)
[2019-07-24T13:24:27.291-0300][182.287s][info][gc,heap        ] GC(66) CMS: 349568K->349568K(349568K)
[2019-07-24T13:24:27.291-0300][182.287s][info][gc,metaspace   ] GC(66) Metaspace: 13420K->13420K(1062912K)
[2019-07-24T13:24:27.291-0300][182.287s][info][gc             ] GC(66) Pause Full (Allocation Failure) 494M->494M(494M) 2631.700ms
[2019-07-24T13:24:27.291-0300][182.287s][info][gc,cpu         ] GC(66) User=2.60s Sys=0.03s Real=2.64s
[2019-07-24T13:24:27.291-0300][182.287s][info][gc,start       ] GC(67) Pause Full (Allocation Failure)
[2019-07-24T13:24:27.291-0300][182.287s][info][gc,phases,start] GC(67) Phase 1: Mark live objects
[2019-07-24T13:24:28.596-0300][183.591s][info][gc,phases      ] GC(67) Phase 1: Mark live objects 1304.429ms
[2019-07-24T13:24:28.596-0300][183.591s][info][gc,phases,start] GC(67) Phase 2: Compute new object addresses
[2019-07-24T13:24:28.868-0300][183.864s][info][gc,phases      ] GC(67) Phase 2: Compute new object addresses 272.186ms
[2019-07-24T13:24:28.868-0300][183.864s][info][gc,phases,start] GC(67) Phase 3: Adjust pointers
[2019-07-24T13:24:29.760-0300][184.756s][info][gc,phases      ] GC(67) Phase 3: Adjust pointers 892.249ms
[2019-07-24T13:24:29.760-0300][184.756s][info][gc,phases,start] GC(67) Phase 4: Move objects
[2019-07-24T13:24:29.760-0300][184.756s][info][gc,phases      ] GC(67) Phase 4: Move objects 0.029ms
[2019-07-24T13:24:29.945-0300][184.940s][info][gc,heap        ] GC(67) ParNew: 157247K->157247K(157248K)
[2019-07-24T13:24:29.945-0300][184.940s][info][gc,heap        ] GC(67) CMS: 349568K->349568K(349568K)
[2019-07-24T13:24:29.945-0300][184.940s][info][gc,metaspace   ] GC(67) Metaspace: 13420K->13420K(1062912K)
[2019-07-24T13:24:29.945-0300][184.941s][info][gc             ] GC(67) Pause Full (Allocation Failure) 494M->494M(494M) 2653.883ms
[2019-07-24T13:24:29.945-0300][184.941s][info][gc,cpu         ] GC(67) User=2.59s Sys=0.02s Real=2.65s
[2019-07-24T13:24:29.945-0300][184.941s][info][gc,start       ] GC(68) Pause Full (Allocation Failure)
[2019-07-24T13:24:29.945-0300][184.941s][info][gc,phases,start] GC(68) Phase 1: Mark live objects
[2019-07-24T13:24:31.260-0300][186.255s][info][gc,phases      ] GC(68) Phase 1: Mark live objects 1314.083ms
[2019-07-24T13:24:31.260-0300][186.255s][info][gc,phases,start] GC(68) Phase 2: Compute new object addresses
[2019-07-24T13:24:31.527-0300][186.523s][info][gc,phases      ] GC(68) Phase 2: Compute new object addresses 267.806ms
[2019-07-24T13:24:31.528-0300][186.523s][info][gc,phases,start] GC(68) Phase 3: Adjust pointers
[2019-07-24T13:24:32.436-0300][187.431s][info][gc,phases      ] GC(68) Phase 3: Adjust pointers 907.966ms
[2019-07-24T13:24:32.436-0300][187.431s][info][gc,phases,start] GC(68) Phase 4: Move objects
[2019-07-24T13:24:32.436-0300][187.431s][info][gc,phases      ] GC(68) Phase 4: Move objects 0.034ms
[2019-07-24T13:24:32.612-0300][187.607s][info][gc,heap        ] GC(68) ParNew: 157247K->157247K(157248K)
[2019-07-24T13:24:32.612-0300][187.607s][info][gc,heap        ] GC(68) CMS: 349568K->349567K(349568K)
[2019-07-24T13:24:32.612-0300][187.607s][info][gc,metaspace   ] GC(68) Metaspace: 13420K->13420K(1062912K)
[2019-07-24T13:24:32.612-0300][187.607s][info][gc             ] GC(68) Pause Full (Allocation Failure) 494M->494M(494M) 2666.423ms
[2019-07-24T13:24:32.612-0300][187.607s][info][gc,cpu         ] GC(68) User=2.61s Sys=0.03s Real=2.67s
[2019-07-24T13:24:32.612-0300][187.608s][info][gc,start       ] GC(69) Pause Full (Allocation Failure)
[2019-07-24T13:24:32.612-0300][187.608s][info][gc,phases,start] GC(69) Phase 1: Mark live objects
[2019-07-24T13:24:33.969-0300][188.964s][info][gc,phases      ] GC(69) Phase 1: Mark live objects 1356.735ms
[2019-07-24T13:24:33.969-0300][188.965s][info][gc,phases,start] GC(69) Phase 2: Compute new object addresses
[2019-07-24T13:24:34.237-0300][189.232s][info][gc,phases      ] GC(69) Phase 2: Compute new object addresses 267.572ms
[2019-07-24T13:24:34.237-0300][189.232s][info][gc,phases,start] GC(69) Phase 3: Adjust pointers
[2019-07-24T13:24:35.505-0300][190.501s][info][gc,phases      ] GC(69) Phase 3: Adjust pointers 1268.472ms
[2019-07-24T13:24:35.505-0300][190.501s][info][gc,phases,start] GC(69) Phase 4: Move objects
[2019-07-24T13:24:35.609-0300][190.604s][info][gc,phases      ] GC(69) Phase 4: Move objects 103.536ms
[2019-07-24T13:24:35.875-0300][190.871s][info][gc,heap        ] GC(69) ParNew: 157247K->157247K(157248K)
[2019-07-24T13:24:35.875-0300][190.871s][info][gc,heap        ] GC(69) CMS: 349568K->349565K(349568K)
[2019-07-24T13:24:35.875-0300][190.871s][info][gc,metaspace   ] GC(69) Metaspace: 13420K->13420K(1062912K)
[2019-07-24T13:24:35.875-0300][190.871s][info][gc             ] GC(69) Pause Full (Allocation Failure) 494M->494M(494M) 3263.253ms
[2019-07-24T13:24:35.875-0300][190.871s][info][gc,cpu         ] GC(69) User=3.10s Sys=0.04s Real=3.26s
[2019-07-24T13:24:35.876-0300][190.871s][info][gc,start       ] GC(64) Pause Initial Mark
[2019-07-24T13:24:36.274-0300][191.270s][info][gc             ] GC(64) Pause Initial Mark 494M->494M(494M) 398.750ms
[2019-07-24T13:24:36.274-0300][191.270s][info][gc,cpu         ] GC(64) User=0.39s Sys=0.00s Real=0.40s
[2019-07-24T13:24:36.275-0300][191.270s][info][gc             ] GC(64) Concurrent Mark
[2019-07-24T13:24:36.275-0300][191.270s][info][gc,start       ] GC(70) Pause Full (Allocation Failure)
[2019-07-24T13:24:36.843-0300][191.838s][info][gc             ] GC(64) Concurrent Mark 568.373ms
[2019-07-24T13:24:36.843-0300][191.838s][info][gc,cpu         ] GC(64) User=0.55s Sys=0.01s Real=0.57s
[2019-07-24T13:24:36.843-0300][191.839s][info][gc,phases,start] GC(70) Phase 1: Mark live objects
[2019-07-24T13:24:38.551-0300][193.547s][info][gc,phases      ] GC(70) Phase 1: Mark live objects 1708.351ms
[2019-07-24T13:24:38.552-0300][193.547s][info][gc,phases,start] GC(70) Phase 2: Compute new object addresses
[2019-07-24T13:24:38.867-0300][193.862s][info][gc,phases      ] GC(70) Phase 2: Compute new object addresses 315.320ms
[2019-07-24T13:24:38.867-0300][193.862s][info][gc,phases,start] GC(70) Phase 3: Adjust pointers
[2019-07-24T13:24:40.068-0300][195.064s][info][gc,phases      ] GC(70) Phase 3: Adjust pointers 1201.381ms
[2019-07-24T13:24:40.068-0300][195.064s][info][gc,phases,start] GC(70) Phase 4: Move objects
[2019-07-24T13:24:40.174-0300][195.169s][info][gc,phases      ] GC(70) Phase 4: Move objects 105.166ms
[2019-07-24T13:24:40.539-0300][195.534s][info][gc,heap        ] GC(70) ParNew: 157247K->157247K(157248K)
[2019-07-24T13:24:40.539-0300][195.534s][info][gc,heap        ] GC(70) CMS: 349567K->349549K(349568K)
[2019-07-24T13:24:40.539-0300][195.534s][info][gc,metaspace   ] GC(70) Metaspace: 13421K->13421K(1062912K)
[2019-07-24T13:24:40.539-0300][195.534s][info][gc             ] GC(70) Pause Full (Allocation Failure) 494M->494M(494M) 4264.010ms
[2019-07-24T13:24:40.539-0300][195.534s][info][gc,cpu         ] GC(70) User=4.00s Sys=0.06s Real=4.26s
[2019-07-24T13:24:40.541-0300][195.536s][info][gc,start       ] GC(71) Pause Full (Allocation Failure)
[2019-07-24T13:24:40.541-0300][195.536s][info][gc,phases,start] GC(71) Phase 1: Mark live objects
[2019-07-24T13:24:42.680-0300][197.675s][info][gc,phases      ] GC(71) Phase 1: Mark live objects 2138.789ms
[2019-07-24T13:24:42.680-0300][197.675s][info][gc,phases,start] GC(71) Phase 2: Compute new object addresses
[2019-07-24T13:24:43.025-0300][198.020s][info][gc,phases      ] GC(71) Phase 2: Compute new object addresses 345.159ms
[2019-07-24T13:24:43.025-0300][198.020s][info][gc,phases,start] GC(71) Phase 3: Adjust pointers
[2019-07-24T13:24:44.169-0300][199.164s][info][gc,phases      ] GC(71) Phase 3: Adjust pointers 1143.498ms
[2019-07-24T13:24:44.169-0300][199.164s][info][gc,phases,start] GC(71) Phase 4: Move objects
[2019-07-24T13:24:44.266-0300][199.262s][info][gc,phases      ] GC(71) Phase 4: Move objects 97.620ms
[2019-07-24T13:24:44.462-0300][199.458s][info][gc,heap        ] GC(71) ParNew: 157248K->157247K(157248K)
[2019-07-24T13:24:44.463-0300][199.458s][info][gc,heap        ] GC(71) CMS: 349567K->349546K(349568K)
[2019-07-24T13:24:44.463-0300][199.458s][info][gc,metaspace   ] GC(71) Metaspace: 13424K->13424K(1062912K)
[2019-07-24T13:24:44.463-0300][199.458s][info][gc             ] GC(71) Pause Full (Allocation Failure) 494M->494M(494M) 3921.788ms
[2019-07-24T13:24:44.463-0300][199.458s][info][gc,cpu         ] GC(71) User=3.33s Sys=0.05s Real=3.92s
[2019-07-24T13:24:44.463-0300][199.458s][info][gc,start       ] GC(72) Pause Initial Mark
[2019-07-24T13:24:44.767-0300][199.762s][info][gc             ] GC(72) Pause Initial Mark 494M->494M(494M) 304.223ms
[2019-07-24T13:24:44.767-0300][199.762s][info][gc,cpu         ] GC(72) User=0.31s Sys=0.00s Real=0.30s
[2019-07-24T13:24:44.767-0300][199.763s][info][gc             ] GC(72) Concurrent Mark
[2019-07-24T13:24:44.769-0300][199.764s][info][gc,start       ] GC(73) Pause Full (Allocation Failure)
[2019-07-24T13:24:45.289-0300][200.284s][info][gc             ] GC(72) Concurrent Mark 521.422ms
[2019-07-24T13:24:45.289-0300][200.284s][info][gc,cpu         ] GC(72) User=0.51s Sys=0.00s Real=0.52s
[2019-07-24T13:24:45.289-0300][200.284s][info][gc,phases,start] GC(73) Phase 1: Mark live objects
[2019-07-24T13:24:46.633-0300][201.628s][info][gc,phases      ] GC(73) Phase 1: Mark live objects 1343.516ms
[2019-07-24T13:24:46.633-0300][201.628s][info][gc,phases,start] GC(73) Phase 2: Compute new object addresses
[2019-07-24T13:24:46.890-0300][201.885s][info][gc,phases      ] GC(73) Phase 2: Compute new object addresses 257.516ms
[2019-07-24T13:24:46.890-0300][201.885s][info][gc,phases,start] GC(73) Phase 3: Adjust pointers
[2019-07-24T13:24:47.992-0300][202.987s][info][gc,phases      ] GC(73) Phase 3: Adjust pointers 1101.320ms
[2019-07-24T13:24:47.992-0300][202.987s][info][gc,phases,start] GC(73) Phase 4: Move objects
[2019-07-24T13:24:48.120-0300][203.115s][info][gc,phases      ] GC(73) Phase 4: Move objects 127.942ms
[2019-07-24T13:24:48.334-0300][203.329s][info][gc,heap        ] GC(73) ParNew: 157248K->157246K(157248K)
[2019-07-24T13:24:48.334-0300][203.329s][info][gc,heap        ] GC(73) CMS: 349567K->349558K(349568K)
[2019-07-24T13:24:48.334-0300][203.329s][info][gc,metaspace   ] GC(73) Metaspace: 13430K->13430K(1062912K)
[2019-07-24T13:24:48.334-0300][203.329s][info][gc             ] GC(73) Pause Full (Allocation Failure) 494M->494M(494M) 3565.075ms
[2019-07-24T13:24:48.334-0300][203.329s][info][gc,cpu         ] GC(73) User=3.48s Sys=0.03s Real=3.57s
[2019-07-24T13:24:48.335-0300][203.330s][info][gc,start       ] GC(74) Pause Full (Allocation Failure)
[2019-07-24T13:24:48.336-0300][203.331s][info][gc,phases,start] GC(74) Phase 1: Mark live objects
[2019-07-24T13:24:49.906-0300][204.901s][info][gc,phases      ] GC(74) Phase 1: Mark live objects 1570.373ms
[2019-07-24T13:24:49.906-0300][204.901s][info][gc,phases,start] GC(74) Phase 2: Compute new object addresses
[2019-07-24T13:24:50.225-0300][205.220s][info][gc,phases      ] GC(74) Phase 2: Compute new object addresses 318.912ms
[2019-07-24T13:24:50.225-0300][205.220s][info][gc,phases,start] GC(74) Phase 3: Adjust pointers
[2019-07-24T13:24:51.257-0300][206.252s][info][gc,phases      ] GC(74) Phase 3: Adjust pointers 1032.227ms
[2019-07-24T13:24:51.257-0300][206.253s][info][gc,phases,start] GC(74) Phase 4: Move objects
[2019-07-24T13:24:51.258-0300][206.253s][info][gc,phases      ] GC(74) Phase 4: Move objects 0.038ms
[2019-07-24T13:24:51.453-0300][206.448s][info][gc,heap        ] GC(74) ParNew: 157247K->157247K(157248K)
[2019-07-24T13:24:51.453-0300][206.448s][info][gc,heap        ] GC(74) CMS: 349567K->349566K(349568K)
[2019-07-24T13:24:51.453-0300][206.448s][info][gc,metaspace   ] GC(74) Metaspace: 13431K->13431K(1062912K)
[2019-07-24T13:24:51.453-0300][206.448s][info][gc             ] GC(74) Pause Full (Allocation Failure) 494M->494M(494M) 3118.344ms
[2019-07-24T13:24:51.453-0300][206.448s][info][gc,cpu         ] GC(74) User=2.91s Sys=0.03s Real=3.12s
[2019-07-24T13:24:51.454-0300][206.449s][info][gc,start       ] GC(75) Pause Initial Mark
[2019-07-24T13:24:51.758-0300][206.753s][info][gc             ] GC(75) Pause Initial Mark 494M->494M(494M) 304.260ms
[2019-07-24T13:24:51.758-0300][206.753s][info][gc,cpu         ] GC(75) User=0.32s Sys=0.00s Real=0.30s
[2019-07-24T13:24:51.758-0300][206.753s][info][gc             ] GC(75) Concurrent Mark
[2019-07-24T13:24:51.758-0300][206.753s][info][gc,start       ] GC(76) Pause Full (Allocation Failure)
[2019-07-24T13:24:52.261-0300][207.256s][info][gc             ] GC(75) Concurrent Mark 503.243ms
[2019-07-24T13:24:52.261-0300][207.256s][info][gc,cpu         ] GC(75) User=0.49s Sys=0.01s Real=0.51s
[2019-07-24T13:24:52.262-0300][207.256s][info][gc,phases,start] GC(76) Phase 1: Mark live objects
[2019-07-24T13:24:53.607-0300][208.602s][info][gc,phases      ] GC(76) Phase 1: Mark live objects 1345.477ms
[2019-07-24T13:24:53.607-0300][208.602s][info][gc,phases,start] GC(76) Phase 2: Compute new object addresses
[2019-07-24T13:24:53.877-0300][208.872s][info][gc,phases      ] GC(76) Phase 2: Compute new object addresses 270.021ms
[2019-07-24T13:24:53.877-0300][208.872s][info][gc,phases,start] GC(76) Phase 3: Adjust pointers
[2019-07-24T13:24:55.486-0300][210.481s][info][gc,phases      ] GC(76) Phase 3: Adjust pointers 1608.775ms
[2019-07-24T13:24:55.486-0300][210.481s][info][gc,phases,start] GC(76) Phase 4: Move objects
[2019-07-24T13:24:55.486-0300][210.481s][info][gc,phases      ] GC(76) Phase 4: Move objects 0.064ms
[2019-07-24T13:24:55.666-0300][210.661s][info][gc,heap        ] GC(76) ParNew: 157247K->157247K(157248K)
[2019-07-24T13:24:55.666-0300][210.661s][info][gc,heap        ] GC(76) CMS: 349567K->349566K(349568K)
[2019-07-24T13:24:55.666-0300][210.661s][info][gc,metaspace   ] GC(76) Metaspace: 13431K->13431K(1062912K)
[2019-07-24T13:24:55.666-0300][210.661s][info][gc             ] GC(76) Pause Full (Allocation Failure) 494M->494M(494M) 3907.633ms
[2019-07-24T13:24:55.666-0300][210.661s][info][gc,cpu         ] GC(76) User=3.46s Sys=0.04s Real=3.91s
[2019-07-24T13:24:55.666-0300][210.661s][info][gc,start       ] GC(77) Pause Full (Allocation Failure)
[2019-07-24T13:24:55.667-0300][210.662s][info][gc,phases,start] GC(77) Phase 1: Mark live objects
[2019-07-24T13:24:57.120-0300][212.115s][info][gc,phases      ] GC(77) Phase 1: Mark live objects 1453.345ms
[2019-07-24T13:24:57.120-0300][212.115s][info][gc,phases,start] GC(77) Phase 2: Compute new object addresses
[2019-07-24T13:24:57.405-0300][212.400s][info][gc,phases      ] GC(77) Phase 2: Compute new object addresses 285.261ms
[2019-07-24T13:24:57.405-0300][212.400s][info][gc,phases,start] GC(77) Phase 3: Adjust pointers
[2019-07-24T13:24:58.284-0300][213.279s][info][gc,phases      ] GC(77) Phase 3: Adjust pointers 878.378ms
[2019-07-24T13:24:58.284-0300][213.279s][info][gc,phases,start] GC(77) Phase 4: Move objects
[2019-07-24T13:24:58.284-0300][213.279s][info][gc,phases      ] GC(77) Phase 4: Move objects 0.169ms
[2019-07-24T13:24:58.463-0300][213.458s][info][gc,heap        ] GC(77) ParNew: 157247K->157247K(157248K)
[2019-07-24T13:24:58.463-0300][213.458s][info][gc,heap        ] GC(77) CMS: 349567K->349567K(349568K)
[2019-07-24T13:24:58.463-0300][213.458s][info][gc,metaspace   ] GC(77) Metaspace: 13431K->13431K(1062912K)
[2019-07-24T13:24:58.463-0300][213.458s][info][gc             ] GC(77) Pause Full (Allocation Failure) 494M->494M(494M) 2796.887ms
[2019-07-24T13:24:58.463-0300][213.458s][info][gc,cpu         ] GC(77) User=2.73s Sys=0.02s Real=2.80s
[2019-07-24T13:24:58.464-0300][213.458s][info][gc,start       ] GC(79) Pause Full (Allocation Failure)
[2019-07-24T13:24:58.464-0300][213.459s][info][gc,phases,start] GC(79) Phase 1: Mark live objects
[2019-07-24T13:24:59.805-0300][214.800s][info][gc,phases      ] GC(79) Phase 1: Mark live objects 1341.128ms
[2019-07-24T13:24:59.805-0300][214.800s][info][gc,phases,start] GC(79) Phase 2: Compute new object addresses
[2019-07-24T13:25:00.083-0300][215.077s][info][gc,phases      ] GC(79) Phase 2: Compute new object addresses 277.485ms
[2019-07-24T13:25:00.083-0300][215.077s][info][gc,phases,start] GC(79) Phase 3: Adjust pointers
[2019-07-24T13:25:00.986-0300][215.981s][info][gc,phases      ] GC(79) Phase 3: Adjust pointers 903.495ms
[2019-07-24T13:25:00.986-0300][215.981s][info][gc,phases,start] GC(79) Phase 4: Move objects
[2019-07-24T13:25:00.986-0300][215.981s][info][gc,phases      ] GC(79) Phase 4: Move objects 0.029ms
[2019-07-24T13:25:01.185-0300][216.180s][info][gc,heap        ] GC(79) ParNew: 157248K->157247K(157248K)
[2019-07-24T13:25:01.185-0300][216.180s][info][gc,heap        ] GC(79) CMS: 349567K->349567K(349568K)
[2019-07-24T13:25:01.185-0300][216.180s][info][gc,metaspace   ] GC(79) Metaspace: 13431K->13431K(1062912K)
[2019-07-24T13:25:01.185-0300][216.180s][info][gc             ] GC(79) Pause Full (Allocation Failure) 494M->494M(494M) 2721.472ms
[2019-07-24T13:25:01.185-0300][216.180s][info][gc,cpu         ] GC(79) User=2.68s Sys=0.02s Real=2.72s
[2019-07-24T13:25:01.185-0300][216.180s][info][gc,start       ] GC(80) Pause Full (Allocation Failure)
[2019-07-24T13:25:01.185-0300][216.180s][info][gc,phases,start] GC(80) Phase 1: Mark live objects
[2019-07-24T13:25:02.589-0300][217.584s][info][gc,phases      ] GC(80) Phase 1: Mark live objects 1403.570ms
[2019-07-24T13:25:02.589-0300][217.584s][info][gc,phases,start] GC(80) Phase 2: Compute new object addresses
[2019-07-24T13:25:02.864-0300][217.858s][info][gc,phases      ] GC(80) Phase 2: Compute new object addresses 274.585ms
[2019-07-24T13:25:02.864-0300][217.858s][info][gc,phases,start] GC(80) Phase 3: Adjust pointers
[2019-07-24T13:25:03.765-0300][218.760s][info][gc,phases      ] GC(80) Phase 3: Adjust pointers 901.516ms
[2019-07-24T13:25:03.765-0300][218.760s][info][gc,phases,start] GC(80) Phase 4: Move objects
[2019-07-24T13:25:03.765-0300][218.760s][info][gc,phases      ] GC(80) Phase 4: Move objects 0.029ms
[2019-07-24T13:25:03.943-0300][218.937s][info][gc,heap        ] GC(80) ParNew: 157247K->157247K(157248K)
[2019-07-24T13:25:03.943-0300][218.937s][info][gc,heap        ] GC(80) CMS: 349567K->349567K(349568K)
[2019-07-24T13:25:03.943-0300][218.937s][info][gc,metaspace   ] GC(80) Metaspace: 13431K->13431K(1062912K)
[2019-07-24T13:25:03.943-0300][218.937s][info][gc             ] GC(80) Pause Full (Allocation Failure) 494M->494M(494M) 2757.455ms
[2019-07-24T13:25:03.943-0300][218.937s][info][gc,cpu         ] GC(80) User=2.69s Sys=0.03s Real=2.76s
[2019-07-24T13:25:03.943-0300][218.938s][info][gc,start       ] GC(78) Pause Initial Mark
[2019-07-24T13:25:04.239-0300][219.234s][info][gc             ] GC(78) Pause Initial Mark 494M->494M(494M) 296.149ms
[2019-07-24T13:25:04.239-0300][219.234s][info][gc,cpu         ] GC(78) User=0.31s Sys=0.00s Real=0.29s
[2019-07-24T13:25:04.239-0300][219.234s][info][gc             ] GC(78) Concurrent Mark
[2019-07-24T13:25:04.240-0300][219.235s][info][gc,start       ] GC(81) Pause Full (Allocation Failure)
[2019-07-24T13:25:04.740-0300][219.735s][info][gc             ] GC(78) Concurrent Mark 500.995ms
[2019-07-24T13:25:04.741-0300][219.735s][info][gc,cpu         ] GC(78) User=0.50s Sys=0.00s Real=0.51s
[2019-07-24T13:25:04.741-0300][219.735s][info][gc,phases,start] GC(81) Phase 1: Mark live objects
[2019-07-24T13:25:06.112-0300][221.106s][info][gc,phases      ] GC(81) Phase 1: Mark live objects 1371.021ms
[2019-07-24T13:25:06.112-0300][221.106s][info][gc,phases,start] GC(81) Phase 2: Compute new object addresses
[2019-07-24T13:25:06.371-0300][221.366s][info][gc,phases      ] GC(81) Phase 2: Compute new object addresses 259.592ms
[2019-07-24T13:25:06.371-0300][221.366s][info][gc,phases,start] GC(81) Phase 3: Adjust pointers
[2019-07-24T13:25:07.419-0300][222.413s][info][gc,phases      ] GC(81) Phase 3: Adjust pointers 1047.247ms
[2019-07-24T13:25:07.419-0300][222.413s][info][gc,phases,start] GC(81) Phase 4: Move objects
[2019-07-24T13:25:07.515-0300][222.509s][info][gc,phases      ] GC(81) Phase 4: Move objects 95.904ms
[2019-07-24T13:25:07.689-0300][222.683s][info][gc,heap        ] GC(81) ParNew: 157247K->157247K(157248K)
[2019-07-24T13:25:07.689-0300][222.683s][info][gc,heap        ] GC(81) CMS: 349567K->349562K(349568K)
[2019-07-24T13:25:07.689-0300][222.683s][info][gc,metaspace   ] GC(81) Metaspace: 13432K->13432K(1062912K)
[2019-07-24T13:25:07.689-0300][222.683s][info][gc             ] GC(81) Pause Full (Allocation Failure) 494M->494M(494M) 3448.836ms
[2019-07-24T13:25:07.689-0300][222.683s][info][gc,cpu         ] GC(81) User=3.39s Sys=0.03s Real=3.44s
[2019-07-24T13:25:07.689-0300][222.684s][info][gc,start       ] GC(82) Pause Full (Allocation Failure)
[2019-07-24T13:25:07.690-0300][222.684s][info][gc,phases,start] GC(82) Phase 1: Mark live objects
[2019-07-24T13:25:09.003-0300][223.998s][info][gc,phases      ] GC(82) Phase 1: Mark live objects 1313.745ms
[2019-07-24T13:25:09.003-0300][223.998s][info][gc,phases,start] GC(82) Phase 2: Compute new object addresses
[2019-07-24T13:25:09.261-0300][224.255s][info][gc,phases      ] GC(82) Phase 2: Compute new object addresses 257.546ms
[2019-07-24T13:25:09.261-0300][224.256s][info][gc,phases,start] GC(82) Phase 3: Adjust pointers
[2019-07-24T13:25:10.391-0300][225.386s][info][gc,phases      ] GC(82) Phase 3: Adjust pointers 1130.383ms
[2019-07-24T13:25:10.392-0300][225.386s][info][gc,phases,start] GC(82) Phase 4: Move objects
[2019-07-24T13:25:10.532-0300][225.526s][info][gc,phases      ] GC(82) Phase 4: Move objects 140.359ms
[2019-07-24T13:25:10.803-0300][225.797s][info][gc,heap        ] GC(82) ParNew: 157247K->157247K(157248K)
[2019-07-24T13:25:10.803-0300][225.797s][info][gc,heap        ] GC(82) CMS: 349567K->349567K(349568K)
[2019-07-24T13:25:10.803-0300][225.797s][info][gc,metaspace   ] GC(82) Metaspace: 13432K->13432K(1062912K)
[2019-07-24T13:25:10.803-0300][225.797s][info][gc             ] GC(82) Pause Full (Allocation Failure) 494M->494M(494M) 3113.255ms
[2019-07-24T13:25:10.803-0300][225.797s][info][gc,cpu         ] GC(82) User=2.98s Sys=0.03s Real=3.12s
[2019-07-24T13:25:10.803-0300][225.797s][info][gc,start       ] GC(83) Pause Initial Mark
[2019-07-24T13:25:11.398-0300][226.392s][info][gc             ] GC(83) Pause Initial Mark 494M->494M(494M) 594.866ms
[2019-07-24T13:25:11.398-0300][226.392s][info][gc,cpu         ] GC(83) User=0.43s Sys=0.01s Real=0.59s
[2019-07-24T13:25:11.398-0300][226.392s][info][gc             ] GC(83) Concurrent Mark
[2019-07-24T13:25:11.398-0300][226.393s][info][gc,start       ] GC(84) Pause Full (Allocation Failure)
[2019-07-24T13:25:11.904-0300][226.899s][info][gc             ] GC(83) Concurrent Mark 506.306ms
[2019-07-24T13:25:11.904-0300][226.899s][info][gc,cpu         ] GC(83) User=0.50s Sys=0.00s Real=0.51s
[2019-07-24T13:25:11.904-0300][226.899s][info][gc,phases,start] GC(84) Phase 1: Mark live objects
[2019-07-24T13:25:13.310-0300][228.305s][info][gc,phases      ] GC(84) Phase 1: Mark live objects 1405.704ms
[2019-07-24T13:25:13.310-0300][228.305s][info][gc,phases,start] GC(84) Phase 2: Compute new object addresses
[2019-07-24T13:25:13.630-0300][228.625s][info][gc,phases      ] GC(84) Phase 2: Compute new object addresses 320.126ms
[2019-07-24T13:25:13.631-0300][228.625s][info][gc,phases,start] GC(84) Phase 3: Adjust pointers
[2019-07-24T13:25:14.565-0300][229.560s][info][gc,phases      ] GC(84) Phase 3: Adjust pointers 934.696ms
[2019-07-24T13:25:14.565-0300][229.560s][info][gc,phases,start] GC(84) Phase 4: Move objects
[2019-07-24T13:25:14.565-0300][229.560s][info][gc,phases      ] GC(84) Phase 4: Move objects 0.034ms
[2019-07-24T13:25:14.752-0300][229.747s][info][gc,heap        ] GC(84) ParNew: 157248K->157247K(157248K)
[2019-07-24T13:25:14.752-0300][229.747s][info][gc,heap        ] GC(84) CMS: 349567K->349567K(349568K)
[2019-07-24T13:25:14.752-0300][229.747s][info][gc,metaspace   ] GC(84) Metaspace: 13432K->13432K(1062912K)
[2019-07-24T13:25:14.752-0300][229.747s][info][gc             ] GC(84) Pause Full (Allocation Failure) 494M->494M(494M) 3354.191ms
[2019-07-24T13:25:14.752-0300][229.747s][info][gc,cpu         ] GC(84) User=3.24s Sys=0.03s Real=3.36s
[2019-07-24T13:25:14.753-0300][229.747s][info][gc,start       ] GC(85) Pause Full (Allocation Failure)
[2019-07-24T13:25:14.753-0300][229.747s][info][gc,phases,start] GC(85) Phase 1: Mark live objects
[2019-07-24T13:25:16.097-0300][231.091s][info][gc,phases      ] GC(85) Phase 1: Mark live objects 1343.800ms
[2019-07-24T13:25:16.097-0300][231.091s][info][gc,phases,start] GC(85) Phase 2: Compute new object addresses
[2019-07-24T13:25:16.371-0300][231.365s][info][gc,phases      ] GC(85) Phase 2: Compute new object addresses 274.232ms
[2019-07-24T13:25:16.371-0300][231.365s][info][gc,phases,start] GC(85) Phase 3: Adjust pointers
[2019-07-24T13:25:17.290-0300][232.284s][info][gc,phases      ] GC(85) Phase 3: Adjust pointers 918.827ms
[2019-07-24T13:25:17.290-0300][232.284s][info][gc,phases,start] GC(85) Phase 4: Move objects
[2019-07-24T13:25:17.290-0300][232.284s][info][gc,phases      ] GC(85) Phase 4: Move objects 0.028ms
[2019-07-24T13:25:17.467-0300][232.461s][info][gc,heap        ] GC(85) ParNew: 157248K->157247K(157248K)
[2019-07-24T13:25:17.467-0300][232.461s][info][gc,heap        ] GC(85) CMS: 349567K->349567K(349568K)
[2019-07-24T13:25:17.467-0300][232.461s][info][gc,metaspace   ] GC(85) Metaspace: 13432K->13432K(1062912K)
[2019-07-24T13:25:17.467-0300][232.461s][info][gc             ] GC(85) Pause Full (Allocation Failure) 494M->494M(494M) 2714.231ms
[2019-07-24T13:25:17.467-0300][232.461s][info][gc,cpu         ] GC(85) User=2.66s Sys=0.02s Real=2.71s
[2019-07-24T13:25:17.467-0300][232.461s][info][gc,start       ] GC(86) Pause Full (Allocation Failure)
[2019-07-24T13:25:17.467-0300][232.462s][info][gc,phases,start] GC(86) Phase 1: Mark live objects
[2019-07-24T13:25:18.795-0300][233.789s][info][gc,phases      ] GC(86) Phase 1: Mark live objects 1327.649ms
[2019-07-24T13:25:18.795-0300][233.789s][info][gc,phases,start] GC(86) Phase 2: Compute new object addresses
[2019-07-24T13:25:19.069-0300][234.063s][info][gc,phases      ] GC(86) Phase 2: Compute new object addresses 273.494ms
[2019-07-24T13:25:19.069-0300][234.063s][info][gc,phases,start] GC(86) Phase 3: Adjust pointers
[2019-07-24T13:25:19.970-0300][234.964s][info][gc,phases      ] GC(86) Phase 3: Adjust pointers 901.071ms
[2019-07-24T13:25:19.970-0300][234.964s][info][gc,phases,start] GC(86) Phase 4: Move objects
[2019-07-24T13:25:19.970-0300][234.964s][info][gc,phases      ] GC(86) Phase 4: Move objects 0.021ms
[2019-07-24T13:25:20.156-0300][235.150s][info][gc,heap        ] GC(86) ParNew: 157248K->157248K(157248K)
[2019-07-24T13:25:20.156-0300][235.150s][info][gc,heap        ] GC(86) CMS: 349567K->349567K(349568K)
[2019-07-24T13:25:20.156-0300][235.150s][info][gc,metaspace   ] GC(86) Metaspace: 13432K->13432K(1062912K)
[2019-07-24T13:25:20.156-0300][235.150s][info][gc             ] GC(86) Pause Full (Allocation Failure) 494M->494M(494M) 2688.763ms
[2019-07-24T13:25:20.156-0300][235.150s][info][gc,cpu         ] GC(86) User=2.63s Sys=0.02s Real=2.69s
[2019-07-24T13:25:20.156-0300][235.150s][info][gc,start       ] GC(87) Pause Full (Allocation Failure)
[2019-07-24T13:25:20.156-0300][235.150s][info][gc,phases,start] GC(87) Phase 1: Mark live objects
[2019-07-24T13:25:21.558-0300][236.552s][info][gc,phases      ] GC(87) Phase 1: Mark live objects 1401.269ms
[2019-07-24T13:25:21.561-0300][236.555s][info][gc,phases,start] GC(87) Phase 2: Compute new object addresses
[2019-07-24T13:25:21.842-0300][236.836s][info][gc,phases      ] GC(87) Phase 2: Compute new object addresses 280.783ms
[2019-07-24T13:25:21.842-0300][236.836s][info][gc,phases,start] GC(87) Phase 3: Adjust pointers
[2019-07-24T13:25:22.754-0300][237.748s][info][gc,phases      ] GC(87) Phase 3: Adjust pointers 911.751ms
[2019-07-24T13:25:22.754-0300][237.748s][info][gc,phases,start] GC(87) Phase 4: Move objects
[2019-07-24T13:25:22.754-0300][237.748s][info][gc,phases      ] GC(87) Phase 4: Move objects 0.021ms
[2019-07-24T13:25:22.937-0300][237.931s][info][gc,heap        ] GC(87) ParNew: 157248K->157248K(157248K)
[2019-07-24T13:25:22.937-0300][237.931s][info][gc,heap        ] GC(87) CMS: 349567K->349567K(349568K)
[2019-07-24T13:25:22.937-0300][237.931s][info][gc,metaspace   ] GC(87) Metaspace: 13432K->13432K(1062912K)
[2019-07-24T13:25:22.937-0300][237.931s][info][gc             ] GC(87) Pause Full (Allocation Failure) 494M->494M(494M) 2780.768ms
[2019-07-24T13:25:22.937-0300][237.931s][info][gc,cpu         ] GC(87) User=2.68s Sys=0.03s Real=2.78s
[2019-07-24T13:25:22.937-0300][237.931s][info][gc,start       ] GC(88) Pause Initial Mark
[2019-07-24T13:25:23.258-0300][238.252s][info][gc             ] GC(88) Pause Initial Mark 494M->494M(494M) 320.510ms
[2019-07-24T13:25:23.258-0300][238.252s][info][gc,cpu         ] GC(88) User=0.33s Sys=0.00s Real=0.32s
[2019-07-24T13:25:23.258-0300][238.252s][info][gc             ] GC(88) Concurrent Mark
[2019-07-24T13:25:23.261-0300][238.255s][info][gc,start       ] GC(89) Pause Full (Allocation Failure)
[2019-07-24T13:25:23.763-0300][238.757s][info][gc             ] GC(88) Concurrent Mark 505.330ms
[2019-07-24T13:25:23.763-0300][238.757s][info][gc,cpu         ] GC(88) User=0.49s Sys=0.01s Real=0.51s
[2019-07-24T13:25:23.763-0300][238.757s][info][gc,phases,start] GC(89) Phase 1: Mark live objects
[2019-07-24T13:25:25.084-0300][240.078s][info][gc,phases      ] GC(89) Phase 1: Mark live objects 1320.068ms
[2019-07-24T13:25:25.084-0300][240.078s][info][gc,phases,start] GC(89) Phase 2: Compute new object addresses
[2019-07-24T13:25:25.343-0300][240.337s][info][gc,phases      ] GC(89) Phase 2: Compute new object addresses 258.917ms
[2019-07-24T13:25:25.343-0300][240.337s][info][gc,phases,start] GC(89) Phase 3: Adjust pointers
[2019-07-24T13:25:26.391-0300][241.385s][info][gc,phases      ] GC(89) Phase 3: Adjust pointers 1048.506ms
[2019-07-24T13:25:26.391-0300][241.385s][info][gc,phases,start] GC(89) Phase 4: Move objects
[2019-07-24T13:25:26.488-0300][241.482s][info][gc,phases      ] GC(89) Phase 4: Move objects 96.630ms
[2019-07-24T13:25:26.677-0300][241.671s][info][gc,heap        ] GC(89) ParNew: 157248K->157247K(157248K)
[2019-07-24T13:25:26.677-0300][241.671s][info][gc,heap        ] GC(89) CMS: 349567K->349567K(349568K)
[2019-07-24T13:25:26.677-0300][241.671s][info][gc,metaspace   ] GC(89) Metaspace: 13432K->13432K(1062912K)
[2019-07-24T13:25:26.677-0300][241.671s][info][gc             ] GC(89) Pause Full (Allocation Failure) 494M->494M(494M) 3416.156ms
[2019-07-24T13:25:26.677-0300][241.671s][info][gc,cpu         ] GC(89) User=3.36s Sys=0.03s Real=3.41s
[2019-07-24T13:25:26.677-0300][241.671s][info][gc,start       ] GC(90) Pause Full (Allocation Failure)
[2019-07-24T13:25:26.677-0300][241.671s][info][gc,phases,start] GC(90) Phase 1: Mark live objects
[2019-07-24T13:25:28.080-0300][243.074s][info][gc,phases      ] GC(90) Phase 1: Mark live objects 1402.894ms
[2019-07-24T13:25:28.080-0300][243.074s][info][gc,phases,start] GC(90) Phase 2: Compute new object addresses
[2019-07-24T13:25:28.350-0300][243.344s][info][gc,phases      ] GC(90) Phase 2: Compute new object addresses 270.042ms
[2019-07-24T13:25:28.350-0300][243.344s][info][gc,phases,start] GC(90) Phase 3: Adjust pointers
[2019-07-24T13:25:29.223-0300][244.217s][info][gc,phases      ] GC(90) Phase 3: Adjust pointers 873.047ms
[2019-07-24T13:25:29.224-0300][244.217s][info][gc,phases,start] GC(90) Phase 4: Move objects
[2019-07-24T13:25:29.224-0300][244.217s][info][gc,phases      ] GC(90) Phase 4: Move objects 0.048ms
[2019-07-24T13:25:29.407-0300][244.401s][info][gc,heap        ] GC(90) ParNew: 157248K->157247K(157248K)
[2019-07-24T13:25:29.408-0300][244.401s][info][gc,heap        ] GC(90) CMS: 349568K->349567K(349568K)
[2019-07-24T13:25:29.408-0300][244.401s][info][gc,metaspace   ] GC(90) Metaspace: 13433K->13433K(1062912K)
[2019-07-24T13:25:29.408-0300][244.401s][info][gc             ] GC(90) Pause Full (Allocation Failure) 494M->494M(494M) 2730.423ms
[2019-07-24T13:25:29.408-0300][244.401s][info][gc,cpu         ] GC(90) User=2.70s Sys=0.02s Real=2.73s
[2019-07-24T13:25:29.408-0300][244.402s][info][gc,start       ] GC(91) Pause Initial Mark
[2019-07-24T13:25:29.703-0300][244.697s][info][gc             ] GC(91) Pause Initial Mark 494M->494M(494M) 295.404ms
[2019-07-24T13:25:29.703-0300][244.697s][info][gc,cpu         ] GC(91) User=0.31s Sys=0.01s Real=0.30s
[2019-07-24T13:25:29.703-0300][244.697s][info][gc             ] GC(91) Concurrent Mark
[2019-07-24T13:25:29.703-0300][244.697s][info][gc,start       ] GC(92) Pause Full (Allocation Failure)
[2019-07-24T13:25:30.196-0300][245.190s][info][gc             ] GC(91) Concurrent Mark 492.514ms
[2019-07-24T13:25:30.196-0300][245.190s][info][gc,cpu         ] GC(91) User=0.48s Sys=0.00s Real=0.49s
[2019-07-24T13:25:30.196-0300][245.190s][info][gc,phases,start] GC(92) Phase 1: Mark live objects
[2019-07-24T13:25:31.681-0300][246.675s][info][gc,phases      ] GC(92) Phase 1: Mark live objects 1484.908ms
[2019-07-24T13:25:31.681-0300][246.675s][info][gc,phases,start] GC(92) Phase 2: Compute new object addresses
[2019-07-24T13:25:31.967-0300][246.961s][info][gc,phases      ] GC(92) Phase 2: Compute new object addresses 286.252ms
[2019-07-24T13:25:31.967-0300][246.961s][info][gc,phases,start] GC(92) Phase 3: Adjust pointers
[2019-07-24T13:25:32.956-0300][247.950s][info][gc,phases      ] GC(92) Phase 3: Adjust pointers 988.322ms
[2019-07-24T13:25:32.956-0300][247.950s][info][gc,phases,start] GC(92) Phase 4: Move objects
[2019-07-24T13:25:32.956-0300][247.950s][info][gc,phases      ] GC(92) Phase 4: Move objects 0.027ms
[2019-07-24T13:25:33.131-0300][248.125s][info][gc,heap        ] GC(92) ParNew: 157247K->157247K(157248K)
[2019-07-24T13:25:33.131-0300][248.125s][info][gc,heap        ] GC(92) CMS: 349567K->349567K(349568K)
[2019-07-24T13:25:33.131-0300][248.125s][info][gc,metaspace   ] GC(92) Metaspace: 13433K->13433K(1062912K)
[2019-07-24T13:25:33.131-0300][248.125s][info][gc             ] GC(92) Pause Full (Allocation Failure) 494M->494M(494M) 3427.570ms
[2019-07-24T13:25:33.131-0300][248.125s][info][gc,cpu         ] GC(92) User=3.27s Sys=0.03s Real=3.43s
[2019-07-24T13:25:33.131-0300][248.125s][info][gc,start       ] GC(93) Pause Full (Allocation Failure)
[2019-07-24T13:25:33.131-0300][248.125s][info][gc,phases,start] GC(93) Phase 1: Mark live objects
[2019-07-24T13:25:34.483-0300][249.477s][info][gc,phases      ] GC(93) Phase 1: Mark live objects 1351.828ms
[2019-07-24T13:25:34.483-0300][249.477s][info][gc,phases,start] GC(93) Phase 2: Compute new object addresses
[2019-07-24T13:25:34.784-0300][249.778s][info][gc,phases      ] GC(93) Phase 2: Compute new object addresses 301.162ms
[2019-07-24T13:25:34.785-0300][249.778s][info][gc,phases,start] GC(93) Phase 3: Adjust pointers
[2019-07-24T13:25:35.687-0300][250.680s][info][gc,phases      ] GC(93) Phase 3: Adjust pointers 901.929ms
[2019-07-24T13:25:35.687-0300][250.680s][info][gc,phases,start] GC(93) Phase 4: Move objects
[2019-07-24T13:25:35.687-0300][250.680s][info][gc,phases      ] GC(93) Phase 4: Move objects 0.026ms
[2019-07-24T13:25:36.131-0300][251.124s][info][gc,heap        ] GC(93) ParNew: 157247K->157247K(157248K)
[2019-07-24T13:25:36.131-0300][251.124s][info][gc,heap        ] GC(93) CMS: 349567K->349567K(349568K)
[2019-07-24T13:25:36.131-0300][251.124s][info][gc,metaspace   ] GC(93) Metaspace: 13433K->13433K(1062912K)
[2019-07-24T13:25:36.131-0300][251.124s][info][gc             ] GC(93) Pause Full (Allocation Failure) 494M->494M(494M) 2999.467ms
[2019-07-24T13:25:36.131-0300][251.124s][info][gc,cpu         ] GC(93) User=2.80s Sys=0.04s Real=3.00s
[2019-07-24T13:25:36.131-0300][251.125s][info][gc,start       ] GC(94) Pause Full (Allocation Failure)
[2019-07-24T13:25:36.131-0300][251.125s][info][gc,phases,start] GC(94) Phase 1: Mark live objects
[2019-07-24T13:25:38.097-0300][253.091s][info][gc,phases      ] GC(94) Phase 1: Mark live objects 1965.715ms
[2019-07-24T13:25:38.097-0300][253.091s][info][gc,phases,start] GC(94) Phase 2: Compute new object addresses
[2019-07-24T13:25:38.407-0300][253.401s][info][gc,phases      ] GC(94) Phase 2: Compute new object addresses 309.968ms
[2019-07-24T13:25:38.407-0300][253.401s][info][gc,phases,start] GC(94) Phase 3: Adjust pointers
[2019-07-24T13:25:39.642-0300][254.636s][info][gc,phases      ] GC(94) Phase 3: Adjust pointers 1234.853ms
[2019-07-24T13:25:39.642-0300][254.636s][info][gc,phases,start] GC(94) Phase 4: Move objects
[2019-07-24T13:25:39.642-0300][254.636s][info][gc,phases      ] GC(94) Phase 4: Move objects 0.029ms
[2019-07-24T13:25:39.955-0300][254.949s][info][gc,heap        ] GC(94) ParNew: 157248K->157247K(157248K)
[2019-07-24T13:25:39.955-0300][254.949s][info][gc,heap        ] GC(94) CMS: 349568K->349567K(349568K)
[2019-07-24T13:25:39.955-0300][254.949s][info][gc,metaspace   ] GC(94) Metaspace: 13433K->13433K(1062912K)
[2019-07-24T13:25:39.955-0300][254.949s][info][gc             ] GC(94) Pause Full (Allocation Failure) 494M->494M(494M) 3824.091ms
[2019-07-24T13:25:39.955-0300][254.949s][info][gc,cpu         ] GC(94) User=3.26s Sys=0.04s Real=3.82s
[2019-07-24T13:25:39.956-0300][254.949s][info][gc,start       ] GC(96) Pause Full (Allocation Failure)
[2019-07-24T13:25:39.956-0300][254.949s][info][gc,phases,start] GC(96) Phase 1: Mark live objects
[2019-07-24T13:25:41.701-0300][256.694s][info][gc,phases      ] GC(96) Phase 1: Mark live objects 1744.734ms
[2019-07-24T13:25:41.701-0300][256.694s][info][gc,phases,start] GC(96) Phase 2: Compute new object addresses
[2019-07-24T13:25:41.979-0300][256.973s][info][gc,phases      ] GC(96) Phase 2: Compute new object addresses 278.817ms
[2019-07-24T13:25:41.980-0300][256.973s][info][gc,phases,start] GC(96) Phase 3: Adjust pointers
[2019-07-24T13:25:42.837-0300][257.831s][info][gc,phases      ] GC(96) Phase 3: Adjust pointers 857.457ms
[2019-07-24T13:25:42.837-0300][257.831s][info][gc,phases,start] GC(96) Phase 4: Move objects
[2019-07-24T13:25:42.837-0300][257.831s][info][gc,phases      ] GC(96) Phase 4: Move objects 0.026ms
[2019-07-24T13:25:43.012-0300][258.005s][info][gc,heap        ] GC(96) ParNew: 157247K->157247K(157248K)
[2019-07-24T13:25:43.012-0300][258.005s][info][gc,heap        ] GC(96) CMS: 349567K->349567K(349568K)
[2019-07-24T13:25:43.012-0300][258.005s][info][gc,metaspace   ] GC(96) Metaspace: 13433K->13433K(1062912K)
[2019-07-24T13:25:43.012-0300][258.005s][info][gc             ] GC(96) Pause Full (Allocation Failure) 494M->494M(494M) 3056.247ms
[2019-07-24T13:25:43.012-0300][258.005s][info][gc,cpu         ] GC(96) User=2.90s Sys=0.03s Real=3.06s
[2019-07-24T13:25:43.012-0300][258.005s][info][gc,start       ] GC(97) Pause Full (Allocation Failure)
[2019-07-24T13:25:43.012-0300][258.006s][info][gc,phases,start] GC(97) Phase 1: Mark live objects
[2019-07-24T13:25:44.350-0300][259.343s][info][gc,phases      ] GC(97) Phase 1: Mark live objects 1337.423ms
[2019-07-24T13:25:44.350-0300][259.343s][info][gc,phases,start] GC(97) Phase 2: Compute new object addresses
[2019-07-24T13:25:44.620-0300][259.613s][info][gc,phases      ] GC(97) Phase 2: Compute new object addresses 270.056ms
[2019-07-24T13:25:44.620-0300][259.613s][info][gc,phases,start] GC(97) Phase 3: Adjust pointers
[2019-07-24T13:25:45.600-0300][260.593s][info][gc,phases      ] GC(97) Phase 3: Adjust pointers 979.886ms
[2019-07-24T13:25:45.600-0300][260.593s][info][gc,phases,start] GC(97) Phase 4: Move objects
[2019-07-24T13:25:45.600-0300][260.593s][info][gc,phases      ] GC(97) Phase 4: Move objects 0.029ms
[2019-07-24T13:25:45.786-0300][260.779s][info][gc,heap        ] GC(97) ParNew: 157247K->157247K(157248K)
[2019-07-24T13:25:45.786-0300][260.779s][info][gc,heap        ] GC(97) CMS: 349567K->349567K(349568K)
[2019-07-24T13:25:45.786-0300][260.779s][info][gc,metaspace   ] GC(97) Metaspace: 13433K->13433K(1062912K)
[2019-07-24T13:25:45.786-0300][260.779s][info][gc             ] GC(97) Pause Full (Allocation Failure) 494M->494M(494M) 2774.046ms
[2019-07-24T13:25:45.786-0300][260.780s][info][gc,cpu         ] GC(97) User=2.70s Sys=0.02s Real=2.77s
[2019-07-24T13:25:45.786-0300][260.780s][info][gc,start       ] GC(98) Pause Full (Allocation Failure)
[2019-07-24T13:25:45.786-0300][260.780s][info][gc,phases,start] GC(98) Phase 1: Mark live objects
[2019-07-24T13:25:47.205-0300][262.199s][info][gc,phases      ] GC(98) Phase 1: Mark live objects 1418.675ms
[2019-07-24T13:25:47.205-0300][262.199s][info][gc,phases,start] GC(98) Phase 2: Compute new object addresses
[2019-07-24T13:25:47.470-0300][262.464s][info][gc,phases      ] GC(98) Phase 2: Compute new object addresses 264.880ms
[2019-07-24T13:25:47.470-0300][262.464s][info][gc,phases,start] GC(98) Phase 3: Adjust pointers
[2019-07-24T13:25:48.342-0300][263.335s][info][gc,phases      ] GC(98) Phase 3: Adjust pointers 871.637ms
[2019-07-24T13:25:48.342-0300][263.335s][info][gc,phases,start] GC(98) Phase 4: Move objects
[2019-07-24T13:25:48.342-0300][263.335s][info][gc,phases      ] GC(98) Phase 4: Move objects 0.028ms
[2019-07-24T13:25:48.512-0300][263.505s][info][gc,heap        ] GC(98) ParNew: 157247K->157247K(157248K)
[2019-07-24T13:25:48.512-0300][263.505s][info][gc,heap        ] GC(98) CMS: 349567K->349567K(349568K)
[2019-07-24T13:25:48.512-0300][263.505s][info][gc,metaspace   ] GC(98) Metaspace: 13433K->13433K(1062912K)
[2019-07-24T13:25:48.512-0300][263.505s][info][gc             ] GC(98) Pause Full (Allocation Failure) 494M->494M(494M) 2725.548ms
[2019-07-24T13:25:48.512-0300][263.505s][info][gc,cpu         ] GC(98) User=2.67s Sys=0.02s Real=2.73s
[2019-07-24T13:25:48.512-0300][263.505s][info][gc,start       ] GC(99) Pause Full (Allocation Failure)
[2019-07-24T13:25:48.512-0300][263.505s][info][gc,phases,start] GC(99) Phase 1: Mark live objects
[2019-07-24T13:25:49.849-0300][264.842s][info][gc,phases      ] GC(99) Phase 1: Mark live objects 1336.402ms
[2019-07-24T13:25:49.849-0300][264.842s][info][gc,phases,start] GC(99) Phase 2: Compute new object addresses
[2019-07-24T13:25:50.127-0300][265.120s][info][gc,phases      ] GC(99) Phase 2: Compute new object addresses 278.377ms
[2019-07-24T13:25:50.127-0300][265.120s][info][gc,phases,start] GC(99) Phase 3: Adjust pointers
[2019-07-24T13:25:51.364-0300][266.357s][info][gc,phases      ] GC(99) Phase 3: Adjust pointers 1236.617ms
[2019-07-24T13:25:51.367-0300][266.360s][info][gc,phases,start] GC(99) Phase 4: Move objects
[2019-07-24T13:25:51.367-0300][266.361s][info][gc,phases      ] GC(99) Phase 4: Move objects 0.194ms
[2019-07-24T13:25:51.624-0300][266.617s][info][gc,heap        ] GC(99) ParNew: 157247K->157247K(157248K)
[2019-07-24T13:25:51.624-0300][266.617s][info][gc,heap        ] GC(99) CMS: 349567K->349567K(349568K)
[2019-07-24T13:25:51.624-0300][266.617s][info][gc,metaspace   ] GC(99) Metaspace: 13433K->13433K(1062912K)
[2019-07-24T13:25:51.624-0300][266.617s][info][gc             ] GC(99) Pause Full (Allocation Failure) 494M->494M(494M) 3111.949ms
[2019-07-24T13:25:51.624-0300][266.617s][info][gc,cpu         ] GC(99) User=2.83s Sys=0.03s Real=3.11s
[2019-07-24T13:25:51.624-0300][266.618s][info][gc,start       ] GC(95) Pause Initial Mark
[2019-07-24T13:25:52.004-0300][266.998s][info][gc             ] GC(95) Pause Initial Mark 494M->494M(494M) 380.049ms
[2019-07-24T13:25:52.004-0300][266.998s][info][gc,cpu         ] GC(95) User=0.39s Sys=0.00s Real=0.38s
[2019-07-24T13:25:52.005-0300][266.998s][info][gc             ] GC(95) Concurrent Mark
[2019-07-24T13:25:52.005-0300][266.998s][info][gc,start       ] GC(100) Pause Full (Allocation Failure)
[2019-07-24T13:25:52.591-0300][267.584s][info][gc             ] GC(95) Concurrent Mark 585.961ms
[2019-07-24T13:25:52.591-0300][267.584s][info][gc,cpu         ] GC(95) User=0.57s Sys=0.01s Real=0.59s
[2019-07-24T13:25:52.591-0300][267.584s][info][gc,phases,start] GC(100) Phase 1: Mark live objects
[2019-07-24T13:25:54.362-0300][269.356s][info][gc,phases      ] GC(100) Phase 1: Mark live objects 1771.674ms
[2019-07-24T13:25:54.363-0300][269.356s][info][gc,phases,start] GC(100) Phase 2: Compute new object addresses
[2019-07-24T13:25:54.682-0300][269.676s][info][gc,phases      ] GC(100) Phase 2: Compute new object addresses 319.875ms
[2019-07-24T13:25:54.682-0300][269.676s][info][gc,phases,start] GC(100) Phase 3: Adjust pointers
[2019-07-24T13:25:56.051-0300][271.044s][info][gc,phases      ] GC(100) Phase 3: Adjust pointers 1368.092ms
[2019-07-24T13:25:56.051-0300][271.044s][info][gc,phases,start] GC(100) Phase 4: Move objects
[2019-07-24T13:25:56.153-0300][271.146s][info][gc,phases      ] GC(100) Phase 4: Move objects 102.174ms
[2019-07-24T13:25:56.429-0300][271.422s][info][gc,heap        ] GC(100) ParNew: 157247K->157245K(157248K)
[2019-07-24T13:25:56.429-0300][271.423s][info][gc,heap        ] GC(100) CMS: 349567K->349539K(349568K)
[2019-07-24T13:25:56.429-0300][271.423s][info][gc,metaspace   ] GC(100) Metaspace: 13433K->13433K(1062912K)
[2019-07-24T13:25:56.430-0300][271.423s][info][gc             ] GC(100) Pause Full (Allocation Failure) 494M->494M(494M) 4424.789ms
[2019-07-24T13:25:56.430-0300][271.423s][info][gc,cpu         ] GC(100) User=4.12s Sys=0.06s Real=4.43s
[2019-07-24T13:25:56.432-0300][271.425s][info][gc,start       ] GC(101) Pause Full (Allocation Failure)
[2019-07-24T13:25:56.432-0300][271.425s][info][gc,phases,start] GC(101) Phase 1: Mark live objects
[2019-07-24T13:25:58.105-0300][273.098s][info][gc,phases      ] GC(101) Phase 1: Mark live objects 1673.232ms
[2019-07-24T13:25:58.105-0300][273.098s][info][gc,phases,start] GC(101) Phase 2: Compute new object addresses
[2019-07-24T13:25:58.373-0300][273.366s][info][gc,phases      ] GC(101) Phase 2: Compute new object addresses 267.734ms
[2019-07-24T13:25:58.373-0300][273.366s][info][gc,phases,start] GC(101) Phase 3: Adjust pointers
[2019-07-24T13:25:59.466-0300][274.459s][info][gc,phases      ] GC(101) Phase 3: Adjust pointers 1092.583ms
[2019-07-24T13:25:59.466-0300][274.459s][info][gc,phases,start] GC(101) Phase 4: Move objects
[2019-07-24T13:25:59.559-0300][274.552s][info][gc,phases      ] GC(101) Phase 4: Move objects 92.839ms
[2019-07-24T13:25:59.744-0300][274.737s][info][gc,heap        ] GC(101) ParNew: 157248K->157247K(157248K)
[2019-07-24T13:25:59.744-0300][274.737s][info][gc,heap        ] GC(101) CMS: 349567K->349533K(349568K)
[2019-07-24T13:25:59.744-0300][274.737s][info][gc,metaspace   ] GC(101) Metaspace: 13418K->13418K(1062912K)
[2019-07-24T13:25:59.744-0300][274.737s][info][gc             ] GC(101) Pause Full (Allocation Failure) 494M->494M(494M) 3312.387ms
[2019-07-24T13:25:59.744-0300][274.737s][info][gc,cpu         ] GC(101) User=3.18s Sys=0.05s Real=3.31s
[2019-07-24T13:25:59.745-0300][274.738s][info][gc,start       ] GC(102) Pause Initial Mark
[2019-07-24T13:26:00.066-0300][275.059s][info][gc             ] GC(102) Pause Initial Mark 494M->494M(494M) 320.994ms
[2019-07-24T13:26:00.066-0300][275.059s][info][gc,cpu         ] GC(102) User=0.33s Sys=0.00s Real=0.32s
[2019-07-24T13:26:00.066-0300][275.059s][info][gc             ] GC(102) Concurrent Mark
[2019-07-24T13:26:00.066-0300][275.059s][info][gc,start       ] GC(103) Pause Full (Allocation Failure)
[2019-07-24T13:26:00.566-0300][275.559s][info][gc             ] GC(102) Concurrent Mark 500.395ms
[2019-07-24T13:26:00.566-0300][275.559s][info][gc,cpu         ] GC(102) User=0.50s Sys=0.00s Real=0.50s
[2019-07-24T13:26:00.566-0300][275.559s][info][gc,phases,start] GC(103) Phase 1: Mark live objects
[2019-07-24T13:26:01.945-0300][276.938s][info][gc,phases      ] GC(103) Phase 1: Mark live objects 1378.279ms
[2019-07-24T13:26:01.945-0300][276.938s][info][gc,phases,start] GC(103) Phase 2: Compute new object addresses
[2019-07-24T13:26:02.211-0300][277.204s][info][gc,phases      ] GC(103) Phase 2: Compute new object addresses 265.989ms
[2019-07-24T13:26:02.211-0300][277.204s][info][gc,phases,start] GC(103) Phase 3: Adjust pointers
[2019-07-24T13:26:03.087-0300][278.080s][info][gc,phases      ] GC(103) Phase 3: Adjust pointers 876.319ms
[2019-07-24T13:26:03.087-0300][278.080s][info][gc,phases,start] GC(103) Phase 4: Move objects
[2019-07-24T13:26:03.087-0300][278.080s][info][gc,phases      ] GC(103) Phase 4: Move objects 0.056ms
[2019-07-24T13:26:03.268-0300][278.261s][info][gc,heap        ] GC(103) ParNew: 157248K->157248K(157248K)
[2019-07-24T13:26:03.268-0300][278.261s][info][gc,heap        ] GC(103) CMS: 349537K->349536K(349568K)
[2019-07-24T13:26:03.268-0300][278.261s][info][gc,metaspace   ] GC(103) Metaspace: 13418K->13418K(1062912K)
[2019-07-24T13:26:03.268-0300][278.261s][info][gc             ] GC(103) Pause Full (Allocation Failure) 494M->494M(494M) 3201.988ms
[2019-07-24T13:26:03.268-0300][278.261s][info][gc,cpu         ] GC(103) User=3.15s Sys=0.04s Real=3.20s
[2019-07-24T13:26:03.269-0300][278.262s][info][gc,start       ] GC(104) Pause Full (Allocation Failure)
[2019-07-24T13:26:03.269-0300][278.262s][info][gc,phases,start] GC(104) Phase 1: Mark live objects
[2019-07-24T13:26:04.618-0300][279.611s][info][gc,phases      ] GC(104) Phase 1: Mark live objects 1348.519ms
[2019-07-24T13:26:04.618-0300][279.611s][info][gc,phases,start] GC(104) Phase 2: Compute new object addresses
[2019-07-24T13:26:04.890-0300][279.883s][info][gc,phases      ] GC(104) Phase 2: Compute new object addresses 272.529ms
[2019-07-24T13:26:04.891-0300][279.883s][info][gc,phases,start] GC(104) Phase 3: Adjust pointers
[2019-07-24T13:26:05.755-0300][280.747s][info][gc,phases      ] GC(104) Phase 3: Adjust pointers 863.919ms
[2019-07-24T13:26:05.755-0300][280.747s][info][gc,phases,start] GC(104) Phase 4: Move objects
[2019-07-24T13:26:05.755-0300][280.747s][info][gc,phases      ] GC(104) Phase 4: Move objects 0.024ms
[2019-07-24T13:26:05.947-0300][280.940s][info][gc,heap        ] GC(104) ParNew: 157248K->157248K(157248K)
[2019-07-24T13:26:05.947-0300][280.940s][info][gc,heap        ] GC(104) CMS: 349545K->349545K(349568K)
[2019-07-24T13:26:05.947-0300][280.940s][info][gc,metaspace   ] GC(104) Metaspace: 13418K->13418K(1062912K)
[2019-07-24T13:26:05.947-0300][280.940s][info][gc             ] GC(104) Pause Full (Allocation Failure) 494M->494M(494M) 2678.367ms
[2019-07-24T13:26:05.947-0300][280.940s][info][gc,cpu         ] GC(104) User=2.64s Sys=0.01s Real=2.68s
[2019-07-24T13:26:05.948-0300][280.941s][info][gc,start       ] GC(105) Pause Initial Mark
[2019-07-24T13:26:06.250-0300][281.243s][info][gc             ] GC(105) Pause Initial Mark 494M->494M(494M) 301.805ms
[2019-07-24T13:26:06.250-0300][281.243s][info][gc,cpu         ] GC(105) User=0.32s Sys=0.00s Real=0.31s
[2019-07-24T13:26:06.250-0300][281.243s][info][gc             ] GC(105) Concurrent Mark
[2019-07-24T13:26:06.250-0300][281.243s][info][gc,start       ] GC(106) Pause Full (Allocation Failure)
[2019-07-24T13:26:06.789-0300][281.781s][info][gc             ] GC(105) Concurrent Mark 538.385ms
[2019-07-24T13:26:06.789-0300][281.781s][info][gc,cpu         ] GC(105) User=0.52s Sys=0.00s Real=0.53s
[2019-07-24T13:26:06.789-0300][281.782s][info][gc,phases,start] GC(106) Phase 1: Mark live objects
[2019-07-24T13:26:08.324-0300][283.316s][info][gc,phases      ] GC(106) Phase 1: Mark live objects 1534.981ms
[2019-07-24T13:26:08.324-0300][283.317s][info][gc,phases,start] GC(106) Phase 2: Compute new object addresses
[2019-07-24T13:26:08.602-0300][283.595s][info][gc,phases      ] GC(106) Phase 2: Compute new object addresses 278.505ms
[2019-07-24T13:26:08.602-0300][283.595s][info][gc,phases,start] GC(106) Phase 3: Adjust pointers
[2019-07-24T13:26:09.576-0300][284.568s][info][gc,phases      ] GC(106) Phase 3: Adjust pointers 973.068ms
[2019-07-24T13:26:09.576-0300][284.568s][info][gc,phases,start] GC(106) Phase 4: Move objects
[2019-07-24T13:26:09.576-0300][284.568s][info][gc,phases      ] GC(106) Phase 4: Move objects 0.032ms
[2019-07-24T13:26:09.781-0300][284.773s][info][gc,heap        ] GC(106) ParNew: 157248K->157248K(157248K)
[2019-07-24T13:26:09.781-0300][284.773s][info][gc,heap        ] GC(106) CMS: 349565K->349563K(349568K)
[2019-07-24T13:26:09.781-0300][284.773s][info][gc,metaspace   ] GC(106) Metaspace: 13418K->13418K(1062912K)
[2019-07-24T13:26:09.781-0300][284.774s][info][gc             ] GC(106) Pause Full (Allocation Failure) 494M->494M(494M) 3530.364ms
[2019-07-24T13:26:09.781-0300][284.774s][info][gc,cpu         ] GC(106) User=3.37s Sys=0.04s Real=3.53s
[2019-07-24T13:26:09.783-0300][284.776s][info][gc,start       ] GC(107) Pause Full (Allocation Failure)
[2019-07-24T13:26:09.784-0300][284.777s][info][gc,phases,start] GC(107) Phase 1: Mark live objects
[2019-07-24T13:26:11.260-0300][286.252s][info][gc,phases      ] GC(107) Phase 1: Mark live objects 1475.628ms
[2019-07-24T13:26:11.260-0300][286.252s][info][gc,phases,start] GC(107) Phase 2: Compute new object addresses
[2019-07-24T13:26:11.538-0300][286.531s][info][gc,phases      ] GC(107) Phase 2: Compute new object addresses 278.308ms
[2019-07-24T13:26:11.538-0300][286.531s][info][gc,phases,start] GC(107) Phase 3: Adjust pointers
[2019-07-24T13:26:12.473-0300][287.466s][info][gc,phases      ] GC(107) Phase 3: Adjust pointers 935.174ms
[2019-07-24T13:26:12.473-0300][287.466s][info][gc,phases,start] GC(107) Phase 4: Move objects
[2019-07-24T13:26:12.473-0300][287.466s][info][gc,phases      ] GC(107) Phase 4: Move objects 0.025ms
[2019-07-24T13:26:12.649-0300][287.641s][info][gc,heap        ] GC(107) ParNew: 157248K->157248K(157248K)
[2019-07-24T13:26:12.649-0300][287.641s][info][gc,heap        ] GC(107) CMS: 349567K->349567K(349568K)
[2019-07-24T13:26:12.649-0300][287.641s][info][gc,metaspace   ] GC(107) Metaspace: 13418K->13418K(1062912K)
[2019-07-24T13:26:12.649-0300][287.641s][info][gc             ] GC(107) Pause Full (Allocation Failure) 494M->494M(494M) 2866.100ms
[2019-07-24T13:26:12.649-0300][287.642s][info][gc,cpu         ] GC(107) User=2.77s Sys=0.03s Real=2.86s
[2019-07-24T13:26:12.649-0300][287.642s][info][gc,start       ] GC(108) Pause Full (Allocation Failure)
[2019-07-24T13:26:12.649-0300][287.642s][info][gc,phases,start] GC(108) Phase 1: Mark live objects
[2019-07-24T13:26:13.988-0300][288.981s][info][gc,phases      ] GC(108) Phase 1: Mark live objects 1338.940ms
[2019-07-24T13:26:13.988-0300][288.981s][info][gc,phases,start] GC(108) Phase 2: Compute new object addresses
[2019-07-24T13:26:14.254-0300][289.247s][info][gc,phases      ] GC(108) Phase 2: Compute new object addresses 265.939ms
[2019-07-24T13:26:14.254-0300][289.247s][info][gc,phases,start] GC(108) Phase 3: Adjust pointers
[2019-07-24T13:26:15.134-0300][290.126s][info][gc,phases      ] GC(108) Phase 3: Adjust pointers 879.488ms
[2019-07-24T13:26:15.134-0300][290.126s][info][gc,phases,start] GC(108) Phase 4: Move objects
[2019-07-24T13:26:15.134-0300][290.126s][info][gc,phases      ] GC(108) Phase 4: Move objects 0.026ms
[2019-07-24T13:26:15.311-0300][290.304s][info][gc,heap        ] GC(108) ParNew: 157248K->157248K(157248K)
[2019-07-24T13:26:15.311-0300][290.304s][info][gc,heap        ] GC(108) CMS: 349567K->349567K(349568K)
[2019-07-24T13:26:15.311-0300][290.304s][info][gc,metaspace   ] GC(108) Metaspace: 13418K->13418K(1062912K)
[2019-07-24T13:26:15.311-0300][290.304s][info][gc             ] GC(108) Pause Full (Allocation Failure) 494M->494M(494M) 2661.962ms
[2019-07-24T13:26:15.311-0300][290.304s][info][gc,cpu         ] GC(108) User=2.61s Sys=0.03s Real=2.67s
[2019-07-24T13:26:15.311-0300][290.304s][info][gc,start       ] GC(110) Pause Full (Allocation Failure)
[2019-07-24T13:26:15.311-0300][290.304s][info][gc,phases,start] GC(110) Phase 1: Mark live objects
[2019-07-24T13:26:16.648-0300][291.640s][info][gc,phases      ] GC(110) Phase 1: Mark live objects 1336.206ms
[2019-07-24T13:26:16.648-0300][291.640s][info][gc,phases,start] GC(110) Phase 2: Compute new object addresses
[2019-07-24T13:26:16.920-0300][291.912s][info][gc,phases      ] GC(110) Phase 2: Compute new object addresses 272.084ms
[2019-07-24T13:26:16.920-0300][291.913s][info][gc,phases,start] GC(110) Phase 3: Adjust pointers
[2019-07-24T13:26:17.790-0300][292.782s][info][gc,phases      ] GC(110) Phase 3: Adjust pointers 869.865ms
[2019-07-24T13:26:17.790-0300][292.782s][info][gc,phases,start] GC(110) Phase 4: Move objects
[2019-07-24T13:26:17.790-0300][292.783s][info][gc,phases      ] GC(110) Phase 4: Move objects 0.024ms
[2019-07-24T13:26:17.980-0300][292.973s][info][gc,heap        ] GC(110) ParNew: 157248K->157248K(157248K)
[2019-07-24T13:26:17.981-0300][292.973s][info][gc,heap        ] GC(110) CMS: 349568K->349567K(349568K)
[2019-07-24T13:26:17.981-0300][292.973s][info][gc,metaspace   ] GC(110) Metaspace: 13418K->13418K(1062912K)
[2019-07-24T13:26:17.981-0300][292.973s][info][gc             ] GC(110) Pause Full (Allocation Failure) 494M->494M(494M) 2669.590ms
[2019-07-24T13:26:17.981-0300][292.973s][info][gc,cpu         ] GC(110) User=2.63s Sys=0.02s Real=2.67s
[2019-07-24T13:26:17.981-0300][292.974s][info][gc,start       ] GC(111) Pause Full (Allocation Failure)
[2019-07-24T13:26:17.981-0300][292.974s][info][gc,phases,start] GC(111) Phase 1: Mark live objects
[2019-07-24T13:26:19.361-0300][294.353s][info][gc,phases      ] GC(111) Phase 1: Mark live objects 1379.551ms
[2019-07-24T13:26:19.361-0300][294.353s][info][gc,phases,start] GC(111) Phase 2: Compute new object addresses
[2019-07-24T13:26:19.657-0300][294.649s][info][gc,phases      ] GC(111) Phase 2: Compute new object addresses 296.005ms
[2019-07-24T13:26:19.657-0300][294.650s][info][gc,phases,start] GC(111) Phase 3: Adjust pointers
[2019-07-24T13:26:20.612-0300][295.605s][info][gc,phases      ] GC(111) Phase 3: Adjust pointers 955.064ms
[2019-07-24T13:26:20.612-0300][295.605s][info][gc,phases,start] GC(111) Phase 4: Move objects
[2019-07-24T13:26:20.612-0300][295.605s][info][gc,phases      ] GC(111) Phase 4: Move objects 0.022ms
[2019-07-24T13:26:20.803-0300][295.795s][info][gc,heap        ] GC(111) ParNew: 157248K->157248K(157248K)
[2019-07-24T13:26:20.803-0300][295.795s][info][gc,heap        ] GC(111) CMS: 349568K->349568K(349568K)
[2019-07-24T13:26:20.803-0300][295.795s][info][gc,metaspace   ] GC(111) Metaspace: 13418K->13418K(1062912K)
[2019-07-24T13:26:20.803-0300][295.795s][info][gc             ] GC(111) Pause Full (Allocation Failure) 494M->494M(494M) 2821.632ms
[2019-07-24T13:26:20.803-0300][295.795s][info][gc,cpu         ] GC(111) User=2.73s Sys=0.03s Real=2.82s
[2019-07-24T13:26:20.803-0300][295.795s][info][gc,start       ] GC(112) Pause Full (Allocation Failure)
[2019-07-24T13:26:20.803-0300][295.795s][info][gc,phases,start] GC(112) Phase 1: Mark live objects
[2019-07-24T13:26:22.275-0300][297.268s][info][gc,phases      ] GC(112) Phase 1: Mark live objects 1472.085ms
[2019-07-24T13:26:22.275-0300][297.268s][info][gc,phases,start] GC(112) Phase 2: Compute new object addresses
[2019-07-24T13:26:22.546-0300][297.538s][info][gc,phases      ] GC(112) Phase 2: Compute new object addresses 270.504ms
[2019-07-24T13:26:22.546-0300][297.538s][info][gc,phases,start] GC(112) Phase 3: Adjust pointers
[2019-07-24T13:26:23.465-0300][298.458s][info][gc,phases      ] GC(112) Phase 3: Adjust pointers 919.502ms
[2019-07-24T13:26:23.465-0300][298.458s][info][gc,phases,start] GC(112) Phase 4: Move objects
[2019-07-24T13:26:23.466-0300][298.458s][info][gc,phases      ] GC(112) Phase 4: Move objects 0.087ms
[2019-07-24T13:26:23.642-0300][298.634s][info][gc,heap        ] GC(112) ParNew: 157248K->157248K(157248K)
[2019-07-24T13:26:23.642-0300][298.634s][info][gc,heap        ] GC(112) CMS: 349568K->349568K(349568K)
[2019-07-24T13:26:23.642-0300][298.634s][info][gc,metaspace   ] GC(112) Metaspace: 13418K->13418K(1062912K)
[2019-07-24T13:26:23.642-0300][298.634s][info][gc             ] GC(112) Pause Full (Allocation Failure) 494M->494M(494M) 2839.123ms
[2019-07-24T13:26:23.642-0300][298.634s][info][gc,cpu         ] GC(112) User=2.70s Sys=0.03s Real=2.84s
[2019-07-24T13:26:23.642-0300][298.635s][info][gc,start       ] GC(109) Pause Initial Mark
[2019-07-24T13:26:23.940-0300][298.932s][info][gc             ] GC(109) Pause Initial Mark 494M->494M(494M) 297.813ms
[2019-07-24T13:26:23.940-0300][298.933s][info][gc,cpu         ] GC(109) User=0.31s Sys=0.00s Real=0.30s
[2019-07-24T13:26:23.940-0300][298.933s][info][gc             ] GC(109) Concurrent Mark
[2019-07-24T13:26:23.940-0300][298.933s][info][gc,start       ] GC(113) Pause Full (Allocation Failure)
[2019-07-24T13:26:24.442-0300][299.435s][info][gc             ] GC(109) Concurrent Mark 501.998ms
[2019-07-24T13:26:24.442-0300][299.435s][info][gc,cpu         ] GC(109) User=0.49s Sys=0.00s Real=0.50s
[2019-07-24T13:26:24.442-0300][299.435s][info][gc,phases,start] GC(113) Phase 1: Mark live objects
[2019-07-24T13:26:24.448-0300][299.440s][info][gc,phases      ] GC(113) Phase 1: Mark live objects 5.153ms
[2019-07-24T13:26:24.448-0300][299.440s][info][gc,phases,start] GC(113) Phase 2: Compute new object addresses
[2019-07-24T13:26:24.674-0300][299.667s][info][gc,phases      ] GC(113) Phase 2: Compute new object addresses 226.648ms
[2019-07-24T13:26:24.674-0300][299.667s][info][gc,phases,start] GC(113) Phase 3: Adjust pointers
[2019-07-24T13:26:24.678-0300][299.671s][info][gc,phases      ] GC(113) Phase 3: Adjust pointers 4.015ms
[2019-07-24T13:26:24.679-0300][299.671s][info][gc,phases,start] GC(113) Phase 4: Move objects
[2019-07-24T13:26:24.679-0300][299.672s][info][gc,phases      ] GC(113) Phase 4: Move objects 0.850ms
[2019-07-24T13:26:24.680-0300][299.672s][info][gc,heap        ] GC(113) ParNew: 157248K->0K(157248K)
[2019-07-24T13:26:24.680-0300][299.672s][info][gc,heap        ] GC(113) CMS: 349568K->2209K(349568K)
[2019-07-24T13:26:24.680-0300][299.672s][info][gc,metaspace   ] GC(113) Metaspace: 13418K->13418K(1062912K)
[2019-07-24T13:26:24.680-0300][299.672s][info][gc             ] GC(113) Pause Full (Allocation Failure) 494M->2M(494M) 739.530ms
[2019-07-24T13:26:24.680-0300][299.672s][info][gc,cpu         ] GC(113) User=0.73s Sys=0.01s Real=0.74s
[2019-07-24T13:26:24.683-0300][299.675s][info][gc,heap,exit   ] Heap
[2019-07-24T13:26:24.683-0300][299.675s][info][gc,heap,exit   ]  par new generation   total 157248K, used 6033K [0x00000007e0000000, 0x00000007eaaa0000, 0x00000007eaaa0000)
[2019-07-24T13:26:24.683-0300][299.675s][info][gc,heap,exit   ]   eden space 139776K,   4% used [0x00000007e0000000, 0x00000007e05e44f8, 0x00000007e8880000)
[2019-07-24T13:26:24.683-0300][299.675s][info][gc,heap,exit   ]   from space 17472K,   0% used [0x00000007e8880000, 0x00000007e8880000, 0x00000007e9990000)
[2019-07-24T13:26:24.683-0300][299.675s][info][gc,heap,exit   ]   to   space 17472K,   0% used [0x00000007e9990000, 0x00000007e9990000, 0x00000007eaaa0000)
[2019-07-24T13:26:24.683-0300][299.675s][info][gc,heap,exit   ]  concurrent mark-sweep generation total 349568K, used 2209K [0x00000007eaaa0000, 0x0000000800000000, 0x0000000800000000)
[2019-07-24T13:26:24.683-0300][299.675s][info][gc,heap,exit   ]  Metaspace       used 13432K, capacity 13699K, committed 14464K, reserved 1062912K
[2019-07-24T13:26:24.683-0300][299.675s][info][gc,heap,exit   ]   class space    used 1315K, capacity 1426K, committed 1664K, reserved 1048576K
