[2019-07-24T13:14:49.428-0300][0.011s][info][gc,heap] Heap region size: 1M
[2019-07-24T13:14:49.435-0300][0.018s][info][gc     ] Using G1
[2019-07-24T13:14:49.435-0300][0.018s][info][gc,heap,coops] Heap address: 0x00000007e0000000, size: 512 MB, Compressed Oops mode: Zero based, Oop shift amount: 3
[2019-07-24T13:14:50.146-0300][0.729s][info][gc,start     ] GC(0) Pause Young (Normal) (G1 Evacuation Pause)
[2019-07-24T13:14:50.146-0300][0.729s][info][gc,task      ] GC(0) Using 4 workers of 4 for evacuation
[2019-07-24T13:14:50.204-0300][0.787s][info][gc,phases    ] GC(0)   Pre Evacuate Collection Set: 0.0ms
[2019-07-24T13:14:50.204-0300][0.788s][info][gc,phases    ] GC(0)   Evacuate Collection Set: 57.5ms
[2019-07-24T13:14:50.204-0300][0.788s][info][gc,phases    ] GC(0)   Post Evacuate Collection Set: 0.3ms
[2019-07-24T13:14:50.204-0300][0.788s][info][gc,phases    ] GC(0)   Other: 0.5ms
[2019-07-24T13:14:50.204-0300][0.788s][info][gc,heap      ] GC(0) Eden regions: 25->0(21)
[2019-07-24T13:14:50.204-0300][0.788s][info][gc,heap      ] GC(0) Survivor regions: 0->4(4)
[2019-07-24T13:14:50.204-0300][0.788s][info][gc,heap      ] GC(0) Old regions: 0->19
[2019-07-24T13:14:50.204-0300][0.788s][info][gc,heap      ] GC(0) Humongous regions: 11->11
[2019-07-24T13:14:50.204-0300][0.788s][info][gc,metaspace ] GC(0) Metaspace: 6739K->6739K(1056768K)
[2019-07-24T13:14:50.204-0300][0.788s][info][gc           ] GC(0) Pause Young (Normal) (G1 Evacuation Pause) 36M->33M(512M) 58.614ms
[2019-07-24T13:14:50.205-0300][0.788s][info][gc,cpu       ] GC(0) User=0.18s Sys=0.01s Real=0.06s
[2019-07-24T13:14:50.796-0300][1.379s][info][gc,start     ] GC(1) Pause Young (Normal) (G1 Evacuation Pause)
[2019-07-24T13:14:50.796-0300][1.379s][info][gc,task      ] GC(1) Using 4 workers of 4 for evacuation
[2019-07-24T13:14:50.892-0300][1.475s][info][gc,phases    ] GC(1)   Pre Evacuate Collection Set: 0.0ms
[2019-07-24T13:14:50.892-0300][1.475s][info][gc,phases    ] GC(1)   Evacuate Collection Set: 96.0ms
[2019-07-24T13:14:50.892-0300][1.475s][info][gc,phases    ] GC(1)   Post Evacuate Collection Set: 0.3ms
[2019-07-24T13:14:50.892-0300][1.476s][info][gc,phases    ] GC(1)   Other: 0.2ms
[2019-07-24T13:14:50.892-0300][1.476s][info][gc,heap      ] GC(1) Eden regions: 21->0(21)
[2019-07-24T13:14:50.892-0300][1.476s][info][gc,heap      ] GC(1) Survivor regions: 4->4(4)
[2019-07-24T13:14:50.892-0300][1.476s][info][gc,heap      ] GC(1) Old regions: 19->40
[2019-07-24T13:14:50.892-0300][1.476s][info][gc,heap      ] GC(1) Humongous regions: 20->20
[2019-07-24T13:14:50.892-0300][1.476s][info][gc,metaspace ] GC(1) Metaspace: 7666K->7666K(1056768K)
[2019-07-24T13:14:50.892-0300][1.476s][info][gc           ] GC(1) Pause Young (Normal) (G1 Evacuation Pause) 63M->63M(512M) 96.743ms
[2019-07-24T13:14:50.892-0300][1.476s][info][gc,cpu       ] GC(1) User=0.28s Sys=0.02s Real=0.10s
[2019-07-24T13:14:51.286-0300][1.870s][info][gc,start     ] GC(2) Pause Young (Normal) (G1 Evacuation Pause)
[2019-07-24T13:14:51.286-0300][1.870s][info][gc,task      ] GC(2) Using 4 workers of 4 for evacuation
[2019-07-24T13:14:51.426-0300][2.009s][info][gc,phases    ] GC(2)   Pre Evacuate Collection Set: 0.0ms
[2019-07-24T13:14:51.435-0300][2.018s][info][gc,phases    ] GC(2)   Evacuate Collection Set: 137.3ms
[2019-07-24T13:14:51.435-0300][2.018s][info][gc,phases    ] GC(2)   Post Evacuate Collection Set: 2.3ms
[2019-07-24T13:14:51.435-0300][2.018s][info][gc,phases    ] GC(2)   Other: 0.3ms
[2019-07-24T13:14:51.435-0300][2.018s][info][gc,heap      ] GC(2) Eden regions: 21->0(21)
[2019-07-24T13:14:51.435-0300][2.018s][info][gc,heap      ] GC(2) Survivor regions: 4->4(4)
[2019-07-24T13:14:51.435-0300][2.018s][info][gc,heap      ] GC(2) Old regions: 40->62
[2019-07-24T13:14:51.435-0300][2.018s][info][gc,heap      ] GC(2) Humongous regions: 20->20
[2019-07-24T13:14:51.435-0300][2.018s][info][gc,metaspace ] GC(2) Metaspace: 7668K->7668K(1056768K)
[2019-07-24T13:14:51.435-0300][2.018s][info][gc           ] GC(2) Pause Young (Normal) (G1 Evacuation Pause) 84M->85M(512M) 148.746ms
[2019-07-24T13:14:51.435-0300][2.018s][info][gc,cpu       ] GC(2) User=0.27s Sys=0.01s Real=0.15s
[2019-07-24T13:14:52.052-0300][2.635s][info][gc,start     ] GC(3) Pause Young (Normal) (G1 Evacuation Pause)
[2019-07-24T13:14:52.052-0300][2.635s][info][gc,task      ] GC(3) Using 4 workers of 4 for evacuation
[2019-07-24T13:14:52.213-0300][2.796s][info][gc,phases    ] GC(3)   Pre Evacuate Collection Set: 0.0ms
[2019-07-24T13:14:52.213-0300][2.796s][info][gc,phases    ] GC(3)   Evacuate Collection Set: 160.2ms
[2019-07-24T13:14:52.213-0300][2.796s][info][gc,phases    ] GC(3)   Post Evacuate Collection Set: 0.5ms
[2019-07-24T13:14:52.213-0300][2.796s][info][gc,phases    ] GC(3)   Other: 0.3ms
[2019-07-24T13:14:52.213-0300][2.796s][info][gc,heap      ] GC(3) Eden regions: 21->0(21)
[2019-07-24T13:14:52.213-0300][2.796s][info][gc,heap      ] GC(3) Survivor regions: 4->4(4)
[2019-07-24T13:14:52.213-0300][2.796s][info][gc,heap      ] GC(3) Old regions: 62->84
[2019-07-24T13:14:52.213-0300][2.796s][info][gc,heap      ] GC(3) Humongous regions: 37->37
[2019-07-24T13:14:52.213-0300][2.796s][info][gc,metaspace ] GC(3) Metaspace: 7669K->7669K(1056768K)
[2019-07-24T13:14:52.213-0300][2.796s][info][gc           ] GC(3) Pause Young (Normal) (G1 Evacuation Pause) 123M->124M(512M) 161.128ms
[2019-07-24T13:14:52.213-0300][2.796s][info][gc,cpu       ] GC(3) User=0.35s Sys=0.02s Real=0.16s
[2019-07-24T13:14:52.783-0300][3.366s][info][gc,start     ] GC(4) Pause Young (Normal) (G1 Evacuation Pause)
[2019-07-24T13:14:52.783-0300][3.366s][info][gc,task      ] GC(4) Using 4 workers of 4 for evacuation
[2019-07-24T13:14:52.936-0300][3.519s][info][gc,phases    ] GC(4)   Pre Evacuate Collection Set: 0.0ms
[2019-07-24T13:14:52.936-0300][3.519s][info][gc,phases    ] GC(4)   Evacuate Collection Set: 151.3ms
[2019-07-24T13:14:52.936-0300][3.519s][info][gc,phases    ] GC(4)   Post Evacuate Collection Set: 1.4ms
[2019-07-24T13:14:52.936-0300][3.519s][info][gc,phases    ] GC(4)   Other: 0.2ms
[2019-07-24T13:14:52.936-0300][3.519s][info][gc,heap      ] GC(4) Eden regions: 21->0(21)
[2019-07-24T13:14:52.936-0300][3.519s][info][gc,heap      ] GC(4) Survivor regions: 4->4(4)
[2019-07-24T13:14:52.936-0300][3.519s][info][gc,heap      ] GC(4) Old regions: 84->106
[2019-07-24T13:14:52.936-0300][3.519s][info][gc,heap      ] GC(4) Humongous regions: 37->37
[2019-07-24T13:14:52.936-0300][3.519s][info][gc,metaspace ] GC(4) Metaspace: 7669K->7669K(1056768K)
[2019-07-24T13:14:52.936-0300][3.519s][info][gc           ] GC(4) Pause Young (Normal) (G1 Evacuation Pause) 145M->147M(512M) 153.082ms
[2019-07-24T13:14:52.936-0300][3.519s][info][gc,cpu       ] GC(4) User=0.35s Sys=0.01s Real=0.15s
[2019-07-24T13:14:53.384-0300][3.968s][info][gc,start     ] GC(5) Pause Young (Normal) (G1 Evacuation Pause)
[2019-07-24T13:14:53.384-0300][3.968s][info][gc,task      ] GC(5) Using 4 workers of 4 for evacuation
[2019-07-24T13:14:53.525-0300][4.108s][info][gc,phases    ] GC(5)   Pre Evacuate Collection Set: 0.0ms
[2019-07-24T13:14:53.525-0300][4.108s][info][gc,phases    ] GC(5)   Evacuate Collection Set: 139.9ms
[2019-07-24T13:14:53.525-0300][4.109s][info][gc,phases    ] GC(5)   Post Evacuate Collection Set: 0.8ms
[2019-07-24T13:14:53.525-0300][4.109s][info][gc,phases    ] GC(5)   Other: 0.2ms
[2019-07-24T13:14:53.525-0300][4.109s][info][gc,heap      ] GC(5) Eden regions: 21->0(21)
[2019-07-24T13:14:53.525-0300][4.109s][info][gc,heap      ] GC(5) Survivor regions: 4->4(4)
[2019-07-24T13:14:53.525-0300][4.109s][info][gc,heap      ] GC(5) Old regions: 106->128
[2019-07-24T13:14:53.525-0300][4.109s][info][gc,heap      ] GC(5) Humongous regions: 37->37
[2019-07-24T13:14:53.525-0300][4.109s][info][gc,metaspace ] GC(5) Metaspace: 7669K->7669K(1056768K)
[2019-07-24T13:14:53.525-0300][4.109s][info][gc           ] GC(5) Pause Young (Normal) (G1 Evacuation Pause) 168M->169M(512M) 141.064ms
[2019-07-24T13:14:53.525-0300][4.109s][info][gc,cpu       ] GC(5) User=0.43s Sys=0.02s Real=0.14s
[2019-07-24T13:14:54.168-0300][4.751s][info][gc,start     ] GC(6) Pause Young (Normal) (G1 Evacuation Pause)
[2019-07-24T13:14:54.168-0300][4.752s][info][gc,task      ] GC(6) Using 4 workers of 4 for evacuation
[2019-07-24T13:14:54.306-0300][4.889s][info][gc,phases    ] GC(6)   Pre Evacuate Collection Set: 0.0ms
[2019-07-24T13:14:54.306-0300][4.889s][info][gc,phases    ] GC(6)   Evacuate Collection Set: 137.1ms
[2019-07-24T13:14:54.306-0300][4.889s][info][gc,phases    ] GC(6)   Post Evacuate Collection Set: 0.5ms
[2019-07-24T13:14:54.306-0300][4.889s][info][gc,phases    ] GC(6)   Other: 0.2ms
[2019-07-24T13:14:54.306-0300][4.889s][info][gc,heap      ] GC(6) Eden regions: 21->0(21)
[2019-07-24T13:14:54.306-0300][4.889s][info][gc,heap      ] GC(6) Survivor regions: 4->4(4)
[2019-07-24T13:14:54.306-0300][4.889s][info][gc,heap      ] GC(6) Old regions: 128->150
[2019-07-24T13:14:54.306-0300][4.889s][info][gc,heap      ] GC(6) Humongous regions: 70->70
[2019-07-24T13:14:54.306-0300][4.889s][info][gc,metaspace ] GC(6) Metaspace: 7671K->7671K(1056768K)
[2019-07-24T13:14:54.306-0300][4.889s][info][gc           ] GC(6) Pause Young (Normal) (G1 Evacuation Pause) 223M->224M(512M) 138.028ms
[2019-07-24T13:14:54.306-0300][4.889s][info][gc,cpu       ] GC(6) User=0.49s Sys=0.02s Real=0.14s
[2019-07-24T13:14:54.554-0300][5.137s][info][gc,start     ] GC(7) Pause Young (Normal) (G1 Evacuation Pause)
[2019-07-24T13:14:54.554-0300][5.137s][info][gc,task      ] GC(7) Using 4 workers of 4 for evacuation
[2019-07-24T13:14:54.690-0300][5.273s][info][gc,phases    ] GC(7)   Pre Evacuate Collection Set: 0.0ms
[2019-07-24T13:14:54.690-0300][5.273s][info][gc,phases    ] GC(7)   Evacuate Collection Set: 135.5ms
[2019-07-24T13:14:54.690-0300][5.273s][info][gc,phases    ] GC(7)   Post Evacuate Collection Set: 0.7ms
[2019-07-24T13:14:54.690-0300][5.273s][info][gc,phases    ] GC(7)   Other: 0.2ms
[2019-07-24T13:14:54.690-0300][5.273s][info][gc,heap      ] GC(7) Eden regions: 21->0(21)
[2019-07-24T13:14:54.690-0300][5.273s][info][gc,heap      ] GC(7) Survivor regions: 4->4(4)
[2019-07-24T13:14:54.690-0300][5.273s][info][gc,heap      ] GC(7) Old regions: 150->172
[2019-07-24T13:14:54.690-0300][5.273s][info][gc,heap      ] GC(7) Humongous regions: 70->70
[2019-07-24T13:14:54.690-0300][5.273s][info][gc,metaspace ] GC(7) Metaspace: 7674K->7674K(1056768K)
[2019-07-24T13:14:54.690-0300][5.273s][info][gc           ] GC(7) Pause Young (Normal) (G1 Evacuation Pause) 245M->246M(512M) 136.480ms
[2019-07-24T13:14:54.690-0300][5.273s][info][gc,cpu       ] GC(7) User=0.44s Sys=0.02s Real=0.14s
[2019-07-24T13:14:54.957-0300][5.540s][info][gc,start     ] GC(8) Pause Young (Concurrent Start) (G1 Evacuation Pause)
[2019-07-24T13:14:54.957-0300][5.541s][info][gc,task      ] GC(8) Using 4 workers of 4 for evacuation
[2019-07-24T13:14:55.125-0300][5.708s][info][gc,phases    ] GC(8)   Pre Evacuate Collection Set: 0.0ms
[2019-07-24T13:14:55.125-0300][5.708s][info][gc,phases    ] GC(8)   Evacuate Collection Set: 166.0ms
[2019-07-24T13:14:55.125-0300][5.708s][info][gc,phases    ] GC(8)   Post Evacuate Collection Set: 0.9ms
[2019-07-24T13:14:55.125-0300][5.708s][info][gc,phases    ] GC(8)   Other: 0.2ms
[2019-07-24T13:14:55.125-0300][5.708s][info][gc,heap      ] GC(8) Eden regions: 21->0(21)
[2019-07-24T13:14:55.125-0300][5.708s][info][gc,heap      ] GC(8) Survivor regions: 4->4(4)
[2019-07-24T13:14:55.125-0300][5.708s][info][gc,heap      ] GC(8) Old regions: 172->194
[2019-07-24T13:14:55.125-0300][5.708s][info][gc,heap      ] GC(8) Humongous regions: 70->70
[2019-07-24T13:14:55.125-0300][5.708s][info][gc,metaspace ] GC(8) Metaspace: 7674K->7674K(1056768K)
[2019-07-24T13:14:55.125-0300][5.708s][info][gc           ] GC(8) Pause Young (Concurrent Start) (G1 Evacuation Pause) 267M->267M(512M) 167.407ms
[2019-07-24T13:14:55.125-0300][5.708s][info][gc,cpu       ] GC(8) User=0.49s Sys=0.02s Real=0.17s
[2019-07-24T13:14:55.125-0300][5.708s][info][gc           ] GC(9) Concurrent Cycle
[2019-07-24T13:14:55.125-0300][5.708s][info][gc,marking   ] GC(9) Concurrent Clear Claimed Marks
[2019-07-24T13:14:55.125-0300][5.708s][info][gc,marking   ] GC(9) Concurrent Clear Claimed Marks 0.029ms
[2019-07-24T13:14:55.125-0300][5.708s][info][gc,marking   ] GC(9) Concurrent Scan Root Regions
[2019-07-24T13:14:55.131-0300][5.714s][info][gc,marking   ] GC(9) Concurrent Scan Root Regions 6.116ms
[2019-07-24T13:14:55.131-0300][5.714s][info][gc,marking   ] GC(9) Concurrent Mark (5.714s)
[2019-07-24T13:14:55.131-0300][5.714s][info][gc,marking   ] GC(9) Concurrent Mark From Roots
[2019-07-24T13:14:55.131-0300][5.714s][info][gc,task      ] GC(9) Using 1 workers of 1 for marking
[2019-07-24T13:14:55.498-0300][6.081s][info][gc,start     ] GC(10) Pause Young (Normal) (G1 Evacuation Pause)
[2019-07-24T13:14:55.498-0300][6.081s][info][gc,task      ] GC(10) Using 4 workers of 4 for evacuation
[2019-07-24T13:14:55.650-0300][6.233s][info][gc,phases    ] GC(10)   Pre Evacuate Collection Set: 0.0ms
[2019-07-24T13:14:55.650-0300][6.233s][info][gc,phases    ] GC(10)   Evacuate Collection Set: 151.6ms
[2019-07-24T13:14:55.650-0300][6.233s][info][gc,phases    ] GC(10)   Post Evacuate Collection Set: 0.7ms
[2019-07-24T13:14:55.650-0300][6.233s][info][gc,phases    ] GC(10)   Other: 0.1ms
[2019-07-24T13:14:55.650-0300][6.233s][info][gc,heap      ] GC(10) Eden regions: 21->0(21)
[2019-07-24T13:14:55.650-0300][6.233s][info][gc,heap      ] GC(10) Survivor regions: 4->4(4)
[2019-07-24T13:14:55.650-0300][6.233s][info][gc,heap      ] GC(10) Old regions: 194->215
[2019-07-24T13:14:55.650-0300][6.233s][info][gc,heap      ] GC(10) Humongous regions: 70->70
[2019-07-24T13:14:55.650-0300][6.233s][info][gc,metaspace ] GC(10) Metaspace: 7677K->7677K(1056768K)
[2019-07-24T13:14:55.650-0300][6.233s][info][gc           ] GC(10) Pause Young (Normal) (G1 Evacuation Pause) 288M->289M(512M) 152.588ms
[2019-07-24T13:14:55.650-0300][6.233s][info][gc,cpu       ] GC(10) User=0.51s Sys=0.01s Real=0.16s
[2019-07-24T13:14:55.997-0300][6.580s][info][gc,start     ] GC(11) Pause Young (Normal) (G1 Evacuation Pause)
[2019-07-24T13:14:55.997-0300][6.580s][info][gc,task      ] GC(11) Using 4 workers of 4 for evacuation
[2019-07-24T13:14:56.139-0300][6.722s][info][gc,phases    ] GC(11)   Pre Evacuate Collection Set: 0.0ms
[2019-07-24T13:14:56.139-0300][6.722s][info][gc,phases    ] GC(11)   Evacuate Collection Set: 141.0ms
[2019-07-24T13:14:56.139-0300][6.722s][info][gc,phases    ] GC(11)   Post Evacuate Collection Set: 0.9ms
[2019-07-24T13:14:56.139-0300][6.722s][info][gc,phases    ] GC(11)   Other: 0.4ms
[2019-07-24T13:14:56.139-0300][6.722s][info][gc,heap      ] GC(11) Eden regions: 21->0(21)
[2019-07-24T13:14:56.139-0300][6.722s][info][gc,heap      ] GC(11) Survivor regions: 4->4(4)
[2019-07-24T13:14:56.139-0300][6.722s][info][gc,heap      ] GC(11) Old regions: 215->237
[2019-07-24T13:14:56.139-0300][6.722s][info][gc,heap      ] GC(11) Humongous regions: 70->70
[2019-07-24T13:14:56.139-0300][6.722s][info][gc,metaspace ] GC(11) Metaspace: 7679K->7679K(1056768K)
[2019-07-24T13:14:56.139-0300][6.722s][info][gc           ] GC(11) Pause Young (Normal) (G1 Evacuation Pause) 310M->311M(512M) 142.516ms
[2019-07-24T13:14:56.139-0300][6.722s][info][gc,cpu       ] GC(11) User=0.52s Sys=0.01s Real=0.14s
[2019-07-24T13:14:56.567-0300][7.150s][info][gc,start     ] GC(12) Pause Young (Normal) (G1 Evacuation Pause)
[2019-07-24T13:14:56.567-0300][7.150s][info][gc,task      ] GC(12) Using 4 workers of 4 for evacuation
[2019-07-24T13:14:56.729-0300][7.312s][info][gc,phases    ] GC(12)   Pre Evacuate Collection Set: 0.0ms
[2019-07-24T13:14:56.729-0300][7.312s][info][gc,phases    ] GC(12)   Evacuate Collection Set: 160.2ms
[2019-07-24T13:14:56.729-0300][7.312s][info][gc,phases    ] GC(12)   Post Evacuate Collection Set: 1.0ms
[2019-07-24T13:14:56.729-0300][7.312s][info][gc,phases    ] GC(12)   Other: 0.2ms
[2019-07-24T13:14:56.729-0300][7.312s][info][gc,heap      ] GC(12) Eden regions: 21->0(21)
[2019-07-24T13:14:56.729-0300][7.312s][info][gc,heap      ] GC(12) Survivor regions: 4->4(4)
[2019-07-24T13:14:56.729-0300][7.312s][info][gc,heap      ] GC(12) Old regions: 237->259
[2019-07-24T13:14:56.729-0300][7.312s][info][gc,heap      ] GC(12) Humongous regions: 70->70
[2019-07-24T13:14:56.729-0300][7.312s][info][gc,metaspace ] GC(12) Metaspace: 7679K->7679K(1056768K)
[2019-07-24T13:14:56.729-0300][7.312s][info][gc           ] GC(12) Pause Young (Normal) (G1 Evacuation Pause) 332M->333M(512M) 161.489ms
[2019-07-24T13:14:56.729-0300][7.312s][info][gc,cpu       ] GC(12) User=0.55s Sys=0.02s Real=0.16s
[2019-07-24T13:14:57.088-0300][7.671s][info][gc,start     ] GC(13) Pause Young (Normal) (G1 Evacuation Pause)
[2019-07-24T13:14:57.088-0300][7.671s][info][gc,task      ] GC(13) Using 4 workers of 4 for evacuation
[2019-07-24T13:14:57.260-0300][7.843s][info][gc,phases    ] GC(13)   Pre Evacuate Collection Set: 0.0ms
[2019-07-24T13:14:57.260-0300][7.843s][info][gc,phases    ] GC(13)   Evacuate Collection Set: 169.8ms
[2019-07-24T13:14:57.260-0300][7.843s][info][gc,phases    ] GC(13)   Post Evacuate Collection Set: 1.4ms
[2019-07-24T13:14:57.260-0300][7.843s][info][gc,phases    ] GC(13)   Other: 0.2ms
[2019-07-24T13:14:57.260-0300][7.843s][info][gc,heap      ] GC(13) Eden regions: 21->0(21)
[2019-07-24T13:14:57.260-0300][7.843s][info][gc,heap      ] GC(13) Survivor regions: 4->4(4)
[2019-07-24T13:14:57.260-0300][7.843s][info][gc,heap      ] GC(13) Old regions: 259->281
[2019-07-24T13:14:57.260-0300][7.843s][info][gc,heap      ] GC(13) Humongous regions: 70->70
[2019-07-24T13:14:57.260-0300][7.843s][info][gc,metaspace ] GC(13) Metaspace: 7681K->7681K(1056768K)
[2019-07-24T13:14:57.260-0300][7.843s][info][gc           ] GC(13) Pause Young (Normal) (G1 Evacuation Pause) 354M->355M(512M) 171.558ms
[2019-07-24T13:14:57.260-0300][7.843s][info][gc,cpu       ] GC(13) User=0.60s Sys=0.01s Real=0.18s
[2019-07-24T13:14:57.920-0300][8.503s][info][gc,marking   ] GC(9) Concurrent Mark From Roots 2788.575ms
[2019-07-24T13:14:57.920-0300][8.503s][info][gc,marking   ] GC(9) Concurrent Preclean
[2019-07-24T13:14:57.920-0300][8.503s][info][gc,marking   ] GC(9) Concurrent Preclean 0.047ms
[2019-07-24T13:14:57.920-0300][8.503s][info][gc,marking   ] GC(9) Concurrent Mark (5.714s, 8.503s) 2788.716ms
[2019-07-24T13:14:57.920-0300][8.503s][info][gc,start     ] GC(9) Pause Remark
[2019-07-24T13:14:57.922-0300][8.505s][info][gc,stringtable] GC(9) Cleaned string and symbol table, strings: 4968 processed, 5 removed, symbols: 31706 processed, 1 removed
[2019-07-24T13:14:57.923-0300][8.506s][info][gc            ] GC(9) Pause Remark 436M->399M(512M) 2.436ms
[2019-07-24T13:14:57.923-0300][8.506s][info][gc,cpu        ] GC(9) User=0.01s Sys=0.00s Real=0.00s
[2019-07-24T13:14:57.923-0300][8.506s][info][gc,marking    ] GC(9) Concurrent Rebuild Remembered Sets
[2019-07-24T13:14:58.835-0300][9.418s][info][gc,start      ] GC(14) Pause Young (Normal) (G1 Evacuation Pause)
[2019-07-24T13:14:58.835-0300][9.418s][info][gc,task       ] GC(14) Using 4 workers of 4 for evacuation
[2019-07-24T13:14:59.177-0300][9.760s][info][gc,mmu        ] GC(14) MMU target violated: 201.0ms (200.0ms/201.0ms)
[2019-07-24T13:14:59.177-0300][9.760s][info][gc,phases     ] GC(14)   Pre Evacuate Collection Set: 0.0ms
[2019-07-24T13:14:59.177-0300][9.760s][info][gc,phases     ] GC(14)   Evacuate Collection Set: 340.4ms
[2019-07-24T13:14:59.177-0300][9.760s][info][gc,phases     ] GC(14)   Post Evacuate Collection Set: 1.2ms
[2019-07-24T13:14:59.177-0300][9.760s][info][gc,phases     ] GC(14)   Other: 0.3ms
[2019-07-24T13:14:59.177-0300][9.760s][info][gc,heap       ] GC(14) Eden regions: 21->0(21)
[2019-07-24T13:14:59.177-0300][9.760s][info][gc,heap       ] GC(14) Survivor regions: 4->4(4)
[2019-07-24T13:14:59.177-0300][9.760s][info][gc,heap       ] GC(14) Old regions: 281->303
[2019-07-24T13:14:59.177-0300][9.760s][info][gc,heap       ] GC(14) Humongous regions: 98->98
[2019-07-24T13:14:59.177-0300][9.760s][info][gc,metaspace  ] GC(14) Metaspace: 7698K->7698K(1056768K)
[2019-07-24T13:14:59.177-0300][9.760s][info][gc            ] GC(14) Pause Young (Normal) (G1 Evacuation Pause) 404M->404M(512M) 341.941ms
[2019-07-24T13:14:59.177-0300][9.760s][info][gc,cpu        ] GC(14) User=1.01s Sys=0.01s Real=0.34s
[2019-07-24T13:14:59.570-0300][10.153s][info][gc,start      ] GC(15) Pause Young (Normal) (G1 Evacuation Pause)
[2019-07-24T13:14:59.570-0300][10.153s][info][gc,task       ] GC(15) Using 4 workers of 4 for evacuation
[2019-07-24T13:14:59.903-0300][10.487s][info][gc,mmu        ] GC(15) MMU target violated: 201.0ms (200.0ms/201.0ms)
[2019-07-24T13:14:59.904-0300][10.487s][info][gc,phases     ] GC(15)   Pre Evacuate Collection Set: 0.0ms
[2019-07-24T13:14:59.904-0300][10.487s][info][gc,phases     ] GC(15)   Evacuate Collection Set: 332.2ms
[2019-07-24T13:14:59.904-0300][10.487s][info][gc,phases     ] GC(15)   Post Evacuate Collection Set: 0.8ms
[2019-07-24T13:14:59.904-0300][10.487s][info][gc,phases     ] GC(15)   Other: 0.3ms
[2019-07-24T13:14:59.904-0300][10.487s][info][gc,heap       ] GC(15) Eden regions: 21->0(21)
[2019-07-24T13:14:59.904-0300][10.487s][info][gc,heap       ] GC(15) Survivor regions: 4->4(4)
[2019-07-24T13:14:59.904-0300][10.487s][info][gc,heap       ] GC(15) Old regions: 303->325
[2019-07-24T13:14:59.904-0300][10.487s][info][gc,heap       ] GC(15) Humongous regions: 98->98
[2019-07-24T13:14:59.904-0300][10.487s][info][gc,metaspace  ] GC(15) Metaspace: 7698K->7698K(1056768K)
[2019-07-24T13:14:59.904-0300][10.487s][info][gc            ] GC(15) Pause Young (Normal) (G1 Evacuation Pause) 425M->426M(512M) 333.392ms
[2019-07-24T13:14:59.904-0300][10.487s][info][gc,cpu        ] GC(15) User=1.21s Sys=0.00s Real=0.33s
[2019-07-24T13:15:00.390-0300][10.973s][info][gc,start      ] GC(16) Pause Young (Normal) (G1 Evacuation Pause)
[2019-07-24T13:15:00.390-0300][10.973s][info][gc,task       ] GC(16) Using 4 workers of 4 for evacuation
[2019-07-24T13:15:00.824-0300][11.407s][info][gc,mmu        ] GC(16) MMU target violated: 201.0ms (200.0ms/201.0ms)
[2019-07-24T13:15:00.824-0300][11.407s][info][gc,phases     ] GC(16)   Pre Evacuate Collection Set: 0.0ms
[2019-07-24T13:15:00.824-0300][11.407s][info][gc,phases     ] GC(16)   Evacuate Collection Set: 432.8ms
[2019-07-24T13:15:00.824-0300][11.407s][info][gc,phases     ] GC(16)   Post Evacuate Collection Set: 1.0ms
[2019-07-24T13:15:00.824-0300][11.407s][info][gc,phases     ] GC(16)   Other: 0.2ms
[2019-07-24T13:15:00.824-0300][11.407s][info][gc,heap       ] GC(16) Eden regions: 21->0(21)
[2019-07-24T13:15:00.824-0300][11.407s][info][gc,heap       ] GC(16) Survivor regions: 4->4(4)
[2019-07-24T13:15:00.824-0300][11.407s][info][gc,heap       ] GC(16) Old regions: 325->346
[2019-07-24T13:15:00.824-0300][11.407s][info][gc,heap       ] GC(16) Humongous regions: 98->98
[2019-07-24T13:15:00.824-0300][11.407s][info][gc,metaspace  ] GC(16) Metaspace: 7712K->7712K(1056768K)
[2019-07-24T13:15:00.824-0300][11.407s][info][gc            ] GC(16) Pause Young (Normal) (G1 Evacuation Pause) 447M->448M(512M) 434.261ms
[2019-07-24T13:15:00.824-0300][11.407s][info][gc,cpu        ] GC(16) User=1.42s Sys=0.02s Real=0.43s
[2019-07-24T13:15:00.884-0300][11.467s][info][gc,marking    ] GC(9) Concurrent Rebuild Remembered Sets 2961.287ms
[2019-07-24T13:15:00.884-0300][11.467s][info][gc,start      ] GC(9) Pause Cleanup
[2019-07-24T13:15:00.885-0300][11.468s][info][gc            ] GC(9) Pause Cleanup 451M->451M(512M) 0.591ms
[2019-07-24T13:15:00.885-0300][11.468s][info][gc,cpu        ] GC(9) User=0.00s Sys=0.00s Real=0.00s
[2019-07-24T13:15:00.885-0300][11.468s][info][gc,marking    ] GC(9) Concurrent Cleanup for Next Mark
[2019-07-24T13:15:00.900-0300][11.483s][info][gc,marking    ] GC(9) Concurrent Cleanup for Next Mark 15.122ms
[2019-07-24T13:15:00.900-0300][11.483s][info][gc            ] GC(9) Concurrent Cycle 5775.330ms
[2019-07-24T13:15:01.169-0300][11.752s][info][gc,start      ] GC(17) Pause Young (Normal) (G1 Evacuation Pause)
[2019-07-24T13:15:01.169-0300][11.752s][info][gc,task       ] GC(17) Using 4 workers of 4 for evacuation
[2019-07-24T13:15:01.591-0300][12.174s][info][gc,mmu        ] GC(17) MMU target violated: 201.0ms (200.0ms/201.0ms)
[2019-07-24T13:15:01.591-0300][12.174s][info][gc,phases     ] GC(17)   Pre Evacuate Collection Set: 0.0ms
[2019-07-24T13:15:01.591-0300][12.174s][info][gc,phases     ] GC(17)   Evacuate Collection Set: 420.3ms
[2019-07-24T13:15:01.591-0300][12.174s][info][gc,phases     ] GC(17)   Post Evacuate Collection Set: 1.1ms
[2019-07-24T13:15:01.591-0300][12.174s][info][gc,phases     ] GC(17)   Other: 0.2ms
[2019-07-24T13:15:01.591-0300][12.174s][info][gc,heap       ] GC(17) Eden regions: 21->0(21)
[2019-07-24T13:15:01.591-0300][12.174s][info][gc,heap       ] GC(17) Survivor regions: 4->4(4)
[2019-07-24T13:15:01.591-0300][12.174s][info][gc,heap       ] GC(17) Old regions: 346->368
[2019-07-24T13:15:01.591-0300][12.174s][info][gc,heap       ] GC(17) Humongous regions: 98->98
[2019-07-24T13:15:01.591-0300][12.174s][info][gc,metaspace  ] GC(17) Metaspace: 7712K->7712K(1056768K)
[2019-07-24T13:15:01.591-0300][12.174s][info][gc            ] GC(17) Pause Young (Normal) (G1 Evacuation Pause) 469M->469M(512M) 421.747ms
[2019-07-24T13:15:01.591-0300][12.174s][info][gc,cpu        ] GC(17) User=1.13s Sys=0.02s Real=0.43s
[2019-07-24T13:15:01.929-0300][12.512s][info][gc,start      ] GC(18) Pause Young (Concurrent Start) (G1 Evacuation Pause)
[2019-07-24T13:15:01.930-0300][12.513s][info][gc,task       ] GC(18) Using 4 workers of 4 for evacuation
[2019-07-24T13:15:02.314-0300][12.897s][info][gc,mmu        ] GC(18) MMU target violated: 201.0ms (200.0ms/201.0ms)
[2019-07-24T13:15:02.314-0300][12.897s][info][gc            ] GC(18) To-space exhausted
[2019-07-24T13:15:02.314-0300][12.897s][info][gc,phases     ] GC(18)   Pre Evacuate Collection Set: 0.0ms
[2019-07-24T13:15:02.314-0300][12.897s][info][gc,phases     ] GC(18)   Evacuate Collection Set: 366.5ms
[2019-07-24T13:15:02.314-0300][12.897s][info][gc,phases     ] GC(18)   Post Evacuate Collection Set: 17.6ms
[2019-07-24T13:15:02.314-0300][12.897s][info][gc,phases     ] GC(18)   Other: 0.3ms
[2019-07-24T13:15:02.314-0300][12.897s][info][gc,heap       ] GC(18) Eden regions: 21->0(21)
[2019-07-24T13:15:02.314-0300][12.897s][info][gc,heap       ] GC(18) Survivor regions: 4->4(4)
[2019-07-24T13:15:02.314-0300][12.897s][info][gc,heap       ] GC(18) Old regions: 368->408
[2019-07-24T13:15:02.314-0300][12.897s][info][gc,heap       ] GC(18) Humongous regions: 98->98
[2019-07-24T13:15:02.314-0300][12.897s][info][gc,metaspace  ] GC(18) Metaspace: 7712K->7712K(1056768K)
[2019-07-24T13:15:02.314-0300][12.897s][info][gc            ] GC(18) Pause Young (Concurrent Start) (G1 Evacuation Pause) 490M->510M(512M) 384.576ms
[2019-07-24T13:15:02.314-0300][12.897s][info][gc,cpu        ] GC(18) User=1.32s Sys=0.03s Real=0.39s
[2019-07-24T13:15:02.314-0300][12.897s][info][gc            ] GC(19) Concurrent Cycle
[2019-07-24T13:15:02.314-0300][12.897s][info][gc,marking    ] GC(19) Concurrent Clear Claimed Marks
[2019-07-24T13:15:02.314-0300][12.897s][info][gc,marking    ] GC(19) Concurrent Clear Claimed Marks 0.019ms
[2019-07-24T13:15:02.314-0300][12.897s][info][gc,marking    ] GC(19) Concurrent Scan Root Regions
[2019-07-24T13:15:02.320-0300][12.903s][info][gc,marking    ] GC(19) Concurrent Scan Root Regions 5.779ms
[2019-07-24T13:15:02.320-0300][12.903s][info][gc,marking    ] GC(19) Concurrent Mark (12.903s)
[2019-07-24T13:15:02.320-0300][12.903s][info][gc,marking    ] GC(19) Concurrent Mark From Roots
[2019-07-24T13:15:02.320-0300][12.903s][info][gc,task       ] GC(19) Using 1 workers of 1 for marking
[2019-07-24T13:15:02.355-0300][12.938s][info][gc,start      ] GC(20) Pause Young (Normal) (G1 Evacuation Pause)
[2019-07-24T13:15:02.355-0300][12.938s][info][gc,task       ] GC(20) Using 4 workers of 4 for evacuation
[2019-07-24T13:15:02.685-0300][13.267s][info][gc,mmu        ] GC(20) MMU target violated: 201.0ms (200.0ms/201.0ms)
[2019-07-24T13:15:02.685-0300][13.268s][info][gc            ] GC(20) To-space exhausted
[2019-07-24T13:15:02.685-0300][13.268s][info][gc,phases     ] GC(20)   Pre Evacuate Collection Set: 0.0ms
[2019-07-24T13:15:02.685-0300][13.268s][info][gc,phases     ] GC(20)   Evacuate Collection Set: 317.5ms
[2019-07-24T13:15:02.685-0300][13.268s][info][gc,phases     ] GC(20)   Post Evacuate Collection Set: 11.9ms
[2019-07-24T13:15:02.685-0300][13.268s][info][gc,phases     ] GC(20)   Other: 0.2ms
[2019-07-24T13:15:02.685-0300][13.268s][info][gc,heap       ] GC(20) Eden regions: 2->0(25)
[2019-07-24T13:15:02.685-0300][13.268s][info][gc,heap       ] GC(20) Survivor regions: 4->0(4)
[2019-07-24T13:15:02.685-0300][13.268s][info][gc,heap       ] GC(20) Old regions: 408->414
[2019-07-24T13:15:02.685-0300][13.268s][info][gc,heap       ] GC(20) Humongous regions: 98->98
[2019-07-24T13:15:02.685-0300][13.268s][info][gc,metaspace  ] GC(20) Metaspace: 7712K->7712K(1056768K)
[2019-07-24T13:15:02.685-0300][13.268s][info][gc            ] GC(20) Pause Young (Normal) (G1 Evacuation Pause) 512M->512M(512M) 329.771ms
[2019-07-24T13:15:02.685-0300][13.268s][info][gc,cpu        ] GC(20) User=0.91s Sys=0.01s Real=0.33s
[2019-07-24T13:15:02.685-0300][13.268s][info][gc,task       ] GC(21) Using 4 workers of 4 for full compaction
[2019-07-24T13:15:02.685-0300][13.268s][info][gc,start      ] GC(21) Pause Full (G1 Evacuation Pause)
[2019-07-24T13:15:02.686-0300][13.269s][info][gc,phases,start] GC(21) Phase 1: Mark live objects
[2019-07-24T13:15:03.389-0300][13.972s][info][gc,stringtable ] GC(21) Cleaned string and symbol table, strings: 4981 processed, 6 removed, symbols: 31705 processed, 0 removed
[2019-07-24T13:15:03.389-0300][13.972s][info][gc,phases      ] GC(21) Phase 1: Mark live objects 703.004ms
[2019-07-24T13:15:03.389-0300][13.972s][info][gc,phases,start] GC(21) Phase 2: Prepare for compaction
[2019-07-24T13:15:03.490-0300][14.072s][info][gc,phases      ] GC(21) Phase 2: Prepare for compaction 100.594ms
[2019-07-24T13:15:03.490-0300][14.073s][info][gc,phases,start] GC(21) Phase 3: Adjust pointers
[2019-07-24T13:15:03.883-0300][14.466s][info][gc,phases      ] GC(21) Phase 3: Adjust pointers 393.690ms
[2019-07-24T13:15:03.883-0300][14.466s][info][gc,phases,start] GC(21) Phase 4: Compact heap
[2019-07-24T13:15:03.991-0300][14.574s][info][gc,phases      ] GC(21) Phase 4: Compact heap 107.540ms
[2019-07-24T13:15:04.121-0300][14.704s][info][gc,heap        ] GC(21) Eden regions: 0->0(25)
[2019-07-24T13:15:04.121-0300][14.704s][info][gc,heap        ] GC(21) Survivor regions: 0->0(4)
[2019-07-24T13:15:04.121-0300][14.704s][info][gc,heap        ] GC(21) Old regions: 414->381
[2019-07-24T13:15:04.121-0300][14.704s][info][gc,heap        ] GC(21) Humongous regions: 98->65
[2019-07-24T13:15:04.121-0300][14.704s][info][gc,metaspace   ] GC(21) Metaspace: 7712K->7696K(1056768K)
[2019-07-24T13:15:04.121-0300][14.704s][info][gc             ] GC(21) Pause Full (G1 Evacuation Pause) 512M->444M(512M) 1436.600ms
[2019-07-24T13:15:04.122-0300][14.705s][info][gc,cpu         ] GC(21) User=4.82s Sys=0.18s Real=1.44s
[2019-07-24T13:15:04.122-0300][14.705s][info][gc,marking     ] GC(19) Concurrent Mark From Roots 1801.592ms
[2019-07-24T13:15:04.122-0300][14.705s][info][gc,marking     ] GC(19) Concurrent Mark Abort
[2019-07-24T13:15:04.122-0300][14.705s][info][gc             ] GC(19) Concurrent Cycle 1807.593ms
[2019-07-24T13:15:04.544-0300][15.127s][info][gc,start       ] GC(22) Pause Young (Normal) (G1 Evacuation Pause)
[2019-07-24T13:15:04.544-0300][15.127s][info][gc,task        ] GC(22) Using 4 workers of 4 for evacuation
[2019-07-24T13:15:05.023-0300][15.606s][info][gc,mmu         ] GC(22) MMU target violated: 201.0ms (200.0ms/201.0ms)
[2019-07-24T13:15:05.023-0300][15.606s][info][gc,phases      ] GC(22)   Pre Evacuate Collection Set: 0.0ms
[2019-07-24T13:15:05.023-0300][15.606s][info][gc,phases      ] GC(22)   Evacuate Collection Set: 477.6ms
[2019-07-24T13:15:05.023-0300][15.606s][info][gc,phases      ] GC(22)   Post Evacuate Collection Set: 1.0ms
[2019-07-24T13:15:05.023-0300][15.606s][info][gc,phases      ] GC(22)   Other: 0.3ms
[2019-07-24T13:15:05.023-0300][15.606s][info][gc,heap        ] GC(22) Eden regions: 25->0(21)
[2019-07-24T13:15:05.023-0300][15.606s][info][gc,heap        ] GC(22) Survivor regions: 0->4(4)
[2019-07-24T13:15:05.023-0300][15.606s][info][gc,heap        ] GC(22) Old regions: 381->402
[2019-07-24T13:15:05.023-0300][15.606s][info][gc,heap        ] GC(22) Humongous regions: 65->65
[2019-07-24T13:15:05.023-0300][15.606s][info][gc,metaspace   ] GC(22) Metaspace: 7696K->7696K(1056768K)
[2019-07-24T13:15:05.023-0300][15.606s][info][gc             ] GC(22) Pause Young (Normal) (G1 Evacuation Pause) 469M->469M(512M) 478.991ms
[2019-07-24T13:15:05.023-0300][15.606s][info][gc,cpu         ] GC(22) User=1.23s Sys=0.01s Real=0.48s
[2019-07-24T13:15:05.346-0300][15.929s][info][gc,start       ] GC(23) Pause Young (Concurrent Start) (G1 Evacuation Pause)
[2019-07-24T13:15:05.346-0300][15.929s][info][gc,task        ] GC(23) Using 4 workers of 4 for evacuation
[2019-07-24T13:15:05.792-0300][16.375s][info][gc,mmu         ] GC(23) MMU target violated: 201.0ms (200.0ms/201.0ms)
[2019-07-24T13:15:05.792-0300][16.375s][info][gc             ] GC(23) To-space exhausted
[2019-07-24T13:15:05.792-0300][16.375s][info][gc,phases      ] GC(23)   Pre Evacuate Collection Set: 0.0ms
[2019-07-24T13:15:05.792-0300][16.375s][info][gc,phases      ] GC(23)   Evacuate Collection Set: 424.9ms
[2019-07-24T13:15:05.792-0300][16.375s][info][gc,phases      ] GC(23)   Post Evacuate Collection Set: 20.8ms
[2019-07-24T13:15:05.792-0300][16.375s][info][gc,phases      ] GC(23)   Other: 0.2ms
[2019-07-24T13:15:05.792-0300][16.375s][info][gc,heap        ] GC(23) Eden regions: 21->0(21)
[2019-07-24T13:15:05.792-0300][16.375s][info][gc,heap        ] GC(23) Survivor regions: 4->4(4)
[2019-07-24T13:15:05.792-0300][16.375s][info][gc,heap        ] GC(23) Old regions: 402->440
[2019-07-24T13:15:05.792-0300][16.375s][info][gc,heap        ] GC(23) Humongous regions: 65->65
[2019-07-24T13:15:05.792-0300][16.375s][info][gc,metaspace   ] GC(23) Metaspace: 7696K->7696K(1056768K)
[2019-07-24T13:15:05.792-0300][16.375s][info][gc             ] GC(23) Pause Young (Concurrent Start) (G1 Evacuation Pause) 490M->507M(512M) 445.988ms
[2019-07-24T13:15:05.792-0300][16.375s][info][gc,cpu         ] GC(23) User=1.41s Sys=0.01s Real=0.45s
[2019-07-24T13:15:05.792-0300][16.375s][info][gc             ] GC(24) Concurrent Cycle
[2019-07-24T13:15:05.792-0300][16.375s][info][gc,marking     ] GC(24) Concurrent Clear Claimed Marks
[2019-07-24T13:15:05.792-0300][16.375s][info][gc,marking     ] GC(24) Concurrent Clear Claimed Marks 0.016ms
[2019-07-24T13:15:05.792-0300][16.375s][info][gc,marking     ] GC(24) Concurrent Scan Root Regions
[2019-07-24T13:15:05.798-0300][16.381s][info][gc,marking     ] GC(24) Concurrent Scan Root Regions 5.921ms
[2019-07-24T13:15:05.798-0300][16.381s][info][gc,marking     ] GC(24) Concurrent Mark (16.381s)
[2019-07-24T13:15:05.798-0300][16.381s][info][gc,marking     ] GC(24) Concurrent Mark From Roots
[2019-07-24T13:15:05.798-0300][16.381s][info][gc,task        ] GC(24) Using 1 workers of 1 for marking
[2019-07-24T13:15:05.871-0300][16.454s][info][gc,start       ] GC(25) Pause Young (Normal) (G1 Evacuation Pause)
[2019-07-24T13:15:05.871-0300][16.454s][info][gc,task        ] GC(25) Using 4 workers of 4 for evacuation
[2019-07-24T13:15:06.141-0300][16.724s][info][gc,mmu         ] GC(25) MMU target violated: 201.0ms (200.0ms/201.0ms)
[2019-07-24T13:15:06.141-0300][16.724s][info][gc             ] GC(25) To-space exhausted
[2019-07-24T13:15:06.141-0300][16.724s][info][gc,phases      ] GC(25)   Pre Evacuate Collection Set: 0.0ms
[2019-07-24T13:15:06.141-0300][16.724s][info][gc,phases      ] GC(25)   Evacuate Collection Set: 258.0ms
[2019-07-24T13:15:06.141-0300][16.724s][info][gc,phases      ] GC(25)   Post Evacuate Collection Set: 11.1ms
[2019-07-24T13:15:06.141-0300][16.724s][info][gc,phases      ] GC(25)   Other: 0.2ms
[2019-07-24T13:15:06.141-0300][16.724s][info][gc,heap        ] GC(25) Eden regions: 3->0(25)
[2019-07-24T13:15:06.141-0300][16.724s][info][gc,heap        ] GC(25) Survivor regions: 4->0(4)
[2019-07-24T13:15:06.141-0300][16.724s][info][gc,heap        ] GC(25) Old regions: 440->447
[2019-07-24T13:15:06.141-0300][16.724s][info][gc,heap        ] GC(25) Humongous regions: 65->65
[2019-07-24T13:15:06.141-0300][16.724s][info][gc,metaspace   ] GC(25) Metaspace: 7696K->7696K(1056768K)
[2019-07-24T13:15:06.141-0300][16.724s][info][gc             ] GC(25) Pause Young (Normal) (G1 Evacuation Pause) 510M->510M(512M) 269.419ms
[2019-07-24T13:15:06.141-0300][16.724s][info][gc,cpu         ] GC(25) User=0.87s Sys=0.00s Real=0.27s
[2019-07-24T13:15:06.141-0300][16.724s][info][gc,task        ] GC(26) Using 4 workers of 4 for full compaction
[2019-07-24T13:15:06.141-0300][16.724s][info][gc,start       ] GC(26) Pause Full (G1 Evacuation Pause)
[2019-07-24T13:15:06.142-0300][16.725s][info][gc,phases,start] GC(26) Phase 1: Mark live objects
[2019-07-24T13:15:06.963-0300][17.546s][info][gc,stringtable ] GC(26) Cleaned string and symbol table, strings: 4991 processed, 0 removed, symbols: 31705 processed, 3 removed
[2019-07-24T13:15:06.963-0300][17.546s][info][gc,phases      ] GC(26) Phase 1: Mark live objects 821.167ms
[2019-07-24T13:15:06.963-0300][17.546s][info][gc,phases,start] GC(26) Phase 2: Prepare for compaction
[2019-07-24T13:15:07.067-0300][17.650s][info][gc,phases      ] GC(26) Phase 2: Prepare for compaction 103.845ms
[2019-07-24T13:15:07.067-0300][17.650s][info][gc,phases,start] GC(26) Phase 3: Adjust pointers
[2019-07-24T13:15:07.470-0300][18.053s][info][gc,phases      ] GC(26) Phase 3: Adjust pointers 403.239ms
[2019-07-24T13:15:07.470-0300][18.053s][info][gc,phases,start] GC(26) Phase 4: Compact heap
[2019-07-24T13:15:07.551-0300][18.134s][info][gc,phases      ] GC(26) Phase 4: Compact heap 80.670ms
[2019-07-24T13:15:07.708-0300][18.291s][info][gc,heap        ] GC(26) Eden regions: 0->0(25)
[2019-07-24T13:15:07.708-0300][18.291s][info][gc,heap        ] GC(26) Survivor regions: 0->0(4)
[2019-07-24T13:15:07.708-0300][18.291s][info][gc,heap        ] GC(26) Old regions: 447->430
[2019-07-24T13:15:07.708-0300][18.291s][info][gc,heap        ] GC(26) Humongous regions: 65->65
[2019-07-24T13:15:07.708-0300][18.291s][info][gc,metaspace   ] GC(26) Metaspace: 7696K->7696K(1056768K)
[2019-07-24T13:15:07.708-0300][18.291s][info][gc             ] GC(26) Pause Full (G1 Evacuation Pause) 510M->492M(512M) 1567.196ms
[2019-07-24T13:15:07.708-0300][18.291s][info][gc,cpu         ] GC(26) User=5.21s Sys=0.17s Real=1.56s
[2019-07-24T13:15:07.708-0300][18.291s][info][gc,marking     ] GC(24) Concurrent Mark From Roots 1910.282ms
[2019-07-24T13:15:07.708-0300][18.291s][info][gc,marking     ] GC(24) Concurrent Mark Abort
[2019-07-24T13:15:07.708-0300][18.291s][info][gc             ] GC(24) Concurrent Cycle 1916.454ms
[2019-07-24T13:15:07.974-0300][18.557s][info][gc,start       ] GC(27) Pause Young (Normal) (G1 Evacuation Pause)
[2019-07-24T13:15:07.974-0300][18.557s][info][gc,task        ] GC(27) Using 4 workers of 4 for evacuation
[2019-07-24T13:15:08.404-0300][18.986s][info][gc,mmu         ] GC(27) MMU target violated: 201.0ms (200.0ms/201.0ms)
[2019-07-24T13:15:08.404-0300][18.986s][info][gc             ] GC(27) To-space exhausted
[2019-07-24T13:15:08.404-0300][18.986s][info][gc,phases      ] GC(27)   Pre Evacuate Collection Set: 0.0ms
[2019-07-24T13:15:08.404-0300][18.986s][info][gc,phases      ] GC(27)   Evacuate Collection Set: 403.7ms
[2019-07-24T13:15:08.404-0300][18.986s][info][gc,phases      ] GC(27)   Post Evacuate Collection Set: 25.7ms
[2019-07-24T13:15:08.404-0300][18.986s][info][gc,phases      ] GC(27)   Other: 0.3ms
[2019-07-24T13:15:08.404-0300][18.986s][info][gc,heap        ] GC(27) Eden regions: 17->0(25)
[2019-07-24T13:15:08.404-0300][18.986s][info][gc,heap        ] GC(27) Survivor regions: 0->0(4)
[2019-07-24T13:15:08.404-0300][18.986s][info][gc,heap        ] GC(27) Old regions: 430->447
[2019-07-24T13:15:08.404-0300][18.986s][info][gc,heap        ] GC(27) Humongous regions: 65->65
[2019-07-24T13:15:08.404-0300][18.986s][info][gc,metaspace   ] GC(27) Metaspace: 7696K->7696K(1056768K)
[2019-07-24T13:15:08.404-0300][18.986s][info][gc             ] GC(27) Pause Young (Normal) (G1 Evacuation Pause) 509M->509M(512M) 429.838ms
[2019-07-24T13:15:08.404-0300][18.987s][info][gc,cpu         ] GC(27) User=1.39s Sys=0.01s Real=0.43s
[2019-07-24T13:15:08.404-0300][18.987s][info][gc,task        ] GC(28) Using 4 workers of 4 for full compaction
[2019-07-24T13:15:08.404-0300][18.987s][info][gc,start       ] GC(28) Pause Full (G1 Evacuation Pause)
[2019-07-24T13:15:08.404-0300][18.987s][info][gc,phases,start] GC(28) Phase 1: Mark live objects
[2019-07-24T13:15:09.216-0300][19.799s][info][gc,stringtable ] GC(28) Cleaned string and symbol table, strings: 4992 processed, 0 removed, symbols: 31702 processed, 0 removed
[2019-07-24T13:15:09.216-0300][19.799s][info][gc,phases      ] GC(28) Phase 1: Mark live objects 811.987ms
[2019-07-24T13:15:09.216-0300][19.799s][info][gc,phases,start] GC(28) Phase 2: Prepare for compaction
[2019-07-24T13:15:09.317-0300][19.900s][info][gc,phases      ] GC(28) Phase 2: Prepare for compaction 100.960ms
[2019-07-24T13:15:09.317-0300][19.900s][info][gc,phases,start] GC(28) Phase 3: Adjust pointers
[2019-07-24T13:15:09.790-0300][20.372s][info][gc,phases      ] GC(28) Phase 3: Adjust pointers 472.725ms
[2019-07-24T13:15:09.790-0300][20.372s][info][gc,phases,start] GC(28) Phase 4: Compact heap
[2019-07-24T13:15:09.887-0300][20.470s][info][gc,phases      ] GC(28) Phase 4: Compact heap 97.387ms
[2019-07-24T13:15:10.050-0300][20.633s][info][gc,heap        ] GC(28) Eden regions: 0->0(25)
[2019-07-24T13:15:10.050-0300][20.633s][info][gc,heap        ] GC(28) Survivor regions: 0->0(4)
[2019-07-24T13:15:10.050-0300][20.633s][info][gc,heap        ] GC(28) Old regions: 447->446
[2019-07-24T13:15:10.050-0300][20.633s][info][gc,heap        ] GC(28) Humongous regions: 65->65
[2019-07-24T13:15:10.050-0300][20.633s][info][gc,metaspace   ] GC(28) Metaspace: 7696K->7696K(1056768K)
[2019-07-24T13:15:10.050-0300][20.633s][info][gc             ] GC(28) Pause Full (G1 Evacuation Pause) 509M->509M(512M) 1646.079ms
[2019-07-24T13:15:10.050-0300][20.633s][info][gc,cpu         ] GC(28) User=5.42s Sys=0.15s Real=1.65s
[2019-07-24T13:15:10.059-0300][20.642s][info][gc,start       ] GC(29) Pause Young (Concurrent Start) (G1 Evacuation Pause)
[2019-07-24T13:15:10.059-0300][20.642s][info][gc,task        ] GC(29) Using 4 workers of 4 for evacuation
[2019-07-24T13:15:10.253-0300][20.836s][info][gc             ] GC(29) To-space exhausted
[2019-07-24T13:15:10.253-0300][20.836s][info][gc,phases      ] GC(29)   Pre Evacuate Collection Set: 0.0ms
[2019-07-24T13:15:10.253-0300][20.836s][info][gc,phases      ] GC(29)   Evacuate Collection Set: 189.5ms
[2019-07-24T13:15:10.253-0300][20.836s][info][gc,phases      ] GC(29)   Post Evacuate Collection Set: 4.2ms
[2019-07-24T13:15:10.253-0300][20.836s][info][gc,phases      ] GC(29)   Other: 0.2ms
[2019-07-24T13:15:10.253-0300][20.836s][info][gc,heap        ] GC(29) Eden regions: 1->0(25)
[2019-07-24T13:15:10.253-0300][20.836s][info][gc,heap        ] GC(29) Survivor regions: 0->0(4)
[2019-07-24T13:15:10.253-0300][20.836s][info][gc,heap        ] GC(29) Old regions: 446->447
[2019-07-24T13:15:10.253-0300][20.836s][info][gc,heap        ] GC(29) Humongous regions: 65->65
[2019-07-24T13:15:10.253-0300][20.836s][info][gc,metaspace   ] GC(29) Metaspace: 7696K->7696K(1056768K)
[2019-07-24T13:15:10.253-0300][20.836s][info][gc             ] GC(29) Pause Young (Concurrent Start) (G1 Evacuation Pause) 510M->510M(512M) 194.008ms
[2019-07-24T13:15:10.253-0300][20.836s][info][gc,cpu         ] GC(29) User=0.54s Sys=0.00s Real=0.20s
[2019-07-24T13:15:10.254-0300][20.836s][info][gc,task        ] GC(30) Using 4 workers of 4 for full compaction
[2019-07-24T13:15:10.254-0300][20.836s][info][gc             ] GC(31) Concurrent Cycle
[2019-07-24T13:15:10.254-0300][20.836s][info][gc,start       ] GC(30) Pause Full (G1 Evacuation Pause)
[2019-07-24T13:15:10.254-0300][20.836s][info][gc,marking     ] GC(31) Concurrent Clear Claimed Marks
[2019-07-24T13:15:10.254-0300][20.836s][info][gc,marking     ] GC(31) Concurrent Clear Claimed Marks 0.034ms
[2019-07-24T13:15:10.254-0300][20.836s][info][gc,marking     ] GC(31) Concurrent Scan Root Regions
[2019-07-24T13:15:10.254-0300][20.836s][info][gc,marking     ] GC(31) Concurrent Scan Root Regions 0.011ms
[2019-07-24T13:15:10.254-0300][20.836s][info][gc,marking     ] GC(31) Concurrent Mark (20.836s)
[2019-07-24T13:15:10.254-0300][20.836s][info][gc,marking     ] GC(31) Concurrent Mark From Roots
[2019-07-24T13:15:10.254-0300][20.836s][info][gc,task        ] GC(31) Using 1 workers of 1 for marking
[2019-07-24T13:15:10.255-0300][20.837s][info][gc,phases,start] GC(30) Phase 1: Mark live objects
[2019-07-24T13:15:11.209-0300][21.792s][info][gc,stringtable ] GC(30) Cleaned string and symbol table, strings: 4992 processed, 0 removed, symbols: 31702 processed, 0 removed
[2019-07-24T13:15:11.209-0300][21.792s][info][gc,phases      ] GC(30) Phase 1: Mark live objects 954.162ms
[2019-07-24T13:15:11.209-0300][21.792s][info][gc,phases,start] GC(30) Phase 2: Prepare for compaction
[2019-07-24T13:15:11.324-0300][21.906s][info][gc,phases      ] GC(30) Phase 2: Prepare for compaction 114.626ms
[2019-07-24T13:15:11.324-0300][21.906s][info][gc,phases,start] GC(30) Phase 3: Adjust pointers
[2019-07-24T13:15:11.754-0300][22.337s][info][gc,phases      ] GC(30) Phase 3: Adjust pointers 430.430ms
[2019-07-24T13:15:11.754-0300][22.337s][info][gc,phases,start] GC(30) Phase 4: Compact heap
[2019-07-24T13:15:11.843-0300][22.426s][info][gc,phases      ] GC(30) Phase 4: Compact heap 89.089ms
[2019-07-24T13:15:12.003-0300][22.586s][info][gc,heap        ] GC(30) Eden regions: 0->0(25)
[2019-07-24T13:15:12.003-0300][22.586s][info][gc,heap        ] GC(30) Survivor regions: 0->0(4)
[2019-07-24T13:15:12.003-0300][22.586s][info][gc,heap        ] GC(30) Old regions: 447->446
[2019-07-24T13:15:12.003-0300][22.586s][info][gc,heap        ] GC(30) Humongous regions: 65->65
[2019-07-24T13:15:12.003-0300][22.586s][info][gc,metaspace   ] GC(30) Metaspace: 7696K->7696K(1056768K)
[2019-07-24T13:15:12.003-0300][22.586s][info][gc             ] GC(30) Pause Full (G1 Evacuation Pause) 510M->510M(512M) 1749.609ms
[2019-07-24T13:15:12.003-0300][22.586s][info][gc,cpu         ] GC(30) User=5.42s Sys=0.13s Real=1.75s
[2019-07-24T13:15:12.003-0300][22.586s][info][gc,marking     ] GC(31) Concurrent Mark From Roots 1749.654ms
[2019-07-24T13:15:12.003-0300][22.586s][info][gc,marking     ] GC(31) Concurrent Mark Abort
[2019-07-24T13:15:12.003-0300][22.586s][info][gc             ] GC(31) Concurrent Cycle 1749.821ms
[2019-07-24T13:15:12.014-0300][22.597s][info][gc,start       ] GC(32) Pause Young (Normal) (G1 Evacuation Pause)
[2019-07-24T13:15:12.014-0300][22.597s][info][gc,task        ] GC(32) Using 4 workers of 4 for evacuation
[2019-07-24T13:15:12.163-0300][22.745s][info][gc             ] GC(32) To-space exhausted
[2019-07-24T13:15:12.163-0300][22.746s][info][gc,phases      ] GC(32)   Pre Evacuate Collection Set: 0.0ms
[2019-07-24T13:15:12.163-0300][22.746s][info][gc,phases      ] GC(32)   Evacuate Collection Set: 143.5ms
[2019-07-24T13:15:12.163-0300][22.746s][info][gc,phases      ] GC(32)   Post Evacuate Collection Set: 5.1ms
[2019-07-24T13:15:12.163-0300][22.746s][info][gc,phases      ] GC(32)   Other: 0.3ms
[2019-07-24T13:15:12.163-0300][22.746s][info][gc,heap        ] GC(32) Eden regions: 1->0(25)
[2019-07-24T13:15:12.163-0300][22.746s][info][gc,heap        ] GC(32) Survivor regions: 0->0(4)
[2019-07-24T13:15:12.163-0300][22.746s][info][gc,heap        ] GC(32) Old regions: 446->447
[2019-07-24T13:15:12.163-0300][22.746s][info][gc,heap        ] GC(32) Humongous regions: 65->65
[2019-07-24T13:15:12.163-0300][22.746s][info][gc,metaspace   ] GC(32) Metaspace: 7696K->7696K(1056768K)
[2019-07-24T13:15:12.163-0300][22.746s][info][gc             ] GC(32) Pause Young (Normal) (G1 Evacuation Pause) 511M->511M(512M) 148.902ms
[2019-07-24T13:15:12.163-0300][22.746s][info][gc,cpu         ] GC(32) User=0.54s Sys=0.00s Real=0.15s
[2019-07-24T13:15:12.163-0300][22.746s][info][gc,task        ] GC(33) Using 4 workers of 4 for full compaction
[2019-07-24T13:15:12.163-0300][22.746s][info][gc,start       ] GC(33) Pause Full (G1 Evacuation Pause)
[2019-07-24T13:15:12.163-0300][22.746s][info][gc,phases,start] GC(33) Phase 1: Mark live objects
[2019-07-24T13:15:13.093-0300][23.676s][info][gc,stringtable ] GC(33) Cleaned string and symbol table, strings: 4992 processed, 0 removed, symbols: 31702 processed, 0 removed
[2019-07-24T13:15:13.093-0300][23.676s][info][gc,phases      ] GC(33) Phase 1: Mark live objects 929.957ms
[2019-07-24T13:15:13.093-0300][23.676s][info][gc,phases,start] GC(33) Phase 2: Prepare for compaction
[2019-07-24T13:15:13.208-0300][23.791s][info][gc,phases      ] GC(33) Phase 2: Prepare for compaction 114.851ms
[2019-07-24T13:15:13.208-0300][23.791s][info][gc,phases,start] GC(33) Phase 3: Adjust pointers
[2019-07-24T13:15:13.595-0300][24.178s][info][gc,phases      ] GC(33) Phase 3: Adjust pointers 387.409ms
[2019-07-24T13:15:13.595-0300][24.178s][info][gc,phases,start] GC(33) Phase 4: Compact heap
[2019-07-24T13:15:13.668-0300][24.250s][info][gc,phases      ] GC(33) Phase 4: Compact heap 72.200ms
[2019-07-24T13:15:13.811-0300][24.394s][info][gc,heap        ] GC(33) Eden regions: 0->0(25)
[2019-07-24T13:15:13.811-0300][24.394s][info][gc,heap        ] GC(33) Survivor regions: 0->0(4)
[2019-07-24T13:15:13.811-0300][24.394s][info][gc,heap        ] GC(33) Old regions: 447->447
[2019-07-24T13:15:13.811-0300][24.394s][info][gc,heap        ] GC(33) Humongous regions: 65->65
[2019-07-24T13:15:13.811-0300][24.394s][info][gc,metaspace   ] GC(33) Metaspace: 7696K->7696K(1056768K)
[2019-07-24T13:15:13.811-0300][24.394s][info][gc             ] GC(33) Pause Full (G1 Evacuation Pause) 511M->511M(512M) 1648.358ms
[2019-07-24T13:15:13.811-0300][24.394s][info][gc,cpu         ] GC(33) User=5.38s Sys=0.13s Real=1.65s
[2019-07-24T13:15:13.811-0300][24.394s][info][gc,task        ] GC(34) Using 4 workers of 4 for full compaction
[2019-07-24T13:15:13.811-0300][24.394s][info][gc,start       ] GC(34) Pause Full (G1 Evacuation Pause)
[2019-07-24T13:15:13.812-0300][24.394s][info][gc,phases,start] GC(34) Phase 1: Mark live objects
[2019-07-24T13:15:14.742-0300][25.324s][info][gc,stringtable ] GC(34) Cleaned string and symbol table, strings: 4992 processed, 0 removed, symbols: 31702 processed, 0 removed
[2019-07-24T13:15:14.742-0300][25.324s][info][gc,phases      ] GC(34) Phase 1: Mark live objects 930.144ms
[2019-07-24T13:15:14.742-0300][25.324s][info][gc,phases,start] GC(34) Phase 2: Prepare for compaction
[2019-07-24T13:15:14.844-0300][25.426s][info][gc,phases      ] GC(34) Phase 2: Prepare for compaction 102.118ms
[2019-07-24T13:15:14.844-0300][25.427s][info][gc,phases,start] GC(34) Phase 3: Adjust pointers
[2019-07-24T13:15:15.347-0300][25.929s][info][gc,phases      ] GC(34) Phase 3: Adjust pointers 502.687ms
[2019-07-24T13:15:15.347-0300][25.929s][info][gc,phases,start] GC(34) Phase 4: Compact heap
[2019-07-24T13:15:15.455-0300][26.038s][info][gc,phases      ] GC(34) Phase 4: Compact heap 108.444ms
[2019-07-24T13:15:15.616-0300][26.198s][info][gc,heap        ] GC(34) Eden regions: 0->0(25)
[2019-07-24T13:15:15.616-0300][26.198s][info][gc,heap        ] GC(34) Survivor regions: 0->0(4)
[2019-07-24T13:15:15.616-0300][26.198s][info][gc,heap        ] GC(34) Old regions: 447->447
[2019-07-24T13:15:15.616-0300][26.198s][info][gc,heap        ] GC(34) Humongous regions: 65->65
[2019-07-24T13:15:15.616-0300][26.198s][info][gc,metaspace   ] GC(34) Metaspace: 7696K->7696K(1056768K)
[2019-07-24T13:15:15.616-0300][26.198s][info][gc             ] GC(34) Pause Full (G1 Evacuation Pause) 511M->511M(512M) 1804.100ms
[2019-07-24T13:15:15.616-0300][26.198s][info][gc,cpu         ] GC(34) User=5.55s Sys=0.08s Real=1.80s
[2019-07-24T13:15:15.616-0300][26.198s][info][gc,start       ] GC(35) Pause Young (Concurrent Start) (G1 Evacuation Pause)
[2019-07-24T13:15:15.616-0300][26.198s][info][gc,task        ] GC(35) Using 4 workers of 4 for evacuation
[2019-07-24T13:15:15.616-0300][26.199s][info][gc,phases      ] GC(35)   Pre Evacuate Collection Set: 0.0ms
[2019-07-24T13:15:15.616-0300][26.199s][info][gc,phases      ] GC(35)   Evacuate Collection Set: 0.2ms
[2019-07-24T13:15:15.616-0300][26.199s][info][gc,phases      ] GC(35)   Post Evacuate Collection Set: 0.0ms
[2019-07-24T13:15:15.616-0300][26.199s][info][gc,phases      ] GC(35)   Other: 0.1ms
[2019-07-24T13:15:15.616-0300][26.199s][info][gc,heap        ] GC(35) Eden regions: 0->0(25)
[2019-07-24T13:15:15.616-0300][26.199s][info][gc,heap        ] GC(35) Survivor regions: 0->0(4)
[2019-07-24T13:15:15.616-0300][26.199s][info][gc,heap        ] GC(35) Old regions: 447->447
[2019-07-24T13:15:15.616-0300][26.199s][info][gc,heap        ] GC(35) Humongous regions: 65->65
[2019-07-24T13:15:15.616-0300][26.199s][info][gc,metaspace   ] GC(35) Metaspace: 7696K->7696K(1056768K)
[2019-07-24T13:15:15.616-0300][26.199s][info][gc             ] GC(35) Pause Young (Concurrent Start) (G1 Evacuation Pause) 511M->511M(512M) 0.516ms
[2019-07-24T13:15:15.616-0300][26.199s][info][gc,cpu         ] GC(35) User=0.00s Sys=0.00s Real=0.00s
[2019-07-24T13:15:15.616-0300][26.199s][info][gc,task        ] GC(36) Using 4 workers of 4 for full compaction
[2019-07-24T13:15:15.616-0300][26.199s][info][gc,start       ] GC(36) Pause Full (G1 Evacuation Pause)
[2019-07-24T13:15:15.616-0300][26.199s][info][gc             ] GC(37) Concurrent Cycle
[2019-07-24T13:15:15.616-0300][26.199s][info][gc,marking     ] GC(37) Concurrent Clear Claimed Marks
[2019-07-24T13:15:15.616-0300][26.199s][info][gc,marking     ] GC(37) Concurrent Clear Claimed Marks 0.040ms
[2019-07-24T13:15:15.616-0300][26.199s][info][gc,marking     ] GC(37) Concurrent Scan Root Regions
[2019-07-24T13:15:15.617-0300][26.199s][info][gc,marking     ] GC(37) Concurrent Scan Root Regions 0.033ms
[2019-07-24T13:15:15.617-0300][26.199s][info][gc,marking     ] GC(37) Concurrent Mark (26.199s)
[2019-07-24T13:15:15.617-0300][26.199s][info][gc,marking     ] GC(37) Concurrent Mark From Roots
[2019-07-24T13:15:15.617-0300][26.199s][info][gc,task        ] GC(37) Using 1 workers of 1 for marking
[2019-07-24T13:15:15.617-0300][26.200s][info][gc,phases,start] GC(36) Phase 1: Mark live objects
[2019-07-24T13:15:16.435-0300][27.018s][info][gc,stringtable ] GC(36) Cleaned string and symbol table, strings: 4992 processed, 0 removed, symbols: 31702 processed, 0 removed
[2019-07-24T13:15:16.435-0300][27.018s][info][gc,phases      ] GC(36) Phase 1: Mark live objects 817.741ms
[2019-07-24T13:15:16.435-0300][27.018s][info][gc,phases,start] GC(36) Phase 2: Prepare for compaction
[2019-07-24T13:15:16.553-0300][27.135s][info][gc,phases      ] GC(36) Phase 2: Prepare for compaction 117.731ms
[2019-07-24T13:15:16.553-0300][27.135s][info][gc,phases,start] GC(36) Phase 3: Adjust pointers
[2019-07-24T13:15:16.944-0300][27.527s][info][gc,phases      ] GC(36) Phase 3: Adjust pointers 391.413ms
[2019-07-24T13:15:16.944-0300][27.527s][info][gc,phases,start] GC(36) Phase 4: Compact heap
[2019-07-24T13:15:17.014-0300][27.597s][info][gc,phases      ] GC(36) Phase 4: Compact heap 69.885ms
[2019-07-24T13:15:17.138-0300][27.721s][info][gc,heap        ] GC(36) Eden regions: 0->0(25)
[2019-07-24T13:15:17.138-0300][27.721s][info][gc,heap        ] GC(36) Survivor regions: 0->0(4)
[2019-07-24T13:15:17.138-0300][27.721s][info][gc,heap        ] GC(36) Old regions: 447->447
[2019-07-24T13:15:17.138-0300][27.721s][info][gc,heap        ] GC(36) Humongous regions: 65->65
[2019-07-24T13:15:17.138-0300][27.721s][info][gc,metaspace   ] GC(36) Metaspace: 7696K->7696K(1056768K)
[2019-07-24T13:15:17.138-0300][27.721s][info][gc             ] GC(36) Pause Full (G1 Evacuation Pause) 511M->511M(512M) 1521.827ms
[2019-07-24T13:15:17.138-0300][27.721s][info][gc,cpu         ] GC(36) User=5.33s Sys=0.07s Real=1.52s
[2019-07-24T13:15:17.138-0300][27.721s][info][gc,task        ] GC(38) Using 4 workers of 4 for full compaction
[2019-07-24T13:15:17.138-0300][27.721s][info][gc,start       ] GC(38) Pause Full (G1 Evacuation Pause)
[2019-07-24T13:15:17.138-0300][27.721s][info][gc,phases,start] GC(38) Phase 1: Mark live objects
[2019-07-24T13:15:17.945-0300][28.528s][info][gc,stringtable ] GC(38) Cleaned string and symbol table, strings: 4992 processed, 0 removed, symbols: 31702 processed, 0 removed
[2019-07-24T13:15:17.945-0300][28.528s][info][gc,phases      ] GC(38) Phase 1: Mark live objects 806.899ms
[2019-07-24T13:15:17.945-0300][28.528s][info][gc,phases,start] GC(38) Phase 2: Prepare for compaction
[2019-07-24T13:15:18.065-0300][28.647s][info][gc,phases      ] GC(38) Phase 2: Prepare for compaction 119.259ms
[2019-07-24T13:15:18.065-0300][28.647s][info][gc,phases,start] GC(38) Phase 3: Adjust pointers
[2019-07-24T13:15:18.455-0300][29.038s][info][gc,phases      ] GC(38) Phase 3: Adjust pointers 390.369ms
[2019-07-24T13:15:18.455-0300][29.038s][info][gc,phases,start] GC(38) Phase 4: Compact heap
[2019-07-24T13:15:18.529-0300][29.112s][info][gc,phases      ] GC(38) Phase 4: Compact heap 73.863ms
[2019-07-24T13:15:18.670-0300][29.252s][info][gc,heap        ] GC(38) Eden regions: 0->0(25)
[2019-07-24T13:15:18.670-0300][29.252s][info][gc,heap        ] GC(38) Survivor regions: 0->0(4)
[2019-07-24T13:15:18.670-0300][29.252s][info][gc,heap        ] GC(38) Old regions: 447->447
[2019-07-24T13:15:18.670-0300][29.252s][info][gc,heap        ] GC(38) Humongous regions: 65->65
[2019-07-24T13:15:18.670-0300][29.252s][info][gc,metaspace   ] GC(38) Metaspace: 7696K->7696K(1056768K)
[2019-07-24T13:15:18.670-0300][29.252s][info][gc             ] GC(38) Pause Full (G1 Evacuation Pause) 511M->511M(512M) 1531.515ms
[2019-07-24T13:15:18.670-0300][29.252s][info][gc,cpu         ] GC(38) User=5.31s Sys=0.09s Real=1.54s
[2019-07-24T13:15:18.670-0300][29.253s][info][gc,marking     ] GC(37) Concurrent Mark From Roots 3053.402ms
[2019-07-24T13:15:18.670-0300][29.253s][info][gc,marking     ] GC(37) Concurrent Mark Abort
[2019-07-24T13:15:18.670-0300][29.253s][info][gc             ] GC(37) Concurrent Cycle 3053.651ms
[2019-07-24T13:15:26.342-0300][36.924s][info][gc,start       ] GC(39) Pause Young (Normal) (G1 Evacuation Pause)
[2019-07-24T13:15:26.343-0300][36.925s][info][gc,task        ] GC(39) Using 4 workers of 4 for evacuation
[2019-07-24T13:15:26.343-0300][36.925s][info][gc,phases      ] GC(39)   Pre Evacuate Collection Set: 0.0ms
[2019-07-24T13:15:26.343-0300][36.925s][info][gc,phases      ] GC(39)   Evacuate Collection Set: 0.1ms
[2019-07-24T13:15:26.343-0300][36.925s][info][gc,phases      ] GC(39)   Post Evacuate Collection Set: 0.1ms
[2019-07-24T13:15:26.343-0300][36.925s][info][gc,phases      ] GC(39)   Other: 0.5ms
[2019-07-24T13:15:26.343-0300][36.925s][info][gc,heap        ] GC(39) Eden regions: 0->0(25)
[2019-07-24T13:15:26.343-0300][36.925s][info][gc,heap        ] GC(39) Survivor regions: 0->0(4)
[2019-07-24T13:15:26.343-0300][36.925s][info][gc,heap        ] GC(39) Old regions: 447->447
[2019-07-24T13:15:26.343-0300][36.925s][info][gc,heap        ] GC(39) Humongous regions: 65->65
[2019-07-24T13:15:26.343-0300][36.925s][info][gc,metaspace   ] GC(39) Metaspace: 7696K->7696K(1056768K)
[2019-07-24T13:15:26.343-0300][36.925s][info][gc             ] GC(39) Pause Young (Normal) (G1 Evacuation Pause) 511M->511M(512M) 0.766ms
[2019-07-24T13:15:26.343-0300][36.925s][info][gc,cpu         ] GC(39) User=0.00s Sys=0.00s Real=0.00s
[2019-07-24T13:15:26.343-0300][36.925s][info][gc,task        ] GC(40) Using 4 workers of 4 for full compaction
[2019-07-24T13:15:26.343-0300][36.925s][info][gc,start       ] GC(40) Pause Full (G1 Evacuation Pause)
[2019-07-24T13:15:26.343-0300][36.925s][info][gc,phases,start] GC(40) Phase 1: Mark live objects
[2019-07-24T13:15:26.345-0300][36.927s][info][gc,stringtable ] GC(40) Cleaned string and symbol table, strings: 4992 processed, 0 removed, symbols: 31702 processed, 0 removed
[2019-07-24T13:15:26.345-0300][36.927s][info][gc,phases      ] GC(40) Phase 1: Mark live objects 1.630ms
[2019-07-24T13:15:26.345-0300][36.927s][info][gc,phases,start] GC(40) Phase 2: Prepare for compaction
[2019-07-24T13:15:26.346-0300][36.929s][info][gc,phases      ] GC(40) Phase 2: Prepare for compaction 1.620ms
[2019-07-24T13:15:26.346-0300][36.929s][info][gc,phases,start] GC(40) Phase 3: Adjust pointers
[2019-07-24T13:15:26.348-0300][36.930s][info][gc,phases      ] GC(40) Phase 3: Adjust pointers 1.257ms
[2019-07-24T13:15:26.348-0300][36.930s][info][gc,phases,start] GC(40) Phase 4: Compact heap
[2019-07-24T13:15:26.349-0300][36.931s][info][gc,phases      ] GC(40) Phase 4: Compact heap 1.066ms
[2019-07-24T13:15:26.350-0300][36.932s][info][gc,heap        ] GC(40) Eden regions: 0->0(25)
[2019-07-24T13:15:26.350-0300][36.932s][info][gc,heap        ] GC(40) Survivor regions: 0->0(4)
[2019-07-24T13:15:26.350-0300][36.932s][info][gc,heap        ] GC(40) Old regions: 447->4
[2019-07-24T13:15:26.350-0300][36.932s][info][gc,heap        ] GC(40) Humongous regions: 65->0
[2019-07-24T13:15:26.350-0300][36.932s][info][gc,metaspace   ] GC(40) Metaspace: 7696K->7696K(1056768K)
[2019-07-24T13:15:26.350-0300][36.932s][info][gc             ] GC(40) Pause Full (G1 Evacuation Pause) 511M->1M(512M) 7.203ms
[2019-07-24T13:15:26.350-0300][36.933s][info][gc,cpu         ] GC(40) User=0.01s Sys=0.00s Real=0.01s
[2019-07-24T13:15:26.351-0300][36.934s][info][gc,heap,exit   ] Heap
[2019-07-24T13:15:26.351-0300][36.934s][info][gc,heap,exit   ]  garbage-first heap   total 524288K, used 1276K [0x00000007e0000000, 0x0000000800000000)
[2019-07-24T13:15:26.351-0300][36.934s][info][gc,heap,exit   ]   region size 1024K, 1 young (1024K), 0 survivors (0K)
[2019-07-24T13:15:26.352-0300][36.934s][info][gc,heap,exit   ]  Metaspace       used 7717K, capacity 7762K, committed 7936K, reserved 1056768K
[2019-07-24T13:15:26.352-0300][36.934s][info][gc,heap,exit   ]   class space    used 686K, capacity 707K, committed 768K, reserved 1048576K
