[2019-07-24T17:19:32.890-0300][0.033s][info][gc] Using Parallel
[2019-07-24T17:19:32.890-0300][0.033s][info][gc,heap,coops] Heap address: 0x00000007e0000000, size: 512 MB, Compressed Oops mode: Zero based, Oop shift amount: 3
[2019-07-24T17:19:42.842-0300][9.985s][info][gc,start     ] GC(0) Pause Young (Allocation Failure)
[2019-07-24T17:19:43.067-0300][10.209s][info][gc,heap      ] GC(0) PSYoungGen: 131584K->21488K(153088K)
[2019-07-24T17:19:43.067-0300][10.209s][info][gc,heap      ] GC(0) ParOldGen: 0K->80504K(349696K)
[2019-07-24T17:19:43.067-0300][10.210s][info][gc,metaspace ] GC(0) Metaspace: 7685K->7685K(1056768K)
[2019-07-24T17:19:43.067-0300][10.210s][info][gc           ] GC(0) Pause Young (Allocation Failure) 128M->99M(491M) 224.870ms
[2019-07-24T17:19:43.067-0300][10.210s][info][gc,cpu       ] GC(0) User=0.62s Sys=0.06s Real=0.22s
[2019-07-24T17:19:54.036-0300][21.179s][info][gc,start     ] GC(1) Pause Young (Allocation Failure)
[2019-07-24T17:19:54.492-0300][21.634s][info][gc,heap      ] GC(1) PSYoungGen: 153072K->21472K(153088K)
[2019-07-24T17:19:54.492-0300][21.635s][info][gc,heap      ] GC(1) ParOldGen: 80504K->191912K(349696K)
[2019-07-24T17:19:54.493-0300][21.635s][info][gc,metaspace ] GC(1) Metaspace: 10400K->10400K(1058816K)
[2019-07-24T17:19:54.493-0300][21.635s][info][gc           ] GC(1) Pause Young (Allocation Failure) 228M->208M(491M) 456.178ms
[2019-07-24T17:19:54.493-0300][21.635s][info][gc,cpu       ] GC(1) User=1.09s Sys=0.10s Real=0.46s
[2019-07-24T17:20:07.515-0300][34.657s][info][gc,start     ] GC(2) Pause Young (Allocation Failure)
[2019-07-24T17:20:08.234-0300][35.375s][info][gc,heap      ] GC(2) PSYoungGen: 149558K->21504K(153088K)
[2019-07-24T17:20:08.234-0300][35.375s][info][gc,heap      ] GC(2) ParOldGen: 191912K->309912K(349696K)
[2019-07-24T17:20:08.234-0300][35.375s][info][gc,metaspace ] GC(2) Metaspace: 13459K->13459K(1062912K)
[2019-07-24T17:20:08.234-0300][35.375s][info][gc           ] GC(2) Pause Young (Allocation Failure) 333M->323M(491M) 718.674ms
[2019-07-24T17:20:08.234-0300][35.375s][info][gc,cpu       ] GC(2) User=2.26s Sys=0.08s Real=0.72s
[2019-07-24T17:20:08.235-0300][35.377s][info][gc,start     ] GC(3) Pause Full (Ergonomics)
[2019-07-24T17:20:08.235-0300][35.377s][info][gc,phases,start] GC(3) Marking Phase
[2019-07-24T17:20:08.697-0300][35.839s][info][gc,phases      ] GC(3) Marking Phase 462.272ms
[2019-07-24T17:20:08.697-0300][35.839s][info][gc,phases,start] GC(3) Summary Phase
[2019-07-24T17:20:08.697-0300][35.839s][info][gc,phases      ] GC(3) Summary Phase 0.028ms
[2019-07-24T17:20:08.697-0300][35.839s][info][gc,phases,start] GC(3) Adjust Roots
[2019-07-24T17:20:08.702-0300][35.843s][info][gc,phases      ] GC(3) Adjust Roots 4.161ms
[2019-07-24T17:20:08.702-0300][35.843s][info][gc,phases,start] GC(3) Compaction Phase
[2019-07-24T17:20:11.455-0300][38.597s][info][gc,phases      ] GC(3) Compaction Phase 2753.349ms
[2019-07-24T17:20:11.455-0300][38.597s][info][gc,phases,start] GC(3) Post Compact
[2019-07-24T17:20:11.456-0300][38.598s][info][gc,phases      ] GC(3) Post Compact 0.946ms
[2019-07-24T17:20:11.456-0300][38.598s][info][gc,heap        ] GC(3) PSYoungGen: 21504K->0K(153088K)
[2019-07-24T17:20:11.456-0300][38.598s][info][gc,heap        ] GC(3) ParOldGen: 309912K->330357K(349696K)
[2019-07-24T17:20:11.456-0300][38.598s][info][gc,metaspace   ] GC(3) Metaspace: 13459K->13459K(1062912K)
[2019-07-24T17:20:11.456-0300][38.598s][info][gc             ] GC(3) Pause Full (Ergonomics) 323M->322M(491M) 3221.169ms
[2019-07-24T17:20:11.456-0300][38.598s][info][gc,cpu         ] GC(3) User=8.96s Sys=0.10s Real=3.22s
[2019-07-24T17:20:19.673-0300][46.814s][info][gc,start       ] GC(4) Pause Full (Ergonomics)
[2019-07-24T17:20:19.674-0300][46.815s][info][gc,phases,start] GC(4) Marking Phase
[2019-07-24T17:20:20.455-0300][47.596s][info][gc,phases      ] GC(4) Marking Phase 780.930ms
[2019-07-24T17:20:20.455-0300][47.596s][info][gc,phases,start] GC(4) Summary Phase
[2019-07-24T17:20:20.455-0300][47.596s][info][gc,phases      ] GC(4) Summary Phase 0.022ms
[2019-07-24T17:20:20.455-0300][47.596s][info][gc,phases,start] GC(4) Adjust Roots
[2019-07-24T17:20:20.457-0300][47.599s][info][gc,phases      ] GC(4) Adjust Roots 2.557ms
[2019-07-24T17:20:20.457-0300][47.599s][info][gc,phases,start] GC(4) Compaction Phase
[2019-07-24T17:20:20.940-0300][48.081s][info][gc,phases      ] GC(4) Compaction Phase 482.408ms
[2019-07-24T17:20:20.940-0300][48.081s][info][gc,phases,start] GC(4) Post Compact
[2019-07-24T17:20:20.941-0300][48.082s][info][gc,phases      ] GC(4) Post Compact 1.324ms
[2019-07-24T17:20:20.941-0300][48.083s][info][gc,heap        ] GC(4) PSYoungGen: 131584K->128572K(153088K)
[2019-07-24T17:20:20.941-0300][48.083s][info][gc,heap        ] GC(4) ParOldGen: 330357K->297575K(349696K)
[2019-07-24T17:20:20.941-0300][48.083s][info][gc,metaspace   ] GC(4) Metaspace: 13534K->13534K(1062912K)
[2019-07-24T17:20:20.941-0300][48.083s][info][gc             ] GC(4) Pause Full (Ergonomics) 451M->416M(491M) 1268.580ms
[2019-07-24T17:20:20.941-0300][48.083s][info][gc,cpu         ] GC(4) User=3.91s Sys=0.02s Real=1.27s
[2019-07-24T17:20:20.942-0300][48.083s][info][gc,start       ] GC(5) Pause Full (Ergonomics)
[2019-07-24T17:20:20.942-0300][48.083s][info][gc,phases,start] GC(5) Marking Phase
[2019-07-24T17:20:21.717-0300][48.859s][info][gc,phases      ] GC(5) Marking Phase 775.676ms
[2019-07-24T17:20:21.721-0300][48.863s][info][gc,phases,start] GC(5) Summary Phase
[2019-07-24T17:20:21.721-0300][48.863s][info][gc,phases      ] GC(5) Summary Phase 0.056ms
[2019-07-24T17:20:21.721-0300][48.863s][info][gc,phases,start] GC(5) Adjust Roots
[2019-07-24T17:20:21.723-0300][48.864s][info][gc,phases      ] GC(5) Adjust Roots 1.667ms
[2019-07-24T17:20:21.723-0300][48.864s][info][gc,phases,start] GC(5) Compaction Phase
[2019-07-24T17:20:22.049-0300][49.190s][info][gc,phases      ] GC(5) Compaction Phase 325.730ms
[2019-07-24T17:20:22.049-0300][49.190s][info][gc,phases,start] GC(5) Post Compact
[2019-07-24T17:20:22.050-0300][49.191s][info][gc,phases      ] GC(5) Post Compact 0.945ms
[2019-07-24T17:20:22.050-0300][49.191s][info][gc,heap        ] GC(5) PSYoungGen: 131584K->128591K(153088K)
[2019-07-24T17:20:22.050-0300][49.191s][info][gc,heap        ] GC(5) ParOldGen: 297575K->297575K(349696K)
[2019-07-24T17:20:22.050-0300][49.191s][info][gc,metaspace   ] GC(5) Metaspace: 13534K->13534K(1062912K)
[2019-07-24T17:20:22.050-0300][49.192s][info][gc             ] GC(5) Pause Full (Ergonomics) 419M->416M(491M) 1108.447ms
[2019-07-24T17:20:22.050-0300][49.192s][info][gc,cpu         ] GC(5) User=3.54s Sys=0.01s Real=1.11s
[2019-07-24T17:20:22.074-0300][49.215s][info][gc,start       ] GC(6) Pause Full (Ergonomics)
[2019-07-24T17:20:22.074-0300][49.216s][info][gc,phases,start] GC(6) Marking Phase
[2019-07-24T17:20:22.929-0300][50.071s][info][gc,phases      ] GC(6) Marking Phase 855.106ms
[2019-07-24T17:20:22.929-0300][50.071s][info][gc,phases,start] GC(6) Summary Phase
[2019-07-24T17:20:22.929-0300][50.071s][info][gc,phases      ] GC(6) Summary Phase 0.023ms
[2019-07-24T17:20:22.929-0300][50.071s][info][gc,phases,start] GC(6) Adjust Roots
[2019-07-24T17:20:22.931-0300][50.072s][info][gc,phases      ] GC(6) Adjust Roots 1.517ms
[2019-07-24T17:20:22.931-0300][50.072s][info][gc,phases,start] GC(6) Compaction Phase
[2019-07-24T17:20:23.230-0300][50.372s][info][gc,phases      ] GC(6) Compaction Phase 299.204ms
[2019-07-24T17:20:23.230-0300][50.372s][info][gc,phases,start] GC(6) Post Compact
[2019-07-24T17:20:23.231-0300][50.372s][info][gc,phases      ] GC(6) Post Compact 0.744ms
[2019-07-24T17:20:23.231-0300][50.372s][info][gc,heap        ] GC(6) PSYoungGen: 131584K->130531K(153088K)
[2019-07-24T17:20:23.231-0300][50.372s][info][gc,heap        ] GC(6) ParOldGen: 297575K->297575K(349696K)
[2019-07-24T17:20:23.231-0300][50.372s][info][gc,metaspace   ] GC(6) Metaspace: 13549K->13549K(1062912K)
[2019-07-24T17:20:23.231-0300][50.372s][info][gc             ] GC(6) Pause Full (Ergonomics) 419M->418M(491M) 1157.007ms
[2019-07-24T17:20:23.231-0300][50.372s][info][gc,cpu         ] GC(6) User=3.53s Sys=0.02s Real=1.16s
[2019-07-24T17:20:23.234-0300][50.375s][info][gc,start       ] GC(7) Pause Full (Ergonomics)
[2019-07-24T17:20:23.234-0300][50.375s][info][gc,phases,start] GC(7) Marking Phase
[2019-07-24T17:20:24.025-0300][51.167s][info][gc,phases      ] GC(7) Marking Phase 791.751ms
[2019-07-24T17:20:24.025-0300][51.167s][info][gc,phases,start] GC(7) Summary Phase
[2019-07-24T17:20:24.026-0300][51.167s][info][gc,phases      ] GC(7) Summary Phase 0.019ms
[2019-07-24T17:20:24.026-0300][51.167s][info][gc,phases,start] GC(7) Adjust Roots
[2019-07-24T17:20:24.027-0300][51.168s][info][gc,phases      ] GC(7) Adjust Roots 1.602ms
[2019-07-24T17:20:24.027-0300][51.168s][info][gc,phases,start] GC(7) Compaction Phase
[2019-07-24T17:20:24.322-0300][51.463s][info][gc,phases      ] GC(7) Compaction Phase 294.388ms
[2019-07-24T17:20:24.322-0300][51.463s][info][gc,phases,start] GC(7) Post Compact
[2019-07-24T17:20:24.322-0300][51.464s][info][gc,phases      ] GC(7) Post Compact 0.771ms
[2019-07-24T17:20:24.322-0300][51.464s][info][gc,heap        ] GC(7) PSYoungGen: 131584K->130741K(153088K)
[2019-07-24T17:20:24.322-0300][51.464s][info][gc,heap        ] GC(7) ParOldGen: 297575K->297575K(349696K)
[2019-07-24T17:20:24.322-0300][51.464s][info][gc,metaspace   ] GC(7) Metaspace: 13549K->13549K(1062912K)
[2019-07-24T17:20:24.322-0300][51.464s][info][gc             ] GC(7) Pause Full (Ergonomics) 419M->418M(491M) 1088.887ms
[2019-07-24T17:20:24.323-0300][51.464s][info][gc,cpu         ] GC(7) User=3.45s Sys=0.01s Real=1.09s
[2019-07-24T17:20:24.323-0300][51.464s][info][gc,start       ] GC(8) Pause Full (Ergonomics)
[2019-07-24T17:20:24.323-0300][51.464s][info][gc,phases,start] GC(8) Marking Phase
[2019-07-24T17:20:25.044-0300][52.185s][info][gc,phases      ] GC(8) Marking Phase 720.710ms
[2019-07-24T17:20:25.044-0300][52.185s][info][gc,phases,start] GC(8) Summary Phase
[2019-07-24T17:20:25.044-0300][52.185s][info][gc,phases      ] GC(8) Summary Phase 0.019ms
[2019-07-24T17:20:25.044-0300][52.185s][info][gc,phases,start] GC(8) Adjust Roots
[2019-07-24T17:20:25.045-0300][52.186s][info][gc,phases      ] GC(8) Adjust Roots 1.492ms
[2019-07-24T17:20:25.045-0300][52.186s][info][gc,phases,start] GC(8) Compaction Phase
[2019-07-24T17:20:25.344-0300][52.485s][info][gc,phases      ] GC(8) Compaction Phase 298.608ms
[2019-07-24T17:20:25.344-0300][52.485s][info][gc,phases,start] GC(8) Post Compact
[2019-07-24T17:20:25.345-0300][52.486s][info][gc,phases      ] GC(8) Post Compact 0.770ms
[2019-07-24T17:20:25.345-0300][52.486s][info][gc,heap        ] GC(8) PSYoungGen: 131584K->130747K(153088K)
[2019-07-24T17:20:25.345-0300][52.486s][info][gc,heap        ] GC(8) ParOldGen: 297575K->297575K(349696K)
[2019-07-24T17:20:25.345-0300][52.486s][info][gc,metaspace   ] GC(8) Metaspace: 13549K->13549K(1062912K)
[2019-07-24T17:20:25.345-0300][52.486s][info][gc             ] GC(8) Pause Full (Ergonomics) 419M->418M(491M) 1021.895ms
[2019-07-24T17:20:25.345-0300][52.486s][info][gc,cpu         ] GC(8) User=3.41s Sys=0.02s Real=1.02s
[2019-07-24T17:20:25.355-0300][52.497s][info][gc,start       ] GC(9) Pause Full (Ergonomics)
[2019-07-24T17:20:25.355-0300][52.497s][info][gc,phases,start] GC(9) Marking Phase
[2019-07-24T17:20:26.238-0300][53.379s][info][gc,phases      ] GC(9) Marking Phase 882.465ms
[2019-07-24T17:20:26.238-0300][53.379s][info][gc,phases,start] GC(9) Summary Phase
[2019-07-24T17:20:26.238-0300][53.379s][info][gc,phases      ] GC(9) Summary Phase 0.017ms
[2019-07-24T17:20:26.238-0300][53.379s][info][gc,phases,start] GC(9) Adjust Roots
[2019-07-24T17:20:26.240-0300][53.381s][info][gc,phases      ] GC(9) Adjust Roots 1.633ms
[2019-07-24T17:20:26.240-0300][53.381s][info][gc,phases,start] GC(9) Compaction Phase
[2019-07-24T17:20:26.682-0300][53.823s][info][gc,phases      ] GC(9) Compaction Phase 442.674ms
[2019-07-24T17:20:26.682-0300][53.824s][info][gc,phases,start] GC(9) Post Compact
[2019-07-24T17:20:26.684-0300][53.825s][info][gc,phases      ] GC(9) Post Compact 1.253ms
[2019-07-24T17:20:26.684-0300][53.825s][info][gc,heap        ] GC(9) PSYoungGen: 131584K->131192K(153088K)
[2019-07-24T17:20:26.684-0300][53.825s][info][gc,heap        ] GC(9) ParOldGen: 297575K->297575K(349696K)
[2019-07-24T17:20:26.684-0300][53.825s][info][gc,metaspace   ] GC(9) Metaspace: 13552K->13552K(1062912K)
[2019-07-24T17:20:26.684-0300][53.825s][info][gc             ] GC(9) Pause Full (Ergonomics) 419M->418M(491M) 1328.501ms
[2019-07-24T17:20:26.684-0300][53.825s][info][gc,cpu         ] GC(9) User=4.09s Sys=0.02s Real=1.33s
[2019-07-24T17:20:26.685-0300][53.826s][info][gc,start       ] GC(10) Pause Full (Ergonomics)
[2019-07-24T17:20:26.685-0300][53.826s][info][gc,phases,start] GC(10) Marking Phase
[2019-07-24T17:20:27.428-0300][54.569s][info][gc,phases      ] GC(10) Marking Phase 742.829ms
[2019-07-24T17:20:27.428-0300][54.569s][info][gc,phases,start] GC(10) Summary Phase
[2019-07-24T17:20:27.428-0300][54.569s][info][gc,phases      ] GC(10) Summary Phase 0.020ms
[2019-07-24T17:20:27.428-0300][54.569s][info][gc,phases,start] GC(10) Adjust Roots
[2019-07-24T17:20:27.429-0300][54.570s][info][gc,phases      ] GC(10) Adjust Roots 1.509ms
[2019-07-24T17:20:27.429-0300][54.570s][info][gc,phases,start] GC(10) Compaction Phase
[2019-07-24T17:20:27.719-0300][54.860s][info][gc,phases      ] GC(10) Compaction Phase 289.804ms
[2019-07-24T17:20:27.719-0300][54.860s][info][gc,phases,start] GC(10) Post Compact
[2019-07-24T17:20:27.720-0300][54.861s][info][gc,phases      ] GC(10) Post Compact 0.757ms
[2019-07-24T17:20:27.720-0300][54.861s][info][gc,heap        ] GC(10) PSYoungGen: 131584K->131237K(153088K)
[2019-07-24T17:20:27.720-0300][54.861s][info][gc,heap        ] GC(10) ParOldGen: 297575K->297575K(349696K)
[2019-07-24T17:20:27.720-0300][54.861s][info][gc,metaspace   ] GC(10) Metaspace: 13552K->13552K(1062912K)
[2019-07-24T17:20:27.720-0300][54.861s][info][gc             ] GC(10) Pause Full (Ergonomics) 419M->418M(491M) 1035.219ms
[2019-07-24T17:20:27.720-0300][54.861s][info][gc,cpu         ] GC(10) User=3.47s Sys=0.02s Real=1.04s
[2019-07-24T17:20:27.721-0300][54.862s][info][gc,start       ] GC(11) Pause Full (Ergonomics)
[2019-07-24T17:20:27.721-0300][54.862s][info][gc,phases,start] GC(11) Marking Phase
[2019-07-24T17:20:28.514-0300][55.655s][info][gc,phases      ] GC(11) Marking Phase 793.268ms
[2019-07-24T17:20:28.514-0300][55.655s][info][gc,phases,start] GC(11) Summary Phase
[2019-07-24T17:20:28.514-0300][55.655s][info][gc,phases      ] GC(11) Summary Phase 0.020ms
[2019-07-24T17:20:28.514-0300][55.655s][info][gc,phases,start] GC(11) Adjust Roots
[2019-07-24T17:20:28.515-0300][55.657s][info][gc,phases      ] GC(11) Adjust Roots 1.482ms
[2019-07-24T17:20:28.516-0300][55.657s][info][gc,phases,start] GC(11) Compaction Phase
[2019-07-24T17:20:28.807-0300][55.948s][info][gc,phases      ] GC(11) Compaction Phase 291.268ms
[2019-07-24T17:20:28.807-0300][55.948s][info][gc,phases,start] GC(11) Post Compact
[2019-07-24T17:20:28.808-0300][55.949s][info][gc,phases      ] GC(11) Post Compact 0.755ms
[2019-07-24T17:20:28.808-0300][55.949s][info][gc,heap        ] GC(11) PSYoungGen: 131584K->131274K(153088K)
[2019-07-24T17:20:28.808-0300][55.949s][info][gc,heap        ] GC(11) ParOldGen: 297575K->297575K(349696K)
[2019-07-24T17:20:28.808-0300][55.949s][info][gc,metaspace   ] GC(11) Metaspace: 13552K->13552K(1062912K)
[2019-07-24T17:20:28.808-0300][55.949s][info][gc             ] GC(11) Pause Full (Ergonomics) 419M->418M(491M) 1087.133ms
[2019-07-24T17:20:28.808-0300][55.949s][info][gc,cpu         ] GC(11) User=3.51s Sys=0.01s Real=1.08s
[2019-07-24T17:20:28.808-0300][55.949s][info][gc,start       ] GC(12) Pause Full (Ergonomics)
[2019-07-24T17:20:28.808-0300][55.949s][info][gc,phases,start] GC(12) Marking Phase
[2019-07-24T17:20:29.533-0300][56.674s][info][gc,phases      ] GC(12) Marking Phase 724.940ms
[2019-07-24T17:20:29.533-0300][56.674s][info][gc,phases,start] GC(12) Summary Phase
[2019-07-24T17:20:29.533-0300][56.674s][info][gc,phases      ] GC(12) Summary Phase 0.043ms
[2019-07-24T17:20:29.533-0300][56.674s][info][gc,phases,start] GC(12) Adjust Roots
[2019-07-24T17:20:29.535-0300][56.676s][info][gc,phases      ] GC(12) Adjust Roots 1.863ms
[2019-07-24T17:20:29.535-0300][56.676s][info][gc,phases,start] GC(12) Compaction Phase
[2019-07-24T17:20:29.831-0300][56.972s][info][gc,phases      ] GC(12) Compaction Phase 295.487ms
[2019-07-24T17:20:29.831-0300][56.972s][info][gc,phases,start] GC(12) Post Compact
[2019-07-24T17:20:29.831-0300][56.972s][info][gc,phases      ] GC(12) Post Compact 0.742ms
[2019-07-24T17:20:29.831-0300][56.972s][info][gc,heap        ] GC(12) PSYoungGen: 131584K->131277K(153088K)
[2019-07-24T17:20:29.831-0300][56.973s][info][gc,heap        ] GC(12) ParOldGen: 297575K->297575K(349696K)
[2019-07-24T17:20:29.831-0300][56.973s][info][gc,metaspace   ] GC(12) Metaspace: 13552K->13552K(1062912K)
[2019-07-24T17:20:29.831-0300][56.973s][info][gc             ] GC(12) Pause Full (Ergonomics) 419M->418M(491M) 1023.427ms
[2019-07-24T17:20:29.831-0300][56.973s][info][gc,cpu         ] GC(12) User=3.42s Sys=0.02s Real=1.03s
[2019-07-24T17:20:29.832-0300][56.973s][info][gc,start       ] GC(13) Pause Full (Ergonomics)
[2019-07-24T17:20:29.832-0300][56.973s][info][gc,phases,start] GC(13) Marking Phase
[2019-07-24T17:20:30.574-0300][57.715s][info][gc,phases      ] GC(13) Marking Phase 742.309ms
[2019-07-24T17:20:30.574-0300][57.715s][info][gc,phases,start] GC(13) Summary Phase
[2019-07-24T17:20:30.574-0300][57.715s][info][gc,phases      ] GC(13) Summary Phase 0.024ms
[2019-07-24T17:20:30.574-0300][57.715s][info][gc,phases,start] GC(13) Adjust Roots
[2019-07-24T17:20:30.576-0300][57.717s][info][gc,phases      ] GC(13) Adjust Roots 1.542ms
[2019-07-24T17:20:30.576-0300][57.717s][info][gc,phases,start] GC(13) Compaction Phase
[2019-07-24T17:20:30.868-0300][58.009s][info][gc,phases      ] GC(13) Compaction Phase 292.515ms
[2019-07-24T17:20:30.868-0300][58.009s][info][gc,phases,start] GC(13) Post Compact
[2019-07-24T17:20:30.869-0300][58.010s][info][gc,phases      ] GC(13) Post Compact 0.743ms
[2019-07-24T17:20:30.869-0300][58.010s][info][gc,heap        ] GC(13) PSYoungGen: 131584K->131279K(153088K)
[2019-07-24T17:20:30.869-0300][58.010s][info][gc,heap        ] GC(13) ParOldGen: 297575K->297575K(349696K)
[2019-07-24T17:20:30.869-0300][58.010s][info][gc,metaspace   ] GC(13) Metaspace: 13552K->13552K(1062912K)
[2019-07-24T17:20:30.869-0300][58.010s][info][gc             ] GC(13) Pause Full (Ergonomics) 419M->418M(491M) 1037.423ms
[2019-07-24T17:20:30.869-0300][58.010s][info][gc,cpu         ] GC(13) User=3.43s Sys=0.01s Real=1.03s
[2019-07-24T17:20:30.871-0300][58.012s][info][gc,start       ] GC(14) Pause Full (Ergonomics)
[2019-07-24T17:20:30.871-0300][58.012s][info][gc,phases,start] GC(14) Marking Phase
[2019-07-24T17:20:31.623-0300][58.764s][info][gc,phases      ] GC(14) Marking Phase 752.394ms
[2019-07-24T17:20:31.623-0300][58.764s][info][gc,phases,start] GC(14) Summary Phase
[2019-07-24T17:20:31.623-0300][58.764s][info][gc,phases      ] GC(14) Summary Phase 0.019ms
[2019-07-24T17:20:31.623-0300][58.764s][info][gc,phases,start] GC(14) Adjust Roots
[2019-07-24T17:20:31.625-0300][58.766s][info][gc,phases      ] GC(14) Adjust Roots 1.540ms
[2019-07-24T17:20:31.625-0300][58.766s][info][gc,phases,start] GC(14) Compaction Phase
[2019-07-24T17:20:31.919-0300][59.060s][info][gc,phases      ] GC(14) Compaction Phase 293.718ms
[2019-07-24T17:20:31.919-0300][59.060s][info][gc,phases,start] GC(14) Post Compact
[2019-07-24T17:20:31.919-0300][59.060s][info][gc,phases      ] GC(14) Post Compact 0.757ms
[2019-07-24T17:20:31.919-0300][59.061s][info][gc,heap        ] GC(14) PSYoungGen: 131584K->131397K(153088K)
[2019-07-24T17:20:31.919-0300][59.061s][info][gc,heap        ] GC(14) ParOldGen: 297575K->297575K(349696K)
[2019-07-24T17:20:31.919-0300][59.061s][info][gc,metaspace   ] GC(14) Metaspace: 13552K->13552K(1062912K)
[2019-07-24T17:20:31.920-0300][59.061s][info][gc             ] GC(14) Pause Full (Ergonomics) 419M->418M(491M) 1048.754ms
[2019-07-24T17:20:31.920-0300][59.061s][info][gc,cpu         ] GC(14) User=3.47s Sys=0.02s Real=1.05s
[2019-07-24T17:20:31.920-0300][59.061s][info][gc,start       ] GC(15) Pause Full (Ergonomics)
[2019-07-24T17:20:31.920-0300][59.061s][info][gc,phases,start] GC(15) Marking Phase
[2019-07-24T17:20:32.640-0300][59.781s][info][gc,phases      ] GC(15) Marking Phase 720.465ms
[2019-07-24T17:20:32.640-0300][59.781s][info][gc,phases,start] GC(15) Summary Phase
[2019-07-24T17:20:32.640-0300][59.781s][info][gc,phases      ] GC(15) Summary Phase 0.018ms
[2019-07-24T17:20:32.640-0300][59.781s][info][gc,phases,start] GC(15) Adjust Roots
[2019-07-24T17:20:32.642-0300][59.783s][info][gc,phases      ] GC(15) Adjust Roots 1.410ms
[2019-07-24T17:20:32.642-0300][59.783s][info][gc,phases,start] GC(15) Compaction Phase
[2019-07-24T17:20:32.939-0300][60.080s][info][gc,phases      ] GC(15) Compaction Phase 297.023ms
[2019-07-24T17:20:32.939-0300][60.080s][info][gc,phases,start] GC(15) Post Compact
[2019-07-24T17:20:32.940-0300][60.081s][info][gc,phases      ] GC(15) Post Compact 0.758ms
[2019-07-24T17:20:32.940-0300][60.081s][info][gc,heap        ] GC(15) PSYoungGen: 131584K->131395K(153088K)
[2019-07-24T17:20:32.940-0300][60.081s][info][gc,heap        ] GC(15) ParOldGen: 297575K->297575K(349696K)
[2019-07-24T17:20:32.940-0300][60.081s][info][gc,metaspace   ] GC(15) Metaspace: 13552K->13552K(1062912K)
[2019-07-24T17:20:32.940-0300][60.081s][info][gc             ] GC(15) Pause Full (Ergonomics) 419M->418M(491M) 1019.948ms
[2019-07-24T17:20:32.940-0300][60.081s][info][gc,cpu         ] GC(15) User=3.42s Sys=0.01s Real=1.02s
[2019-07-24T17:20:32.940-0300][60.081s][info][gc,start       ] GC(16) Pause Full (Ergonomics)
[2019-07-24T17:20:32.940-0300][60.081s][info][gc,phases,start] GC(16) Marking Phase
[2019-07-24T17:20:33.680-0300][60.821s][info][gc,phases      ] GC(16) Marking Phase 739.344ms
[2019-07-24T17:20:33.680-0300][60.821s][info][gc,phases,start] GC(16) Summary Phase
[2019-07-24T17:20:33.680-0300][60.821s][info][gc,phases      ] GC(16) Summary Phase 0.021ms
[2019-07-24T17:20:33.680-0300][60.821s][info][gc,phases,start] GC(16) Adjust Roots
[2019-07-24T17:20:33.682-0300][60.823s][info][gc,phases      ] GC(16) Adjust Roots 1.726ms
[2019-07-24T17:20:33.682-0300][60.823s][info][gc,phases,start] GC(16) Compaction Phase
[2019-07-24T17:20:33.969-0300][61.110s][info][gc,phases      ] GC(16) Compaction Phase 287.420ms
[2019-07-24T17:20:33.969-0300][61.110s][info][gc,phases,start] GC(16) Post Compact
[2019-07-24T17:20:33.970-0300][61.111s][info][gc,phases      ] GC(16) Post Compact 0.737ms
[2019-07-24T17:20:33.970-0300][61.111s][info][gc,heap        ] GC(16) PSYoungGen: 131584K->131420K(153088K)
[2019-07-24T17:20:33.970-0300][61.111s][info][gc,heap        ] GC(16) ParOldGen: 297575K->297575K(349696K)
[2019-07-24T17:20:33.970-0300][61.111s][info][gc,metaspace   ] GC(16) Metaspace: 13552K->13552K(1062912K)
[2019-07-24T17:20:33.970-0300][61.111s][info][gc             ] GC(16) Pause Full (Ergonomics) 419M->418M(491M) 1029.575ms
[2019-07-24T17:20:33.970-0300][61.111s][info][gc,cpu         ] GC(16) User=3.45s Sys=0.01s Real=1.03s
[2019-07-24T17:20:33.971-0300][61.112s][info][gc,start       ] GC(17) Pause Full (Ergonomics)
[2019-07-24T17:20:33.971-0300][61.112s][info][gc,phases,start] GC(17) Marking Phase
[2019-07-24T17:20:34.907-0300][62.048s][info][gc,phases      ] GC(17) Marking Phase 935.820ms
[2019-07-24T17:20:34.907-0300][62.048s][info][gc,phases,start] GC(17) Summary Phase
[2019-07-24T17:20:34.907-0300][62.048s][info][gc,phases      ] GC(17) Summary Phase 0.026ms
[2019-07-24T17:20:34.907-0300][62.048s][info][gc,phases,start] GC(17) Adjust Roots
[2019-07-24T17:20:34.909-0300][62.050s][info][gc,phases      ] GC(17) Adjust Roots 1.963ms
[2019-07-24T17:20:34.909-0300][62.050s][info][gc,phases,start] GC(17) Compaction Phase
[2019-07-24T17:20:35.388-0300][62.529s][info][gc,phases      ] GC(17) Compaction Phase 478.808ms
[2019-07-24T17:20:35.388-0300][62.529s][info][gc,phases,start] GC(17) Post Compact
[2019-07-24T17:20:35.389-0300][62.530s][info][gc,phases      ] GC(17) Post Compact 0.749ms
[2019-07-24T17:20:35.389-0300][62.530s][info][gc,heap        ] GC(17) PSYoungGen: 131584K->131466K(153088K)
[2019-07-24T17:20:35.389-0300][62.530s][info][gc,heap        ] GC(17) ParOldGen: 297575K->297575K(349696K)
[2019-07-24T17:20:35.389-0300][62.530s][info][gc,metaspace   ] GC(17) Metaspace: 13553K->13553K(1062912K)
[2019-07-24T17:20:35.389-0300][62.530s][info][gc             ] GC(17) Pause Full (Ergonomics) 419M->418M(491M) 1417.778ms
[2019-07-24T17:20:35.389-0300][62.530s][info][gc,cpu         ] GC(17) User=4.07s Sys=0.03s Real=1.41s
[2019-07-24T17:20:35.390-0300][62.531s][info][gc,start       ] GC(18) Pause Full (Ergonomics)
[2019-07-24T17:20:35.390-0300][62.531s][info][gc,phases,start] GC(18) Marking Phase
[2019-07-24T17:20:36.308-0300][63.449s][info][gc,phases      ] GC(18) Marking Phase 918.586ms
[2019-07-24T17:20:36.310-0300][63.451s][info][gc,phases,start] GC(18) Summary Phase
[2019-07-24T17:20:36.310-0300][63.451s][info][gc,phases      ] GC(18) Summary Phase 0.053ms
[2019-07-24T17:20:36.310-0300][63.451s][info][gc,phases,start] GC(18) Adjust Roots
[2019-07-24T17:20:36.312-0300][63.452s][info][gc,phases      ] GC(18) Adjust Roots 1.665ms
[2019-07-24T17:20:36.312-0300][63.453s][info][gc,phases,start] GC(18) Compaction Phase
[2019-07-24T17:20:36.659-0300][63.800s][info][gc,phases      ] GC(18) Compaction Phase 347.177ms
[2019-07-24T17:20:36.659-0300][63.800s][info][gc,phases,start] GC(18) Post Compact
[2019-07-24T17:20:36.660-0300][63.801s][info][gc,phases      ] GC(18) Post Compact 0.752ms
[2019-07-24T17:20:36.660-0300][63.801s][info][gc,heap        ] GC(18) PSYoungGen: 131584K->131483K(153088K)
[2019-07-24T17:20:36.660-0300][63.801s][info][gc,heap        ] GC(18) ParOldGen: 297575K->297575K(349696K)
[2019-07-24T17:20:36.660-0300][63.801s][info][gc,metaspace   ] GC(18) Metaspace: 13553K->13553K(1062912K)
[2019-07-24T17:20:36.660-0300][63.801s][info][gc             ] GC(18) Pause Full (Ergonomics) 419M->419M(491M) 1269.927ms
[2019-07-24T17:20:36.660-0300][63.801s][info][gc,cpu         ] GC(18) User=3.52s Sys=0.03s Real=1.27s
[2019-07-24T17:20:36.660-0300][63.801s][info][gc,start       ] GC(19) Pause Full (Ergonomics)
[2019-07-24T17:20:36.660-0300][63.801s][info][gc,phases,start] GC(19) Marking Phase
[2019-07-24T17:20:37.396-0300][64.537s][info][gc,phases      ] GC(19) Marking Phase 735.762ms
[2019-07-24T17:20:37.396-0300][64.537s][info][gc,phases,start] GC(19) Summary Phase
[2019-07-24T17:20:37.396-0300][64.537s][info][gc,phases      ] GC(19) Summary Phase 0.023ms
[2019-07-24T17:20:37.396-0300][64.537s][info][gc,phases,start] GC(19) Adjust Roots
[2019-07-24T17:20:37.398-0300][64.538s][info][gc,phases      ] GC(19) Adjust Roots 1.637ms
[2019-07-24T17:20:37.398-0300][64.538s][info][gc,phases,start] GC(19) Compaction Phase
[2019-07-24T17:20:37.691-0300][64.832s][info][gc,phases      ] GC(19) Compaction Phase 293.190ms
[2019-07-24T17:20:37.691-0300][64.832s][info][gc,phases,start] GC(19) Post Compact
[2019-07-24T17:20:37.692-0300][64.833s][info][gc,phases      ] GC(19) Post Compact 0.811ms
[2019-07-24T17:20:37.692-0300][64.833s][info][gc,heap        ] GC(19) PSYoungGen: 131584K->131491K(153088K)
[2019-07-24T17:20:37.692-0300][64.833s][info][gc,heap        ] GC(19) ParOldGen: 297575K->297575K(349696K)
[2019-07-24T17:20:37.692-0300][64.833s][info][gc,metaspace   ] GC(19) Metaspace: 13553K->13553K(1062912K)
[2019-07-24T17:20:37.692-0300][64.833s][info][gc             ] GC(19) Pause Full (Ergonomics) 419M->419M(491M) 1031.790ms
[2019-07-24T17:20:37.692-0300][64.833s][info][gc,cpu         ] GC(19) User=3.43s Sys=0.01s Real=1.03s
[2019-07-24T17:20:37.692-0300][64.833s][info][gc,start       ] GC(20) Pause Full (Ergonomics)
[2019-07-24T17:20:37.692-0300][64.833s][info][gc,phases,start] GC(20) Marking Phase
[2019-07-24T17:20:38.423-0300][65.564s][info][gc,phases      ] GC(20) Marking Phase 731.078ms
[2019-07-24T17:20:38.423-0300][65.564s][info][gc,phases,start] GC(20) Summary Phase
[2019-07-24T17:20:38.423-0300][65.564s][info][gc,phases      ] GC(20) Summary Phase 0.022ms
[2019-07-24T17:20:38.423-0300][65.564s][info][gc,phases,start] GC(20) Adjust Roots
[2019-07-24T17:20:38.425-0300][65.566s][info][gc,phases      ] GC(20) Adjust Roots 1.619ms
[2019-07-24T17:20:38.425-0300][65.566s][info][gc,phases,start] GC(20) Compaction Phase
[2019-07-24T17:20:38.713-0300][65.854s][info][gc,phases      ] GC(20) Compaction Phase 288.298ms
[2019-07-24T17:20:38.713-0300][65.854s][info][gc,phases,start] GC(20) Post Compact
[2019-07-24T17:20:38.714-0300][65.855s][info][gc,phases      ] GC(20) Post Compact 0.741ms
[2019-07-24T17:20:38.714-0300][65.855s][info][gc,heap        ] GC(20) PSYoungGen: 131584K->131498K(153088K)
[2019-07-24T17:20:38.714-0300][65.855s][info][gc,heap        ] GC(20) ParOldGen: 297575K->297575K(349696K)
[2019-07-24T17:20:38.714-0300][65.855s][info][gc,metaspace   ] GC(20) Metaspace: 13555K->13555K(1062912K)
[2019-07-24T17:20:38.714-0300][65.855s][info][gc             ] GC(20) Pause Full (Ergonomics) 419M->419M(491M) 1022.085ms
[2019-07-24T17:20:38.714-0300][65.855s][info][gc,cpu         ] GC(20) User=3.47s Sys=0.01s Real=1.02s
[2019-07-24T17:20:38.715-0300][65.856s][info][gc,start       ] GC(21) Pause Full (Ergonomics)
[2019-07-24T17:20:38.715-0300][65.856s][info][gc,phases,start] GC(21) Marking Phase
[2019-07-24T17:20:39.441-0300][66.582s][info][gc,phases      ] GC(21) Marking Phase 726.593ms
[2019-07-24T17:20:39.441-0300][66.582s][info][gc,phases,start] GC(21) Summary Phase
[2019-07-24T17:20:39.441-0300][66.582s][info][gc,phases      ] GC(21) Summary Phase 0.018ms
[2019-07-24T17:20:39.441-0300][66.582s][info][gc,phases,start] GC(21) Adjust Roots
[2019-07-24T17:20:39.443-0300][66.584s][info][gc,phases      ] GC(21) Adjust Roots 1.478ms
[2019-07-24T17:20:39.443-0300][66.584s][info][gc,phases,start] GC(21) Compaction Phase
[2019-07-24T17:20:39.734-0300][66.875s][info][gc,phases      ] GC(21) Compaction Phase 290.858ms
[2019-07-24T17:20:39.734-0300][66.875s][info][gc,phases,start] GC(21) Post Compact
[2019-07-24T17:20:39.735-0300][66.875s][info][gc,phases      ] GC(21) Post Compact 0.750ms
[2019-07-24T17:20:39.735-0300][66.875s][info][gc,heap        ] GC(21) PSYoungGen: 131584K->131521K(153088K)
[2019-07-24T17:20:39.735-0300][66.875s][info][gc,heap        ] GC(21) ParOldGen: 297575K->297575K(349696K)
[2019-07-24T17:20:39.735-0300][66.875s][info][gc,metaspace   ] GC(21) Metaspace: 13555K->13555K(1062912K)
[2019-07-24T17:20:39.735-0300][66.876s][info][gc             ] GC(21) Pause Full (Ergonomics) 419M->419M(491M) 1019.982ms
[2019-07-24T17:20:39.735-0300][66.876s][info][gc,cpu         ] GC(21) User=3.43s Sys=0.02s Real=1.02s
[2019-07-24T17:20:39.735-0300][66.876s][info][gc,start       ] GC(22) Pause Full (Ergonomics)
[2019-07-24T17:20:39.735-0300][66.876s][info][gc,phases,start] GC(22) Marking Phase
[2019-07-24T17:20:40.505-0300][67.645s][info][gc,phases      ] GC(22) Marking Phase 769.442ms
[2019-07-24T17:20:40.505-0300][67.646s][info][gc,phases,start] GC(22) Summary Phase
[2019-07-24T17:20:40.505-0300][67.646s][info][gc,phases      ] GC(22) Summary Phase 0.086ms
[2019-07-24T17:20:40.505-0300][67.646s][info][gc,phases,start] GC(22) Adjust Roots
[2019-07-24T17:20:40.508-0300][67.649s][info][gc,phases      ] GC(22) Adjust Roots 2.880ms
[2019-07-24T17:20:40.508-0300][67.649s][info][gc,phases,start] GC(22) Compaction Phase
[2019-07-24T17:20:40.806-0300][67.947s][info][gc,phases      ] GC(22) Compaction Phase 298.422ms
[2019-07-24T17:20:40.806-0300][67.947s][info][gc,phases,start] GC(22) Post Compact
[2019-07-24T17:20:40.807-0300][67.948s][info][gc,phases      ] GC(22) Post Compact 0.791ms
[2019-07-24T17:20:40.807-0300][67.948s][info][gc,heap        ] GC(22) PSYoungGen: 131584K->131523K(153088K)
[2019-07-24T17:20:40.807-0300][67.948s][info][gc,heap        ] GC(22) ParOldGen: 297575K->297575K(349696K)
[2019-07-24T17:20:40.807-0300][67.948s][info][gc,metaspace   ] GC(22) Metaspace: 13555K->13555K(1062912K)
[2019-07-24T17:20:40.807-0300][67.948s][info][gc             ] GC(22) Pause Full (Ergonomics) 419M->419M(491M) 1072.138ms
[2019-07-24T17:20:40.807-0300][67.948s][info][gc,cpu         ] GC(22) User=3.50s Sys=0.02s Real=1.07s
[2019-07-24T17:20:40.807-0300][67.948s][info][gc,start       ] GC(23) Pause Full (Ergonomics)
[2019-07-24T17:20:40.807-0300][67.948s][info][gc,phases,start] GC(23) Marking Phase
[2019-07-24T17:20:41.564-0300][68.705s][info][gc,phases      ] GC(23) Marking Phase 756.319ms
[2019-07-24T17:20:41.564-0300][68.705s][info][gc,phases,start] GC(23) Summary Phase
[2019-07-24T17:20:41.564-0300][68.705s][info][gc,phases      ] GC(23) Summary Phase 0.019ms
[2019-07-24T17:20:41.564-0300][68.705s][info][gc,phases,start] GC(23) Adjust Roots
[2019-07-24T17:20:41.565-0300][68.706s][info][gc,phases      ] GC(23) Adjust Roots 1.464ms
[2019-07-24T17:20:41.565-0300][68.706s][info][gc,phases,start] GC(23) Compaction Phase
[2019-07-24T17:20:41.856-0300][68.996s][info][gc,phases      ] GC(23) Compaction Phase 290.373ms
[2019-07-24T17:20:41.856-0300][68.997s][info][gc,phases,start] GC(23) Post Compact
[2019-07-24T17:20:41.857-0300][68.997s][info][gc,phases      ] GC(23) Post Compact 0.753ms
[2019-07-24T17:20:41.857-0300][68.997s][info][gc,heap        ] GC(23) PSYoungGen: 131584K->131525K(153088K)
[2019-07-24T17:20:41.857-0300][68.997s][info][gc,heap        ] GC(23) ParOldGen: 297575K->297575K(349696K)
[2019-07-24T17:20:41.857-0300][68.997s][info][gc,metaspace   ] GC(23) Metaspace: 13555K->13555K(1062912K)
[2019-07-24T17:20:41.857-0300][68.997s][info][gc             ] GC(23) Pause Full (Ergonomics) 419M->419M(491M) 1049.228ms
[2019-07-24T17:20:41.857-0300][68.997s][info][gc,cpu         ] GC(23) User=3.45s Sys=0.01s Real=1.05s
[2019-07-24T17:20:41.857-0300][68.998s][info][gc,start       ] GC(24) Pause Full (Ergonomics)
[2019-07-24T17:20:41.857-0300][68.998s][info][gc,phases,start] GC(24) Marking Phase
[2019-07-24T17:20:42.592-0300][69.733s][info][gc,phases      ] GC(24) Marking Phase 735.313ms
[2019-07-24T17:20:42.592-0300][69.733s][info][gc,phases,start] GC(24) Summary Phase
[2019-07-24T17:20:42.592-0300][69.733s][info][gc,phases      ] GC(24) Summary Phase 0.020ms
[2019-07-24T17:20:42.592-0300][69.733s][info][gc,phases,start] GC(24) Adjust Roots
[2019-07-24T17:20:42.594-0300][69.735s][info][gc,phases      ] GC(24) Adjust Roots 1.504ms
[2019-07-24T17:20:42.594-0300][69.735s][info][gc,phases,start] GC(24) Compaction Phase
[2019-07-24T17:20:42.885-0300][70.026s][info][gc,phases      ] GC(24) Compaction Phase 291.132ms
[2019-07-24T17:20:42.885-0300][70.026s][info][gc,phases,start] GC(24) Post Compact
[2019-07-24T17:20:42.886-0300][70.026s][info][gc,phases      ] GC(24) Post Compact 0.742ms
[2019-07-24T17:20:42.886-0300][70.027s][info][gc,heap        ] GC(24) PSYoungGen: 131584K->131525K(153088K)
[2019-07-24T17:20:42.886-0300][70.027s][info][gc,heap        ] GC(24) ParOldGen: 297575K->297575K(349696K)
[2019-07-24T17:20:42.886-0300][70.027s][info][gc,metaspace   ] GC(24) Metaspace: 13555K->13555K(1062912K)
[2019-07-24T17:20:42.886-0300][70.027s][info][gc             ] GC(24) Pause Full (Ergonomics) 419M->419M(491M) 1028.970ms
[2019-07-24T17:20:42.886-0300][70.027s][info][gc,cpu         ] GC(24) User=3.46s Sys=0.02s Real=1.03s
[2019-07-24T17:20:42.886-0300][70.027s][info][gc,start       ] GC(25) Pause Full (Ergonomics)
[2019-07-24T17:20:42.886-0300][70.027s][info][gc,phases,start] GC(25) Marking Phase
[2019-07-24T17:20:43.620-0300][70.761s][info][gc,phases      ] GC(25) Marking Phase 734.178ms
[2019-07-24T17:20:43.620-0300][70.761s][info][gc,phases,start] GC(25) Summary Phase
[2019-07-24T17:20:43.620-0300][70.761s][info][gc,phases      ] GC(25) Summary Phase 0.022ms
[2019-07-24T17:20:43.620-0300][70.761s][info][gc,phases,start] GC(25) Adjust Roots
[2019-07-24T17:20:43.622-0300][70.763s][info][gc,phases      ] GC(25) Adjust Roots 1.517ms
[2019-07-24T17:20:43.622-0300][70.763s][info][gc,phases,start] GC(25) Compaction Phase
[2019-07-24T17:20:43.916-0300][71.056s][info][gc,phases      ] GC(25) Compaction Phase 293.500ms
[2019-07-24T17:20:43.916-0300][71.056s][info][gc,phases,start] GC(25) Post Compact
[2019-07-24T17:20:43.917-0300][71.057s][info][gc,phases      ] GC(25) Post Compact 0.967ms
[2019-07-24T17:20:43.917-0300][71.057s][info][gc,heap        ] GC(25) PSYoungGen: 131584K->131532K(153088K)
[2019-07-24T17:20:43.917-0300][71.057s][info][gc,heap        ] GC(25) ParOldGen: 297575K->297575K(349696K)
[2019-07-24T17:20:43.917-0300][71.057s][info][gc,metaspace   ] GC(25) Metaspace: 13555K->13555K(1062912K)
[2019-07-24T17:20:43.917-0300][71.057s][info][gc             ] GC(25) Pause Full (Ergonomics) 419M->419M(491M) 1030.519ms
[2019-07-24T17:20:43.917-0300][71.057s][info][gc,cpu         ] GC(25) User=3.45s Sys=0.01s Real=1.03s
[2019-07-24T17:20:43.917-0300][71.058s][info][gc,start       ] GC(26) Pause Full (Ergonomics)
[2019-07-24T17:20:43.917-0300][71.058s][info][gc,phases,start] GC(26) Marking Phase
[2019-07-24T17:20:44.659-0300][71.800s][info][gc,phases      ] GC(26) Marking Phase 741.672ms
[2019-07-24T17:20:44.659-0300][71.800s][info][gc,phases,start] GC(26) Summary Phase
[2019-07-24T17:20:44.659-0300][71.800s][info][gc,phases      ] GC(26) Summary Phase 0.019ms
[2019-07-24T17:20:44.659-0300][71.800s][info][gc,phases,start] GC(26) Adjust Roots
[2019-07-24T17:20:44.661-0300][71.801s][info][gc,phases      ] GC(26) Adjust Roots 1.628ms
[2019-07-24T17:20:44.661-0300][71.801s][info][gc,phases,start] GC(26) Compaction Phase
[2019-07-24T17:20:44.992-0300][72.133s][info][gc,phases      ] GC(26) Compaction Phase 331.310ms
[2019-07-24T17:20:44.992-0300][72.133s][info][gc,phases,start] GC(26) Post Compact
[2019-07-24T17:20:44.993-0300][72.134s][info][gc,phases      ] GC(26) Post Compact 0.860ms
[2019-07-24T17:20:44.993-0300][72.134s][info][gc,heap        ] GC(26) PSYoungGen: 131583K->131540K(153088K)
[2019-07-24T17:20:44.993-0300][72.134s][info][gc,heap        ] GC(26) ParOldGen: 297575K->297575K(349696K)
[2019-07-24T17:20:44.993-0300][72.134s][info][gc,metaspace   ] GC(26) Metaspace: 13555K->13555K(1062912K)
[2019-07-24T17:20:44.993-0300][72.134s][info][gc             ] GC(26) Pause Full (Ergonomics) 419M->419M(491M) 1075.788ms
[2019-07-24T17:20:44.993-0300][72.134s][info][gc,cpu         ] GC(26) User=3.44s Sys=0.02s Real=1.08s
[2019-07-24T17:20:44.994-0300][72.134s][info][gc,start       ] GC(27) Pause Full (Ergonomics)
[2019-07-24T17:20:44.994-0300][72.134s][info][gc,phases,start] GC(27) Marking Phase
[2019-07-24T17:20:46.011-0300][73.152s][info][gc,phases      ] GC(27) Marking Phase 1017.617ms
[2019-07-24T17:20:46.011-0300][73.152s][info][gc,phases,start] GC(27) Summary Phase
[2019-07-24T17:20:46.011-0300][73.152s][info][gc,phases      ] GC(27) Summary Phase 0.024ms
[2019-07-24T17:20:46.011-0300][73.152s][info][gc,phases,start] GC(27) Adjust Roots
[2019-07-24T17:20:46.013-0300][73.154s][info][gc,phases      ] GC(27) Adjust Roots 1.678ms
[2019-07-24T17:20:46.013-0300][73.154s][info][gc,phases,start] GC(27) Compaction Phase
[2019-07-24T17:20:46.316-0300][73.457s][info][gc,phases      ] GC(27) Compaction Phase 302.910ms
[2019-07-24T17:20:46.316-0300][73.457s][info][gc,phases,start] GC(27) Post Compact
[2019-07-24T17:20:46.317-0300][73.458s][info][gc,phases      ] GC(27) Post Compact 0.901ms
[2019-07-24T17:20:46.317-0300][73.458s][info][gc,heap        ] GC(27) PSYoungGen: 131583K->131556K(153088K)
[2019-07-24T17:20:46.317-0300][73.458s][info][gc,heap        ] GC(27) ParOldGen: 297575K->297575K(349696K)
[2019-07-24T17:20:46.317-0300][73.458s][info][gc,metaspace   ] GC(27) Metaspace: 13555K->13555K(1062912K)
[2019-07-24T17:20:46.317-0300][73.458s][info][gc             ] GC(27) Pause Full (Ergonomics) 419M->419M(491M) 1323.470ms
[2019-07-24T17:20:46.317-0300][73.458s][info][gc,cpu         ] GC(27) User=3.64s Sys=0.02s Real=1.32s
[2019-07-24T17:20:46.317-0300][73.458s][info][gc,start       ] GC(28) Pause Full (Ergonomics)
[2019-07-24T17:20:46.317-0300][73.458s][info][gc,phases,start] GC(28) Marking Phase
[2019-07-24T17:20:47.074-0300][74.215s][info][gc,phases      ] GC(28) Marking Phase 756.558ms
[2019-07-24T17:20:47.074-0300][74.215s][info][gc,phases,start] GC(28) Summary Phase
[2019-07-24T17:20:47.074-0300][74.215s][info][gc,phases      ] GC(28) Summary Phase 0.019ms
[2019-07-24T17:20:47.074-0300][74.215s][info][gc,phases,start] GC(28) Adjust Roots
[2019-07-24T17:20:47.076-0300][74.216s][info][gc,phases      ] GC(28) Adjust Roots 1.627ms
[2019-07-24T17:20:47.076-0300][74.216s][info][gc,phases,start] GC(28) Compaction Phase
[2019-07-24T17:20:47.376-0300][74.516s][info][gc,phases      ] GC(28) Compaction Phase 299.933ms
[2019-07-24T17:20:47.376-0300][74.516s][info][gc,phases,start] GC(28) Post Compact
[2019-07-24T17:20:47.377-0300][74.517s][info][gc,phases      ] GC(28) Post Compact 0.972ms
[2019-07-24T17:20:47.377-0300][74.517s][info][gc,heap        ] GC(28) PSYoungGen: 131584K->131566K(153088K)
[2019-07-24T17:20:47.377-0300][74.517s][info][gc,heap        ] GC(28) ParOldGen: 297575K->297575K(349696K)
[2019-07-24T17:20:47.377-0300][74.517s][info][gc,metaspace   ] GC(28) Metaspace: 13555K->13555K(1062912K)
[2019-07-24T17:20:47.377-0300][74.517s][info][gc             ] GC(28) Pause Full (Ergonomics) 419M->419M(491M) 1059.462ms
[2019-07-24T17:20:47.377-0300][74.518s][info][gc,cpu         ] GC(28) User=3.48s Sys=0.02s Real=1.06s
[2019-07-24T17:20:47.377-0300][74.518s][info][gc,start       ] GC(29) Pause Full (Ergonomics)
[2019-07-24T17:20:47.377-0300][74.518s][info][gc,phases,start] GC(29) Marking Phase
[2019-07-24T17:20:48.154-0300][75.295s][info][gc,phases      ] GC(29) Marking Phase 776.911ms
[2019-07-24T17:20:48.154-0300][75.295s][info][gc,phases,start] GC(29) Summary Phase
[2019-07-24T17:20:48.154-0300][75.295s][info][gc,phases      ] GC(29) Summary Phase 0.021ms
[2019-07-24T17:20:48.154-0300][75.295s][info][gc,phases,start] GC(29) Adjust Roots
[2019-07-24T17:20:48.156-0300][75.297s][info][gc,phases      ] GC(29) Adjust Roots 1.811ms
[2019-07-24T17:20:48.156-0300][75.297s][info][gc,phases,start] GC(29) Compaction Phase
[2019-07-24T17:20:48.480-0300][75.620s][info][gc,phases      ] GC(29) Compaction Phase 323.668ms
[2019-07-24T17:20:48.480-0300][75.621s][info][gc,phases,start] GC(29) Post Compact
[2019-07-24T17:20:48.481-0300][75.621s][info][gc,phases      ] GC(29) Post Compact 0.736ms
[2019-07-24T17:20:48.481-0300][75.621s][info][gc,heap        ] GC(29) PSYoungGen: 131584K->131563K(153088K)
[2019-07-24T17:20:48.481-0300][75.621s][info][gc,heap        ] GC(29) ParOldGen: 297575K->297575K(349696K)
[2019-07-24T17:20:48.481-0300][75.621s][info][gc,metaspace   ] GC(29) Metaspace: 13555K->13555K(1062912K)
[2019-07-24T17:20:48.481-0300][75.621s][info][gc             ] GC(29) Pause Full (Ergonomics) 419M->419M(491M) 1103.582ms
[2019-07-24T17:20:48.481-0300][75.621s][info][gc,cpu         ] GC(29) User=3.44s Sys=0.01s Real=1.11s
[2019-07-24T17:20:48.481-0300][75.622s][info][gc,start       ] GC(30) Pause Full (Ergonomics)
[2019-07-24T17:20:48.481-0300][75.622s][info][gc,phases,start] GC(30) Marking Phase
[2019-07-24T17:20:49.223-0300][76.363s][info][gc,phases      ] GC(30) Marking Phase 741.638ms
[2019-07-24T17:20:49.223-0300][76.363s][info][gc,phases,start] GC(30) Summary Phase
[2019-07-24T17:20:49.223-0300][76.364s][info][gc,phases      ] GC(30) Summary Phase 0.019ms
[2019-07-24T17:20:49.223-0300][76.364s][info][gc,phases,start] GC(30) Adjust Roots
[2019-07-24T17:20:49.225-0300][76.365s][info][gc,phases      ] GC(30) Adjust Roots 1.617ms
[2019-07-24T17:20:49.225-0300][76.365s][info][gc,phases,start] GC(30) Compaction Phase
[2019-07-24T17:20:49.527-0300][76.667s][info][gc,phases      ] GC(30) Compaction Phase 302.148ms
[2019-07-24T17:20:49.527-0300][76.667s][info][gc,phases,start] GC(30) Post Compact
[2019-07-24T17:20:49.528-0300][76.668s][info][gc,phases      ] GC(30) Post Compact 0.756ms
[2019-07-24T17:20:49.528-0300][76.668s][info][gc,heap        ] GC(30) PSYoungGen: 131584K->131565K(153088K)
[2019-07-24T17:20:49.528-0300][76.668s][info][gc,heap        ] GC(30) ParOldGen: 297575K->297575K(349696K)
[2019-07-24T17:20:49.528-0300][76.668s][info][gc,metaspace   ] GC(30) Metaspace: 13555K->13555K(1062912K)
[2019-07-24T17:20:49.528-0300][76.668s][info][gc             ] GC(30) Pause Full (Ergonomics) 419M->419M(491M) 1046.459ms
[2019-07-24T17:20:49.528-0300][76.668s][info][gc,cpu         ] GC(30) User=3.42s Sys=0.02s Real=1.04s
[2019-07-24T17:20:49.528-0300][76.668s][info][gc,start       ] GC(31) Pause Full (Ergonomics)
[2019-07-24T17:20:49.528-0300][76.668s][info][gc,phases,start] GC(31) Marking Phase
[2019-07-24T17:20:50.272-0300][77.413s][info][gc,phases      ] GC(31) Marking Phase 744.352ms
[2019-07-24T17:20:50.272-0300][77.413s][info][gc,phases,start] GC(31) Summary Phase
[2019-07-24T17:20:50.272-0300][77.413s][info][gc,phases      ] GC(31) Summary Phase 0.064ms
[2019-07-24T17:20:50.272-0300][77.413s][info][gc,phases,start] GC(31) Adjust Roots
[2019-07-24T17:20:50.274-0300][77.415s][info][gc,phases      ] GC(31) Adjust Roots 1.641ms
[2019-07-24T17:20:50.274-0300][77.415s][info][gc,phases,start] GC(31) Compaction Phase
[2019-07-24T17:20:50.573-0300][77.714s][info][gc,phases      ] GC(31) Compaction Phase 299.224ms
[2019-07-24T17:20:50.573-0300][77.714s][info][gc,phases,start] GC(31) Post Compact
[2019-07-24T17:20:50.574-0300][77.715s][info][gc,phases      ] GC(31) Post Compact 0.846ms
[2019-07-24T17:20:50.574-0300][77.715s][info][gc,heap        ] GC(31) PSYoungGen: 131584K->131565K(153088K)
[2019-07-24T17:20:50.574-0300][77.715s][info][gc,heap        ] GC(31) ParOldGen: 297575K->297575K(349696K)
[2019-07-24T17:20:50.574-0300][77.715s][info][gc,metaspace   ] GC(31) Metaspace: 13555K->13555K(1062912K)
[2019-07-24T17:20:50.574-0300][77.715s][info][gc             ] GC(31) Pause Full (Ergonomics) 419M->419M(491M) 1046.414ms
[2019-07-24T17:20:50.574-0300][77.715s][info][gc,cpu         ] GC(31) User=3.50s Sys=0.01s Real=1.05s
[2019-07-24T17:20:50.575-0300][77.715s][info][gc,start       ] GC(32) Pause Full (Ergonomics)
[2019-07-24T17:20:50.575-0300][77.715s][info][gc,phases,start] GC(32) Marking Phase
[2019-07-24T17:20:51.319-0300][78.460s][info][gc,phases      ] GC(32) Marking Phase 744.706ms
[2019-07-24T17:20:51.319-0300][78.460s][info][gc,phases,start] GC(32) Summary Phase
[2019-07-24T17:20:51.319-0300][78.460s][info][gc,phases      ] GC(32) Summary Phase 0.018ms
[2019-07-24T17:20:51.319-0300][78.460s][info][gc,phases,start] GC(32) Adjust Roots
[2019-07-24T17:20:51.321-0300][78.461s][info][gc,phases      ] GC(32) Adjust Roots 1.506ms
[2019-07-24T17:20:51.321-0300][78.461s][info][gc,phases,start] GC(32) Compaction Phase
[2019-07-24T17:20:51.627-0300][78.768s][info][gc,phases      ] GC(32) Compaction Phase 306.466ms
[2019-07-24T17:20:51.630-0300][78.770s][info][gc,phases,start] GC(32) Post Compact
[2019-07-24T17:20:51.631-0300][78.771s][info][gc,phases      ] GC(32) Post Compact 0.760ms
[2019-07-24T17:20:51.631-0300][78.771s][info][gc,heap        ] GC(32) PSYoungGen: 131584K->131565K(153088K)
[2019-07-24T17:20:51.631-0300][78.771s][info][gc,heap        ] GC(32) ParOldGen: 297575K->297575K(349696K)
[2019-07-24T17:20:51.631-0300][78.771s][info][gc,metaspace   ] GC(32) Metaspace: 13555K->13555K(1062912K)
[2019-07-24T17:20:51.631-0300][78.771s][info][gc             ] GC(32) Pause Full (Ergonomics) 419M->419M(491M) 1056.271ms
[2019-07-24T17:20:51.631-0300][78.771s][info][gc,cpu         ] GC(32) User=3.45s Sys=0.02s Real=1.06s
[2019-07-24T17:20:51.631-0300][78.772s][info][gc,start       ] GC(33) Pause Full (Ergonomics)
[2019-07-24T17:20:51.631-0300][78.772s][info][gc,phases,start] GC(33) Marking Phase
[2019-07-24T17:20:52.363-0300][79.503s][info][gc,phases      ] GC(33) Marking Phase 731.378ms
[2019-07-24T17:20:52.363-0300][79.503s][info][gc,phases,start] GC(33) Summary Phase
[2019-07-24T17:20:52.363-0300][79.503s][info][gc,phases      ] GC(33) Summary Phase 0.023ms
[2019-07-24T17:20:52.363-0300][79.503s][info][gc,phases,start] GC(33) Adjust Roots
[2019-07-24T17:20:52.364-0300][79.505s][info][gc,phases      ] GC(33) Adjust Roots 1.692ms
[2019-07-24T17:20:52.364-0300][79.505s][info][gc,phases,start] GC(33) Compaction Phase
[2019-07-24T17:20:52.658-0300][79.798s][info][gc,phases      ] GC(33) Compaction Phase 293.353ms
[2019-07-24T17:20:52.658-0300][79.798s][info][gc,phases,start] GC(33) Post Compact
[2019-07-24T17:20:52.659-0300][79.799s][info][gc,phases      ] GC(33) Post Compact 0.751ms
[2019-07-24T17:20:52.659-0300][79.799s][info][gc,heap        ] GC(33) PSYoungGen: 131584K->131573K(153088K)
[2019-07-24T17:20:52.659-0300][79.799s][info][gc,heap        ] GC(33) ParOldGen: 297575K->297575K(349696K)
[2019-07-24T17:20:52.659-0300][79.799s][info][gc,metaspace   ] GC(33) Metaspace: 13555K->13555K(1062912K)
[2019-07-24T17:20:52.659-0300][79.799s][info][gc             ] GC(33) Pause Full (Ergonomics) 419M->419M(491M) 1027.532ms
[2019-07-24T17:20:52.659-0300][79.799s][info][gc,cpu         ] GC(33) User=3.45s Sys=0.01s Real=1.02s
[2019-07-24T17:20:52.659-0300][79.799s][info][gc,start       ] GC(34) Pause Full (Ergonomics)
[2019-07-24T17:20:52.659-0300][79.799s][info][gc,phases,start] GC(34) Marking Phase
[2019-07-24T17:20:53.380-0300][80.520s][info][gc,phases      ] GC(34) Marking Phase 720.754ms
[2019-07-24T17:20:53.380-0300][80.520s][info][gc,phases,start] GC(34) Summary Phase
[2019-07-24T17:20:53.380-0300][80.520s][info][gc,phases      ] GC(34) Summary Phase 0.020ms
[2019-07-24T17:20:53.380-0300][80.520s][info][gc,phases,start] GC(34) Adjust Roots
[2019-07-24T17:20:53.382-0300][80.522s][info][gc,phases      ] GC(34) Adjust Roots 1.746ms
[2019-07-24T17:20:53.382-0300][80.522s][info][gc,phases,start] GC(34) Compaction Phase
[2019-07-24T17:20:53.678-0300][80.818s][info][gc,phases      ] GC(34) Compaction Phase 296.199ms
[2019-07-24T17:20:53.678-0300][80.818s][info][gc,phases,start] GC(34) Post Compact
[2019-07-24T17:20:53.679-0300][80.819s][info][gc,phases      ] GC(34) Post Compact 0.739ms
[2019-07-24T17:20:53.679-0300][80.819s][info][gc,heap        ] GC(34) PSYoungGen: 131584K->131578K(153088K)
[2019-07-24T17:20:53.679-0300][80.819s][info][gc,heap        ] GC(34) ParOldGen: 297575K->297575K(349696K)
[2019-07-24T17:20:53.679-0300][80.819s][info][gc,metaspace   ] GC(34) Metaspace: 13556K->13556K(1062912K)
[2019-07-24T17:20:53.679-0300][80.819s][info][gc             ] GC(34) Pause Full (Ergonomics) 419M->419M(491M) 1019.741ms
[2019-07-24T17:20:53.679-0300][80.819s][info][gc,cpu         ] GC(34) User=3.42s Sys=0.02s Real=1.02s
[2019-07-24T17:20:53.679-0300][80.819s][info][gc,start       ] GC(35) Pause Full (Ergonomics)
[2019-07-24T17:20:53.679-0300][80.819s][info][gc,phases,start] GC(35) Marking Phase
[2019-07-24T17:20:54.403-0300][81.543s][info][gc,phases      ] GC(35) Marking Phase 723.554ms
[2019-07-24T17:20:54.403-0300][81.543s][info][gc,phases,start] GC(35) Summary Phase
[2019-07-24T17:20:54.403-0300][81.543s][info][gc,phases      ] GC(35) Summary Phase 0.019ms
[2019-07-24T17:20:54.403-0300][81.543s][info][gc,phases,start] GC(35) Adjust Roots
[2019-07-24T17:20:54.404-0300][81.545s][info][gc,phases      ] GC(35) Adjust Roots 1.687ms
[2019-07-24T17:20:54.404-0300][81.545s][info][gc,phases,start] GC(35) Compaction Phase
[2019-07-24T17:20:54.695-0300][81.835s][info][gc,phases      ] GC(35) Compaction Phase 290.243ms
[2019-07-24T17:20:54.695-0300][81.835s][info][gc,phases,start] GC(35) Post Compact
[2019-07-24T17:20:54.696-0300][81.836s][info][gc,phases      ] GC(35) Post Compact 0.775ms
[2019-07-24T17:20:54.696-0300][81.836s][info][gc,heap        ] GC(35) PSYoungGen: 131584K->131578K(153088K)
[2019-07-24T17:20:54.696-0300][81.836s][info][gc,heap        ] GC(35) ParOldGen: 297575K->297575K(349696K)
[2019-07-24T17:20:54.696-0300][81.836s][info][gc,metaspace   ] GC(35) Metaspace: 13556K->13556K(1062912K)
[2019-07-24T17:20:54.696-0300][81.836s][info][gc             ] GC(35) Pause Full (Ergonomics) 419M->419M(491M) 1016.571ms
[2019-07-24T17:20:54.696-0300][81.836s][info][gc,cpu         ] GC(35) User=3.43s Sys=0.01s Real=1.02s
[2019-07-24T17:20:54.696-0300][81.836s][info][gc,start       ] GC(36) Pause Full (Ergonomics)
[2019-07-24T17:20:54.696-0300][81.837s][info][gc,phases,start] GC(36) Marking Phase
[2019-07-24T17:20:55.452-0300][82.593s][info][gc,phases      ] GC(36) Marking Phase 756.193ms
[2019-07-24T17:20:55.452-0300][82.593s][info][gc,phases,start] GC(36) Summary Phase
[2019-07-24T17:20:55.452-0300][82.593s][info][gc,phases      ] GC(36) Summary Phase 0.020ms
[2019-07-24T17:20:55.452-0300][82.593s][info][gc,phases,start] GC(36) Adjust Roots
[2019-07-24T17:20:55.454-0300][82.594s][info][gc,phases      ] GC(36) Adjust Roots 1.606ms
[2019-07-24T17:20:55.454-0300][82.594s][info][gc,phases,start] GC(36) Compaction Phase
[2019-07-24T17:20:55.749-0300][82.889s][info][gc,phases      ] GC(36) Compaction Phase 294.846ms
[2019-07-24T17:20:55.749-0300][82.889s][info][gc,phases,start] GC(36) Post Compact
[2019-07-24T17:20:55.750-0300][82.890s][info][gc,phases      ] GC(36) Post Compact 0.980ms
[2019-07-24T17:20:55.750-0300][82.891s][info][gc,heap        ] GC(36) PSYoungGen: 131583K->131571K(153088K)
[2019-07-24T17:20:55.750-0300][82.891s][info][gc,heap        ] GC(36) ParOldGen: 297575K->297575K(349696K)
[2019-07-24T17:20:55.750-0300][82.891s][info][gc,metaspace   ] GC(36) Metaspace: 13558K->13558K(1062912K)
[2019-07-24T17:20:55.750-0300][82.891s][info][gc             ] GC(36) Pause Full (Ergonomics) 419M->419M(491M) 1054.117ms
[2019-07-24T17:20:55.750-0300][82.891s][info][gc,cpu         ] GC(36) User=3.50s Sys=0.01s Real=1.06s
[2019-07-24T17:20:55.751-0300][82.891s][info][gc,start       ] GC(37) Pause Full (Ergonomics)
[2019-07-24T17:20:55.751-0300][82.891s][info][gc,phases,start] GC(37) Marking Phase
[2019-07-24T17:20:56.563-0300][83.703s][info][gc,phases      ] GC(37) Marking Phase 812.028ms
[2019-07-24T17:20:56.563-0300][83.703s][info][gc,phases,start] GC(37) Summary Phase
[2019-07-24T17:20:56.563-0300][83.703s][info][gc,phases      ] GC(37) Summary Phase 0.019ms
[2019-07-24T17:20:56.563-0300][83.703s][info][gc,phases,start] GC(37) Adjust Roots
[2019-07-24T17:20:56.565-0300][83.705s][info][gc,phases      ] GC(37) Adjust Roots 1.659ms
[2019-07-24T17:20:56.565-0300][83.705s][info][gc,phases,start] GC(37) Compaction Phase
[2019-07-24T17:20:56.948-0300][84.088s][info][gc,phases      ] GC(37) Compaction Phase 382.917ms
[2019-07-24T17:20:56.948-0300][84.088s][info][gc,phases,start] GC(37) Post Compact
[2019-07-24T17:20:56.950-0300][84.090s][info][gc,phases      ] GC(37) Post Compact 1.574ms
[2019-07-24T17:20:56.950-0300][84.090s][info][gc,heap        ] GC(37) PSYoungGen: 131584K->131568K(153088K)
[2019-07-24T17:20:56.950-0300][84.090s][info][gc,heap        ] GC(37) ParOldGen: 297575K->297575K(349696K)
[2019-07-24T17:20:56.950-0300][84.090s][info][gc,metaspace   ] GC(37) Metaspace: 13559K->13559K(1062912K)
[2019-07-24T17:20:56.950-0300][84.090s][info][gc             ] GC(37) Pause Full (Ergonomics) 419M->419M(491M) 1198.862ms
[2019-07-24T17:20:56.950-0300][84.090s][info][gc,cpu         ] GC(37) User=3.47s Sys=0.02s Real=1.20s
[2019-07-24T17:20:56.951-0300][84.091s][info][gc,start       ] GC(38) Pause Full (Ergonomics)
[2019-07-24T17:20:56.951-0300][84.091s][info][gc,phases,start] GC(38) Marking Phase
[2019-07-24T17:20:57.940-0300][85.080s][info][gc,phases      ] GC(38) Marking Phase 989.240ms
[2019-07-24T17:20:57.940-0300][85.080s][info][gc,phases,start] GC(38) Summary Phase
[2019-07-24T17:20:57.940-0300][85.080s][info][gc,phases      ] GC(38) Summary Phase 0.020ms
[2019-07-24T17:20:57.940-0300][85.080s][info][gc,phases,start] GC(38) Adjust Roots
[2019-07-24T17:20:57.942-0300][85.082s][info][gc,phases      ] GC(38) Adjust Roots 1.605ms
[2019-07-24T17:20:57.942-0300][85.082s][info][gc,phases,start] GC(38) Compaction Phase
[2019-07-24T17:20:58.233-0300][85.373s][info][gc,phases      ] GC(38) Compaction Phase 291.186ms
[2019-07-24T17:20:58.233-0300][85.373s][info][gc,phases,start] GC(38) Post Compact
[2019-07-24T17:20:58.234-0300][85.375s][info][gc,phases      ] GC(38) Post Compact 1.152ms
[2019-07-24T17:20:58.234-0300][85.375s][info][gc,heap        ] GC(38) PSYoungGen: 131584K->131569K(153088K)
[2019-07-24T17:20:58.234-0300][85.375s][info][gc,heap        ] GC(38) ParOldGen: 297575K->297575K(349696K)
[2019-07-24T17:20:58.234-0300][85.375s][info][gc,metaspace   ] GC(38) Metaspace: 13559K->13559K(1062912K)
[2019-07-24T17:20:58.234-0300][85.375s][info][gc             ] GC(38) Pause Full (Ergonomics) 419M->419M(491M) 1283.640ms
[2019-07-24T17:20:58.234-0300][85.375s][info][gc,cpu         ] GC(38) User=3.52s Sys=0.02s Real=1.28s
[2019-07-24T17:20:58.235-0300][85.375s][info][gc,start       ] GC(39) Pause Full (Ergonomics)
[2019-07-24T17:20:58.235-0300][85.375s][info][gc,phases,start] GC(39) Marking Phase
[2019-07-24T17:20:59.118-0300][86.259s][info][gc,phases      ] GC(39) Marking Phase 883.260ms
[2019-07-24T17:20:59.118-0300][86.259s][info][gc,phases,start] GC(39) Summary Phase
[2019-07-24T17:20:59.118-0300][86.259s][info][gc,phases      ] GC(39) Summary Phase 0.018ms
[2019-07-24T17:20:59.118-0300][86.259s][info][gc,phases,start] GC(39) Adjust Roots
[2019-07-24T17:20:59.120-0300][86.260s][info][gc,phases      ] GC(39) Adjust Roots 1.499ms
[2019-07-24T17:20:59.120-0300][86.260s][info][gc,phases,start] GC(39) Compaction Phase
[2019-07-24T17:20:59.412-0300][86.552s][info][gc,phases      ] GC(39) Compaction Phase 292.010ms
[2019-07-24T17:20:59.412-0300][86.552s][info][gc,phases,start] GC(39) Post Compact
[2019-07-24T17:20:59.413-0300][86.553s][info][gc,phases      ] GC(39) Post Compact 0.761ms
[2019-07-24T17:20:59.413-0300][86.553s][info][gc,heap        ] GC(39) PSYoungGen: 131584K->131580K(153088K)
[2019-07-24T17:20:59.413-0300][86.553s][info][gc,heap        ] GC(39) ParOldGen: 297575K->297575K(349696K)
[2019-07-24T17:20:59.413-0300][86.553s][info][gc,metaspace   ] GC(39) Metaspace: 13559K->13559K(1062912K)
[2019-07-24T17:20:59.413-0300][86.553s][info][gc             ] GC(39) Pause Full (Ergonomics) 419M->419M(491M) 1177.866ms
[2019-07-24T17:20:59.413-0300][86.553s][info][gc,cpu         ] GC(39) User=3.43s Sys=0.02s Real=1.18s
[2019-07-24T17:20:59.413-0300][86.553s][info][gc,start       ] GC(40) Pause Full (Ergonomics)
[2019-07-24T17:20:59.413-0300][86.553s][info][gc,phases,start] GC(40) Marking Phase
[2019-07-24T17:21:00.179-0300][87.319s][info][gc,phases      ] GC(40) Marking Phase 766.031ms
[2019-07-24T17:21:00.179-0300][87.319s][info][gc,phases,start] GC(40) Summary Phase
[2019-07-24T17:21:00.179-0300][87.319s][info][gc,phases      ] GC(40) Summary Phase 0.027ms
[2019-07-24T17:21:00.179-0300][87.320s][info][gc,phases,start] GC(40) Adjust Roots
[2019-07-24T17:21:00.181-0300][87.321s][info][gc,phases      ] GC(40) Adjust Roots 1.671ms
[2019-07-24T17:21:00.181-0300][87.321s][info][gc,phases,start] GC(40) Compaction Phase
[2019-07-24T17:21:00.497-0300][87.638s][info][gc,phases      ] GC(40) Compaction Phase 316.335ms
[2019-07-24T17:21:00.497-0300][87.638s][info][gc,phases,start] GC(40) Post Compact
[2019-07-24T17:21:00.498-0300][87.638s][info][gc,phases      ] GC(40) Post Compact 0.749ms
[2019-07-24T17:21:00.498-0300][87.638s][info][gc,heap        ] GC(40) PSYoungGen: 131583K->131583K(153088K)
[2019-07-24T17:21:00.498-0300][87.638s][info][gc,heap        ] GC(40) ParOldGen: 297575K->297575K(349696K)
[2019-07-24T17:21:00.498-0300][87.638s][info][gc,metaspace   ] GC(40) Metaspace: 13559K->13559K(1062912K)
[2019-07-24T17:21:00.498-0300][87.638s][info][gc             ] GC(40) Pause Full (Ergonomics) 419M->419M(491M) 1085.127ms
[2019-07-24T17:21:00.498-0300][87.638s][info][gc,cpu         ] GC(40) User=3.48s Sys=0.02s Real=1.08s
[2019-07-24T17:21:00.499-0300][87.639s][info][gc,start       ] GC(41) Pause Full (Ergonomics)
[2019-07-24T17:21:00.499-0300][87.639s][info][gc,phases,start] GC(41) Marking Phase
[2019-07-24T17:21:01.301-0300][88.441s][info][gc,phases      ] GC(41) Marking Phase 802.428ms
[2019-07-24T17:21:01.301-0300][88.441s][info][gc,phases,start] GC(41) Summary Phase
[2019-07-24T17:21:01.301-0300][88.441s][info][gc,phases      ] GC(41) Summary Phase 0.019ms
[2019-07-24T17:21:01.301-0300][88.441s][info][gc,phases,start] GC(41) Adjust Roots
[2019-07-24T17:21:01.303-0300][88.443s][info][gc,phases      ] GC(41) Adjust Roots 1.687ms
[2019-07-24T17:21:01.303-0300][88.443s][info][gc,phases,start] GC(41) Compaction Phase
[2019-07-24T17:21:01.595-0300][88.735s][info][gc,phases      ] GC(41) Compaction Phase 291.593ms
[2019-07-24T17:21:01.595-0300][88.735s][info][gc,phases,start] GC(41) Post Compact
[2019-07-24T17:21:01.595-0300][88.736s][info][gc,phases      ] GC(41) Post Compact 0.749ms
[2019-07-24T17:21:01.596-0300][88.736s][info][gc,heap        ] GC(41) PSYoungGen: 131584K->131581K(153088K)
[2019-07-24T17:21:01.596-0300][88.736s][info][gc,heap        ] GC(41) ParOldGen: 297578K->297578K(349696K)
[2019-07-24T17:21:01.596-0300][88.736s][info][gc,metaspace   ] GC(41) Metaspace: 13559K->13559K(1062912K)
[2019-07-24T17:21:01.596-0300][88.736s][info][gc             ] GC(41) Pause Full (Ergonomics) 419M->419M(491M) 1096.804ms
[2019-07-24T17:21:01.596-0300][88.736s][info][gc,cpu         ] GC(41) User=3.49s Sys=0.02s Real=1.10s
[2019-07-24T17:21:01.596-0300][88.736s][info][gc,start       ] GC(42) Pause Full (Ergonomics)
[2019-07-24T17:21:01.596-0300][88.736s][info][gc,phases,start] GC(42) Marking Phase
[2019-07-24T17:21:02.352-0300][89.492s][info][gc,phases      ] GC(42) Marking Phase 756.252ms
[2019-07-24T17:21:02.352-0300][89.492s][info][gc,phases,start] GC(42) Summary Phase
[2019-07-24T17:21:02.352-0300][89.492s][info][gc,phases      ] GC(42) Summary Phase 0.027ms
[2019-07-24T17:21:02.352-0300][89.492s][info][gc,phases,start] GC(42) Adjust Roots
[2019-07-24T17:21:02.354-0300][89.494s][info][gc,phases      ] GC(42) Adjust Roots 1.819ms
[2019-07-24T17:21:02.354-0300][89.494s][info][gc,phases,start] GC(42) Compaction Phase
[2019-07-24T17:21:02.647-0300][89.787s][info][gc,phases      ] GC(42) Compaction Phase 292.423ms
[2019-07-24T17:21:02.647-0300][89.787s][info][gc,phases,start] GC(42) Post Compact
[2019-07-24T17:21:02.648-0300][89.788s][info][gc,phases      ] GC(42) Post Compact 1.011ms
[2019-07-24T17:21:02.648-0300][89.788s][info][gc,heap        ] GC(42) PSYoungGen: 131583K->131583K(153088K)
[2019-07-24T17:21:02.648-0300][89.788s][info][gc,heap        ] GC(42) ParOldGen: 297578K->297578K(349696K)
[2019-07-24T17:21:02.648-0300][89.788s][info][gc,metaspace   ] GC(42) Metaspace: 13559K->13559K(1062912K)
[2019-07-24T17:21:02.648-0300][89.788s][info][gc             ] GC(42) Pause Full (Ergonomics) 419M->419M(491M) 1051.889ms
[2019-07-24T17:21:02.648-0300][89.788s][info][gc,cpu         ] GC(42) User=3.50s Sys=0.01s Real=1.05s
[2019-07-24T17:21:02.648-0300][89.788s][info][gc,start       ] GC(43) Pause Full (Ergonomics)
[2019-07-24T17:21:02.648-0300][89.788s][info][gc,phases,start] GC(43) Marking Phase
[2019-07-24T17:21:03.544-0300][90.684s][info][gc,phases      ] GC(43) Marking Phase 895.465ms
[2019-07-24T17:21:03.544-0300][90.684s][info][gc,phases,start] GC(43) Summary Phase
[2019-07-24T17:21:03.544-0300][90.684s][info][gc,phases      ] GC(43) Summary Phase 0.019ms
[2019-07-24T17:21:03.544-0300][90.684s][info][gc,phases,start] GC(43) Adjust Roots
[2019-07-24T17:21:03.545-0300][90.685s][info][gc,phases      ] GC(43) Adjust Roots 1.552ms
[2019-07-24T17:21:03.545-0300][90.685s][info][gc,phases,start] GC(43) Compaction Phase
[2019-07-24T17:21:03.910-0300][91.050s][info][gc,phases      ] GC(43) Compaction Phase 364.738ms
[2019-07-24T17:21:03.910-0300][91.050s][info][gc,phases,start] GC(43) Post Compact
[2019-07-24T17:21:03.911-0300][91.051s][info][gc,phases      ] GC(43) Post Compact 0.739ms
[2019-07-24T17:21:03.911-0300][91.051s][info][gc,heap        ] GC(43) PSYoungGen: 131583K->131583K(153088K)
[2019-07-24T17:21:03.911-0300][91.051s][info][gc,heap        ] GC(43) ParOldGen: 297578K->297578K(349696K)
[2019-07-24T17:21:03.911-0300][91.051s][info][gc,metaspace   ] GC(43) Metaspace: 13559K->13559K(1062912K)
[2019-07-24T17:21:03.911-0300][91.051s][info][gc             ] GC(43) Pause Full (Ergonomics) 419M->419M(491M) 1262.796ms
[2019-07-24T17:21:03.911-0300][91.051s][info][gc,cpu         ] GC(43) User=3.43s Sys=0.02s Real=1.27s
[2019-07-24T17:21:03.911-0300][91.051s][info][gc,start       ] GC(44) Pause Full (Ergonomics)
[2019-07-24T17:21:03.911-0300][91.051s][info][gc,phases,start] GC(44) Marking Phase
[2019-07-24T17:21:05.638-0300][92.778s][info][gc,phases      ] GC(44) Marking Phase 1726.935ms
[2019-07-24T17:21:05.638-0300][92.779s][info][gc,phases,start] GC(44) Summary Phase
[2019-07-24T17:21:05.639-0300][92.779s][info][gc,phases      ] GC(44) Summary Phase 0.105ms
[2019-07-24T17:21:05.639-0300][92.779s][info][gc,phases,start] GC(44) Adjust Roots
[2019-07-24T17:21:05.641-0300][92.781s][info][gc,phases      ] GC(44) Adjust Roots 2.482ms
[2019-07-24T17:21:05.641-0300][92.781s][info][gc,phases,start] GC(44) Compaction Phase
[2019-07-24T17:21:06.038-0300][93.178s][info][gc,phases      ] GC(44) Compaction Phase 396.853ms
[2019-07-24T17:21:06.038-0300][93.178s][info][gc,phases,start] GC(44) Post Compact
[2019-07-24T17:21:06.039-0300][93.179s][info][gc,phases      ] GC(44) Post Compact 0.743ms
[2019-07-24T17:21:06.039-0300][93.179s][info][gc,heap        ] GC(44) PSYoungGen: 131584K->131583K(153088K)
[2019-07-24T17:21:06.039-0300][93.179s][info][gc,heap        ] GC(44) ParOldGen: 297581K->297581K(349696K)
[2019-07-24T17:21:06.039-0300][93.179s][info][gc,metaspace   ] GC(44) Metaspace: 13559K->13559K(1062912K)
[2019-07-24T17:21:06.039-0300][93.179s][info][gc             ] GC(44) Pause Full (Ergonomics) 419M->419M(491M) 2127.969ms
[2019-07-24T17:21:06.039-0300][93.179s][info][gc,cpu         ] GC(44) User=3.59s Sys=0.03s Real=2.12s
[2019-07-24T17:21:06.039-0300][93.179s][info][gc,start       ] GC(45) Pause Full (Ergonomics)
[2019-07-24T17:21:06.039-0300][93.179s][info][gc,phases,start] GC(45) Marking Phase
[2019-07-24T17:21:06.874-0300][94.014s][info][gc,phases      ] GC(45) Marking Phase 834.763ms
[2019-07-24T17:21:06.874-0300][94.014s][info][gc,phases,start] GC(45) Summary Phase
[2019-07-24T17:21:06.874-0300][94.014s][info][gc,phases      ] GC(45) Summary Phase 0.024ms
[2019-07-24T17:21:06.874-0300][94.014s][info][gc,phases,start] GC(45) Adjust Roots
[2019-07-24T17:21:06.878-0300][94.018s][info][gc,phases      ] GC(45) Adjust Roots 3.684ms
[2019-07-24T17:21:06.878-0300][94.018s][info][gc,phases,start] GC(45) Compaction Phase
[2019-07-24T17:21:07.334-0300][94.474s][info][gc,phases      ] GC(45) Compaction Phase 456.434ms
[2019-07-24T17:21:07.334-0300][94.474s][info][gc,phases,start] GC(45) Post Compact
[2019-07-24T17:21:07.335-0300][94.475s][info][gc,phases      ] GC(45) Post Compact 0.778ms
[2019-07-24T17:21:07.335-0300][94.475s][info][gc,heap        ] GC(45) PSYoungGen: 131584K->131584K(153088K)
[2019-07-24T17:21:07.335-0300][94.475s][info][gc,heap        ] GC(45) ParOldGen: 297581K->297528K(349696K)
[2019-07-24T17:21:07.335-0300][94.475s][info][gc,metaspace   ] GC(45) Metaspace: 13559K->13559K(1062912K)
[2019-07-24T17:21:07.335-0300][94.475s][info][gc             ] GC(45) Pause Full (Ergonomics) 419M->419M(491M) 1295.982ms
[2019-07-24T17:21:07.335-0300][94.475s][info][gc,cpu         ] GC(45) User=4.09s Sys=0.03s Real=1.30s
[2019-07-24T17:21:07.336-0300][94.476s][info][gc,start       ] GC(46) Pause Full (Ergonomics)
[2019-07-24T17:21:07.336-0300][94.476s][info][gc,phases,start] GC(46) Marking Phase
[2019-07-24T17:21:08.104-0300][95.244s][info][gc,phases      ] GC(46) Marking Phase 768.093ms
[2019-07-24T17:21:08.104-0300][95.244s][info][gc,phases,start] GC(46) Summary Phase
[2019-07-24T17:21:08.104-0300][95.244s][info][gc,phases      ] GC(46) Summary Phase 0.019ms
[2019-07-24T17:21:08.104-0300][95.244s][info][gc,phases,start] GC(46) Adjust Roots
[2019-07-24T17:21:08.105-0300][95.245s][info][gc,phases      ] GC(46) Adjust Roots 1.508ms
[2019-07-24T17:21:08.105-0300][95.245s][info][gc,phases,start] GC(46) Compaction Phase
[2019-07-24T17:21:08.443-0300][95.583s][info][gc,phases      ] GC(46) Compaction Phase 337.839ms
[2019-07-24T17:21:08.443-0300][95.583s][info][gc,phases,start] GC(46) Post Compact
[2019-07-24T17:21:08.444-0300][95.584s][info][gc,phases      ] GC(46) Post Compact 1.071ms
[2019-07-24T17:21:08.445-0300][95.584s][info][gc,heap        ] GC(46) PSYoungGen: 131584K->131583K(153088K)
[2019-07-24T17:21:08.445-0300][95.584s][info][gc,heap        ] GC(46) ParOldGen: 297534K->297533K(349696K)
[2019-07-24T17:21:08.445-0300][95.584s][info][gc,metaspace   ] GC(46) Metaspace: 13559K->13559K(1062912K)
[2019-07-24T17:21:08.445-0300][95.585s][info][gc             ] GC(46) Pause Full (Ergonomics) 419M->419M(491M) 1108.891ms
[2019-07-24T17:21:08.445-0300][95.585s][info][gc,cpu         ] GC(46) User=3.51s Sys=0.01s Real=1.11s
[2019-07-24T17:21:08.445-0300][95.585s][info][gc,start       ] GC(47) Pause Full (Ergonomics)
[2019-07-24T17:21:08.445-0300][95.585s][info][gc,phases,start] GC(47) Marking Phase
[2019-07-24T17:21:09.320-0300][96.460s][info][gc,phases      ] GC(47) Marking Phase 875.491ms
[2019-07-24T17:21:09.320-0300][96.460s][info][gc,phases,start] GC(47) Summary Phase
[2019-07-24T17:21:09.320-0300][96.460s][info][gc,phases      ] GC(47) Summary Phase 0.018ms
[2019-07-24T17:21:09.320-0300][96.460s][info][gc,phases,start] GC(47) Adjust Roots
[2019-07-24T17:21:09.322-0300][96.462s][info][gc,phases      ] GC(47) Adjust Roots 1.720ms
[2019-07-24T17:21:09.322-0300][96.462s][info][gc,phases,start] GC(47) Compaction Phase
[2019-07-24T17:21:09.630-0300][96.770s][info][gc,phases      ] GC(47) Compaction Phase 308.037ms
[2019-07-24T17:21:09.630-0300][96.770s][info][gc,phases,start] GC(47) Post Compact
[2019-07-24T17:21:09.631-0300][96.771s][info][gc,phases      ] GC(47) Post Compact 0.739ms
[2019-07-24T17:21:09.631-0300][96.771s][info][gc,heap        ] GC(47) PSYoungGen: 131584K->131583K(153088K)
[2019-07-24T17:21:09.631-0300][96.771s][info][gc,heap        ] GC(47) ParOldGen: 297533K->297529K(349696K)
[2019-07-24T17:21:09.631-0300][96.771s][info][gc,metaspace   ] GC(47) Metaspace: 13559K->13559K(1062912K)
[2019-07-24T17:21:09.631-0300][96.771s][info][gc             ] GC(47) Pause Full (Ergonomics) 419M->419M(491M) 1186.315ms
[2019-07-24T17:21:09.631-0300][96.771s][info][gc,cpu         ] GC(47) User=3.58s Sys=0.03s Real=1.19s
[2019-07-24T17:21:09.631-0300][96.771s][info][gc,start       ] GC(48) Pause Full (Ergonomics)
[2019-07-24T17:21:09.631-0300][96.771s][info][gc,phases,start] GC(48) Marking Phase
[2019-07-24T17:21:10.494-0300][97.634s][info][gc,phases      ] GC(48) Marking Phase 862.192ms
[2019-07-24T17:21:10.494-0300][97.634s][info][gc,phases,start] GC(48) Summary Phase
[2019-07-24T17:21:10.494-0300][97.634s][info][gc,phases      ] GC(48) Summary Phase 0.021ms
[2019-07-24T17:21:10.494-0300][97.634s][info][gc,phases,start] GC(48) Adjust Roots
[2019-07-24T17:21:10.496-0300][97.636s][info][gc,phases      ] GC(48) Adjust Roots 2.078ms
[2019-07-24T17:21:10.496-0300][97.636s][info][gc,phases,start] GC(48) Compaction Phase
[2019-07-24T17:21:10.858-0300][97.998s][info][gc,phases      ] GC(48) Compaction Phase 362.043ms
[2019-07-24T17:21:10.858-0300][97.998s][info][gc,phases,start] GC(48) Post Compact
[2019-07-24T17:21:10.859-0300][97.999s][info][gc,phases      ] GC(48) Post Compact 0.757ms
[2019-07-24T17:21:10.859-0300][97.999s][info][gc,heap        ] GC(48) PSYoungGen: 131583K->131583K(153088K)
[2019-07-24T17:21:10.859-0300][97.999s][info][gc,heap        ] GC(48) ParOldGen: 297529K->297529K(349696K)
[2019-07-24T17:21:10.859-0300][97.999s][info][gc,metaspace   ] GC(48) Metaspace: 13559K->13559K(1062912K)
[2019-07-24T17:21:10.859-0300][97.999s][info][gc             ] GC(48) Pause Full (Ergonomics) 419M->419M(491M) 1227.423ms
[2019-07-24T17:21:10.859-0300][97.999s][info][gc,cpu         ] GC(48) User=3.46s Sys=0.02s Real=1.22s
[2019-07-24T17:21:10.859-0300][97.999s][info][gc,start       ] GC(49) Pause Full (Ergonomics)
[2019-07-24T17:21:10.859-0300][97.999s][info][gc,phases,start] GC(49) Marking Phase
[2019-07-24T17:21:11.604-0300][98.743s][info][gc,phases      ] GC(49) Marking Phase 744.415ms
[2019-07-24T17:21:11.604-0300][98.743s][info][gc,phases,start] GC(49) Summary Phase
[2019-07-24T17:21:11.604-0300][98.744s][info][gc,phases      ] GC(49) Summary Phase 0.019ms
[2019-07-24T17:21:11.604-0300][98.744s][info][gc,phases,start] GC(49) Adjust Roots
[2019-07-24T17:21:11.605-0300][98.745s][info][gc,phases      ] GC(49) Adjust Roots 1.752ms
[2019-07-24T17:21:11.605-0300][98.745s][info][gc,phases,start] GC(49) Compaction Phase
[2019-07-24T17:21:11.925-0300][99.065s][info][gc,phases      ] GC(49) Compaction Phase 319.356ms
[2019-07-24T17:21:11.925-0300][99.065s][info][gc,phases,start] GC(49) Post Compact
[2019-07-24T17:21:11.926-0300][99.065s][info][gc,phases      ] GC(49) Post Compact 0.744ms
[2019-07-24T17:21:11.926-0300][99.066s][info][gc,heap        ] GC(49) PSYoungGen: 131583K->131583K(153088K)
[2019-07-24T17:21:11.926-0300][99.066s][info][gc,heap        ] GC(49) ParOldGen: 297531K->297530K(349696K)
[2019-07-24T17:21:11.926-0300][99.066s][info][gc,metaspace   ] GC(49) Metaspace: 13559K->13559K(1062912K)
[2019-07-24T17:21:11.926-0300][99.066s][info][gc             ] GC(49) Pause Full (Ergonomics) 419M->419M(491M) 1066.588ms
[2019-07-24T17:21:11.926-0300][99.066s][info][gc,cpu         ] GC(49) User=3.48s Sys=0.01s Real=1.07s
[2019-07-24T17:21:11.926-0300][99.066s][info][gc,start       ] GC(50) Pause Full (Ergonomics)
[2019-07-24T17:21:11.926-0300][99.066s][info][gc,phases,start] GC(50) Marking Phase
[2019-07-24T17:21:12.681-0300][99.821s][info][gc,phases      ] GC(50) Marking Phase 755.279ms
[2019-07-24T17:21:12.681-0300][99.821s][info][gc,phases,start] GC(50) Summary Phase
[2019-07-24T17:21:12.681-0300][99.821s][info][gc,phases      ] GC(50) Summary Phase 0.020ms
[2019-07-24T17:21:12.681-0300][99.821s][info][gc,phases,start] GC(50) Adjust Roots
[2019-07-24T17:21:12.684-0300][99.824s][info][gc,phases      ] GC(50) Adjust Roots 2.299ms
[2019-07-24T17:21:12.684-0300][99.824s][info][gc,phases,start] GC(50) Compaction Phase
[2019-07-24T17:21:13.007-0300][100.147s][info][gc,phases      ] GC(50) Compaction Phase 323.585ms
[2019-07-24T17:21:13.007-0300][100.147s][info][gc,phases,start] GC(50) Post Compact
[2019-07-24T17:21:13.008-0300][100.148s][info][gc,phases      ] GC(50) Post Compact 0.797ms
[2019-07-24T17:21:13.008-0300][100.148s][info][gc,heap        ] GC(50) PSYoungGen: 131583K->131583K(153088K)
[2019-07-24T17:21:13.008-0300][100.148s][info][gc,heap        ] GC(50) ParOldGen: 297530K->297530K(349696K)
[2019-07-24T17:21:13.008-0300][100.148s][info][gc,metaspace   ] GC(50) Metaspace: 13559K->13559K(1062912K)
[2019-07-24T17:21:13.008-0300][100.148s][info][gc             ] GC(50) Pause Full (Ergonomics) 419M->419M(491M) 1082.347ms
[2019-07-24T17:21:13.008-0300][100.148s][info][gc,cpu         ] GC(50) User=3.49s Sys=0.02s Real=1.08s
[2019-07-24T17:21:13.009-0300][100.148s][info][gc,start       ] GC(51) Pause Full (Ergonomics)
[2019-07-24T17:21:13.009-0300][100.148s][info][gc,phases,start] GC(51) Marking Phase
[2019-07-24T17:21:13.779-0300][100.919s][info][gc,phases      ] GC(51) Marking Phase 770.076ms
[2019-07-24T17:21:13.779-0300][100.919s][info][gc,phases,start] GC(51) Summary Phase
[2019-07-24T17:21:13.779-0300][100.919s][info][gc,phases      ] GC(51) Summary Phase 0.020ms
[2019-07-24T17:21:13.779-0300][100.919s][info][gc,phases,start] GC(51) Adjust Roots
[2019-07-24T17:21:13.781-0300][100.920s][info][gc,phases      ] GC(51) Adjust Roots 1.781ms
[2019-07-24T17:21:13.781-0300][100.920s][info][gc,phases,start] GC(51) Compaction Phase
[2019-07-24T17:21:14.082-0300][101.222s][info][gc,phases      ] GC(51) Compaction Phase 301.775ms
[2019-07-24T17:21:14.083-0300][101.222s][info][gc,phases,start] GC(51) Post Compact
[2019-07-24T17:21:14.084-0300][101.223s][info][gc,phases      ] GC(51) Post Compact 0.976ms
[2019-07-24T17:21:14.084-0300][101.223s][info][gc,heap        ] GC(51) PSYoungGen: 131583K->131583K(153088K)
[2019-07-24T17:21:14.084-0300][101.223s][info][gc,heap        ] GC(51) ParOldGen: 297532K->297532K(349696K)
[2019-07-24T17:21:14.084-0300][101.223s][info][gc,metaspace   ] GC(51) Metaspace: 13559K->13559K(1062912K)
[2019-07-24T17:21:14.084-0300][101.223s][info][gc             ] GC(51) Pause Full (Ergonomics) 419M->419M(491M) 1074.976ms
[2019-07-24T17:21:14.084-0300][101.223s][info][gc,cpu         ] GC(51) User=3.50s Sys=0.02s Real=1.08s
[2019-07-24T17:21:14.084-0300][101.224s][info][gc,start       ] GC(52) Pause Full (Ergonomics)
[2019-07-24T17:21:14.084-0300][101.224s][info][gc,phases,start] GC(52) Marking Phase
[2019-07-24T17:21:14.878-0300][102.018s][info][gc,phases      ] GC(52) Marking Phase 793.994ms
[2019-07-24T17:21:14.878-0300][102.018s][info][gc,phases,start] GC(52) Summary Phase
[2019-07-24T17:21:14.878-0300][102.018s][info][gc,phases      ] GC(52) Summary Phase 0.017ms
[2019-07-24T17:21:14.878-0300][102.018s][info][gc,phases,start] GC(52) Adjust Roots
[2019-07-24T17:21:14.880-0300][102.019s][info][gc,phases      ] GC(52) Adjust Roots 1.512ms
[2019-07-24T17:21:14.880-0300][102.019s][info][gc,phases,start] GC(52) Compaction Phase
[2019-07-24T17:21:15.188-0300][102.327s][info][gc,phases      ] GC(52) Compaction Phase 307.915ms
[2019-07-24T17:21:15.188-0300][102.328s][info][gc,phases,start] GC(52) Post Compact
[2019-07-24T17:21:15.189-0300][102.329s][info][gc,phases      ] GC(52) Post Compact 0.959ms
[2019-07-24T17:21:15.189-0300][102.329s][info][gc,heap        ] GC(52) PSYoungGen: 131583K->131583K(153088K)
[2019-07-24T17:21:15.189-0300][102.329s][info][gc,heap        ] GC(52) ParOldGen: 297532K->297532K(349696K)
[2019-07-24T17:21:15.189-0300][102.329s][info][gc,metaspace   ] GC(52) Metaspace: 13559K->13559K(1062912K)
[2019-07-24T17:21:15.189-0300][102.329s][info][gc             ] GC(52) Pause Full (Ergonomics) 419M->419M(491M) 1105.061ms
[2019-07-24T17:21:15.189-0300][102.329s][info][gc,cpu         ] GC(52) User=3.59s Sys=0.01s Real=1.10s
[2019-07-24T17:21:15.189-0300][102.329s][info][gc,start       ] GC(53) Pause Full (Ergonomics)
[2019-07-24T17:21:15.189-0300][102.329s][info][gc,phases,start] GC(53) Marking Phase
[2019-07-24T17:21:15.981-0300][103.120s][info][gc,phases      ] GC(53) Marking Phase 791.128ms
[2019-07-24T17:21:15.981-0300][103.120s][info][gc,phases,start] GC(53) Summary Phase
[2019-07-24T17:21:15.981-0300][103.120s][info][gc,phases      ] GC(53) Summary Phase 0.026ms
[2019-07-24T17:21:15.981-0300][103.120s][info][gc,phases,start] GC(53) Adjust Roots
[2019-07-24T17:21:15.982-0300][103.122s][info][gc,phases      ] GC(53) Adjust Roots 1.577ms
[2019-07-24T17:21:15.982-0300][103.122s][info][gc,phases,start] GC(53) Compaction Phase
[2019-07-24T17:21:16.277-0300][103.416s][info][gc,phases      ] GC(53) Compaction Phase 294.344ms
[2019-07-24T17:21:16.277-0300][103.416s][info][gc,phases,start] GC(53) Post Compact
[2019-07-24T17:21:16.278-0300][103.417s][info][gc,phases      ] GC(53) Post Compact 0.930ms
[2019-07-24T17:21:16.278-0300][103.417s][info][gc,heap        ] GC(53) PSYoungGen: 131583K->131583K(153088K)
[2019-07-24T17:21:16.278-0300][103.417s][info][gc,heap        ] GC(53) ParOldGen: 297534K->297533K(349696K)
[2019-07-24T17:21:16.278-0300][103.417s][info][gc,metaspace   ] GC(53) Metaspace: 13559K->13559K(1062912K)
[2019-07-24T17:21:16.278-0300][103.417s][info][gc             ] GC(53) Pause Full (Ergonomics) 419M->419M(491M) 1088.362ms
[2019-07-24T17:21:16.278-0300][103.418s][info][gc,cpu         ] GC(53) User=3.56s Sys=0.01s Real=1.09s
[2019-07-24T17:21:16.278-0300][103.418s][info][gc,start       ] GC(54) Pause Full (Ergonomics)
[2019-07-24T17:21:16.278-0300][103.418s][info][gc,phases,start] GC(54) Marking Phase
[2019-07-24T17:21:17.766-0300][104.905s][info][gc,phases      ] GC(54) Marking Phase 1487.386ms
[2019-07-24T17:21:17.766-0300][104.905s][info][gc,phases,start] GC(54) Summary Phase
[2019-07-24T17:21:17.766-0300][104.906s][info][gc,phases      ] GC(54) Summary Phase 0.133ms
[2019-07-24T17:21:17.766-0300][104.906s][info][gc,phases,start] GC(54) Adjust Roots
[2019-07-24T17:21:17.773-0300][104.913s][info][gc,phases      ] GC(54) Adjust Roots 7.287ms
[2019-07-24T17:21:17.773-0300][104.913s][info][gc,phases,start] GC(54) Compaction Phase
[2019-07-24T17:21:20.039-0300][107.178s][info][gc,phases      ] GC(54) Compaction Phase 2265.144ms
[2019-07-24T17:21:20.039-0300][107.178s][info][gc,phases,start] GC(54) Post Compact
[2019-07-24T17:21:20.040-0300][107.179s][info][gc,phases      ] GC(54) Post Compact 1.217ms
[2019-07-24T17:21:20.040-0300][107.180s][info][gc,heap        ] GC(54) PSYoungGen: 131583K->131583K(153088K)
[2019-07-24T17:21:20.040-0300][107.180s][info][gc,heap        ] GC(54) ParOldGen: 297537K->297483K(349696K)
[2019-07-24T17:21:20.040-0300][107.180s][info][gc,metaspace   ] GC(54) Metaspace: 13559K->13538K(1062912K)
[2019-07-24T17:21:20.040-0300][107.180s][info][gc             ] GC(54) Pause Full (Ergonomics) 419M->419M(491M) 3761.849ms
[2019-07-24T17:21:20.040-0300][107.180s][info][gc,cpu         ] GC(54) User=4.33s Sys=0.04s Real=3.77s
[2019-07-24T17:21:20.047-0300][107.186s][info][gc,start       ] GC(55) Pause Full (Ergonomics)
[2019-07-24T17:21:20.048-0300][107.187s][info][gc,phases,start] GC(55) Marking Phase
[2019-07-24T17:21:22.869-0300][110.008s][info][gc,phases      ] GC(55) Marking Phase 2820.774ms
[2019-07-24T17:21:22.869-0300][110.009s][info][gc,phases,start] GC(55) Summary Phase
[2019-07-24T17:21:22.869-0300][110.009s][info][gc,phases      ] GC(55) Summary Phase 0.055ms
[2019-07-24T17:21:22.869-0300][110.009s][info][gc,phases,start] GC(55) Adjust Roots
[2019-07-24T17:21:22.872-0300][110.011s][info][gc,phases      ] GC(55) Adjust Roots 2.449ms
[2019-07-24T17:21:22.872-0300][110.011s][info][gc,phases,start] GC(55) Compaction Phase
[2019-07-24T17:21:23.746-0300][110.886s][info][gc,phases      ] GC(55) Compaction Phase 874.450ms
[2019-07-24T17:21:23.746-0300][110.886s][info][gc,phases,start] GC(55) Post Compact
[2019-07-24T17:21:23.747-0300][110.887s][info][gc,phases      ] GC(55) Post Compact 1.003ms
[2019-07-24T17:21:23.747-0300][110.887s][info][gc,heap        ] GC(55) PSYoungGen: 131583K->131583K(153088K)
[2019-07-24T17:21:23.747-0300][110.887s][info][gc,heap        ] GC(55) ParOldGen: 297483K->297483K(349696K)
[2019-07-24T17:21:23.748-0300][110.887s][info][gc,metaspace   ] GC(55) Metaspace: 13538K->13538K(1062912K)
[2019-07-24T17:21:23.748-0300][110.887s][info][gc             ] GC(55) Pause Full (Ergonomics) 419M->419M(491M) 3700.885ms
[2019-07-24T17:21:23.748-0300][110.887s][info][gc,cpu         ] GC(55) User=3.58s Sys=0.03s Real=3.70s
[2019-07-24T17:21:23.752-0300][110.892s][info][gc,start       ] GC(56) Pause Full (Ergonomics)
[2019-07-24T17:21:23.752-0300][110.892s][info][gc,phases,start] GC(56) Marking Phase
[2019-07-24T17:21:26.280-0300][113.420s][info][gc,phases      ] GC(56) Marking Phase 2527.834ms
[2019-07-24T17:21:26.280-0300][113.420s][info][gc,phases,start] GC(56) Summary Phase
[2019-07-24T17:21:26.280-0300][113.420s][info][gc,phases      ] GC(56) Summary Phase 0.039ms
[2019-07-24T17:21:26.280-0300][113.420s][info][gc,phases,start] GC(56) Adjust Roots
[2019-07-24T17:21:26.283-0300][113.422s][info][gc,phases      ] GC(56) Adjust Roots 2.288ms
[2019-07-24T17:21:26.283-0300][113.422s][info][gc,phases,start] GC(56) Compaction Phase
[2019-07-24T17:21:27.307-0300][114.446s][info][gc,phases      ] GC(56) Compaction Phase 1023.916ms
[2019-07-24T17:21:27.307-0300][114.446s][info][gc,phases,start] GC(56) Post Compact
[2019-07-24T17:21:27.308-0300][114.447s][info][gc,phases      ] GC(56) Post Compact 1.028ms
[2019-07-24T17:21:27.308-0300][114.447s][info][gc,heap        ] GC(56) PSYoungGen: 131584K->131584K(153088K)
[2019-07-24T17:21:27.308-0300][114.447s][info][gc,heap        ] GC(56) ParOldGen: 297483K->297483K(349696K)
[2019-07-24T17:21:27.308-0300][114.447s][info][gc,metaspace   ] GC(56) Metaspace: 13538K->13538K(1062912K)
[2019-07-24T17:21:27.308-0300][114.447s][info][gc             ] GC(56) Pause Full (Ergonomics) 419M->419M(491M) 3555.677ms
[2019-07-24T17:21:27.308-0300][114.447s][info][gc,cpu         ] GC(56) User=3.60s Sys=0.03s Real=3.55s
[2019-07-24T17:21:27.311-0300][114.450s][info][gc,start       ] GC(57) Pause Full (Ergonomics)
[2019-07-24T17:21:27.311-0300][114.450s][info][gc,phases,start] GC(57) Marking Phase
[2019-07-24T17:21:29.903-0300][117.042s][info][gc,phases      ] GC(57) Marking Phase 2591.692ms
[2019-07-24T17:21:29.903-0300][117.042s][info][gc,phases,start] GC(57) Summary Phase
[2019-07-24T17:21:29.903-0300][117.042s][info][gc,phases      ] GC(57) Summary Phase 0.035ms
[2019-07-24T17:21:29.903-0300][117.042s][info][gc,phases,start] GC(57) Adjust Roots
[2019-07-24T17:21:29.905-0300][117.044s][info][gc,phases      ] GC(57) Adjust Roots 2.456ms
[2019-07-24T17:21:29.905-0300][117.045s][info][gc,phases,start] GC(57) Compaction Phase
[2019-07-24T17:21:30.725-0300][117.865s][info][gc,phases      ] GC(57) Compaction Phase 820.162ms
[2019-07-24T17:21:30.725-0300][117.865s][info][gc,phases,start] GC(57) Post Compact
[2019-07-24T17:21:30.727-0300][117.866s][info][gc,phases      ] GC(57) Post Compact 1.031ms
[2019-07-24T17:21:30.727-0300][117.866s][info][gc,heap        ] GC(57) PSYoungGen: 131584K->131583K(153088K)
[2019-07-24T17:21:30.727-0300][117.866s][info][gc,heap        ] GC(57) ParOldGen: 297486K->297480K(349696K)
[2019-07-24T17:21:30.727-0300][117.866s][info][gc,metaspace   ] GC(57) Metaspace: 13541K->13541K(1062912K)
[2019-07-24T17:21:30.727-0300][117.866s][info][gc             ] GC(57) Pause Full (Ergonomics) 419M->419M(491M) 3415.933ms
[2019-07-24T17:21:30.727-0300][117.866s][info][gc,cpu         ] GC(57) User=3.61s Sys=0.02s Real=3.41s
[2019-07-24T17:21:30.727-0300][117.867s][info][gc,start       ] GC(58) Pause Full (Ergonomics)
[2019-07-24T17:21:30.728-0300][117.867s][info][gc,phases,start] GC(58) Marking Phase
[2019-07-24T17:21:33.382-0300][120.521s][info][gc,phases      ] GC(58) Marking Phase 2654.201ms
[2019-07-24T17:21:33.382-0300][120.521s][info][gc,phases,start] GC(58) Summary Phase
[2019-07-24T17:21:33.382-0300][120.521s][info][gc,phases      ] GC(58) Summary Phase 0.038ms
[2019-07-24T17:21:33.382-0300][120.521s][info][gc,phases,start] GC(58) Adjust Roots
[2019-07-24T17:21:33.389-0300][120.528s][info][gc,phases      ] GC(58) Adjust Roots 6.847ms
[2019-07-24T17:21:33.389-0300][120.528s][info][gc,phases,start] GC(58) Compaction Phase
[2019-07-24T17:21:35.478-0300][122.617s][info][gc,phases      ] GC(58) Compaction Phase 2089.068ms
[2019-07-24T17:21:35.478-0300][122.617s][info][gc,phases,start] GC(58) Post Compact
[2019-07-24T17:21:35.480-0300][122.619s][info][gc,phases      ] GC(58) Post Compact 1.558ms
[2019-07-24T17:21:35.480-0300][122.619s][info][gc,heap        ] GC(58) PSYoungGen: 131583K->131583K(153088K)
[2019-07-24T17:21:35.480-0300][122.619s][info][gc,heap        ] GC(58) ParOldGen: 297480K->297150K(349696K)
[2019-07-24T17:21:35.480-0300][122.619s][info][gc,metaspace   ] GC(58) Metaspace: 13541K->13309K(1062912K)
[2019-07-24T17:21:35.483-0300][122.622s][info][gc             ] GC(58) Pause Full (Ergonomics) 419M->418M(491M) 4754.970ms
[2019-07-24T17:21:35.483-0300][122.622s][info][gc,cpu         ] GC(58) User=4.41s Sys=0.04s Real=4.76s
[2019-07-24T17:21:35.485-0300][122.624s][info][gc,start       ] GC(59) Pause Full (Ergonomics)
[2019-07-24T17:21:35.485-0300][122.624s][info][gc,phases,start] GC(59) Marking Phase
[2019-07-24T17:21:37.831-0300][124.970s][info][gc,phases      ] GC(59) Marking Phase 2345.943ms
[2019-07-24T17:21:37.831-0300][124.970s][info][gc,phases,start] GC(59) Summary Phase
[2019-07-24T17:21:37.831-0300][124.970s][info][gc,phases      ] GC(59) Summary Phase 0.035ms
[2019-07-24T17:21:37.831-0300][124.970s][info][gc,phases,start] GC(59) Adjust Roots
[2019-07-24T17:21:37.833-0300][124.973s][info][gc,phases      ] GC(59) Adjust Roots 2.500ms
[2019-07-24T17:21:37.834-0300][124.973s][info][gc,phases,start] GC(59) Compaction Phase
[2019-07-24T17:21:38.578-0300][125.718s][info][gc,phases      ] GC(59) Compaction Phase 744.883ms
[2019-07-24T17:21:38.579-0300][125.718s][info][gc,phases,start] GC(59) Post Compact
[2019-07-24T17:21:38.580-0300][125.719s][info][gc,phases      ] GC(59) Post Compact 1.097ms
[2019-07-24T17:21:38.580-0300][125.719s][info][gc,heap        ] GC(59) PSYoungGen: 131583K->131583K(153088K)
[2019-07-24T17:21:38.580-0300][125.719s][info][gc,heap        ] GC(59) ParOldGen: 297150K->297150K(349696K)
[2019-07-24T17:21:38.580-0300][125.719s][info][gc,metaspace   ] GC(59) Metaspace: 13309K->13309K(1062912K)
[2019-07-24T17:21:38.580-0300][125.719s][info][gc             ] GC(59) Pause Full (Ergonomics) 418M->418M(491M) 3095.076ms
[2019-07-24T17:21:38.580-0300][125.719s][info][gc,cpu         ] GC(59) User=3.66s Sys=0.03s Real=3.10s
[2019-07-24T17:21:38.688-0300][125.827s][info][gc,start       ] GC(60) Pause Full (Ergonomics)
[2019-07-24T17:21:38.688-0300][125.827s][info][gc,phases,start] GC(60) Marking Phase
[2019-07-24T17:21:40.418-0300][127.557s][info][gc,phases      ] GC(60) Marking Phase 1730.294ms
[2019-07-24T17:21:40.419-0300][127.558s][info][gc,phases,start] GC(60) Summary Phase
[2019-07-24T17:21:40.419-0300][127.558s][info][gc,phases      ] GC(60) Summary Phase 0.040ms
[2019-07-24T17:21:40.419-0300][127.558s][info][gc,phases,start] GC(60) Adjust Roots
[2019-07-24T17:21:40.421-0300][127.560s][info][gc,phases      ] GC(60) Adjust Roots 2.421ms
[2019-07-24T17:21:40.421-0300][127.560s][info][gc,phases,start] GC(60) Compaction Phase
[2019-07-24T17:21:41.126-0300][128.265s][info][gc,phases      ] GC(60) Compaction Phase 704.529ms
[2019-07-24T17:21:41.126-0300][128.265s][info][gc,phases,start] GC(60) Post Compact
[2019-07-24T17:21:41.127-0300][128.266s][info][gc,phases      ] GC(60) Post Compact 1.071ms
[2019-07-24T17:21:41.127-0300][128.266s][info][gc,heap        ] GC(60) PSYoungGen: 131583K->131581K(153088K)
[2019-07-24T17:21:41.127-0300][128.266s][info][gc,heap        ] GC(60) ParOldGen: 297153K->297150K(349696K)
[2019-07-24T17:21:41.127-0300][128.266s][info][gc,metaspace   ] GC(60) Metaspace: 13309K->13309K(1062912K)
[2019-07-24T17:21:41.129-0300][128.268s][info][gc             ] GC(60) Pause Full (Ergonomics) 418M->418M(491M) 2440.830ms
[2019-07-24T17:21:41.129-0300][128.268s][info][gc,cpu         ] GC(60) User=3.54s Sys=0.03s Real=2.44s
[2019-07-24T17:21:41.132-0300][128.270s][info][gc,start       ] GC(61) Pause Full (Ergonomics)
[2019-07-24T17:21:41.132-0300][128.271s][info][gc,phases,start] GC(61) Marking Phase
[2019-07-24T17:21:42.952-0300][130.091s][info][gc,phases      ] GC(61) Marking Phase 1820.234ms
[2019-07-24T17:21:42.952-0300][130.091s][info][gc,phases,start] GC(61) Summary Phase
[2019-07-24T17:21:42.952-0300][130.091s][info][gc,phases      ] GC(61) Summary Phase 0.064ms
[2019-07-24T17:21:42.952-0300][130.091s][info][gc,phases,start] GC(61) Adjust Roots
[2019-07-24T17:21:42.956-0300][130.095s][info][gc,phases      ] GC(61) Adjust Roots 4.277ms
[2019-07-24T17:21:42.957-0300][130.096s][info][gc,phases,start] GC(61) Compaction Phase
[2019-07-24T17:21:43.522-0300][130.661s][info][gc,phases      ] GC(61) Compaction Phase 565.531ms
[2019-07-24T17:21:43.522-0300][130.661s][info][gc,phases,start] GC(61) Post Compact
[2019-07-24T17:21:43.523-0300][130.662s][info][gc,phases      ] GC(61) Post Compact 1.025ms
[2019-07-24T17:21:43.523-0300][130.662s][info][gc,heap        ] GC(61) PSYoungGen: 131583K->131583K(153088K)
[2019-07-24T17:21:43.523-0300][130.662s][info][gc,heap        ] GC(61) ParOldGen: 297150K->297150K(349696K)
[2019-07-24T17:21:43.523-0300][130.662s][info][gc,metaspace   ] GC(61) Metaspace: 13309K->13309K(1062912K)
[2019-07-24T17:21:43.524-0300][130.662s][info][gc             ] GC(61) Pause Full (Ergonomics) 418M->418M(491M) 2391.949ms
[2019-07-24T17:21:43.524-0300][130.662s][info][gc,cpu         ] GC(61) User=3.54s Sys=0.02s Real=2.39s
[2019-07-24T17:21:43.524-0300][130.663s][info][gc,start       ] GC(62) Pause Full (Ergonomics)
[2019-07-24T17:21:43.524-0300][130.663s][info][gc,phases,start] GC(62) Marking Phase
[2019-07-24T17:21:45.384-0300][132.523s][info][gc,phases      ] GC(62) Marking Phase 1859.523ms
[2019-07-24T17:21:45.384-0300][132.523s][info][gc,phases,start] GC(62) Summary Phase
[2019-07-24T17:21:45.384-0300][132.523s][info][gc,phases      ] GC(62) Summary Phase 0.049ms
[2019-07-24T17:21:45.384-0300][132.523s][info][gc,phases,start] GC(62) Adjust Roots
[2019-07-24T17:21:45.388-0300][132.526s][info][gc,phases      ] GC(62) Adjust Roots 3.503ms
[2019-07-24T17:21:45.388-0300][132.526s][info][gc,phases,start] GC(62) Compaction Phase
[2019-07-24T17:21:46.110-0300][133.249s][info][gc,phases      ] GC(62) Compaction Phase 722.817ms
[2019-07-24T17:21:46.111-0300][133.250s][info][gc,phases,start] GC(62) Post Compact
[2019-07-24T17:21:46.112-0300][133.251s][info][gc,phases      ] GC(62) Post Compact 1.105ms
[2019-07-24T17:21:46.112-0300][133.251s][info][gc,heap        ] GC(62) PSYoungGen: 131584K->131565K(153088K)
[2019-07-24T17:21:46.112-0300][133.251s][info][gc,heap        ] GC(62) ParOldGen: 297150K->297138K(349696K)
[2019-07-24T17:21:46.112-0300][133.251s][info][gc,metaspace   ] GC(62) Metaspace: 13310K->13293K(1062912K)
[2019-07-24T17:21:46.112-0300][133.251s][info][gc             ] GC(62) Pause Full (Ergonomics) 418M->418M(491M) 2587.746ms
[2019-07-24T17:21:46.112-0300][133.251s][info][gc,cpu         ] GC(62) User=3.74s Sys=0.02s Real=2.59s
[2019-07-24T17:21:46.113-0300][133.251s][info][gc,start       ] GC(63) Pause Full (Ergonomics)
[2019-07-24T17:21:46.113-0300][133.251s][info][gc,phases,start] GC(63) Marking Phase
[2019-07-24T17:21:47.563-0300][134.702s][info][gc,phases      ] GC(63) Marking Phase 1450.675ms
[2019-07-24T17:21:47.563-0300][134.702s][info][gc,phases,start] GC(63) Summary Phase
[2019-07-24T17:21:47.563-0300][134.702s][info][gc,phases      ] GC(63) Summary Phase 0.049ms
[2019-07-24T17:21:47.563-0300][134.702s][info][gc,phases,start] GC(63) Adjust Roots
[2019-07-24T17:21:47.566-0300][134.705s][info][gc,phases      ] GC(63) Adjust Roots 2.457ms
[2019-07-24T17:21:47.566-0300][134.705s][info][gc,phases,start] GC(63) Compaction Phase
[2019-07-24T17:21:48.105-0300][135.244s][info][gc,phases      ] GC(63) Compaction Phase 539.233ms
[2019-07-24T17:21:48.105-0300][135.244s][info][gc,phases,start] GC(63) Post Compact
[2019-07-24T17:21:48.106-0300][135.245s][info][gc,phases      ] GC(63) Post Compact 1.004ms
[2019-07-24T17:21:48.106-0300][135.245s][info][gc,heap        ] GC(63) PSYoungGen: 131584K->131576K(153088K)
[2019-07-24T17:21:48.106-0300][135.245s][info][gc,heap        ] GC(63) ParOldGen: 297138K->297138K(349696K)
[2019-07-24T17:21:48.106-0300][135.245s][info][gc,metaspace   ] GC(63) Metaspace: 13294K->13294K(1062912K)
[2019-07-24T17:21:48.107-0300][135.245s][info][gc             ] GC(63) Pause Full (Ergonomics) 418M->418M(491M) 1993.967ms
[2019-07-24T17:21:48.107-0300][135.245s][info][gc,cpu         ] GC(63) User=3.54s Sys=0.02s Real=1.99s
[2019-07-24T17:21:48.107-0300][135.246s][info][gc,start       ] GC(64) Pause Full (Ergonomics)
[2019-07-24T17:21:48.107-0300][135.246s][info][gc,phases,start] GC(64) Marking Phase
[2019-07-24T17:21:49.546-0300][136.685s][info][gc,phases      ] GC(64) Marking Phase 1439.081ms
[2019-07-24T17:21:49.546-0300][136.685s][info][gc,phases,start] GC(64) Summary Phase
[2019-07-24T17:21:49.546-0300][136.685s][info][gc,phases      ] GC(64) Summary Phase 0.044ms
[2019-07-24T17:21:49.546-0300][136.685s][info][gc,phases,start] GC(64) Adjust Roots
[2019-07-24T17:21:49.549-0300][136.688s][info][gc,phases      ] GC(64) Adjust Roots 2.906ms
[2019-07-24T17:21:49.549-0300][136.688s][info][gc,phases,start] GC(64) Compaction Phase
[2019-07-24T17:21:50.027-0300][137.165s][info][gc,phases      ] GC(64) Compaction Phase 477.333ms
[2019-07-24T17:21:50.027-0300][137.165s][info][gc,phases,start] GC(64) Post Compact
[2019-07-24T17:21:50.028-0300][137.166s][info][gc,phases      ] GC(64) Post Compact 1.167ms
[2019-07-24T17:21:50.028-0300][137.167s][info][gc,heap        ] GC(64) PSYoungGen: 131584K->131577K(153088K)
[2019-07-24T17:21:50.028-0300][137.167s][info][gc,heap        ] GC(64) ParOldGen: 297138K->297138K(349696K)
[2019-07-24T17:21:50.028-0300][137.167s][info][gc,metaspace   ] GC(64) Metaspace: 13294K->13294K(1062912K)
[2019-07-24T17:21:50.028-0300][137.167s][info][gc             ] GC(64) Pause Full (Ergonomics) 418M->418M(491M) 1921.072ms
[2019-07-24T17:21:50.028-0300][137.167s][info][gc,cpu         ] GC(64) User=3.54s Sys=0.02s Real=1.92s
[2019-07-24T17:21:50.028-0300][137.167s][info][gc,start       ] GC(65) Pause Full (Ergonomics)
[2019-07-24T17:21:50.028-0300][137.167s][info][gc,phases,start] GC(65) Marking Phase
[2019-07-24T17:21:51.553-0300][138.691s][info][gc,phases      ] GC(65) Marking Phase 1524.371ms
[2019-07-24T17:21:51.553-0300][138.691s][info][gc,phases,start] GC(65) Summary Phase
[2019-07-24T17:21:51.553-0300][138.692s][info][gc,phases      ] GC(65) Summary Phase 0.023ms
[2019-07-24T17:21:51.553-0300][138.692s][info][gc,phases,start] GC(65) Adjust Roots
[2019-07-24T17:21:51.554-0300][138.693s][info][gc,phases      ] GC(65) Adjust Roots 1.579ms
[2019-07-24T17:21:51.554-0300][138.693s][info][gc,phases,start] GC(65) Compaction Phase
[2019-07-24T17:21:52.088-0300][139.227s][info][gc,phases      ] GC(65) Compaction Phase 533.684ms
[2019-07-24T17:21:52.088-0300][139.227s][info][gc,phases,start] GC(65) Post Compact
[2019-07-24T17:21:52.089-0300][139.228s][info][gc,phases      ] GC(65) Post Compact 1.080ms
[2019-07-24T17:21:52.090-0300][139.228s][info][gc,heap        ] GC(65) PSYoungGen: 131579K->131577K(153088K)
[2019-07-24T17:21:52.090-0300][139.228s][info][gc,heap        ] GC(65) ParOldGen: 297138K->297138K(349696K)
[2019-07-24T17:21:52.090-0300][139.228s][info][gc,metaspace   ] GC(65) Metaspace: 13294K->13294K(1062912K)
[2019-07-24T17:21:52.090-0300][139.228s][info][gc             ] GC(65) Pause Full (Ergonomics) 418M->418M(491M) 2061.246ms
[2019-07-24T17:21:52.090-0300][139.228s][info][gc,cpu         ] GC(65) User=3.55s Sys=0.03s Real=2.07s
[2019-07-24T17:21:52.090-0300][139.229s][info][gc,start       ] GC(66) Pause Full (Ergonomics)
[2019-07-24T17:21:52.090-0300][139.229s][info][gc,phases,start] GC(66) Marking Phase
[2019-07-24T17:21:54.321-0300][141.459s][info][gc,phases      ] GC(66) Marking Phase 2230.523ms
[2019-07-24T17:21:54.321-0300][141.459s][info][gc,phases,start] GC(66) Summary Phase
[2019-07-24T17:21:54.321-0300][141.460s][info][gc,phases      ] GC(66) Summary Phase 0.039ms
[2019-07-24T17:21:54.321-0300][141.460s][info][gc,phases,start] GC(66) Adjust Roots
[2019-07-24T17:21:54.323-0300][141.462s][info][gc,phases      ] GC(66) Adjust Roots 2.496ms
[2019-07-24T17:21:54.324-0300][141.462s][info][gc,phases,start] GC(66) Compaction Phase
[2019-07-24T17:21:55.195-0300][142.333s][info][gc,phases      ] GC(66) Compaction Phase 871.120ms
[2019-07-24T17:21:55.195-0300][142.333s][info][gc,phases,start] GC(66) Post Compact
[2019-07-24T17:21:55.196-0300][142.334s][info][gc,phases      ] GC(66) Post Compact 1.024ms
[2019-07-24T17:21:55.196-0300][142.334s][info][gc,heap        ] GC(66) PSYoungGen: 131584K->131559K(153088K)
[2019-07-24T17:21:55.196-0300][142.335s][info][gc,heap        ] GC(66) ParOldGen: 297149K->297148K(349696K)
[2019-07-24T17:21:55.196-0300][142.335s][info][gc,metaspace   ] GC(66) Metaspace: 13294K->13294K(1062912K)
[2019-07-24T17:21:55.196-0300][142.335s][info][gc             ] GC(66) Pause Full (Ergonomics) 418M->418M(491M) 3105.934ms
[2019-07-24T17:21:55.196-0300][142.335s][info][gc,cpu         ] GC(66) User=3.50s Sys=0.02s Real=3.10s
[2019-07-24T17:21:55.204-0300][142.343s][info][gc,start       ] GC(67) Pause Full (Ergonomics)
[2019-07-24T17:21:55.204-0300][142.343s][info][gc,phases,start] GC(67) Marking Phase
[2019-07-24T17:21:57.720-0300][144.858s][info][gc,phases      ] GC(67) Marking Phase 2515.218ms
[2019-07-24T17:21:57.720-0300][144.858s][info][gc,phases,start] GC(67) Summary Phase
[2019-07-24T17:21:57.720-0300][144.858s][info][gc,phases      ] GC(67) Summary Phase 0.038ms
[2019-07-24T17:21:57.720-0300][144.858s][info][gc,phases,start] GC(67) Adjust Roots
[2019-07-24T17:21:57.722-0300][144.861s][info][gc,phases      ] GC(67) Adjust Roots 2.507ms
[2019-07-24T17:21:57.722-0300][144.861s][info][gc,phases,start] GC(67) Compaction Phase
[2019-07-24T17:21:58.557-0300][145.696s][info][gc,phases      ] GC(67) Compaction Phase 835.041ms
[2019-07-24T17:21:58.557-0300][145.696s][info][gc,phases,start] GC(67) Post Compact
[2019-07-24T17:21:58.558-0300][145.697s][info][gc,phases      ] GC(67) Post Compact 0.975ms
[2019-07-24T17:21:58.559-0300][145.697s][info][gc,heap        ] GC(67) PSYoungGen: 131584K->131562K(153088K)
[2019-07-24T17:21:58.559-0300][145.697s][info][gc,heap        ] GC(67) ParOldGen: 297148K->297148K(349696K)
[2019-07-24T17:21:58.559-0300][145.697s][info][gc,metaspace   ] GC(67) Metaspace: 13301K->13301K(1062912K)
[2019-07-24T17:21:58.559-0300][145.697s][info][gc             ] GC(67) Pause Full (Ergonomics) 418M->418M(491M) 3354.397ms
[2019-07-24T17:21:58.559-0300][145.697s][info][gc,cpu         ] GC(67) User=3.63s Sys=0.02s Real=3.35s
[2019-07-24T17:21:58.559-0300][145.697s][info][gc,start       ] GC(68) Pause Full (Ergonomics)
[2019-07-24T17:21:58.559-0300][145.698s][info][gc,phases,start] GC(68) Marking Phase
[2019-07-24T17:21:59.731-0300][146.869s][info][gc,phases      ] GC(68) Marking Phase 1171.937ms
[2019-07-24T17:21:59.731-0300][146.870s][info][gc,phases,start] GC(68) Summary Phase
[2019-07-24T17:21:59.731-0300][146.870s][info][gc,phases      ] GC(68) Summary Phase 0.030ms
[2019-07-24T17:21:59.731-0300][146.870s][info][gc,phases,start] GC(68) Adjust Roots
[2019-07-24T17:21:59.733-0300][146.871s][info][gc,phases      ] GC(68) Adjust Roots 1.655ms
[2019-07-24T17:21:59.733-0300][146.871s][info][gc,phases,start] GC(68) Compaction Phase
[2019-07-24T17:22:00.091-0300][147.229s][info][gc,phases      ] GC(68) Compaction Phase 357.821ms
[2019-07-24T17:22:00.091-0300][147.229s][info][gc,phases,start] GC(68) Post Compact
[2019-07-24T17:22:00.092-0300][147.230s][info][gc,phases      ] GC(68) Post Compact 0.845ms
[2019-07-24T17:22:00.092-0300][147.230s][info][gc,heap        ] GC(68) PSYoungGen: 131584K->131564K(153088K)
[2019-07-24T17:22:00.092-0300][147.230s][info][gc,heap        ] GC(68) ParOldGen: 297148K->297147K(349696K)
[2019-07-24T17:22:00.092-0300][147.230s][info][gc,metaspace   ] GC(68) Metaspace: 13301K->13301K(1062912K)
[2019-07-24T17:22:00.092-0300][147.230s][info][gc             ] GC(68) Pause Full (Ergonomics) 418M->418M(491M) 1532.704ms
[2019-07-24T17:22:00.092-0300][147.230s][info][gc,cpu         ] GC(68) User=3.46s Sys=0.02s Real=1.54s
[2019-07-24T17:22:00.092-0300][147.230s][info][gc,start       ] GC(69) Pause Full (Ergonomics)
[2019-07-24T17:22:00.092-0300][147.231s][info][gc,phases,start] GC(69) Marking Phase
[2019-07-24T17:22:00.832-0300][147.970s][info][gc,phases      ] GC(69) Marking Phase 739.593ms
[2019-07-24T17:22:00.832-0300][147.970s][info][gc,phases,start] GC(69) Summary Phase
[2019-07-24T17:22:00.832-0300][147.970s][info][gc,phases      ] GC(69) Summary Phase 0.025ms
[2019-07-24T17:22:00.832-0300][147.970s][info][gc,phases,start] GC(69) Adjust Roots
[2019-07-24T17:22:00.834-0300][147.972s][info][gc,phases      ] GC(69) Adjust Roots 1.821ms
[2019-07-24T17:22:00.834-0300][147.972s][info][gc,phases,start] GC(69) Compaction Phase
[2019-07-24T17:22:01.127-0300][148.266s][info][gc,phases      ] GC(69) Compaction Phase 293.525ms
[2019-07-24T17:22:01.127-0300][148.266s][info][gc,phases,start] GC(69) Post Compact
[2019-07-24T17:22:01.128-0300][148.266s][info][gc,phases      ] GC(69) Post Compact 0.762ms
[2019-07-24T17:22:01.128-0300][148.267s][info][gc,heap        ] GC(69) PSYoungGen: 131584K->131564K(153088K)
[2019-07-24T17:22:01.128-0300][148.267s][info][gc,heap        ] GC(69) ParOldGen: 297147K->297147K(349696K)
[2019-07-24T17:22:01.128-0300][148.267s][info][gc,metaspace   ] GC(69) Metaspace: 13301K->13301K(1062912K)
[2019-07-24T17:22:01.128-0300][148.267s][info][gc             ] GC(69) Pause Full (Ergonomics) 418M->418M(491M) 1036.071ms
[2019-07-24T17:22:01.128-0300][148.267s][info][gc,cpu         ] GC(69) User=3.50s Sys=0.01s Real=1.03s
[2019-07-24T17:22:01.129-0300][148.267s][info][gc,start       ] GC(70) Pause Full (Ergonomics)
[2019-07-24T17:22:01.129-0300][148.267s][info][gc,phases,start] GC(70) Marking Phase
[2019-07-24T17:22:02.100-0300][149.238s][info][gc,phases      ] GC(70) Marking Phase 971.447ms
[2019-07-24T17:22:02.100-0300][149.239s][info][gc,phases,start] GC(70) Summary Phase
[2019-07-24T17:22:02.100-0300][149.239s][info][gc,phases      ] GC(70) Summary Phase 0.022ms
[2019-07-24T17:22:02.100-0300][149.239s][info][gc,phases,start] GC(70) Adjust Roots
[2019-07-24T17:22:02.105-0300][149.243s][info][gc,phases      ] GC(70) Adjust Roots 4.559ms
[2019-07-24T17:22:02.105-0300][149.243s][info][gc,phases,start] GC(70) Compaction Phase
[2019-07-24T17:22:02.658-0300][149.796s][info][gc,phases      ] GC(70) Compaction Phase 552.740ms
[2019-07-24T17:22:02.658-0300][149.796s][info][gc,phases,start] GC(70) Post Compact
[2019-07-24T17:22:02.659-0300][149.797s][info][gc,phases      ] GC(70) Post Compact 0.983ms
[2019-07-24T17:22:02.659-0300][149.797s][info][gc,heap        ] GC(70) PSYoungGen: 131583K->131574K(153088K)
[2019-07-24T17:22:02.659-0300][149.797s][info][gc,heap        ] GC(70) ParOldGen: 297147K->297147K(349696K)
[2019-07-24T17:22:02.659-0300][149.797s][info][gc,metaspace   ] GC(70) Metaspace: 13301K->13301K(1062912K)
[2019-07-24T17:22:02.659-0300][149.798s][info][gc             ] GC(70) Pause Full (Ergonomics) 418M->418M(491M) 1530.511ms
[2019-07-24T17:22:02.659-0300][149.798s][info][gc,cpu         ] GC(70) User=3.85s Sys=0.03s Real=1.53s
[2019-07-24T17:22:02.660-0300][149.798s][info][gc,start       ] GC(71) Pause Full (Ergonomics)
[2019-07-24T17:22:02.660-0300][149.798s][info][gc,phases,start] GC(71) Marking Phase
[2019-07-24T17:22:03.662-0300][150.801s][info][gc,phases      ] GC(71) Marking Phase 1002.458ms
[2019-07-24T17:22:03.662-0300][150.801s][info][gc,phases,start] GC(71) Summary Phase
[2019-07-24T17:22:03.662-0300][150.801s][info][gc,phases      ] GC(71) Summary Phase 0.026ms
[2019-07-24T17:22:03.662-0300][150.801s][info][gc,phases,start] GC(71) Adjust Roots
[2019-07-24T17:22:03.664-0300][150.802s][info][gc,phases      ] GC(71) Adjust Roots 1.815ms
[2019-07-24T17:22:03.664-0300][150.803s][info][gc,phases,start] GC(71) Compaction Phase
[2019-07-24T17:22:04.091-0300][151.229s][info][gc,phases      ] GC(71) Compaction Phase 426.519ms
[2019-07-24T17:22:04.091-0300][151.229s][info][gc,phases,start] GC(71) Post Compact
[2019-07-24T17:22:04.092-0300][151.230s][info][gc,phases      ] GC(71) Post Compact 0.755ms
[2019-07-24T17:22:04.092-0300][151.230s][info][gc,heap        ] GC(71) PSYoungGen: 131583K->131577K(153088K)
[2019-07-24T17:22:04.092-0300][151.230s][info][gc,heap        ] GC(71) ParOldGen: 297147K->297146K(349696K)
[2019-07-24T17:22:04.092-0300][151.230s][info][gc,metaspace   ] GC(71) Metaspace: 13301K->13301K(1062912K)
[2019-07-24T17:22:04.092-0300][151.230s][info][gc             ] GC(71) Pause Full (Ergonomics) 418M->418M(491M) 1431.934ms
[2019-07-24T17:22:04.092-0300][151.230s][info][gc,cpu         ] GC(71) User=3.66s Sys=0.02s Real=1.43s
[2019-07-24T17:22:04.092-0300][151.230s][info][gc,start       ] GC(72) Pause Full (Ergonomics)
[2019-07-24T17:22:04.092-0300][151.230s][info][gc,phases,start] GC(72) Marking Phase
[2019-07-24T17:22:05.231-0300][152.369s][info][gc,phases      ] GC(72) Marking Phase 1138.399ms
[2019-07-24T17:22:05.231-0300][152.369s][info][gc,phases,start] GC(72) Summary Phase
[2019-07-24T17:22:05.231-0300][152.369s][info][gc,phases      ] GC(72) Summary Phase 0.049ms
[2019-07-24T17:22:05.231-0300][152.369s][info][gc,phases,start] GC(72) Adjust Roots
[2019-07-24T17:22:05.233-0300][152.372s][info][gc,phases      ] GC(72) Adjust Roots 2.743ms
[2019-07-24T17:22:05.234-0300][152.372s][info][gc,phases,start] GC(72) Compaction Phase
[2019-07-24T17:22:05.616-0300][152.754s][info][gc,phases      ] GC(72) Compaction Phase 382.572ms
[2019-07-24T17:22:05.616-0300][152.754s][info][gc,phases,start] GC(72) Post Compact
[2019-07-24T17:22:05.617-0300][152.755s][info][gc,phases      ] GC(72) Post Compact 0.848ms
[2019-07-24T17:22:05.617-0300][152.755s][info][gc,heap        ] GC(72) PSYoungGen: 131584K->131582K(153088K)
[2019-07-24T17:22:05.617-0300][152.755s][info][gc,heap        ] GC(72) ParOldGen: 297146K->297146K(349696K)
[2019-07-24T17:22:05.617-0300][152.755s][info][gc,metaspace   ] GC(72) Metaspace: 13301K->13301K(1062912K)
[2019-07-24T17:22:05.617-0300][152.755s][info][gc             ] GC(72) Pause Full (Ergonomics) 418M->418M(491M) 1525.110ms
[2019-07-24T17:22:05.617-0300][152.755s][info][gc,cpu         ] GC(72) User=3.53s Sys=0.02s Real=1.52s
[2019-07-24T17:22:05.617-0300][152.756s][info][gc,start       ] GC(73) Pause Full (Ergonomics)
[2019-07-24T17:22:05.618-0300][152.756s][info][gc,phases,start] GC(73) Marking Phase
[2019-07-24T17:22:06.484-0300][153.623s][info][gc,phases      ] GC(73) Marking Phase 866.852ms
[2019-07-24T17:22:06.485-0300][153.623s][info][gc,phases,start] GC(73) Summary Phase
[2019-07-24T17:22:06.485-0300][153.623s][info][gc,phases      ] GC(73) Summary Phase 0.037ms
[2019-07-24T17:22:06.485-0300][153.623s][info][gc,phases,start] GC(73) Adjust Roots
[2019-07-24T17:22:06.487-0300][153.625s][info][gc,phases      ] GC(73) Adjust Roots 2.304ms
[2019-07-24T17:22:06.487-0300][153.625s][info][gc,phases,start] GC(73) Compaction Phase
[2019-07-24T17:22:06.779-0300][153.917s][info][gc,phases      ] GC(73) Compaction Phase 291.927ms
[2019-07-24T17:22:06.779-0300][153.917s][info][gc,phases,start] GC(73) Post Compact
[2019-07-24T17:22:06.780-0300][153.918s][info][gc,phases      ] GC(73) Post Compact 0.753ms
[2019-07-24T17:22:06.780-0300][153.918s][info][gc,heap        ] GC(73) PSYoungGen: 131583K->131583K(153088K)
[2019-07-24T17:22:06.780-0300][153.918s][info][gc,heap        ] GC(73) ParOldGen: 297146K->297146K(349696K)
[2019-07-24T17:22:06.780-0300][153.918s][info][gc,metaspace   ] GC(73) Metaspace: 13301K->13301K(1062912K)
[2019-07-24T17:22:06.780-0300][153.918s][info][gc             ] GC(73) Pause Full (Ergonomics) 418M->418M(491M) 1162.286ms
[2019-07-24T17:22:06.780-0300][153.918s][info][gc,cpu         ] GC(73) User=3.48s Sys=0.02s Real=1.17s
[2019-07-24T17:22:06.780-0300][153.918s][info][gc,start       ] GC(74) Pause Full (Ergonomics)
[2019-07-24T17:22:06.780-0300][153.918s][info][gc,phases,start] GC(74) Marking Phase
[2019-07-24T17:22:07.744-0300][154.882s][info][gc,phases      ] GC(74) Marking Phase 964.126ms
[2019-07-24T17:22:07.744-0300][154.882s][info][gc,phases,start] GC(74) Summary Phase
[2019-07-24T17:22:07.744-0300][154.882s][info][gc,phases      ] GC(74) Summary Phase 0.034ms
[2019-07-24T17:22:07.744-0300][154.882s][info][gc,phases,start] GC(74) Adjust Roots
[2019-07-24T17:22:07.746-0300][154.884s][info][gc,phases      ] GC(74) Adjust Roots 1.856ms
[2019-07-24T17:22:07.746-0300][154.884s][info][gc,phases,start] GC(74) Compaction Phase
[2019-07-24T17:22:08.064-0300][155.202s][info][gc,phases      ] GC(74) Compaction Phase 317.660ms
[2019-07-24T17:22:08.064-0300][155.202s][info][gc,phases,start] GC(74) Post Compact
[2019-07-24T17:22:08.065-0300][155.203s][info][gc,phases      ] GC(74) Post Compact 0.806ms
[2019-07-24T17:22:08.065-0300][155.203s][info][gc,heap        ] GC(74) PSYoungGen: 131584K->131584K(153088K)
[2019-07-24T17:22:08.065-0300][155.203s][info][gc,heap        ] GC(74) ParOldGen: 297146K->297145K(349696K)
[2019-07-24T17:22:08.065-0300][155.203s][info][gc,metaspace   ] GC(74) Metaspace: 13301K->13301K(1062912K)
[2019-07-24T17:22:08.065-0300][155.203s][info][gc             ] GC(74) Pause Full (Ergonomics) 418M->418M(491M) 1284.851ms
[2019-07-24T17:22:08.065-0300][155.203s][info][gc,cpu         ] GC(74) User=3.54s Sys=0.01s Real=1.28s
[2019-07-24T17:22:08.066-0300][155.204s][info][gc,start       ] GC(75) Pause Full (Ergonomics)
[2019-07-24T17:22:08.066-0300][155.204s][info][gc,phases,start] GC(75) Marking Phase
[2019-07-24T17:22:08.820-0300][155.958s][info][gc,phases      ] GC(75) Marking Phase 754.340ms
[2019-07-24T17:22:08.820-0300][155.958s][info][gc,phases,start] GC(75) Summary Phase
[2019-07-24T17:22:08.820-0300][155.958s][info][gc,phases      ] GC(75) Summary Phase 0.048ms
[2019-07-24T17:22:08.820-0300][155.958s][info][gc,phases,start] GC(75) Adjust Roots
[2019-07-24T17:22:08.822-0300][155.961s][info][gc,phases      ] GC(75) Adjust Roots 2.267ms
[2019-07-24T17:22:08.822-0300][155.961s][info][gc,phases,start] GC(75) Compaction Phase
[2019-07-24T17:22:09.270-0300][156.408s][info][gc,phases      ] GC(75) Compaction Phase 447.876ms
[2019-07-24T17:22:09.270-0300][156.408s][info][gc,phases,start] GC(75) Post Compact
[2019-07-24T17:22:09.271-0300][156.409s][info][gc,phases      ] GC(75) Post Compact 0.752ms
[2019-07-24T17:22:09.271-0300][156.409s][info][gc,heap        ] GC(75) PSYoungGen: 131584K->131582K(153088K)
[2019-07-24T17:22:09.271-0300][156.409s][info][gc,heap        ] GC(75) ParOldGen: 297149K->297148K(349696K)
[2019-07-24T17:22:09.271-0300][156.409s][info][gc,metaspace   ] GC(75) Metaspace: 13301K->13301K(1062912K)
[2019-07-24T17:22:09.271-0300][156.409s][info][gc             ] GC(75) Pause Full (Ergonomics) 418M->418M(491M) 1205.650ms
[2019-07-24T17:22:09.271-0300][156.409s][info][gc,cpu         ] GC(75) User=3.99s Sys=0.02s Real=1.21s
[2019-07-24T17:22:09.271-0300][156.410s][info][gc,start       ] GC(76) Pause Full (Ergonomics)
[2019-07-24T17:22:09.271-0300][156.410s][info][gc,phases,start] GC(76) Marking Phase
[2019-07-24T17:22:10.002-0300][157.140s][info][gc,phases      ] GC(76) Marking Phase 730.619ms
[2019-07-24T17:22:10.002-0300][157.140s][info][gc,phases,start] GC(76) Summary Phase
[2019-07-24T17:22:10.002-0300][157.140s][info][gc,phases      ] GC(76) Summary Phase 0.056ms
[2019-07-24T17:22:10.002-0300][157.140s][info][gc,phases,start] GC(76) Adjust Roots
[2019-07-24T17:22:10.004-0300][157.142s][info][gc,phases      ] GC(76) Adjust Roots 1.806ms
[2019-07-24T17:22:10.004-0300][157.142s][info][gc,phases,start] GC(76) Compaction Phase
[2019-07-24T17:22:10.293-0300][157.432s][info][gc,phases      ] GC(76) Compaction Phase 289.293ms
[2019-07-24T17:22:10.294-0300][157.432s][info][gc,phases,start] GC(76) Post Compact
[2019-07-24T17:22:10.294-0300][157.432s][info][gc,phases      ] GC(76) Post Compact 0.754ms
[2019-07-24T17:22:10.294-0300][157.432s][info][gc,heap        ] GC(76) PSYoungGen: 131583K->131583K(153088K)
[2019-07-24T17:22:10.294-0300][157.432s][info][gc,heap        ] GC(76) ParOldGen: 297148K->297148K(349696K)
[2019-07-24T17:22:10.294-0300][157.432s][info][gc,metaspace   ] GC(76) Metaspace: 13301K->13301K(1062912K)
[2019-07-24T17:22:10.294-0300][157.433s][info][gc             ] GC(76) Pause Full (Ergonomics) 418M->418M(491M) 1022.931ms
[2019-07-24T17:22:10.294-0300][157.433s][info][gc,cpu         ] GC(76) User=3.50s Sys=0.01s Real=1.02s
[2019-07-24T17:22:10.295-0300][157.433s][info][gc,start       ] GC(77) Pause Full (Ergonomics)
[2019-07-24T17:22:10.295-0300][157.433s][info][gc,phases,start] GC(77) Marking Phase
[2019-07-24T17:22:11.047-0300][158.185s][info][gc,phases      ] GC(77) Marking Phase 752.254ms
[2019-07-24T17:22:11.047-0300][158.185s][info][gc,phases,start] GC(77) Summary Phase
[2019-07-24T17:22:11.047-0300][158.185s][info][gc,phases      ] GC(77) Summary Phase 0.021ms
[2019-07-24T17:22:11.047-0300][158.185s][info][gc,phases,start] GC(77) Adjust Roots
[2019-07-24T17:22:11.049-0300][158.187s][info][gc,phases      ] GC(77) Adjust Roots 1.549ms
[2019-07-24T17:22:11.049-0300][158.187s][info][gc,phases,start] GC(77) Compaction Phase
[2019-07-24T17:22:11.343-0300][158.481s][info][gc,phases      ] GC(77) Compaction Phase 293.860ms
[2019-07-24T17:22:11.343-0300][158.481s][info][gc,phases,start] GC(77) Post Compact
[2019-07-24T17:22:11.343-0300][158.481s][info][gc,phases      ] GC(77) Post Compact 0.765ms
[2019-07-24T17:22:11.343-0300][158.481s][info][gc,heap        ] GC(77) PSYoungGen: 131583K->131583K(153088K)
[2019-07-24T17:22:11.343-0300][158.482s][info][gc,heap        ] GC(77) ParOldGen: 297148K->297148K(349696K)
[2019-07-24T17:22:11.343-0300][158.482s][info][gc,metaspace   ] GC(77) Metaspace: 13301K->13301K(1062912K)
[2019-07-24T17:22:11.344-0300][158.482s][info][gc             ] GC(77) Pause Full (Ergonomics) 418M->418M(491M) 1048.777ms
[2019-07-24T17:22:11.344-0300][158.482s][info][gc,cpu         ] GC(77) User=3.47s Sys=0.02s Real=1.05s
[2019-07-24T17:22:11.344-0300][158.482s][info][gc,start       ] GC(78) Pause Full (Ergonomics)
[2019-07-24T17:22:11.344-0300][158.482s][info][gc,phases,start] GC(78) Marking Phase
[2019-07-24T17:22:12.068-0300][159.206s][info][gc,phases      ] GC(78) Marking Phase 724.292ms
[2019-07-24T17:22:12.068-0300][159.206s][info][gc,phases,start] GC(78) Summary Phase
[2019-07-24T17:22:12.068-0300][159.206s][info][gc,phases      ] GC(78) Summary Phase 0.022ms
[2019-07-24T17:22:12.068-0300][159.206s][info][gc,phases,start] GC(78) Adjust Roots
[2019-07-24T17:22:12.070-0300][159.208s][info][gc,phases      ] GC(78) Adjust Roots 1.841ms
[2019-07-24T17:22:12.070-0300][159.208s][info][gc,phases,start] GC(78) Compaction Phase
[2019-07-24T17:22:12.365-0300][159.503s][info][gc,phases      ] GC(78) Compaction Phase 294.908ms
[2019-07-24T17:22:12.365-0300][159.503s][info][gc,phases,start] GC(78) Post Compact
[2019-07-24T17:22:12.366-0300][159.504s][info][gc,phases      ] GC(78) Post Compact 0.836ms
[2019-07-24T17:22:12.366-0300][159.504s][info][gc,heap        ] GC(78) PSYoungGen: 131584K->131583K(153088K)
[2019-07-24T17:22:12.366-0300][159.504s][info][gc,heap        ] GC(78) ParOldGen: 297148K->297148K(349696K)
[2019-07-24T17:22:12.366-0300][159.504s][info][gc,metaspace   ] GC(78) Metaspace: 13301K->13301K(1062912K)
[2019-07-24T17:22:12.366-0300][159.504s][info][gc             ] GC(78) Pause Full (Ergonomics) 418M->418M(491M) 1022.306ms
[2019-07-24T17:22:12.366-0300][159.504s][info][gc,cpu         ] GC(78) User=3.44s Sys=0.01s Real=1.02s
[2019-07-24T17:22:12.366-0300][159.504s][info][gc,start       ] GC(79) Pause Full (Ergonomics)
[2019-07-24T17:22:12.366-0300][159.504s][info][gc,phases,start] GC(79) Marking Phase
[2019-07-24T17:22:13.089-0300][160.227s][info][gc,phases      ] GC(79) Marking Phase 722.864ms
[2019-07-24T17:22:13.089-0300][160.227s][info][gc,phases,start] GC(79) Summary Phase
[2019-07-24T17:22:13.089-0300][160.227s][info][gc,phases      ] GC(79) Summary Phase 0.021ms
[2019-07-24T17:22:13.089-0300][160.227s][info][gc,phases,start] GC(79) Adjust Roots
[2019-07-24T17:22:13.091-0300][160.229s][info][gc,phases      ] GC(79) Adjust Roots 1.419ms
[2019-07-24T17:22:13.091-0300][160.229s][info][gc,phases,start] GC(79) Compaction Phase
[2019-07-24T17:22:13.379-0300][160.517s][info][gc,phases      ] GC(79) Compaction Phase 288.352ms
[2019-07-24T17:22:13.379-0300][160.517s][info][gc,phases,start] GC(79) Post Compact
[2019-07-24T17:22:13.380-0300][160.518s][info][gc,phases      ] GC(79) Post Compact 0.808ms
[2019-07-24T17:22:13.380-0300][160.518s][info][gc,heap        ] GC(79) PSYoungGen: 131584K->131584K(153088K)
[2019-07-24T17:22:13.380-0300][160.518s][info][gc,heap        ] GC(79) ParOldGen: 297148K->297148K(349696K)
[2019-07-24T17:22:13.380-0300][160.518s][info][gc,metaspace   ] GC(79) Metaspace: 13301K->13301K(1062912K)
[2019-07-24T17:22:13.380-0300][160.518s][info][gc             ] GC(79) Pause Full (Ergonomics) 418M->418M(491M) 1013.801ms
[2019-07-24T17:22:13.380-0300][160.518s][info][gc,cpu         ] GC(79) User=3.43s Sys=0.01s Real=1.02s
[2019-07-24T17:22:13.380-0300][160.518s][info][gc,start       ] GC(80) Pause Full (Ergonomics)
[2019-07-24T17:22:13.380-0300][160.518s][info][gc,phases,start] GC(80) Marking Phase
[2019-07-24T17:22:14.186-0300][161.324s][info][gc,phases      ] GC(80) Marking Phase 805.576ms
[2019-07-24T17:22:14.186-0300][161.324s][info][gc,phases,start] GC(80) Summary Phase
[2019-07-24T17:22:14.186-0300][161.324s][info][gc,phases      ] GC(80) Summary Phase 0.023ms
[2019-07-24T17:22:14.186-0300][161.324s][info][gc,phases,start] GC(80) Adjust Roots
[2019-07-24T17:22:14.188-0300][161.326s][info][gc,phases      ] GC(80) Adjust Roots 1.848ms
[2019-07-24T17:22:14.188-0300][161.326s][info][gc,phases,start] GC(80) Compaction Phase
[2019-07-24T17:22:14.480-0300][161.618s][info][gc,phases      ] GC(80) Compaction Phase 292.089ms
[2019-07-24T17:22:14.480-0300][161.618s][info][gc,phases,start] GC(80) Post Compact
[2019-07-24T17:22:14.481-0300][161.619s][info][gc,phases      ] GC(80) Post Compact 0.759ms
[2019-07-24T17:22:14.481-0300][161.619s][info][gc,heap        ] GC(80) PSYoungGen: 131584K->131583K(153088K)
[2019-07-24T17:22:14.481-0300][161.619s][info][gc,heap        ] GC(80) ParOldGen: 297152K->297151K(349696K)
[2019-07-24T17:22:14.481-0300][161.619s][info][gc,metaspace   ] GC(80) Metaspace: 13301K->13301K(1062912K)
[2019-07-24T17:22:14.481-0300][161.619s][info][gc             ] GC(80) Pause Full (Ergonomics) 418M->418M(491M) 1100.684ms
[2019-07-24T17:22:14.481-0300][161.619s][info][gc,cpu         ] GC(80) User=3.44s Sys=0.02s Real=1.10s
[2019-07-24T17:22:14.482-0300][161.619s][info][gc,start       ] GC(81) Pause Full (Ergonomics)
[2019-07-24T17:22:14.482-0300][161.620s][info][gc,phases,start] GC(81) Marking Phase
[2019-07-24T17:22:16.493-0300][163.631s][info][gc,phases      ] GC(81) Marking Phase 2011.169ms
[2019-07-24T17:22:16.494-0300][163.632s][info][gc,phases,start] GC(81) Summary Phase
[2019-07-24T17:22:16.494-0300][163.632s][info][gc,phases      ] GC(81) Summary Phase 0.106ms
[2019-07-24T17:22:16.494-0300][163.632s][info][gc,phases,start] GC(81) Adjust Roots
[2019-07-24T17:22:16.498-0300][163.636s][info][gc,phases      ] GC(81) Adjust Roots 3.138ms
[2019-07-24T17:22:16.498-0300][163.636s][info][gc,phases,start] GC(81) Compaction Phase
[2019-07-24T17:22:16.912-0300][164.050s][info][gc,phases      ] GC(81) Compaction Phase 414.634ms
[2019-07-24T17:22:16.912-0300][164.050s][info][gc,phases,start] GC(81) Post Compact
[2019-07-24T17:22:16.913-0300][164.051s][info][gc,phases      ] GC(81) Post Compact 0.893ms
[2019-07-24T17:22:16.913-0300][164.051s][info][gc,heap        ] GC(81) PSYoungGen: 131583K->131581K(153088K)
[2019-07-24T17:22:16.913-0300][164.051s][info][gc,heap        ] GC(81) ParOldGen: 297151K->297149K(349696K)
[2019-07-24T17:22:16.913-0300][164.051s][info][gc,metaspace   ] GC(81) Metaspace: 13301K->13301K(1062912K)
[2019-07-24T17:22:16.913-0300][164.051s][info][gc             ] GC(81) Pause Full (Ergonomics) 418M->418M(491M) 2431.908ms
[2019-07-24T17:22:16.914-0300][164.051s][info][gc,cpu         ] GC(81) User=3.72s Sys=0.03s Real=2.43s
[2019-07-24T17:22:16.914-0300][164.052s][info][gc,start       ] GC(82) Pause Full (Ergonomics)
[2019-07-24T17:22:16.914-0300][164.052s][info][gc,phases,start] GC(82) Marking Phase
[2019-07-24T17:22:17.963-0300][165.101s][info][gc,phases      ] GC(82) Marking Phase 1049.378ms
[2019-07-24T17:22:17.963-0300][165.101s][info][gc,phases,start] GC(82) Summary Phase
[2019-07-24T17:22:17.963-0300][165.101s][info][gc,phases      ] GC(82) Summary Phase 0.037ms
[2019-07-24T17:22:17.963-0300][165.101s][info][gc,phases,start] GC(82) Adjust Roots
[2019-07-24T17:22:17.966-0300][165.104s][info][gc,phases      ] GC(82) Adjust Roots 2.716ms
[2019-07-24T17:22:17.966-0300][165.104s][info][gc,phases,start] GC(82) Compaction Phase
[2019-07-24T17:22:18.370-0300][165.508s][info][gc,phases      ] GC(82) Compaction Phase 403.319ms
[2019-07-24T17:22:18.370-0300][165.508s][info][gc,phases,start] GC(82) Post Compact
[2019-07-24T17:22:18.371-0300][165.509s][info][gc,phases      ] GC(82) Post Compact 1.042ms
[2019-07-24T17:22:18.371-0300][165.509s][info][gc,heap        ] GC(82) PSYoungGen: 131584K->131581K(153088K)
[2019-07-24T17:22:18.371-0300][165.509s][info][gc,heap        ] GC(82) ParOldGen: 297149K->297149K(349696K)
[2019-07-24T17:22:18.371-0300][165.509s][info][gc,metaspace   ] GC(82) Metaspace: 13301K->13301K(1062912K)
[2019-07-24T17:22:18.371-0300][165.509s][info][gc             ] GC(82) Pause Full (Ergonomics) 418M->418M(491M) 1457.267ms
[2019-07-24T17:22:18.371-0300][165.509s][info][gc,cpu         ] GC(82) User=3.54s Sys=0.01s Real=1.46s
[2019-07-24T17:22:18.371-0300][165.509s][info][gc,start       ] GC(83) Pause Full (Ergonomics)
[2019-07-24T17:22:18.371-0300][165.509s][info][gc,phases,start] GC(83) Marking Phase
[2019-07-24T17:22:19.160-0300][166.298s][info][gc,phases      ] GC(83) Marking Phase 788.996ms
[2019-07-24T17:22:19.160-0300][166.298s][info][gc,phases,start] GC(83) Summary Phase
[2019-07-24T17:22:19.160-0300][166.298s][info][gc,phases      ] GC(83) Summary Phase 0.023ms
[2019-07-24T17:22:19.160-0300][166.298s][info][gc,phases,start] GC(83) Adjust Roots
[2019-07-24T17:22:19.162-0300][166.300s][info][gc,phases      ] GC(83) Adjust Roots 1.670ms
[2019-07-24T17:22:19.162-0300][166.300s][info][gc,phases,start] GC(83) Compaction Phase
[2019-07-24T17:22:19.464-0300][166.602s][info][gc,phases      ] GC(83) Compaction Phase 301.949ms
[2019-07-24T17:22:19.464-0300][166.602s][info][gc,phases,start] GC(83) Post Compact
[2019-07-24T17:22:19.465-0300][166.603s][info][gc,phases      ] GC(83) Post Compact 0.778ms
[2019-07-24T17:22:19.465-0300][166.603s][info][gc,heap        ] GC(83) PSYoungGen: 131584K->131581K(153088K)
[2019-07-24T17:22:19.465-0300][166.603s][info][gc,heap        ] GC(83) ParOldGen: 297149K->297149K(349696K)
[2019-07-24T17:22:19.465-0300][166.603s][info][gc,metaspace   ] GC(83) Metaspace: 13301K->13301K(1062912K)
[2019-07-24T17:22:19.465-0300][166.603s][info][gc             ] GC(83) Pause Full (Ergonomics) 418M->418M(491M) 1093.772ms
[2019-07-24T17:22:19.465-0300][166.603s][info][gc,cpu         ] GC(83) User=3.50s Sys=0.01s Real=1.09s
[2019-07-24T17:22:19.465-0300][166.603s][info][gc,start       ] GC(84) Pause Full (Ergonomics)
[2019-07-24T17:22:19.466-0300][166.603s][info][gc,phases,start] GC(84) Marking Phase
[2019-07-24T17:22:20.247-0300][167.385s][info][gc,phases      ] GC(84) Marking Phase 781.731ms
[2019-07-24T17:22:20.247-0300][167.385s][info][gc,phases,start] GC(84) Summary Phase
[2019-07-24T17:22:20.247-0300][167.385s][info][gc,phases      ] GC(84) Summary Phase 0.023ms
[2019-07-24T17:22:20.247-0300][167.385s][info][gc,phases,start] GC(84) Adjust Roots
[2019-07-24T17:22:20.249-0300][167.387s][info][gc,phases      ] GC(84) Adjust Roots 1.674ms
[2019-07-24T17:22:20.249-0300][167.387s][info][gc,phases,start] GC(84) Compaction Phase
[2019-07-24T17:22:20.547-0300][167.685s][info][gc,phases      ] GC(84) Compaction Phase 298.086ms
[2019-07-24T17:22:20.547-0300][167.685s][info][gc,phases,start] GC(84) Post Compact
[2019-07-24T17:22:20.548-0300][167.686s][info][gc,phases      ] GC(84) Post Compact 0.890ms
[2019-07-24T17:22:20.548-0300][167.686s][info][gc,heap        ] GC(84) PSYoungGen: 131584K->131582K(153088K)
[2019-07-24T17:22:20.548-0300][167.686s][info][gc,heap        ] GC(84) ParOldGen: 297149K->297149K(349696K)
[2019-07-24T17:22:20.548-0300][167.686s][info][gc,metaspace   ] GC(84) Metaspace: 13301K->13301K(1062912K)
[2019-07-24T17:22:20.548-0300][167.686s][info][gc             ] GC(84) Pause Full (Ergonomics) 418M->418M(491M) 1082.780ms
[2019-07-24T17:22:20.548-0300][167.686s][info][gc,cpu         ] GC(84) User=3.50s Sys=0.01s Real=1.08s
[2019-07-24T17:22:20.549-0300][167.686s][info][gc,start       ] GC(85) Pause Full (Ergonomics)
[2019-07-24T17:22:20.549-0300][167.686s][info][gc,phases,start] GC(85) Marking Phase
[2019-07-24T17:22:21.623-0300][168.761s][info][gc,phases      ] GC(85) Marking Phase 1074.721ms
[2019-07-24T17:22:21.623-0300][168.761s][info][gc,phases,start] GC(85) Summary Phase
[2019-07-24T17:22:21.623-0300][168.761s][info][gc,phases      ] GC(85) Summary Phase 0.026ms
[2019-07-24T17:22:21.623-0300][168.761s][info][gc,phases,start] GC(85) Adjust Roots
[2019-07-24T17:22:21.625-0300][168.763s][info][gc,phases      ] GC(85) Adjust Roots 1.704ms
[2019-07-24T17:22:21.625-0300][168.763s][info][gc,phases,start] GC(85) Compaction Phase
[2019-07-24T17:22:22.041-0300][169.179s][info][gc,phases      ] GC(85) Compaction Phase 415.940ms
[2019-07-24T17:22:22.045-0300][169.183s][info][gc,phases,start] GC(85) Post Compact
[2019-07-24T17:22:22.047-0300][169.184s][info][gc,phases      ] GC(85) Post Compact 1.496ms
[2019-07-24T17:22:22.047-0300][169.185s][info][gc,heap        ] GC(85) PSYoungGen: 131584K->131580K(153088K)
[2019-07-24T17:22:22.047-0300][169.185s][info][gc,heap        ] GC(85) ParOldGen: 297149K->297146K(349696K)
[2019-07-24T17:22:22.047-0300][169.185s][info][gc,metaspace   ] GC(85) Metaspace: 13301K->13301K(1062912K)
[2019-07-24T17:22:22.047-0300][169.185s][info][gc             ] GC(85) Pause Full (Ergonomics) 418M->418M(491M) 1498.324ms
[2019-07-24T17:22:22.047-0300][169.185s][info][gc,cpu         ] GC(85) User=3.45s Sys=0.02s Real=1.50s
[2019-07-24T17:22:22.047-0300][169.185s][info][gc,start       ] GC(86) Pause Full (Ergonomics)
[2019-07-24T17:22:22.047-0300][169.185s][info][gc,phases,start] GC(86) Marking Phase
[2019-07-24T17:22:22.974-0300][170.112s][info][gc,phases      ] GC(86) Marking Phase 926.846ms
[2019-07-24T17:22:22.974-0300][170.112s][info][gc,phases,start] GC(86) Summary Phase
[2019-07-24T17:22:22.974-0300][170.112s][info][gc,phases      ] GC(86) Summary Phase 0.030ms
[2019-07-24T17:22:22.974-0300][170.112s][info][gc,phases,start] GC(86) Adjust Roots
[2019-07-24T17:22:22.976-0300][170.114s][info][gc,phases      ] GC(86) Adjust Roots 1.742ms
[2019-07-24T17:22:22.976-0300][170.114s][info][gc,phases,start] GC(86) Compaction Phase
[2019-07-24T17:22:23.272-0300][170.410s][info][gc,phases      ] GC(86) Compaction Phase 296.447ms
[2019-07-24T17:22:23.273-0300][170.410s][info][gc,phases,start] GC(86) Post Compact
[2019-07-24T17:22:23.273-0300][170.411s][info][gc,phases      ] GC(86) Post Compact 0.745ms
[2019-07-24T17:22:23.273-0300][170.411s][info][gc,heap        ] GC(86) PSYoungGen: 131583K->131583K(153088K)
[2019-07-24T17:22:23.273-0300][170.411s][info][gc,heap        ] GC(86) ParOldGen: 297146K->297146K(349696K)
[2019-07-24T17:22:23.273-0300][170.411s][info][gc,metaspace   ] GC(86) Metaspace: 13303K->13303K(1062912K)
[2019-07-24T17:22:23.273-0300][170.411s][info][gc             ] GC(86) Pause Full (Ergonomics) 418M->418M(491M) 1226.150ms
[2019-07-24T17:22:23.273-0300][170.411s][info][gc,cpu         ] GC(86) User=3.50s Sys=0.01s Real=1.23s
[2019-07-24T17:22:23.274-0300][170.411s][info][gc,start       ] GC(87) Pause Full (Ergonomics)
[2019-07-24T17:22:23.274-0300][170.412s][info][gc,phases,start] GC(87) Marking Phase
[2019-07-24T17:22:24.404-0300][171.542s][info][gc,phases      ] GC(87) Marking Phase 1129.986ms
[2019-07-24T17:22:24.404-0300][171.542s][info][gc,phases,start] GC(87) Summary Phase
[2019-07-24T17:22:24.404-0300][171.542s][info][gc,phases      ] GC(87) Summary Phase 0.029ms
[2019-07-24T17:22:24.404-0300][171.542s][info][gc,phases,start] GC(87) Adjust Roots
[2019-07-24T17:22:24.406-0300][171.544s][info][gc,phases      ] GC(87) Adjust Roots 1.974ms
[2019-07-24T17:22:24.406-0300][171.544s][info][gc,phases,start] GC(87) Compaction Phase
[2019-07-24T17:22:24.840-0300][171.977s][info][gc,phases      ] GC(87) Compaction Phase 433.754ms
[2019-07-24T17:22:24.840-0300][171.978s][info][gc,phases,start] GC(87) Post Compact
[2019-07-24T17:22:24.841-0300][171.978s][info][gc,phases      ] GC(87) Post Compact 0.916ms
[2019-07-24T17:22:24.841-0300][171.979s][info][gc,heap        ] GC(87) PSYoungGen: 131583K->131583K(153088K)
[2019-07-24T17:22:24.841-0300][171.979s][info][gc,heap        ] GC(87) ParOldGen: 297152K->297150K(349696K)
[2019-07-24T17:22:24.841-0300][171.979s][info][gc,metaspace   ] GC(87) Metaspace: 13303K->13303K(1062912K)
[2019-07-24T17:22:24.841-0300][171.979s][info][gc             ] GC(87) Pause Full (Ergonomics) 418M->418M(491M) 1567.112ms
[2019-07-24T17:22:24.841-0300][171.979s][info][gc,cpu         ] GC(87) User=3.52s Sys=0.02s Real=1.57s
[2019-07-24T17:22:24.841-0300][171.979s][info][gc,start       ] GC(88) Pause Full (Ergonomics)
[2019-07-24T17:22:24.841-0300][171.979s][info][gc,phases,start] GC(88) Marking Phase
[2019-07-24T17:22:25.820-0300][172.957s][info][gc,phases      ] GC(88) Marking Phase 978.520ms
[2019-07-24T17:22:25.820-0300][172.958s][info][gc,phases,start] GC(88) Summary Phase
[2019-07-24T17:22:25.820-0300][172.958s][info][gc,phases      ] GC(88) Summary Phase 0.023ms
[2019-07-24T17:22:25.820-0300][172.958s][info][gc,phases,start] GC(88) Adjust Roots
[2019-07-24T17:22:25.822-0300][172.959s][info][gc,phases      ] GC(88) Adjust Roots 1.664ms
[2019-07-24T17:22:25.822-0300][172.959s][info][gc,phases,start] GC(88) Compaction Phase
[2019-07-24T17:22:26.113-0300][173.251s][info][gc,phases      ] GC(88) Compaction Phase 291.468ms
[2019-07-24T17:22:26.113-0300][173.251s][info][gc,phases,start] GC(88) Post Compact
[2019-07-24T17:22:26.114-0300][173.252s][info][gc,phases      ] GC(88) Post Compact 0.805ms
[2019-07-24T17:22:26.114-0300][173.252s][info][gc,heap        ] GC(88) PSYoungGen: 131584K->131584K(153088K)
[2019-07-24T17:22:26.114-0300][173.252s][info][gc,heap        ] GC(88) ParOldGen: 297150K->297150K(349696K)
[2019-07-24T17:22:26.114-0300][173.252s][info][gc,metaspace   ] GC(88) Metaspace: 13303K->13303K(1062912K)
[2019-07-24T17:22:26.114-0300][173.252s][info][gc             ] GC(88) Pause Full (Ergonomics) 418M->418M(491M) 1272.834ms
[2019-07-24T17:22:26.114-0300][173.252s][info][gc,cpu         ] GC(88) User=3.47s Sys=0.02s Real=1.27s
[2019-07-24T17:22:26.114-0300][173.252s][info][gc,start       ] GC(89) Pause Full (Ergonomics)
[2019-07-24T17:22:26.114-0300][173.252s][info][gc,phases,start] GC(89) Marking Phase
[2019-07-24T17:22:26.958-0300][174.095s][info][gc,phases      ] GC(89) Marking Phase 843.314ms
[2019-07-24T17:22:26.958-0300][174.095s][info][gc,phases,start] GC(89) Summary Phase
[2019-07-24T17:22:26.958-0300][174.095s][info][gc,phases      ] GC(89) Summary Phase 0.022ms
[2019-07-24T17:22:26.958-0300][174.095s][info][gc,phases,start] GC(89) Adjust Roots
[2019-07-24T17:22:26.960-0300][174.097s][info][gc,phases      ] GC(89) Adjust Roots 1.660ms
[2019-07-24T17:22:26.960-0300][174.097s][info][gc,phases,start] GC(89) Compaction Phase
[2019-07-24T17:22:27.264-0300][174.402s][info][gc,phases      ] GC(89) Compaction Phase 304.553ms
[2019-07-24T17:22:27.264-0300][174.402s][info][gc,phases,start] GC(89) Post Compact
[2019-07-24T17:22:27.265-0300][174.403s][info][gc,phases      ] GC(89) Post Compact 0.751ms
[2019-07-24T17:22:27.265-0300][174.403s][info][gc,heap        ] GC(89) PSYoungGen: 131584K->131584K(153088K)
[2019-07-24T17:22:27.265-0300][174.403s][info][gc,heap        ] GC(89) ParOldGen: 297152K->297151K(349696K)
[2019-07-24T17:22:27.265-0300][174.403s][info][gc,metaspace   ] GC(89) Metaspace: 13303K->13303K(1062912K)
[2019-07-24T17:22:27.265-0300][174.403s][info][gc             ] GC(89) Pause Full (Ergonomics) 418M->418M(491M) 1150.672ms
[2019-07-24T17:22:27.265-0300][174.403s][info][gc,cpu         ] GC(89) User=3.51s Sys=0.01s Real=1.15s
[2019-07-24T17:22:27.266-0300][174.403s][info][gc,start       ] GC(90) Pause Full (Ergonomics)
[2019-07-24T17:22:27.266-0300][174.403s][info][gc,phases,start] GC(90) Marking Phase
[2019-07-24T17:22:28.003-0300][175.141s][info][gc,phases      ] GC(90) Marking Phase 737.459ms
[2019-07-24T17:22:28.003-0300][175.141s][info][gc,phases,start] GC(90) Summary Phase
[2019-07-24T17:22:28.003-0300][175.141s][info][gc,phases      ] GC(90) Summary Phase 0.112ms
[2019-07-24T17:22:28.003-0300][175.141s][info][gc,phases,start] GC(90) Adjust Roots
[2019-07-24T17:22:28.007-0300][175.144s][info][gc,phases      ] GC(90) Adjust Roots 3.383ms
[2019-07-24T17:22:28.007-0300][175.144s][info][gc,phases,start] GC(90) Compaction Phase
[2019-07-24T17:22:28.294-0300][175.432s][info][gc,phases      ] GC(90) Compaction Phase 287.364ms
[2019-07-24T17:22:28.294-0300][175.432s][info][gc,phases,start] GC(90) Post Compact
[2019-07-24T17:22:28.295-0300][175.433s][info][gc,phases      ] GC(90) Post Compact 0.978ms
[2019-07-24T17:22:28.295-0300][175.433s][info][gc,heap        ] GC(90) PSYoungGen: 131584K->131584K(153088K)
[2019-07-24T17:22:28.295-0300][175.433s][info][gc,heap        ] GC(90) ParOldGen: 297153K->297152K(349696K)
[2019-07-24T17:22:28.295-0300][175.433s][info][gc,metaspace   ] GC(90) Metaspace: 13304K->13304K(1062912K)
[2019-07-24T17:22:28.295-0300][175.433s][info][gc             ] GC(90) Pause Full (Ergonomics) 418M->418M(491M) 1029.740ms
[2019-07-24T17:22:28.295-0300][175.433s][info][gc,cpu         ] GC(90) User=3.48s Sys=0.02s Real=1.03s
[2019-07-24T17:22:28.296-0300][175.433s][info][gc,start       ] GC(91) Pause Full (Ergonomics)
[2019-07-24T17:22:28.296-0300][175.433s][info][gc,phases,start] GC(91) Marking Phase
[2019-07-24T17:22:29.055-0300][176.192s][info][gc,phases      ] GC(91) Marking Phase 759.153ms
[2019-07-24T17:22:29.055-0300][176.192s][info][gc,phases,start] GC(91) Summary Phase
[2019-07-24T17:22:29.055-0300][176.192s][info][gc,phases      ] GC(91) Summary Phase 0.020ms
[2019-07-24T17:22:29.055-0300][176.192s][info][gc,phases,start] GC(91) Adjust Roots
[2019-07-24T17:22:29.056-0300][176.194s][info][gc,phases      ] GC(91) Adjust Roots 1.557ms
[2019-07-24T17:22:29.056-0300][176.194s][info][gc,phases,start] GC(91) Compaction Phase
[2019-07-24T17:22:29.362-0300][176.499s][info][gc,phases      ] GC(91) Compaction Phase 305.518ms
[2019-07-24T17:22:29.362-0300][176.500s][info][gc,phases,start] GC(91) Post Compact
[2019-07-24T17:22:29.363-0300][176.500s][info][gc,phases      ] GC(91) Post Compact 0.755ms
[2019-07-24T17:22:29.363-0300][176.500s][info][gc,heap        ] GC(91) PSYoungGen: 131584K->131584K(153088K)
[2019-07-24T17:22:29.363-0300][176.500s][info][gc,heap        ] GC(91) ParOldGen: 297154K->297154K(349696K)
[2019-07-24T17:22:29.363-0300][176.500s][info][gc,metaspace   ] GC(91) Metaspace: 13304K->13304K(1062912K)
[2019-07-24T17:22:29.363-0300][176.500s][info][gc             ] GC(91) Pause Full (Ergonomics) 418M->418M(491M) 1067.306ms
[2019-07-24T17:22:29.363-0300][176.500s][info][gc,cpu         ] GC(91) User=3.47s Sys=0.01s Real=1.07s
[2019-07-24T17:22:29.363-0300][176.501s][info][gc,start       ] GC(92) Pause Full (Ergonomics)
[2019-07-24T17:22:29.363-0300][176.501s][info][gc,phases,start] GC(92) Marking Phase
[2019-07-24T17:22:30.119-0300][177.256s][info][gc,phases      ] GC(92) Marking Phase 755.555ms
[2019-07-24T17:22:30.119-0300][177.256s][info][gc,phases,start] GC(92) Summary Phase
[2019-07-24T17:22:30.119-0300][177.256s][info][gc,phases      ] GC(92) Summary Phase 0.055ms
[2019-07-24T17:22:30.119-0300][177.257s][info][gc,phases,start] GC(92) Adjust Roots
[2019-07-24T17:22:30.123-0300][177.261s][info][gc,phases      ] GC(92) Adjust Roots 4.251ms
[2019-07-24T17:22:30.123-0300][177.261s][info][gc,phases,start] GC(92) Compaction Phase
[2019-07-24T17:22:30.425-0300][177.563s][info][gc,phases      ] GC(92) Compaction Phase 301.691ms
[2019-07-24T17:22:30.425-0300][177.563s][info][gc,phases,start] GC(92) Post Compact
[2019-07-24T17:22:30.426-0300][177.563s][info][gc,phases      ] GC(92) Post Compact 0.770ms
[2019-07-24T17:22:30.426-0300][177.563s][info][gc,heap        ] GC(92) PSYoungGen: 131584K->131574K(153088K)
[2019-07-24T17:22:30.426-0300][177.563s][info][gc,heap        ] GC(92) ParOldGen: 297156K->297146K(349696K)
[2019-07-24T17:22:30.426-0300][177.563s][info][gc,metaspace   ] GC(92) Metaspace: 13304K->13304K(1062912K)
[2019-07-24T17:22:30.426-0300][177.563s][info][gc             ] GC(92) Pause Full (Ergonomics) 418M->418M(491M) 1062.729ms
[2019-07-24T17:22:30.426-0300][177.563s][info][gc,cpu         ] GC(92) User=3.46s Sys=0.02s Real=1.06s
[2019-07-24T17:22:30.426-0300][177.564s][info][gc,start       ] GC(93) Pause Full (Ergonomics)
[2019-07-24T17:22:30.426-0300][177.564s][info][gc,phases,start] GC(93) Marking Phase
[2019-07-24T17:22:31.952-0300][179.089s][info][gc,phases      ] GC(93) Marking Phase 1525.294ms
[2019-07-24T17:22:31.952-0300][179.089s][info][gc,phases,start] GC(93) Summary Phase
[2019-07-24T17:22:31.952-0300][179.089s][info][gc,phases      ] GC(93) Summary Phase 0.069ms
[2019-07-24T17:22:31.952-0300][179.089s][info][gc,phases,start] GC(93) Adjust Roots
[2019-07-24T17:22:31.955-0300][179.093s][info][gc,phases      ] GC(93) Adjust Roots 3.332ms
[2019-07-24T17:22:31.956-0300][179.093s][info][gc,phases,start] GC(93) Compaction Phase
[2019-07-24T17:22:32.328-0300][179.465s][info][gc,phases      ] GC(93) Compaction Phase 372.133ms
[2019-07-24T17:22:32.328-0300][179.465s][info][gc,phases,start] GC(93) Post Compact
[2019-07-24T17:22:32.329-0300][179.466s][info][gc,phases      ] GC(93) Post Compact 0.811ms
[2019-07-24T17:22:32.329-0300][179.466s][info][gc,heap        ] GC(93) PSYoungGen: 131584K->131577K(153088K)
[2019-07-24T17:22:32.329-0300][179.466s][info][gc,heap        ] GC(93) ParOldGen: 297146K->297146K(349696K)
[2019-07-24T17:22:32.329-0300][179.466s][info][gc,metaspace   ] GC(93) Metaspace: 13304K->13304K(1062912K)
[2019-07-24T17:22:32.329-0300][179.466s][info][gc             ] GC(93) Pause Full (Ergonomics) 418M->418M(491M) 1902.331ms
[2019-07-24T17:22:32.329-0300][179.466s][info][gc,cpu         ] GC(93) User=3.62s Sys=0.02s Real=1.90s
[2019-07-24T17:22:32.329-0300][179.466s][info][gc,start       ] GC(94) Pause Full (Ergonomics)
[2019-07-24T17:22:32.329-0300][179.466s][info][gc,phases,start] GC(94) Marking Phase
[2019-07-24T17:22:33.075-0300][180.212s][info][gc,phases      ] GC(94) Marking Phase 746.123ms
[2019-07-24T17:22:33.075-0300][180.212s][info][gc,phases,start] GC(94) Summary Phase
[2019-07-24T17:22:33.075-0300][180.213s][info][gc,phases      ] GC(94) Summary Phase 0.020ms
[2019-07-24T17:22:33.075-0300][180.213s][info][gc,phases,start] GC(94) Adjust Roots
[2019-07-24T17:22:33.077-0300][180.214s][info][gc,phases      ] GC(94) Adjust Roots 1.651ms
[2019-07-24T17:22:33.077-0300][180.214s][info][gc,phases,start] GC(94) Compaction Phase
[2019-07-24T17:22:33.379-0300][180.517s][info][gc,phases      ] GC(94) Compaction Phase 302.378ms
[2019-07-24T17:22:33.379-0300][180.517s][info][gc,phases,start] GC(94) Post Compact
[2019-07-24T17:22:33.380-0300][180.517s][info][gc,phases      ] GC(94) Post Compact 0.759ms
[2019-07-24T17:22:33.380-0300][180.517s][info][gc,heap        ] GC(94) PSYoungGen: 131584K->131580K(153088K)
[2019-07-24T17:22:33.380-0300][180.517s][info][gc,heap        ] GC(94) ParOldGen: 297146K->297146K(349696K)
[2019-07-24T17:22:33.380-0300][180.517s][info][gc,metaspace   ] GC(94) Metaspace: 13304K->13304K(1062912K)
[2019-07-24T17:22:33.380-0300][180.518s][info][gc             ] GC(94) Pause Full (Ergonomics) 418M->418M(491M) 1051.221ms
[2019-07-24T17:22:33.380-0300][180.518s][info][gc,cpu         ] GC(94) User=3.46s Sys=0.01s Real=1.06s
[2019-07-24T17:22:33.380-0300][180.518s][info][gc,start       ] GC(95) Pause Full (Ergonomics)
[2019-07-24T17:22:33.380-0300][180.518s][info][gc,phases,start] GC(95) Marking Phase
[2019-07-24T17:22:34.114-0300][181.251s][info][gc,phases      ] GC(95) Marking Phase 733.386ms
[2019-07-24T17:22:34.114-0300][181.251s][info][gc,phases,start] GC(95) Summary Phase
[2019-07-24T17:22:34.114-0300][181.251s][info][gc,phases      ] GC(95) Summary Phase 0.023ms
[2019-07-24T17:22:34.114-0300][181.251s][info][gc,phases,start] GC(95) Adjust Roots
[2019-07-24T17:22:34.116-0300][181.253s][info][gc,phases      ] GC(95) Adjust Roots 1.651ms
[2019-07-24T17:22:34.116-0300][181.253s][info][gc,phases,start] GC(95) Compaction Phase
[2019-07-24T17:22:34.411-0300][181.548s][info][gc,phases      ] GC(95) Compaction Phase 295.050ms
[2019-07-24T17:22:34.411-0300][181.548s][info][gc,phases,start] GC(95) Post Compact
[2019-07-24T17:22:34.411-0300][181.549s][info][gc,phases      ] GC(95) Post Compact 0.744ms
[2019-07-24T17:22:34.412-0300][181.549s][info][gc,heap        ] GC(95) PSYoungGen: 131583K->131581K(153088K)
[2019-07-24T17:22:34.412-0300][181.549s][info][gc,heap        ] GC(95) ParOldGen: 297146K->297146K(349696K)
[2019-07-24T17:22:34.412-0300][181.549s][info][gc,metaspace   ] GC(95) Metaspace: 13304K->13304K(1062912K)
[2019-07-24T17:22:34.412-0300][181.549s][info][gc             ] GC(95) Pause Full (Ergonomics) 418M->418M(491M) 1031.133ms
[2019-07-24T17:22:34.412-0300][181.549s][info][gc,cpu         ] GC(95) User=3.47s Sys=0.02s Real=1.03s
[2019-07-24T17:22:34.412-0300][181.549s][info][gc,start       ] GC(96) Pause Full (Ergonomics)
[2019-07-24T17:22:34.412-0300][181.549s][info][gc,phases,start] GC(96) Marking Phase
[2019-07-24T17:22:35.159-0300][182.296s][info][gc,phases      ] GC(96) Marking Phase 746.712ms
[2019-07-24T17:22:35.159-0300][182.296s][info][gc,phases,start] GC(96) Summary Phase
[2019-07-24T17:22:35.159-0300][182.296s][info][gc,phases      ] GC(96) Summary Phase 0.019ms
[2019-07-24T17:22:35.159-0300][182.296s][info][gc,phases,start] GC(96) Adjust Roots
[2019-07-24T17:22:35.161-0300][182.298s][info][gc,phases      ] GC(96) Adjust Roots 2.262ms
[2019-07-24T17:22:35.161-0300][182.298s][info][gc,phases,start] GC(96) Compaction Phase
[2019-07-24T17:22:35.466-0300][182.603s][info][gc,phases      ] GC(96) Compaction Phase 304.648ms
[2019-07-24T17:22:35.466-0300][182.603s][info][gc,phases,start] GC(96) Post Compact
[2019-07-24T17:22:35.467-0300][182.604s][info][gc,phases      ] GC(96) Post Compact 0.758ms
[2019-07-24T17:22:35.467-0300][182.604s][info][gc,heap        ] GC(96) PSYoungGen: 131583K->131582K(153088K)
[2019-07-24T17:22:35.467-0300][182.604s][info][gc,heap        ] GC(96) ParOldGen: 297146K->297146K(349696K)
[2019-07-24T17:22:35.467-0300][182.604s][info][gc,metaspace   ] GC(96) Metaspace: 13304K->13304K(1062912K)
[2019-07-24T17:22:35.467-0300][182.604s][info][gc             ] GC(96) Pause Full (Ergonomics) 418M->418M(491M) 1054.730ms
[2019-07-24T17:22:35.467-0300][182.604s][info][gc,cpu         ] GC(96) User=3.51s Sys=0.01s Real=1.05s
[2019-07-24T17:22:35.467-0300][182.604s][info][gc,start       ] GC(97) Pause Full (Ergonomics)
[2019-07-24T17:22:35.467-0300][182.604s][info][gc,phases,start] GC(97) Marking Phase
[2019-07-24T17:22:36.225-0300][183.362s][info][gc,phases      ] GC(97) Marking Phase 757.665ms
[2019-07-24T17:22:36.225-0300][183.362s][info][gc,phases,start] GC(97) Summary Phase
[2019-07-24T17:22:36.225-0300][183.362s][info][gc,phases      ] GC(97) Summary Phase 0.019ms
[2019-07-24T17:22:36.225-0300][183.362s][info][gc,phases,start] GC(97) Adjust Roots
[2019-07-24T17:22:36.226-0300][183.364s][info][gc,phases      ] GC(97) Adjust Roots 1.640ms
[2019-07-24T17:22:36.226-0300][183.364s][info][gc,phases,start] GC(97) Compaction Phase
[2019-07-24T17:22:36.516-0300][183.653s][info][gc,phases      ] GC(97) Compaction Phase 289.830ms
[2019-07-24T17:22:36.516-0300][183.653s][info][gc,phases,start] GC(97) Post Compact
[2019-07-24T17:22:36.517-0300][183.654s][info][gc,phases      ] GC(97) Post Compact 0.766ms
[2019-07-24T17:22:36.517-0300][183.654s][info][gc,heap        ] GC(97) PSYoungGen: 131583K->131583K(153088K)
[2019-07-24T17:22:36.517-0300][183.654s][info][gc,heap        ] GC(97) ParOldGen: 297146K->297146K(349696K)
[2019-07-24T17:22:36.517-0300][183.654s][info][gc,metaspace   ] GC(97) Metaspace: 13304K->13304K(1062912K)
[2019-07-24T17:22:36.517-0300][183.654s][info][gc             ] GC(97) Pause Full (Ergonomics) 418M->418M(491M) 1050.214ms
[2019-07-24T17:22:36.517-0300][183.654s][info][gc,cpu         ] GC(97) User=3.51s Sys=0.01s Real=1.05s
[2019-07-24T17:22:36.517-0300][183.655s][info][gc,start       ] GC(98) Pause Full (Ergonomics)
[2019-07-24T17:22:36.517-0300][183.655s][info][gc,phases,start] GC(98) Marking Phase
[2019-07-24T17:22:37.263-0300][184.400s][info][gc,phases      ] GC(98) Marking Phase 745.452ms
[2019-07-24T17:22:37.263-0300][184.400s][info][gc,phases,start] GC(98) Summary Phase
[2019-07-24T17:22:37.263-0300][184.400s][info][gc,phases      ] GC(98) Summary Phase 0.018ms
[2019-07-24T17:22:37.263-0300][184.400s][info][gc,phases,start] GC(98) Adjust Roots
[2019-07-24T17:22:37.264-0300][184.402s][info][gc,phases      ] GC(98) Adjust Roots 1.525ms
[2019-07-24T17:22:37.264-0300][184.402s][info][gc,phases,start] GC(98) Compaction Phase
[2019-07-24T17:22:37.552-0300][184.689s][info][gc,phases      ] GC(98) Compaction Phase 287.225ms
[2019-07-24T17:22:37.552-0300][184.689s][info][gc,phases,start] GC(98) Post Compact
[2019-07-24T17:22:37.553-0300][184.690s][info][gc,phases      ] GC(98) Post Compact 0.980ms
[2019-07-24T17:22:37.553-0300][184.690s][info][gc,heap        ] GC(98) PSYoungGen: 131583K->131583K(153088K)
[2019-07-24T17:22:37.553-0300][184.690s][info][gc,heap        ] GC(98) ParOldGen: 297146K->297146K(349696K)
[2019-07-24T17:22:37.553-0300][184.690s][info][gc,metaspace   ] GC(98) Metaspace: 13304K->13304K(1062912K)
[2019-07-24T17:22:37.553-0300][184.690s][info][gc             ] GC(98) Pause Full (Ergonomics) 418M->418M(491M) 1035.549ms
[2019-07-24T17:22:37.553-0300][184.690s][info][gc,cpu         ] GC(98) User=3.50s Sys=0.02s Real=1.04s
[2019-07-24T17:22:37.553-0300][184.690s][info][gc,start       ] GC(99) Pause Full (Ergonomics)
[2019-07-24T17:22:37.553-0300][184.691s][info][gc,phases,start] GC(99) Marking Phase
[2019-07-24T17:22:38.295-0300][185.433s][info][gc,phases      ] GC(99) Marking Phase 742.015ms
[2019-07-24T17:22:38.295-0300][185.433s][info][gc,phases,start] GC(99) Summary Phase
[2019-07-24T17:22:38.295-0300][185.433s][info][gc,phases      ] GC(99) Summary Phase 0.042ms
[2019-07-24T17:22:38.295-0300][185.433s][info][gc,phases,start] GC(99) Adjust Roots
[2019-07-24T17:22:38.298-0300][185.436s][info][gc,phases      ] GC(99) Adjust Roots 2.834ms
[2019-07-24T17:22:38.298-0300][185.436s][info][gc,phases,start] GC(99) Compaction Phase
[2019-07-24T17:22:38.754-0300][185.891s][info][gc,phases      ] GC(99) Compaction Phase 455.303ms
[2019-07-24T17:22:38.754-0300][185.891s][info][gc,phases,start] GC(99) Post Compact
[2019-07-24T17:22:38.755-0300][185.892s][info][gc,phases      ] GC(99) Post Compact 0.834ms
[2019-07-24T17:22:38.755-0300][185.892s][info][gc,heap        ] GC(99) PSYoungGen: 131584K->131562K(153088K)
[2019-07-24T17:22:38.755-0300][185.892s][info][gc,heap        ] GC(99) ParOldGen: 297147K->297138K(349696K)
[2019-07-24T17:22:38.755-0300][185.892s][info][gc,metaspace   ] GC(99) Metaspace: 13304K->13296K(1062912K)
[2019-07-24T17:22:38.755-0300][185.892s][info][gc             ] GC(99) Pause Full (Ergonomics) 418M->418M(491M) 1201.409ms
[2019-07-24T17:22:38.755-0300][185.892s][info][gc,cpu         ] GC(99) User=4.02s Sys=0.01s Real=1.20s
[2019-07-24T17:22:38.755-0300][185.892s][info][gc,start       ] GC(100) Pause Full (Ergonomics)
[2019-07-24T17:22:38.755-0300][185.892s][info][gc,phases,start] GC(100) Marking Phase
[2019-07-24T17:22:39.585-0300][186.722s][info][gc,phases      ] GC(100) Marking Phase 829.770ms
[2019-07-24T17:22:39.585-0300][186.722s][info][gc,phases,start] GC(100) Summary Phase
[2019-07-24T17:22:39.585-0300][186.722s][info][gc,phases      ] GC(100) Summary Phase 0.021ms
[2019-07-24T17:22:39.585-0300][186.722s][info][gc,phases,start] GC(100) Adjust Roots
[2019-07-24T17:22:39.587-0300][186.724s][info][gc,phases      ] GC(100) Adjust Roots 2.197ms
[2019-07-24T17:22:39.587-0300][186.724s][info][gc,phases,start] GC(100) Compaction Phase
[2019-07-24T17:22:39.910-0300][187.047s][info][gc,phases      ] GC(100) Compaction Phase 323.011ms
[2019-07-24T17:22:39.910-0300][187.047s][info][gc,phases,start] GC(100) Post Compact
[2019-07-24T17:22:39.911-0300][187.048s][info][gc,phases      ] GC(100) Post Compact 0.923ms
[2019-07-24T17:22:39.911-0300][187.048s][info][gc,heap        ] GC(100) PSYoungGen: 131584K->131566K(153088K)
[2019-07-24T17:22:39.911-0300][187.048s][info][gc,heap        ] GC(100) ParOldGen: 297138K->297136K(349696K)
[2019-07-24T17:22:39.911-0300][187.048s][info][gc,metaspace   ] GC(100) Metaspace: 13296K->13296K(1062912K)
[2019-07-24T17:22:39.911-0300][187.049s][info][gc             ] GC(100) Pause Full (Ergonomics) 418M->418M(491M) 1156.372ms
[2019-07-24T17:22:39.911-0300][187.049s][info][gc,cpu         ] GC(100) User=3.48s Sys=0.02s Real=1.16s
[2019-07-24T17:22:39.912-0300][187.049s][info][gc,start       ] GC(101) Pause Full (Ergonomics)
[2019-07-24T17:22:39.912-0300][187.049s][info][gc,phases,start] GC(101) Marking Phase
[2019-07-24T17:22:40.671-0300][187.808s][info][gc,phases      ] GC(101) Marking Phase 759.297ms
[2019-07-24T17:22:40.671-0300][187.808s][info][gc,phases,start] GC(101) Summary Phase
[2019-07-24T17:22:40.671-0300][187.808s][info][gc,phases      ] GC(101) Summary Phase 0.048ms
[2019-07-24T17:22:40.671-0300][187.808s][info][gc,phases,start] GC(101) Adjust Roots
[2019-07-24T17:22:40.673-0300][187.810s][info][gc,phases      ] GC(101) Adjust Roots 1.897ms
[2019-07-24T17:22:40.673-0300][187.810s][info][gc,phases,start] GC(101) Compaction Phase
[2019-07-24T17:22:40.973-0300][188.111s][info][gc,phases      ] GC(101) Compaction Phase 300.276ms
[2019-07-24T17:22:40.973-0300][188.111s][info][gc,phases,start] GC(101) Post Compact
[2019-07-24T17:22:40.974-0300][188.111s][info][gc,phases      ] GC(101) Post Compact 0.771ms
[2019-07-24T17:22:40.974-0300][188.111s][info][gc,heap        ] GC(101) PSYoungGen: 131584K->131566K(153088K)
[2019-07-24T17:22:40.974-0300][188.111s][info][gc,heap        ] GC(101) ParOldGen: 297136K->297136K(349696K)
[2019-07-24T17:22:40.974-0300][188.111s][info][gc,metaspace   ] GC(101) Metaspace: 13297K->13297K(1062912K)
[2019-07-24T17:22:40.974-0300][188.111s][info][gc             ] GC(101) Pause Full (Ergonomics) 418M->418M(491M) 1062.682ms
[2019-07-24T17:22:40.974-0300][188.111s][info][gc,cpu         ] GC(101) User=3.42s Sys=0.02s Real=1.06s
[2019-07-24T17:22:40.975-0300][188.112s][info][gc,start       ] GC(102) Pause Full (Ergonomics)
[2019-07-24T17:22:40.975-0300][188.112s][info][gc,phases,start] GC(102) Marking Phase
[2019-07-24T17:22:41.765-0300][188.902s][info][gc,phases      ] GC(102) Marking Phase 790.151ms
[2019-07-24T17:22:41.765-0300][188.902s][info][gc,phases,start] GC(102) Summary Phase
[2019-07-24T17:22:41.765-0300][188.902s][info][gc,phases      ] GC(102) Summary Phase 0.020ms
[2019-07-24T17:22:41.765-0300][188.902s][info][gc,phases,start] GC(102) Adjust Roots
[2019-07-24T17:22:41.766-0300][188.904s][info][gc,phases      ] GC(102) Adjust Roots 1.553ms
[2019-07-24T17:22:41.766-0300][188.904s][info][gc,phases,start] GC(102) Compaction Phase
[2019-07-24T17:22:42.127-0300][189.265s][info][gc,phases      ] GC(102) Compaction Phase 360.945ms
[2019-07-24T17:22:42.128-0300][189.265s][info][gc,phases,start] GC(102) Post Compact
[2019-07-24T17:22:42.129-0300][189.266s][info][gc,phases      ] GC(102) Post Compact 1.212ms
[2019-07-24T17:22:42.129-0300][189.266s][info][gc,heap        ] GC(102) PSYoungGen: 131583K->131571K(153088K)
[2019-07-24T17:22:42.129-0300][189.266s][info][gc,heap        ] GC(102) ParOldGen: 297136K->297136K(349696K)
[2019-07-24T17:22:42.129-0300][189.266s][info][gc,metaspace   ] GC(102) Metaspace: 13297K->13297K(1062912K)
[2019-07-24T17:22:42.129-0300][189.266s][info][gc             ] GC(102) Pause Full (Ergonomics) 418M->418M(491M) 1154.398ms
[2019-07-24T17:22:42.129-0300][189.266s][info][gc,cpu         ] GC(102) User=3.38s Sys=0.01s Real=1.15s
[2019-07-24T17:22:42.131-0300][189.268s][info][gc,start       ] GC(103) Pause Full (Ergonomics)
[2019-07-24T17:22:42.131-0300][189.268s][info][gc,phases,start] GC(103) Marking Phase
[2019-07-24T17:22:42.958-0300][190.095s][info][gc,phases      ] GC(103) Marking Phase 826.861ms
[2019-07-24T17:22:42.958-0300][190.095s][info][gc,phases,start] GC(103) Summary Phase
[2019-07-24T17:22:42.958-0300][190.095s][info][gc,phases      ] GC(103) Summary Phase 0.020ms
[2019-07-24T17:22:42.958-0300][190.095s][info][gc,phases,start] GC(103) Adjust Roots
[2019-07-24T17:22:42.959-0300][190.097s][info][gc,phases      ] GC(103) Adjust Roots 1.622ms
[2019-07-24T17:22:42.959-0300][190.097s][info][gc,phases,start] GC(103) Compaction Phase
[2019-07-24T17:22:43.269-0300][190.406s][info][gc,phases      ] GC(103) Compaction Phase 309.815ms
[2019-07-24T17:22:43.269-0300][190.406s][info][gc,phases,start] GC(103) Post Compact
[2019-07-24T17:22:43.270-0300][190.407s][info][gc,phases      ] GC(103) Post Compact 0.926ms
[2019-07-24T17:22:43.270-0300][190.408s][info][gc,heap        ] GC(103) PSYoungGen: 131584K->131570K(153088K)
[2019-07-24T17:22:43.270-0300][190.408s][info][gc,heap        ] GC(103) ParOldGen: 297136K->297134K(349696K)
[2019-07-24T17:22:43.270-0300][190.408s][info][gc,metaspace   ] GC(103) Metaspace: 13297K->13297K(1062912K)
[2019-07-24T17:22:43.270-0300][190.408s][info][gc             ] GC(103) Pause Full (Ergonomics) 418M->418M(491M) 1139.664ms
[2019-07-24T17:22:43.271-0300][190.408s][info][gc,cpu         ] GC(103) User=3.52s Sys=0.02s Real=1.14s
[2019-07-24T17:22:43.271-0300][190.408s][info][gc,start       ] GC(104) Pause Full (Ergonomics)
[2019-07-24T17:22:43.271-0300][190.408s][info][gc,phases,start] GC(104) Marking Phase
[2019-07-24T17:22:44.084-0300][191.221s][info][gc,phases      ] GC(104) Marking Phase 812.773ms
[2019-07-24T17:22:44.084-0300][191.221s][info][gc,phases,start] GC(104) Summary Phase
[2019-07-24T17:22:44.084-0300][191.221s][info][gc,phases      ] GC(104) Summary Phase 0.018ms
[2019-07-24T17:22:44.084-0300][191.221s][info][gc,phases,start] GC(104) Adjust Roots
[2019-07-24T17:22:44.085-0300][191.222s][info][gc,phases      ] GC(104) Adjust Roots 1.623ms
[2019-07-24T17:22:44.085-0300][191.222s][info][gc,phases,start] GC(104) Compaction Phase
[2019-07-24T17:22:44.463-0300][191.600s][info][gc,phases      ] GC(104) Compaction Phase 377.179ms
[2019-07-24T17:22:44.463-0300][191.600s][info][gc,phases,start] GC(104) Post Compact
[2019-07-24T17:22:44.463-0300][191.600s][info][gc,phases      ] GC(104) Post Compact 0.769ms
[2019-07-24T17:22:44.463-0300][191.600s][info][gc,heap        ] GC(104) PSYoungGen: 131584K->131579K(153088K)
[2019-07-24T17:22:44.463-0300][191.601s][info][gc,heap        ] GC(104) ParOldGen: 297134K->297134K(349696K)
[2019-07-24T17:22:44.463-0300][191.601s][info][gc,metaspace   ] GC(104) Metaspace: 13297K->13297K(1062912K)
[2019-07-24T17:22:44.463-0300][191.601s][info][gc             ] GC(104) Pause Full (Ergonomics) 418M->418M(491M) 1192.655ms
[2019-07-24T17:22:44.464-0300][191.601s][info][gc,cpu         ] GC(104) User=3.51s Sys=0.01s Real=1.19s
[2019-07-24T17:22:44.464-0300][191.601s][info][gc,start       ] GC(105) Pause Full (Ergonomics)
[2019-07-24T17:22:44.464-0300][191.601s][info][gc,phases,start] GC(105) Marking Phase
[2019-07-24T17:22:45.229-0300][192.366s][info][gc,phases      ] GC(105) Marking Phase 764.669ms
[2019-07-24T17:22:45.229-0300][192.366s][info][gc,phases,start] GC(105) Summary Phase
[2019-07-24T17:22:45.229-0300][192.366s][info][gc,phases      ] GC(105) Summary Phase 0.020ms
[2019-07-24T17:22:45.229-0300][192.366s][info][gc,phases,start] GC(105) Adjust Roots
[2019-07-24T17:22:45.231-0300][192.368s][info][gc,phases      ] GC(105) Adjust Roots 1.864ms
[2019-07-24T17:22:45.231-0300][192.368s][info][gc,phases,start] GC(105) Compaction Phase
[2019-07-24T17:22:45.526-0300][192.663s][info][gc,phases      ] GC(105) Compaction Phase 295.008ms
[2019-07-24T17:22:45.526-0300][192.663s][info][gc,phases,start] GC(105) Post Compact
[2019-07-24T17:22:45.527-0300][192.664s][info][gc,phases      ] GC(105) Post Compact 0.761ms
[2019-07-24T17:22:45.527-0300][192.664s][info][gc,heap        ] GC(105) PSYoungGen: 131583K->131581K(153088K)
[2019-07-24T17:22:45.527-0300][192.664s][info][gc,heap        ] GC(105) ParOldGen: 297134K->297134K(349696K)
[2019-07-24T17:22:45.527-0300][192.664s][info][gc,metaspace   ] GC(105) Metaspace: 13297K->13297K(1062912K)
[2019-07-24T17:22:45.527-0300][192.664s][info][gc             ] GC(105) Pause Full (Ergonomics) 418M->418M(491M) 1062.684ms
[2019-07-24T17:22:45.527-0300][192.664s][info][gc,cpu         ] GC(105) User=3.50s Sys=0.02s Real=1.06s
[2019-07-24T17:22:45.527-0300][192.664s][info][gc,start       ] GC(106) Pause Full (Ergonomics)
[2019-07-24T17:22:45.527-0300][192.664s][info][gc,phases,start] GC(106) Marking Phase
[2019-07-24T17:22:46.289-0300][193.426s][info][gc,phases      ] GC(106) Marking Phase 761.802ms
[2019-07-24T17:22:46.289-0300][193.426s][info][gc,phases,start] GC(106) Summary Phase
[2019-07-24T17:22:46.289-0300][193.426s][info][gc,phases      ] GC(106) Summary Phase 0.019ms
[2019-07-24T17:22:46.289-0300][193.426s][info][gc,phases,start] GC(106) Adjust Roots
[2019-07-24T17:22:46.291-0300][193.428s][info][gc,phases      ] GC(106) Adjust Roots 1.644ms
[2019-07-24T17:22:46.291-0300][193.428s][info][gc,phases,start] GC(106) Compaction Phase
[2019-07-24T17:22:46.590-0300][193.727s][info][gc,phases      ] GC(106) Compaction Phase 299.488ms
[2019-07-24T17:22:46.590-0300][193.727s][info][gc,phases,start] GC(106) Post Compact
[2019-07-24T17:22:46.591-0300][193.728s][info][gc,phases      ] GC(106) Post Compact 1.036ms
[2019-07-24T17:22:46.591-0300][193.728s][info][gc,heap        ] GC(106) PSYoungGen: 131583K->131581K(153088K)
[2019-07-24T17:22:46.591-0300][193.728s][info][gc,heap        ] GC(106) ParOldGen: 297144K->297144K(349696K)
[2019-07-24T17:22:46.591-0300][193.728s][info][gc,metaspace   ] GC(106) Metaspace: 13297K->13297K(1062912K)
[2019-07-24T17:22:46.591-0300][193.728s][info][gc             ] GC(106) Pause Full (Ergonomics) 418M->418M(491M) 1064.377ms
[2019-07-24T17:22:46.591-0300][193.728s][info][gc,cpu         ] GC(106) User=3.43s Sys=0.01s Real=1.07s
[2019-07-24T17:22:46.592-0300][193.729s][info][gc,start       ] GC(107) Pause Full (Ergonomics)
[2019-07-24T17:22:46.592-0300][193.729s][info][gc,phases,start] GC(107) Marking Phase
[2019-07-24T17:22:47.352-0300][194.489s][info][gc,phases      ] GC(107) Marking Phase 760.190ms
[2019-07-24T17:22:47.352-0300][194.489s][info][gc,phases,start] GC(107) Summary Phase
[2019-07-24T17:22:47.352-0300][194.489s][info][gc,phases      ] GC(107) Summary Phase 0.022ms
[2019-07-24T17:22:47.352-0300][194.489s][info][gc,phases,start] GC(107) Adjust Roots
[2019-07-24T17:22:47.354-0300][194.491s][info][gc,phases      ] GC(107) Adjust Roots 1.665ms
[2019-07-24T17:22:47.354-0300][194.491s][info][gc,phases,start] GC(107) Compaction Phase
[2019-07-24T17:22:47.640-0300][194.777s][info][gc,phases      ] GC(107) Compaction Phase 286.058ms
[2019-07-24T17:22:47.640-0300][194.777s][info][gc,phases,start] GC(107) Post Compact
[2019-07-24T17:22:47.641-0300][194.778s][info][gc,phases      ] GC(107) Post Compact 0.750ms
[2019-07-24T17:22:47.641-0300][194.778s][info][gc,heap        ] GC(107) PSYoungGen: 131584K->131581K(153088K)
[2019-07-24T17:22:47.641-0300][194.778s][info][gc,heap        ] GC(107) ParOldGen: 297144K->297144K(349696K)
[2019-07-24T17:22:47.641-0300][194.778s][info][gc,metaspace   ] GC(107) Metaspace: 13297K->13297K(1062912K)
[2019-07-24T17:22:47.641-0300][194.778s][info][gc             ] GC(107) Pause Full (Ergonomics) 418M->418M(491M) 1048.996ms
[2019-07-24T17:22:47.641-0300][194.778s][info][gc,cpu         ] GC(107) User=3.43s Sys=0.02s Real=1.05s
[2019-07-24T17:22:47.641-0300][194.778s][info][gc,start       ] GC(108) Pause Full (Ergonomics)
[2019-07-24T17:22:47.641-0300][194.778s][info][gc,phases,start] GC(108) Marking Phase
[2019-07-24T17:22:48.383-0300][195.520s][info][gc,phases      ] GC(108) Marking Phase 742.446ms
[2019-07-24T17:22:48.383-0300][195.520s][info][gc,phases,start] GC(108) Summary Phase
[2019-07-24T17:22:48.384-0300][195.520s][info][gc,phases      ] GC(108) Summary Phase 0.019ms
[2019-07-24T17:22:48.384-0300][195.520s][info][gc,phases,start] GC(108) Adjust Roots
[2019-07-24T17:22:48.385-0300][195.522s][info][gc,phases      ] GC(108) Adjust Roots 1.636ms
[2019-07-24T17:22:48.385-0300][195.522s][info][gc,phases,start] GC(108) Compaction Phase
[2019-07-24T17:22:48.684-0300][195.821s][info][gc,phases      ] GC(108) Compaction Phase 298.479ms
[2019-07-24T17:22:48.684-0300][195.821s][info][gc,phases,start] GC(108) Post Compact
[2019-07-24T17:22:48.684-0300][195.821s][info][gc,phases      ] GC(108) Post Compact 0.753ms
[2019-07-24T17:22:48.685-0300][195.821s][info][gc,heap        ] GC(108) PSYoungGen: 131584K->131583K(153088K)
[2019-07-24T17:22:48.685-0300][195.821s][info][gc,heap        ] GC(108) ParOldGen: 297144K->297144K(349696K)
[2019-07-24T17:22:48.685-0300][195.821s][info][gc,metaspace   ] GC(108) Metaspace: 13297K->13297K(1062912K)
[2019-07-24T17:22:48.685-0300][195.822s][info][gc             ] GC(108) Pause Full (Ergonomics) 418M->418M(491M) 1043.615ms
[2019-07-24T17:22:48.685-0300][195.822s][info][gc,cpu         ] GC(108) User=3.47s Sys=0.01s Real=1.04s
[2019-07-24T17:22:48.685-0300][195.822s][info][gc,start       ] GC(109) Pause Full (Ergonomics)
[2019-07-24T17:22:48.685-0300][195.822s][info][gc,phases,start] GC(109) Marking Phase
[2019-07-24T17:22:49.599-0300][196.736s][info][gc,phases      ] GC(109) Marking Phase 913.966ms
[2019-07-24T17:22:49.599-0300][196.736s][info][gc,phases,start] GC(109) Summary Phase
[2019-07-24T17:22:49.599-0300][196.736s][info][gc,phases      ] GC(109) Summary Phase 0.020ms
[2019-07-24T17:22:49.599-0300][196.736s][info][gc,phases,start] GC(109) Adjust Roots
[2019-07-24T17:22:49.601-0300][196.738s][info][gc,phases      ] GC(109) Adjust Roots 2.024ms
[2019-07-24T17:22:49.601-0300][196.738s][info][gc,phases,start] GC(109) Compaction Phase
[2019-07-24T17:22:50.095-0300][197.232s][info][gc,phases      ] GC(109) Compaction Phase 493.719ms
[2019-07-24T17:22:50.095-0300][197.232s][info][gc,phases,start] GC(109) Post Compact
[2019-07-24T17:22:50.096-0300][197.233s][info][gc,phases      ] GC(109) Post Compact 1.198ms
[2019-07-24T17:22:50.096-0300][197.233s][info][gc,heap        ] GC(109) PSYoungGen: 131583K->131583K(153088K)
[2019-07-24T17:22:50.096-0300][197.233s][info][gc,heap        ] GC(109) ParOldGen: 297144K->297143K(349696K)
[2019-07-24T17:22:50.096-0300][197.233s][info][gc,metaspace   ] GC(109) Metaspace: 13297K->13297K(1062912K)
[2019-07-24T17:22:50.096-0300][197.233s][info][gc             ] GC(109) Pause Full (Ergonomics) 418M->418M(491M) 1411.428ms
[2019-07-24T17:22:50.096-0300][197.233s][info][gc,cpu         ] GC(109) User=3.90s Sys=0.03s Real=1.41s
[2019-07-24T17:22:50.097-0300][197.233s][info][gc,start       ] GC(110) Pause Full (Ergonomics)
[2019-07-24T17:22:50.097-0300][197.233s][info][gc,phases,start] GC(110) Marking Phase
[2019-07-24T17:22:51.659-0300][198.796s][info][gc,phases      ] GC(110) Marking Phase 1562.328ms
[2019-07-24T17:22:51.664-0300][198.801s][info][gc,phases,start] GC(110) Summary Phase
[2019-07-24T17:22:51.664-0300][198.801s][info][gc,phases      ] GC(110) Summary Phase 0.061ms
[2019-07-24T17:22:51.664-0300][198.801s][info][gc,phases,start] GC(110) Adjust Roots
[2019-07-24T17:22:51.666-0300][198.802s][info][gc,phases      ] GC(110) Adjust Roots 1.611ms
[2019-07-24T17:22:51.666-0300][198.802s][info][gc,phases,start] GC(110) Compaction Phase
[2019-07-24T17:22:51.985-0300][199.122s][info][gc,phases      ] GC(110) Compaction Phase 319.606ms
[2019-07-24T17:22:51.985-0300][199.122s][info][gc,phases,start] GC(110) Post Compact
[2019-07-24T17:22:51.986-0300][199.123s][info][gc,phases      ] GC(110) Post Compact 0.845ms
[2019-07-24T17:22:51.986-0300][199.123s][info][gc,heap        ] GC(110) PSYoungGen: 131584K->131583K(153088K)
[2019-07-24T17:22:51.986-0300][199.123s][info][gc,heap        ] GC(110) ParOldGen: 297143K->297143K(349696K)
[2019-07-24T17:22:51.986-0300][199.123s][info][gc,metaspace   ] GC(110) Metaspace: 13297K->13297K(1062912K)
[2019-07-24T17:22:51.986-0300][199.123s][info][gc             ] GC(110) Pause Full (Ergonomics) 418M->418M(491M) 1889.684ms
[2019-07-24T17:22:51.986-0300][199.123s][info][gc,cpu         ] GC(110) User=3.61s Sys=0.03s Real=1.89s
[2019-07-24T17:22:51.987-0300][199.123s][info][gc,start       ] GC(111) Pause Full (Ergonomics)
[2019-07-24T17:22:51.987-0300][199.123s][info][gc,phases,start] GC(111) Marking Phase
[2019-07-24T17:22:52.758-0300][199.895s][info][gc,phases      ] GC(111) Marking Phase 771.305ms
[2019-07-24T17:22:52.758-0300][199.895s][info][gc,phases,start] GC(111) Summary Phase
[2019-07-24T17:22:52.758-0300][199.895s][info][gc,phases      ] GC(111) Summary Phase 0.022ms
[2019-07-24T17:22:52.758-0300][199.895s][info][gc,phases,start] GC(111) Adjust Roots
[2019-07-24T17:22:52.760-0300][199.896s][info][gc,phases      ] GC(111) Adjust Roots 1.541ms
[2019-07-24T17:22:52.760-0300][199.896s][info][gc,phases,start] GC(111) Compaction Phase
[2019-07-24T17:22:53.053-0300][200.190s][info][gc,phases      ] GC(111) Compaction Phase 293.791ms
[2019-07-24T17:22:53.053-0300][200.190s][info][gc,phases,start] GC(111) Post Compact
[2019-07-24T17:22:53.054-0300][200.191s][info][gc,phases      ] GC(111) Post Compact 0.954ms
[2019-07-24T17:22:53.055-0300][200.191s][info][gc,heap        ] GC(111) PSYoungGen: 131583K->131583K(153088K)
[2019-07-24T17:22:53.055-0300][200.191s][info][gc,heap        ] GC(111) ParOldGen: 297143K->297143K(349696K)
[2019-07-24T17:22:53.055-0300][200.191s][info][gc,metaspace   ] GC(111) Metaspace: 13297K->13297K(1062912K)
[2019-07-24T17:22:53.055-0300][200.191s][info][gc             ] GC(111) Pause Full (Ergonomics) 418M->418M(491M) 1068.008ms
[2019-07-24T17:22:53.055-0300][200.191s][info][gc,cpu         ] GC(111) User=3.54s Sys=0.01s Real=1.07s
[2019-07-24T17:22:53.055-0300][200.192s][info][gc,start       ] GC(112) Pause Full (Ergonomics)
[2019-07-24T17:22:53.055-0300][200.192s][info][gc,phases,start] GC(112) Marking Phase
[2019-07-24T17:22:53.791-0300][200.928s][info][gc,phases      ] GC(112) Marking Phase 736.063ms
[2019-07-24T17:22:53.791-0300][200.928s][info][gc,phases,start] GC(112) Summary Phase
[2019-07-24T17:22:53.791-0300][200.928s][info][gc,phases      ] GC(112) Summary Phase 0.031ms
[2019-07-24T17:22:53.791-0300][200.928s][info][gc,phases,start] GC(112) Adjust Roots
[2019-07-24T17:22:53.794-0300][200.931s][info][gc,phases      ] GC(112) Adjust Roots 2.666ms
[2019-07-24T17:22:53.794-0300][200.931s][info][gc,phases,start] GC(112) Compaction Phase
[2019-07-24T17:22:54.241-0300][201.378s][info][gc,phases      ] GC(112) Compaction Phase 447.499ms
[2019-07-24T17:22:54.241-0300][201.378s][info][gc,phases,start] GC(112) Post Compact
[2019-07-24T17:22:54.242-0300][201.379s][info][gc,phases      ] GC(112) Post Compact 0.783ms
[2019-07-24T17:22:54.242-0300][201.379s][info][gc,heap        ] GC(112) PSYoungGen: 131583K->131583K(153088K)
[2019-07-24T17:22:54.242-0300][201.379s][info][gc,heap        ] GC(112) ParOldGen: 297145K->297128K(349696K)
[2019-07-24T17:22:54.242-0300][201.379s][info][gc,metaspace   ] GC(112) Metaspace: 13297K->13297K(1062912K)
[2019-07-24T17:22:54.242-0300][201.379s][info][gc             ] GC(112) Pause Full (Ergonomics) 418M->418M(491M) 1187.439ms
[2019-07-24T17:22:54.242-0300][201.379s][info][gc,cpu         ] GC(112) User=4.03s Sys=0.02s Real=1.19s
[2019-07-24T17:22:54.243-0300][201.379s][info][gc,start       ] GC(113) Pause Full (Ergonomics)
[2019-07-24T17:22:54.243-0300][201.379s][info][gc,phases,start] GC(113) Marking Phase
[2019-07-24T17:22:55.096-0300][202.233s][info][gc,phases      ] GC(113) Marking Phase 853.541ms
[2019-07-24T17:22:55.096-0300][202.233s][info][gc,phases,start] GC(113) Summary Phase
[2019-07-24T17:22:55.096-0300][202.233s][info][gc,phases      ] GC(113) Summary Phase 0.035ms
[2019-07-24T17:22:55.096-0300][202.233s][info][gc,phases,start] GC(113) Adjust Roots
[2019-07-24T17:22:55.099-0300][202.236s][info][gc,phases      ] GC(113) Adjust Roots 2.653ms
[2019-07-24T17:22:55.099-0300][202.236s][info][gc,phases,start] GC(113) Compaction Phase
[2019-07-24T17:22:55.507-0300][202.644s][info][gc,phases      ] GC(113) Compaction Phase 407.689ms
[2019-07-24T17:22:55.507-0300][202.644s][info][gc,phases,start] GC(113) Post Compact
[2019-07-24T17:22:55.508-0300][202.644s][info][gc,phases      ] GC(113) Post Compact 0.766ms
[2019-07-24T17:22:55.508-0300][202.644s][info][gc,heap        ] GC(113) PSYoungGen: 131583K->131583K(153088K)
[2019-07-24T17:22:55.508-0300][202.644s][info][gc,heap        ] GC(113) ParOldGen: 297131K->297131K(349696K)
[2019-07-24T17:22:55.508-0300][202.644s][info][gc,metaspace   ] GC(113) Metaspace: 13297K->13297K(1062912K)
[2019-07-24T17:22:55.508-0300][202.645s][info][gc             ] GC(113) Pause Full (Ergonomics) 418M->418M(491M) 1265.076ms
[2019-07-24T17:22:55.508-0300][202.645s][info][gc,cpu         ] GC(113) User=3.50s Sys=0.02s Real=1.26s
[2019-07-24T17:22:55.508-0300][202.645s][info][gc,start       ] GC(114) Pause Full (Ergonomics)
[2019-07-24T17:22:55.508-0300][202.645s][info][gc,phases,start] GC(114) Marking Phase
[2019-07-24T17:22:56.305-0300][203.442s][info][gc,phases      ] GC(114) Marking Phase 797.396ms
[2019-07-24T17:22:56.306-0300][203.442s][info][gc,phases,start] GC(114) Summary Phase
[2019-07-24T17:22:56.306-0300][203.442s][info][gc,phases      ] GC(114) Summary Phase 0.021ms
[2019-07-24T17:22:56.306-0300][203.442s][info][gc,phases,start] GC(114) Adjust Roots
[2019-07-24T17:22:56.307-0300][203.444s][info][gc,phases      ] GC(114) Adjust Roots 1.517ms
[2019-07-24T17:22:56.307-0300][203.444s][info][gc,phases,start] GC(114) Compaction Phase
[2019-07-24T17:22:56.598-0300][203.735s][info][gc,phases      ] GC(114) Compaction Phase 291.033ms
[2019-07-24T17:22:56.598-0300][203.735s][info][gc,phases,start] GC(114) Post Compact
[2019-07-24T17:22:56.599-0300][203.736s][info][gc,phases      ] GC(114) Post Compact 0.763ms
[2019-07-24T17:22:56.599-0300][203.736s][info][gc,heap        ] GC(114) PSYoungGen: 131583K->131583K(153088K)
[2019-07-24T17:22:56.599-0300][203.736s][info][gc,heap        ] GC(114) ParOldGen: 297141K->297141K(349696K)
[2019-07-24T17:22:56.599-0300][203.736s][info][gc,metaspace   ] GC(114) Metaspace: 13297K->13297K(1062912K)
[2019-07-24T17:22:56.599-0300][203.736s][info][gc             ] GC(114) Pause Full (Ergonomics) 418M->418M(491M) 1091.144ms
[2019-07-24T17:22:56.599-0300][203.736s][info][gc,cpu         ] GC(114) User=3.51s Sys=0.01s Real=1.09s
[2019-07-24T17:22:56.599-0300][203.736s][info][gc,start       ] GC(115) Pause Full (Ergonomics)
[2019-07-24T17:22:56.599-0300][203.736s][info][gc,phases,start] GC(115) Marking Phase
[2019-07-24T17:22:57.354-0300][204.491s][info][gc,phases      ] GC(115) Marking Phase 755.027ms
[2019-07-24T17:22:57.355-0300][204.491s][info][gc,phases,start] GC(115) Summary Phase
[2019-07-24T17:22:57.355-0300][204.491s][info][gc,phases      ] GC(115) Summary Phase 0.022ms
[2019-07-24T17:22:57.355-0300][204.491s][info][gc,phases,start] GC(115) Adjust Roots
[2019-07-24T17:22:57.356-0300][204.493s][info][gc,phases      ] GC(115) Adjust Roots 1.514ms
[2019-07-24T17:22:57.356-0300][204.493s][info][gc,phases,start] GC(115) Compaction Phase
[2019-07-24T17:22:57.643-0300][204.780s][info][gc,phases      ] GC(115) Compaction Phase 286.992ms
[2019-07-24T17:22:57.643-0300][204.780s][info][gc,phases,start] GC(115) Post Compact
[2019-07-24T17:22:57.644-0300][204.781s][info][gc,phases      ] GC(115) Post Compact 0.807ms
[2019-07-24T17:22:57.644-0300][204.781s][info][gc,heap        ] GC(115) PSYoungGen: 131584K->131584K(153088K)
[2019-07-24T17:22:57.644-0300][204.781s][info][gc,heap        ] GC(115) ParOldGen: 297141K->297141K(349696K)
[2019-07-24T17:22:57.644-0300][204.781s][info][gc,metaspace   ] GC(115) Metaspace: 13297K->13297K(1062912K)
[2019-07-24T17:22:57.644-0300][204.781s][info][gc             ] GC(115) Pause Full (Ergonomics) 418M->418M(491M) 1044.699ms
[2019-07-24T17:22:57.644-0300][204.781s][info][gc,cpu         ] GC(115) User=3.51s Sys=0.02s Real=1.05s
[2019-07-24T17:22:57.644-0300][204.781s][info][gc,start       ] GC(116) Pause Full (Ergonomics)
[2019-07-24T17:22:57.644-0300][204.781s][info][gc,phases,start] GC(116) Marking Phase
[2019-07-24T17:22:58.397-0300][205.534s][info][gc,phases      ] GC(116) Marking Phase 752.750ms
[2019-07-24T17:22:58.397-0300][205.534s][info][gc,phases,start] GC(116) Summary Phase
[2019-07-24T17:22:58.397-0300][205.534s][info][gc,phases      ] GC(116) Summary Phase 0.023ms
[2019-07-24T17:22:58.397-0300][205.534s][info][gc,phases,start] GC(116) Adjust Roots
[2019-07-24T17:22:58.399-0300][205.536s][info][gc,phases      ] GC(116) Adjust Roots 1.622ms
[2019-07-24T17:22:58.399-0300][205.536s][info][gc,phases,start] GC(116) Compaction Phase
[2019-07-24T17:22:58.694-0300][205.831s][info][gc,phases      ] GC(116) Compaction Phase 295.512ms
[2019-07-24T17:22:58.695-0300][205.831s][info][gc,phases,start] GC(116) Post Compact
[2019-07-24T17:22:58.695-0300][205.832s][info][gc,phases      ] GC(116) Post Compact 0.797ms
[2019-07-24T17:22:58.695-0300][205.832s][info][gc,heap        ] GC(116) PSYoungGen: 131584K->131583K(153088K)
[2019-07-24T17:22:58.695-0300][205.832s][info][gc,heap        ] GC(116) ParOldGen: 297144K->297144K(349696K)
[2019-07-24T17:22:58.695-0300][205.832s][info][gc,metaspace   ] GC(116) Metaspace: 13297K->13297K(1062912K)
[2019-07-24T17:22:58.695-0300][205.832s][info][gc             ] GC(116) Pause Full (Ergonomics) 418M->418M(491M) 1051.072ms
[2019-07-24T17:22:58.695-0300][205.832s][info][gc,cpu         ] GC(116) User=3.53s Sys=0.01s Real=1.05s
[2019-07-24T17:22:58.696-0300][205.832s][info][gc,start       ] GC(117) Pause Full (Ergonomics)
[2019-07-24T17:22:58.696-0300][205.832s][info][gc,phases,start] GC(117) Marking Phase
[2019-07-24T17:22:59.998-0300][207.135s][info][gc,phases      ] GC(117) Marking Phase 1302.390ms
[2019-07-24T17:22:59.998-0300][207.135s][info][gc,phases,start] GC(117) Summary Phase
[2019-07-24T17:22:59.998-0300][207.135s][info][gc,phases      ] GC(117) Summary Phase 0.032ms
[2019-07-24T17:22:59.998-0300][207.135s][info][gc,phases,start] GC(117) Adjust Roots
[2019-07-24T17:23:00.000-0300][207.137s][info][gc,phases      ] GC(117) Adjust Roots 2.251ms
[2019-07-24T17:23:00.001-0300][207.137s][info][gc,phases,start] GC(117) Compaction Phase
[2019-07-24T17:23:00.388-0300][207.524s][info][gc,phases      ] GC(117) Compaction Phase 386.919ms
[2019-07-24T17:23:00.388-0300][207.524s][info][gc,phases,start] GC(117) Post Compact
[2019-07-24T17:23:00.389-0300][207.526s][info][gc,phases      ] GC(117) Post Compact 1.313ms
[2019-07-24T17:23:00.389-0300][207.526s][info][gc,heap        ] GC(117) PSYoungGen: 131584K->131584K(153088K)
[2019-07-24T17:23:00.389-0300][207.526s][info][gc,heap        ] GC(117) ParOldGen: 297144K->297144K(349696K)
[2019-07-24T17:23:00.389-0300][207.526s][info][gc,metaspace   ] GC(117) Metaspace: 13297K->13297K(1062912K)
[2019-07-24T17:23:00.389-0300][207.526s][info][gc             ] GC(117) Pause Full (Ergonomics) 418M->418M(491M) 1693.436ms
[2019-07-24T17:23:00.389-0300][207.526s][info][gc,cpu         ] GC(117) User=3.51s Sys=0.02s Real=1.69s
[2019-07-24T17:23:00.389-0300][207.526s][info][gc,start       ] GC(118) Pause Full (Ergonomics)
[2019-07-24T17:23:00.389-0300][207.526s][info][gc,phases,start] GC(118) Marking Phase
[2019-07-24T17:23:01.358-0300][208.495s][info][gc,phases      ] GC(118) Marking Phase 968.952ms
[2019-07-24T17:23:01.358-0300][208.495s][info][gc,phases,start] GC(118) Summary Phase
[2019-07-24T17:23:01.358-0300][208.495s][info][gc,phases      ] GC(118) Summary Phase 0.023ms
[2019-07-24T17:23:01.359-0300][208.495s][info][gc,phases,start] GC(118) Adjust Roots
[2019-07-24T17:23:01.360-0300][208.497s][info][gc,phases      ] GC(118) Adjust Roots 1.640ms
[2019-07-24T17:23:01.360-0300][208.497s][info][gc,phases,start] GC(118) Compaction Phase
[2019-07-24T17:23:01.734-0300][208.871s][info][gc,phases      ] GC(118) Compaction Phase 374.048ms
[2019-07-24T17:23:01.734-0300][208.871s][info][gc,phases,start] GC(118) Post Compact
[2019-07-24T17:23:01.735-0300][208.872s][info][gc,phases      ] GC(118) Post Compact 0.865ms
[2019-07-24T17:23:01.736-0300][208.872s][info][gc,heap        ] GC(118) PSYoungGen: 131584K->131583K(153088K)
[2019-07-24T17:23:01.736-0300][208.872s][info][gc,heap        ] GC(118) ParOldGen: 297146K->297145K(349696K)
[2019-07-24T17:23:01.736-0300][208.872s][info][gc,metaspace   ] GC(118) Metaspace: 13297K->13297K(1062912K)
[2019-07-24T17:23:01.737-0300][208.873s][info][gc             ] GC(118) Pause Full (Ergonomics) 418M->418M(491M) 1346.527ms
[2019-07-24T17:23:01.737-0300][208.873s][info][gc,cpu         ] GC(118) User=3.40s Sys=0.02s Real=1.35s
[2019-07-24T17:23:01.737-0300][208.874s][info][gc,start       ] GC(119) Pause Full (Ergonomics)
[2019-07-24T17:23:01.737-0300][208.874s][info][gc,phases,start] GC(119) Marking Phase
[2019-07-24T17:23:02.567-0300][209.704s][info][gc,phases      ] GC(119) Marking Phase 830.041ms
[2019-07-24T17:23:02.567-0300][209.704s][info][gc,phases,start] GC(119) Summary Phase
[2019-07-24T17:23:02.567-0300][209.704s][info][gc,phases      ] GC(119) Summary Phase 0.023ms
[2019-07-24T17:23:02.567-0300][209.704s][info][gc,phases,start] GC(119) Adjust Roots
[2019-07-24T17:23:02.569-0300][209.705s][info][gc,phases      ] GC(119) Adjust Roots 1.528ms
[2019-07-24T17:23:02.569-0300][209.705s][info][gc,phases,start] GC(119) Compaction Phase
[2019-07-24T17:23:02.867-0300][210.004s][info][gc,phases      ] GC(119) Compaction Phase 298.466ms
[2019-07-24T17:23:02.867-0300][210.004s][info][gc,phases,start] GC(119) Post Compact
[2019-07-24T17:23:02.868-0300][210.005s][info][gc,phases      ] GC(119) Post Compact 0.849ms
[2019-07-24T17:23:02.868-0300][210.005s][info][gc,heap        ] GC(119) PSYoungGen: 131584K->131584K(153088K)
[2019-07-24T17:23:02.868-0300][210.005s][info][gc,heap        ] GC(119) ParOldGen: 297145K->297145K(349696K)
[2019-07-24T17:23:02.868-0300][210.005s][info][gc,metaspace   ] GC(119) Metaspace: 13297K->13297K(1062912K)
[2019-07-24T17:23:02.868-0300][210.005s][info][gc             ] GC(119) Pause Full (Ergonomics) 418M->418M(491M) 1131.266ms
[2019-07-24T17:23:02.868-0300][210.005s][info][gc,cpu         ] GC(119) User=3.48s Sys=0.02s Real=1.13s
[2019-07-24T17:23:02.869-0300][210.005s][info][gc,start       ] GC(120) Pause Full (Ergonomics)
[2019-07-24T17:23:02.870-0300][210.006s][info][gc,phases,start] GC(120) Marking Phase
[2019-07-24T17:23:03.930-0300][211.066s][info][gc,phases      ] GC(120) Marking Phase 1059.905ms
[2019-07-24T17:23:03.930-0300][211.066s][info][gc,phases,start] GC(120) Summary Phase
[2019-07-24T17:23:03.930-0300][211.066s][info][gc,phases      ] GC(120) Summary Phase 0.041ms
[2019-07-24T17:23:03.930-0300][211.066s][info][gc,phases,start] GC(120) Adjust Roots
[2019-07-24T17:23:03.931-0300][211.068s][info][gc,phases      ] GC(120) Adjust Roots 1.546ms
[2019-07-24T17:23:03.931-0300][211.068s][info][gc,phases,start] GC(120) Compaction Phase
[2019-07-24T17:23:04.239-0300][211.376s][info][gc,phases      ] GC(120) Compaction Phase 307.942ms
[2019-07-24T17:23:04.239-0300][211.376s][info][gc,phases,start] GC(120) Post Compact
[2019-07-24T17:23:04.240-0300][211.377s][info][gc,phases      ] GC(120) Post Compact 0.922ms
[2019-07-24T17:23:04.241-0300][211.377s][info][gc,heap        ] GC(120) PSYoungGen: 131584K->131580K(153088K)
[2019-07-24T17:23:04.241-0300][211.377s][info][gc,heap        ] GC(120) ParOldGen: 297155K->297153K(349696K)
[2019-07-24T17:23:04.241-0300][211.377s][info][gc,metaspace   ] GC(120) Metaspace: 13297K->13297K(1062912K)
[2019-07-24T17:23:04.241-0300][211.377s][info][gc             ] GC(120) Pause Full (Ergonomics) 418M->418M(491M) 1371.720ms
[2019-07-24T17:23:04.241-0300][211.377s][info][gc,cpu         ] GC(120) User=3.50s Sys=0.01s Real=1.38s
[2019-07-24T17:23:04.241-0300][211.377s][info][gc,start       ] GC(121) Pause Full (Ergonomics)
[2019-07-24T17:23:04.241-0300][211.377s][info][gc,phases,start] GC(121) Marking Phase
[2019-07-24T17:23:05.013-0300][212.150s][info][gc,phases      ] GC(121) Marking Phase 772.367ms
[2019-07-24T17:23:05.013-0300][212.150s][info][gc,phases,start] GC(121) Summary Phase
[2019-07-24T17:23:05.013-0300][212.150s][info][gc,phases      ] GC(121) Summary Phase 0.021ms
[2019-07-24T17:23:05.014-0300][212.150s][info][gc,phases,start] GC(121) Adjust Roots
[2019-07-24T17:23:05.015-0300][212.151s][info][gc,phases      ] GC(121) Adjust Roots 1.521ms
[2019-07-24T17:23:05.015-0300][212.151s][info][gc,phases,start] GC(121) Compaction Phase
[2019-07-24T17:23:05.313-0300][212.449s][info][gc,phases      ] GC(121) Compaction Phase 297.721ms
[2019-07-24T17:23:05.313-0300][212.449s][info][gc,phases,start] GC(121) Post Compact
[2019-07-24T17:23:05.314-0300][212.450s][info][gc,phases      ] GC(121) Post Compact 0.757ms
[2019-07-24T17:23:05.314-0300][212.450s][info][gc,heap        ] GC(121) PSYoungGen: 131583K->131583K(153088K)
[2019-07-24T17:23:05.314-0300][212.450s][info][gc,heap        ] GC(121) ParOldGen: 297153K->297153K(349696K)
[2019-07-24T17:23:05.314-0300][212.450s][info][gc,metaspace   ] GC(121) Metaspace: 13298K->13298K(1062912K)
[2019-07-24T17:23:05.314-0300][212.450s][info][gc             ] GC(121) Pause Full (Ergonomics) 418M->418M(491M) 1072.723ms
[2019-07-24T17:23:05.314-0300][212.450s][info][gc,cpu         ] GC(121) User=3.47s Sys=0.02s Real=1.07s
[2019-07-24T17:23:05.314-0300][212.450s][info][gc,start       ] GC(122) Pause Full (Ergonomics)
[2019-07-24T17:23:05.314-0300][212.450s][info][gc,phases,start] GC(122) Marking Phase
[2019-07-24T17:23:06.187-0300][213.324s][info][gc,phases      ] GC(122) Marking Phase 873.189ms
[2019-07-24T17:23:06.188-0300][213.324s][info][gc,phases,start] GC(122) Summary Phase
[2019-07-24T17:23:06.188-0300][213.324s][info][gc,phases      ] GC(122) Summary Phase 0.164ms
[2019-07-24T17:23:06.188-0300][213.324s][info][gc,phases,start] GC(122) Adjust Roots
[2019-07-24T17:23:06.192-0300][213.328s][info][gc,phases      ] GC(122) Adjust Roots 3.892ms
[2019-07-24T17:23:06.192-0300][213.328s][info][gc,phases,start] GC(122) Compaction Phase
[2019-07-24T17:23:06.497-0300][213.633s][info][gc,phases      ] GC(122) Compaction Phase 304.720ms
[2019-07-24T17:23:06.497-0300][213.633s][info][gc,phases,start] GC(122) Post Compact
[2019-07-24T17:23:06.498-0300][213.634s][info][gc,phases      ] GC(122) Post Compact 0.770ms
[2019-07-24T17:23:06.498-0300][213.634s][info][gc,heap        ] GC(122) PSYoungGen: 131584K->131583K(153088K)
[2019-07-24T17:23:06.498-0300][213.634s][info][gc,heap        ] GC(122) ParOldGen: 297153K->297153K(349696K)
[2019-07-24T17:23:06.498-0300][213.634s][info][gc,metaspace   ] GC(122) Metaspace: 13298K->13298K(1062912K)
[2019-07-24T17:23:06.498-0300][213.634s][info][gc             ] GC(122) Pause Full (Ergonomics) 418M->418M(491M) 1183.670ms
[2019-07-24T17:23:06.498-0300][213.634s][info][gc,cpu         ] GC(122) User=3.51s Sys=0.02s Real=1.18s
[2019-07-24T17:23:06.498-0300][213.634s][info][gc,start       ] GC(123) Pause Full (Ergonomics)
[2019-07-24T17:23:06.498-0300][213.634s][info][gc,phases,start] GC(123) Marking Phase
[2019-07-24T17:23:07.295-0300][214.432s][info][gc,phases      ] GC(123) Marking Phase 797.236ms
[2019-07-24T17:23:07.295-0300][214.432s][info][gc,phases,start] GC(123) Summary Phase
[2019-07-24T17:23:07.295-0300][214.432s][info][gc,phases      ] GC(123) Summary Phase 0.079ms
[2019-07-24T17:23:07.295-0300][214.432s][info][gc,phases,start] GC(123) Adjust Roots
[2019-07-24T17:23:07.297-0300][214.434s][info][gc,phases      ] GC(123) Adjust Roots 1.925ms
[2019-07-24T17:23:07.297-0300][214.434s][info][gc,phases,start] GC(123) Compaction Phase
[2019-07-24T17:23:07.613-0300][214.750s][info][gc,phases      ] GC(123) Compaction Phase 316.015ms
[2019-07-24T17:23:07.613-0300][214.750s][info][gc,phases,start] GC(123) Post Compact
[2019-07-24T17:23:07.614-0300][214.751s][info][gc,phases      ] GC(123) Post Compact 0.878ms
[2019-07-24T17:23:07.614-0300][214.751s][info][gc,heap        ] GC(123) PSYoungGen: 131583K->131583K(153088K)
[2019-07-24T17:23:07.614-0300][214.751s][info][gc,heap        ] GC(123) ParOldGen: 297153K->297153K(349696K)
[2019-07-24T17:23:07.614-0300][214.751s][info][gc,metaspace   ] GC(123) Metaspace: 13298K->13298K(1062912K)
[2019-07-24T17:23:07.615-0300][214.751s][info][gc             ] GC(123) Pause Full (Ergonomics) 418M->418M(491M) 1116.555ms
[2019-07-24T17:23:07.615-0300][214.751s][info][gc,cpu         ] GC(123) User=3.52s Sys=0.02s Real=1.12s
[2019-07-24T17:23:07.615-0300][214.751s][info][gc,start       ] GC(124) Pause Full (Ergonomics)
[2019-07-24T17:23:07.615-0300][214.751s][info][gc,phases,start] GC(124) Marking Phase
[2019-07-24T17:23:08.383-0300][215.519s][info][gc,phases      ] GC(124) Marking Phase 767.881ms
[2019-07-24T17:23:08.383-0300][215.519s][info][gc,phases,start] GC(124) Summary Phase
[2019-07-24T17:23:08.383-0300][215.519s][info][gc,phases      ] GC(124) Summary Phase 0.027ms
[2019-07-24T17:23:08.383-0300][215.519s][info][gc,phases,start] GC(124) Adjust Roots
[2019-07-24T17:23:08.384-0300][215.521s][info][gc,phases      ] GC(124) Adjust Roots 1.691ms
[2019-07-24T17:23:08.385-0300][215.521s][info][gc,phases,start] GC(124) Compaction Phase
[2019-07-24T17:23:08.685-0300][215.821s][info][gc,phases      ] GC(124) Compaction Phase 300.174ms
[2019-07-24T17:23:08.685-0300][215.821s][info][gc,phases,start] GC(124) Post Compact
[2019-07-24T17:23:08.686-0300][215.822s][info][gc,phases      ] GC(124) Post Compact 0.766ms
[2019-07-24T17:23:08.686-0300][215.822s][info][gc,heap        ] GC(124) PSYoungGen: 131583K->131583K(153088K)
[2019-07-24T17:23:08.686-0300][215.822s][info][gc,heap        ] GC(124) ParOldGen: 297155K->297155K(349696K)
[2019-07-24T17:23:08.686-0300][215.822s][info][gc,metaspace   ] GC(124) Metaspace: 13298K->13298K(1062912K)
[2019-07-24T17:23:08.686-0300][215.822s][info][gc             ] GC(124) Pause Full (Ergonomics) 418M->418M(491M) 1070.888ms
[2019-07-24T17:23:08.686-0300][215.822s][info][gc,cpu         ] GC(124) User=3.46s Sys=0.01s Real=1.07s
[2019-07-24T17:23:08.686-0300][215.822s][info][gc,start       ] GC(125) Pause Full (Ergonomics)
[2019-07-24T17:23:08.686-0300][215.822s][info][gc,phases,start] GC(125) Marking Phase
[2019-07-24T17:23:09.496-0300][216.632s][info][gc,phases      ] GC(125) Marking Phase 809.522ms
[2019-07-24T17:23:09.496-0300][216.632s][info][gc,phases,start] GC(125) Summary Phase
[2019-07-24T17:23:09.496-0300][216.632s][info][gc,phases      ] GC(125) Summary Phase 0.038ms
[2019-07-24T17:23:09.496-0300][216.632s][info][gc,phases,start] GC(125) Adjust Roots
[2019-07-24T17:23:09.497-0300][216.634s][info][gc,phases      ] GC(125) Adjust Roots 1.694ms
[2019-07-24T17:23:09.498-0300][216.634s][info][gc,phases,start] GC(125) Compaction Phase
[2019-07-24T17:23:09.841-0300][216.977s][info][gc,phases      ] GC(125) Compaction Phase 343.222ms
[2019-07-24T17:23:09.841-0300][216.977s][info][gc,phases,start] GC(125) Post Compact
[2019-07-24T17:23:09.842-0300][216.978s][info][gc,phases      ] GC(125) Post Compact 0.983ms
[2019-07-24T17:23:09.842-0300][216.978s][info][gc,heap        ] GC(125) PSYoungGen: 131583K->131583K(153088K)
[2019-07-24T17:23:09.842-0300][216.978s][info][gc,heap        ] GC(125) ParOldGen: 297159K->297158K(349696K)
[2019-07-24T17:23:09.842-0300][216.978s][info][gc,metaspace   ] GC(125) Metaspace: 13298K->13298K(1062912K)
[2019-07-24T17:23:09.842-0300][216.978s][info][gc             ] GC(125) Pause Full (Ergonomics) 418M->418M(491M) 1155.972ms
[2019-07-24T17:23:09.842-0300][216.978s][info][gc,cpu         ] GC(125) User=3.54s Sys=0.02s Real=1.16s
[2019-07-24T17:23:09.842-0300][216.979s][info][gc,start       ] GC(126) Pause Full (Ergonomics)
[2019-07-24T17:23:09.842-0300][216.979s][info][gc,phases,start] GC(126) Marking Phase
[2019-07-24T17:23:10.693-0300][217.829s][info][gc,phases      ] GC(126) Marking Phase 850.446ms
[2019-07-24T17:23:10.693-0300][217.829s][info][gc,phases,start] GC(126) Summary Phase
[2019-07-24T17:23:10.693-0300][217.829s][info][gc,phases      ] GC(126) Summary Phase 0.021ms
[2019-07-24T17:23:10.693-0300][217.829s][info][gc,phases,start] GC(126) Adjust Roots
[2019-07-24T17:23:10.695-0300][217.831s][info][gc,phases      ] GC(126) Adjust Roots 1.688ms
[2019-07-24T17:23:10.695-0300][217.831s][info][gc,phases,start] GC(126) Compaction Phase
[2019-07-24T17:23:11.010-0300][218.146s][info][gc,phases      ] GC(126) Compaction Phase 314.942ms
[2019-07-24T17:23:11.010-0300][218.146s][info][gc,phases,start] GC(126) Post Compact
[2019-07-24T17:23:11.010-0300][218.147s][info][gc,phases      ] GC(126) Post Compact 0.767ms
[2019-07-24T17:23:11.011-0300][218.147s][info][gc,heap        ] GC(126) PSYoungGen: 131583K->131583K(153088K)
[2019-07-24T17:23:11.011-0300][218.147s][info][gc,heap        ] GC(126) ParOldGen: 297160K->297159K(349696K)
[2019-07-24T17:23:11.011-0300][218.147s][info][gc,metaspace   ] GC(126) Metaspace: 13299K->13299K(1062912K)
[2019-07-24T17:23:11.011-0300][218.147s][info][gc             ] GC(126) Pause Full (Ergonomics) 418M->418M(491M) 1168.201ms
[2019-07-24T17:23:11.011-0300][218.147s][info][gc,cpu         ] GC(126) User=3.49s Sys=0.02s Real=1.17s
[2019-07-24T17:23:11.011-0300][218.147s][info][gc,start       ] GC(127) Pause Full (Ergonomics)
[2019-07-24T17:23:11.011-0300][218.147s][info][gc,phases,start] GC(127) Marking Phase
[2019-07-24T17:23:11.766-0300][218.903s][info][gc,phases      ] GC(127) Marking Phase 755.443ms
[2019-07-24T17:23:11.766-0300][218.903s][info][gc,phases,start] GC(127) Summary Phase
[2019-07-24T17:23:11.766-0300][218.903s][info][gc,phases      ] GC(127) Summary Phase 0.022ms
[2019-07-24T17:23:11.766-0300][218.903s][info][gc,phases,start] GC(127) Adjust Roots
[2019-07-24T17:23:11.768-0300][218.904s][info][gc,phases      ] GC(127) Adjust Roots 1.656ms
[2019-07-24T17:23:11.768-0300][218.904s][info][gc,phases,start] GC(127) Compaction Phase
[2019-07-24T17:23:12.186-0300][219.322s][info][gc,phases      ] GC(127) Compaction Phase 417.825ms
[2019-07-24T17:23:12.187-0300][219.323s][info][gc,phases,start] GC(127) Post Compact
[2019-07-24T17:23:12.189-0300][219.326s][info][gc,phases      ] GC(127) Post Compact 2.740ms
[2019-07-24T17:23:12.190-0300][219.326s][info][gc,heap        ] GC(127) PSYoungGen: 131583K->131583K(153088K)
[2019-07-24T17:23:12.192-0300][219.328s][info][gc,heap        ] GC(127) ParOldGen: 297162K->297162K(349696K)
[2019-07-24T17:23:12.192-0300][219.328s][info][gc,metaspace   ] GC(127) Metaspace: 13299K->13299K(1062912K)
[2019-07-24T17:23:12.192-0300][219.328s][info][gc             ] GC(127) Pause Full (Ergonomics) 418M->418M(491M) 1181.016ms
[2019-07-24T17:23:12.192-0300][219.328s][info][gc,cpu         ] GC(127) User=3.49s Sys=0.02s Real=1.18s
[2019-07-24T17:23:12.193-0300][219.329s][info][gc,start       ] GC(128) Pause Full (Ergonomics)
[2019-07-24T17:23:12.194-0300][219.330s][info][gc,phases,start] GC(128) Marking Phase
[2019-07-24T17:23:13.010-0300][220.146s][info][gc,phases      ] GC(128) Marking Phase 816.560ms
[2019-07-24T17:23:13.011-0300][220.147s][info][gc,phases,start] GC(128) Summary Phase
[2019-07-24T17:23:13.011-0300][220.147s][info][gc,phases      ] GC(128) Summary Phase 0.060ms
[2019-07-24T17:23:13.011-0300][220.147s][info][gc,phases,start] GC(128) Adjust Roots
[2019-07-24T17:23:13.013-0300][220.149s][info][gc,phases      ] GC(128) Adjust Roots 1.540ms
[2019-07-24T17:23:13.013-0300][220.149s][info][gc,phases,start] GC(128) Compaction Phase
[2019-07-24T17:23:13.301-0300][220.438s][info][gc,phases      ] GC(128) Compaction Phase 288.712ms
[2019-07-24T17:23:13.302-0300][220.438s][info][gc,phases,start] GC(128) Post Compact
[2019-07-24T17:23:13.302-0300][220.439s][info][gc,phases      ] GC(128) Post Compact 0.794ms
[2019-07-24T17:23:13.302-0300][220.439s][info][gc,heap        ] GC(128) PSYoungGen: 131583K->131583K(153088K)
[2019-07-24T17:23:13.302-0300][220.439s][info][gc,heap        ] GC(128) ParOldGen: 297163K->297163K(349696K)
[2019-07-24T17:23:13.302-0300][220.439s][info][gc,metaspace   ] GC(128) Metaspace: 13299K->13299K(1062912K)
[2019-07-24T17:23:13.302-0300][220.439s][info][gc             ] GC(128) Pause Full (Ergonomics) 418M->418M(491M) 1109.227ms
[2019-07-24T17:23:13.302-0300][220.439s][info][gc,cpu         ] GC(128) User=3.49s Sys=0.02s Real=1.11s
[2019-07-24T17:23:13.303-0300][220.439s][info][gc,start       ] GC(129) Pause Full (Ergonomics)
[2019-07-24T17:23:13.303-0300][220.439s][info][gc,phases,start] GC(129) Marking Phase
[2019-07-24T17:23:14.219-0300][221.355s][info][gc,phases      ] GC(129) Marking Phase 916.160ms
[2019-07-24T17:23:14.219-0300][221.355s][info][gc,phases,start] GC(129) Summary Phase
[2019-07-24T17:23:14.219-0300][221.355s][info][gc,phases      ] GC(129) Summary Phase 0.025ms
[2019-07-24T17:23:14.219-0300][221.355s][info][gc,phases,start] GC(129) Adjust Roots
[2019-07-24T17:23:14.222-0300][221.358s][info][gc,phases      ] GC(129) Adjust Roots 2.697ms
[2019-07-24T17:23:14.222-0300][221.358s][info][gc,phases,start] GC(129) Compaction Phase
[2019-07-24T17:23:14.849-0300][221.985s][info][gc,phases      ] GC(129) Compaction Phase 627.187ms
[2019-07-24T17:23:14.849-0300][221.985s][info][gc,phases,start] GC(129) Post Compact
[2019-07-24T17:23:14.850-0300][221.986s][info][gc,phases      ] GC(129) Post Compact 1.067ms
[2019-07-24T17:23:14.850-0300][221.987s][info][gc,heap        ] GC(129) PSYoungGen: 131583K->131583K(153088K)
[2019-07-24T17:23:14.850-0300][221.987s][info][gc,heap        ] GC(129) ParOldGen: 297165K->297165K(349696K)
[2019-07-24T17:23:14.850-0300][221.987s][info][gc,metaspace   ] GC(129) Metaspace: 13299K->13299K(1062912K)
[2019-07-24T17:23:14.851-0300][221.987s][info][gc             ] GC(129) Pause Full (Ergonomics) 418M->418M(491M) 1547.651ms
[2019-07-24T17:23:14.851-0300][221.987s][info][gc,cpu         ] GC(129) User=3.52s Sys=0.02s Real=1.55s
[2019-07-24T17:23:14.851-0300][221.987s][info][gc,start       ] GC(130) Pause Full (Ergonomics)
[2019-07-24T17:23:14.851-0300][221.987s][info][gc,phases,start] GC(130) Marking Phase
[2019-07-24T17:23:16.225-0300][223.361s][info][gc,phases      ] GC(130) Marking Phase 1374.127ms
[2019-07-24T17:23:16.225-0300][223.361s][info][gc,phases,start] GC(130) Summary Phase
[2019-07-24T17:23:16.225-0300][223.361s][info][gc,phases      ] GC(130) Summary Phase 0.023ms
[2019-07-24T17:23:16.225-0300][223.361s][info][gc,phases,start] GC(130) Adjust Roots
[2019-07-24T17:23:16.227-0300][223.363s][info][gc,phases      ] GC(130) Adjust Roots 1.957ms
[2019-07-24T17:23:16.227-0300][223.363s][info][gc,phases,start] GC(130) Compaction Phase
[2019-07-24T17:23:16.678-0300][223.814s][info][gc,phases      ] GC(130) Compaction Phase 451.027ms
[2019-07-24T17:23:16.678-0300][223.814s][info][gc,phases,start] GC(130) Post Compact
[2019-07-24T17:23:16.679-0300][223.815s][info][gc,phases      ] GC(130) Post Compact 0.853ms
[2019-07-24T17:23:16.679-0300][223.815s][info][gc,heap        ] GC(130) PSYoungGen: 131583K->131583K(153088K)
[2019-07-24T17:23:16.679-0300][223.815s][info][gc,heap        ] GC(130) ParOldGen: 297166K->297166K(349696K)
[2019-07-24T17:23:16.679-0300][223.815s][info][gc,metaspace   ] GC(130) Metaspace: 13299K->13299K(1062912K)
[2019-07-24T17:23:16.679-0300][223.815s][info][gc             ] GC(130) Pause Full (Ergonomics) 418M->418M(491M) 1828.395ms
[2019-07-24T17:23:16.679-0300][223.815s][info][gc,cpu         ] GC(130) User=3.48s Sys=0.03s Real=1.82s
[2019-07-24T17:23:16.680-0300][223.816s][info][gc,start       ] GC(131) Pause Full (Ergonomics)
[2019-07-24T17:23:16.680-0300][223.816s][info][gc,phases,start] GC(131) Marking Phase
[2019-07-24T17:23:17.556-0300][224.692s][info][gc,phases      ] GC(131) Marking Phase 876.468ms
[2019-07-24T17:23:17.556-0300][224.692s][info][gc,phases,start] GC(131) Summary Phase
[2019-07-24T17:23:17.556-0300][224.692s][info][gc,phases      ] GC(131) Summary Phase 0.023ms
[2019-07-24T17:23:17.556-0300][224.692s][info][gc,phases,start] GC(131) Adjust Roots
[2019-07-24T17:23:17.558-0300][224.694s][info][gc,phases      ] GC(131) Adjust Roots 1.778ms
[2019-07-24T17:23:17.558-0300][224.694s][info][gc,phases,start] GC(131) Compaction Phase
[2019-07-24T17:23:17.849-0300][224.985s][info][gc,phases      ] GC(131) Compaction Phase 291.165ms
[2019-07-24T17:23:17.849-0300][224.985s][info][gc,phases,start] GC(131) Post Compact
[2019-07-24T17:23:17.850-0300][224.986s][info][gc,phases      ] GC(131) Post Compact 0.754ms
[2019-07-24T17:23:17.850-0300][224.986s][info][gc,heap        ] GC(131) PSYoungGen: 131583K->131583K(153088K)
[2019-07-24T17:23:17.850-0300][224.986s][info][gc,heap        ] GC(131) ParOldGen: 297168K->297167K(349696K)
[2019-07-24T17:23:17.850-0300][224.986s][info][gc,metaspace   ] GC(131) Metaspace: 13299K->13299K(1062912K)
[2019-07-24T17:23:17.850-0300][224.986s][info][gc             ] GC(131) Pause Full (Ergonomics) 418M->418M(491M) 1170.531ms
[2019-07-24T17:23:17.850-0300][224.986s][info][gc,cpu         ] GC(131) User=3.46s Sys=0.01s Real=1.17s
[2019-07-24T17:23:17.850-0300][224.986s][info][gc,start       ] GC(132) Pause Full (Ergonomics)
[2019-07-24T17:23:17.850-0300][224.987s][info][gc,phases,start] GC(132) Marking Phase
[2019-07-24T17:23:19.265-0300][226.401s][info][gc,phases      ] GC(132) Marking Phase 1414.379ms
[2019-07-24T17:23:19.265-0300][226.401s][info][gc,phases,start] GC(132) Summary Phase
[2019-07-24T17:23:19.265-0300][226.401s][info][gc,phases      ] GC(132) Summary Phase 0.046ms
[2019-07-24T17:23:19.265-0300][226.401s][info][gc,phases,start] GC(132) Adjust Roots
[2019-07-24T17:23:19.268-0300][226.404s][info][gc,phases      ] GC(132) Adjust Roots 2.458ms
[2019-07-24T17:23:19.268-0300][226.404s][info][gc,phases,start] GC(132) Compaction Phase
[2019-07-24T17:23:19.878-0300][227.014s][info][gc,phases      ] GC(132) Compaction Phase 610.233ms
[2019-07-24T17:23:19.878-0300][227.014s][info][gc,phases,start] GC(132) Post Compact
[2019-07-24T17:23:19.879-0300][227.015s][info][gc,phases      ] GC(132) Post Compact 1.122ms
[2019-07-24T17:23:19.879-0300][227.015s][info][gc,heap        ] GC(132) PSYoungGen: 131583K->131583K(153088K)
[2019-07-24T17:23:19.879-0300][227.015s][info][gc,heap        ] GC(132) ParOldGen: 297169K->297169K(349696K)
[2019-07-24T17:23:19.879-0300][227.015s][info][gc,metaspace   ] GC(132) Metaspace: 13299K->13299K(1062912K)
[2019-07-24T17:23:19.879-0300][227.015s][info][gc             ] GC(132) Pause Full (Ergonomics) 418M->418M(491M) 2028.907ms
[2019-07-24T17:23:19.879-0300][227.015s][info][gc,cpu         ] GC(132) User=3.56s Sys=0.03s Real=2.02s
[2019-07-24T17:23:19.880-0300][227.016s][info][gc,start       ] GC(133) Pause Full (Ergonomics)
[2019-07-24T17:23:19.880-0300][227.016s][info][gc,phases,start] GC(133) Marking Phase
[2019-07-24T17:23:21.298-0300][228.434s][info][gc,phases      ] GC(133) Marking Phase 1417.923ms
[2019-07-24T17:23:21.298-0300][228.434s][info][gc,phases,start] GC(133) Summary Phase
[2019-07-24T17:23:21.298-0300][228.434s][info][gc,phases      ] GC(133) Summary Phase 0.022ms
[2019-07-24T17:23:21.299-0300][228.434s][info][gc,phases,start] GC(133) Adjust Roots
[2019-07-24T17:23:21.301-0300][228.436s][info][gc,phases      ] GC(133) Adjust Roots 2.113ms
[2019-07-24T17:23:21.301-0300][228.436s][info][gc,phases,start] GC(133) Compaction Phase
[2019-07-24T17:23:21.788-0300][228.923s][info][gc,phases      ] GC(133) Compaction Phase 487.331ms
[2019-07-24T17:23:21.793-0300][228.928s][info][gc,phases,start] GC(133) Post Compact
[2019-07-24T17:23:21.794-0300][228.929s][info][gc,phases      ] GC(133) Post Compact 0.778ms
[2019-07-24T17:23:21.794-0300][228.929s][info][gc,heap        ] GC(133) PSYoungGen: 131583K->131583K(153088K)
[2019-07-24T17:23:21.794-0300][228.929s][info][gc,heap        ] GC(133) ParOldGen: 297170K->297164K(349696K)
[2019-07-24T17:23:21.794-0300][228.929s][info][gc,metaspace   ] GC(133) Metaspace: 13299K->13296K(1062912K)
[2019-07-24T17:23:21.794-0300][228.929s][info][gc             ] GC(133) Pause Full (Ergonomics) 418M->418M(491M) 1913.533ms
[2019-07-24T17:23:21.794-0300][228.929s][info][gc,cpu         ] GC(133) User=3.65s Sys=0.02s Real=1.91s
[2019-07-24T17:23:21.794-0300][228.930s][info][gc,start       ] GC(134) Pause Full (Ergonomics)
[2019-07-24T17:23:21.794-0300][228.930s][info][gc,phases,start] GC(134) Marking Phase
[2019-07-24T17:23:22.526-0300][229.661s][info][gc,phases      ] GC(134) Marking Phase 731.136ms
[2019-07-24T17:23:22.526-0300][229.661s][info][gc,phases,start] GC(134) Summary Phase
[2019-07-24T17:23:22.526-0300][229.661s][info][gc,phases      ] GC(134) Summary Phase 0.023ms
[2019-07-24T17:23:22.526-0300][229.661s][info][gc,phases,start] GC(134) Adjust Roots
[2019-07-24T17:23:22.528-0300][229.662s][info][gc,phases      ] GC(134) Adjust Roots 1.658ms
[2019-07-24T17:23:22.528-0300][229.662s][info][gc,phases,start] GC(134) Compaction Phase
[2019-07-24T17:23:22.821-0300][229.955s][info][gc,phases      ] GC(134) Compaction Phase 292.950ms
[2019-07-24T17:23:22.821-0300][229.955s][info][gc,phases,start] GC(134) Post Compact
[2019-07-24T17:23:22.822-0300][229.956s][info][gc,phases      ] GC(134) Post Compact 0.769ms
[2019-07-24T17:23:22.822-0300][229.956s][info][gc,heap        ] GC(134) PSYoungGen: 131583K->131583K(153088K)
[2019-07-24T17:23:22.822-0300][229.956s][info][gc,heap        ] GC(134) ParOldGen: 297165K->297165K(349696K)
[2019-07-24T17:23:22.822-0300][229.956s][info][gc,metaspace   ] GC(134) Metaspace: 13296K->13296K(1062912K)
[2019-07-24T17:23:22.822-0300][229.956s][info][gc             ] GC(134) Pause Full (Ergonomics) 418M->418M(491M) 1026.879ms
[2019-07-24T17:23:22.822-0300][229.956s][info][gc,cpu         ] GC(134) User=3.44s Sys=0.02s Real=1.03s
[2019-07-24T17:23:22.822-0300][229.957s][info][gc,start       ] GC(135) Pause Full (Ergonomics)
[2019-07-24T17:23:22.822-0300][229.957s][info][gc,phases,start] GC(135) Marking Phase
[2019-07-24T17:23:23.578-0300][230.712s][info][gc,phases      ] GC(135) Marking Phase 755.386ms
[2019-07-24T17:23:23.578-0300][230.712s][info][gc,phases,start] GC(135) Summary Phase
[2019-07-24T17:23:23.578-0300][230.712s][info][gc,phases      ] GC(135) Summary Phase 0.023ms
[2019-07-24T17:23:23.578-0300][230.712s][info][gc,phases,start] GC(135) Adjust Roots
[2019-07-24T17:23:23.579-0300][230.714s][info][gc,phases      ] GC(135) Adjust Roots 1.566ms
[2019-07-24T17:23:23.579-0300][230.714s][info][gc,phases,start] GC(135) Compaction Phase
[2019-07-24T17:23:23.868-0300][231.002s][info][gc,phases      ] GC(135) Compaction Phase 288.098ms
[2019-07-24T17:23:23.868-0300][231.002s][info][gc,phases,start] GC(135) Post Compact
[2019-07-24T17:23:23.869-0300][231.003s][info][gc,phases      ] GC(135) Post Compact 0.814ms
[2019-07-24T17:23:23.869-0300][231.003s][info][gc,heap        ] GC(135) PSYoungGen: 131583K->131583K(153088K)
[2019-07-24T17:23:23.869-0300][231.003s][info][gc,heap        ] GC(135) ParOldGen: 297166K->297166K(349696K)
[2019-07-24T17:23:23.869-0300][231.003s][info][gc,metaspace   ] GC(135) Metaspace: 13296K->13296K(1062912K)
[2019-07-24T17:23:23.869-0300][231.003s][info][gc             ] GC(135) Pause Full (Ergonomics) 418M->418M(491M) 1046.257ms
[2019-07-24T17:23:23.869-0300][231.003s][info][gc,cpu         ] GC(135) User=3.51s Sys=0.01s Real=1.04s
[2019-07-24T17:23:23.869-0300][231.003s][info][gc,start       ] GC(136) Pause Full (Ergonomics)
[2019-07-24T17:23:23.869-0300][231.003s][info][gc,phases,start] GC(136) Marking Phase
[2019-07-24T17:23:24.674-0300][231.807s][info][gc,phases      ] GC(136) Marking Phase 804.207ms
[2019-07-24T17:23:24.674-0300][231.807s][info][gc,phases,start] GC(136) Summary Phase
[2019-07-24T17:23:24.674-0300][231.807s][info][gc,phases      ] GC(136) Summary Phase 0.029ms
[2019-07-24T17:23:24.674-0300][231.807s][info][gc,phases,start] GC(136) Adjust Roots
[2019-07-24T17:23:24.676-0300][231.810s][info][gc,phases      ] GC(136) Adjust Roots 2.532ms
[2019-07-24T17:23:24.676-0300][231.810s][info][gc,phases,start] GC(136) Compaction Phase
[2019-07-24T17:23:25.131-0300][232.264s][info][gc,phases      ] GC(136) Compaction Phase 454.168ms
[2019-07-24T17:23:25.131-0300][232.264s][info][gc,phases,start] GC(136) Post Compact
[2019-07-24T17:23:25.131-0300][232.265s][info][gc,phases      ] GC(136) Post Compact 0.776ms
[2019-07-24T17:23:25.131-0300][232.265s][info][gc,heap        ] GC(136) PSYoungGen: 131583K->131583K(153088K)
[2019-07-24T17:23:25.131-0300][232.265s][info][gc,heap        ] GC(136) ParOldGen: 297168K->297166K(349696K)
[2019-07-24T17:23:25.132-0300][232.265s][info][gc,metaspace   ] GC(136) Metaspace: 13296K->13292K(1062912K)
[2019-07-24T17:23:25.132-0300][232.265s][info][gc             ] GC(136) Pause Full (Ergonomics) 418M->418M(491M) 1262.086ms
[2019-07-24T17:23:25.132-0300][232.265s][info][gc,cpu         ] GC(136) User=4.02s Sys=0.02s Real=1.27s
[2019-07-24T17:23:25.132-0300][232.265s][info][gc,start       ] GC(137) Pause Full (Ergonomics)
[2019-07-24T17:23:25.132-0300][232.265s][info][gc,phases,start] GC(137) Marking Phase
[2019-07-24T17:23:25.904-0300][233.037s][info][gc,phases      ] GC(137) Marking Phase 771.782ms
[2019-07-24T17:23:25.904-0300][233.037s][info][gc,phases,start] GC(137) Summary Phase
[2019-07-24T17:23:25.904-0300][233.037s][info][gc,phases      ] GC(137) Summary Phase 0.024ms
[2019-07-24T17:23:25.904-0300][233.037s][info][gc,phases,start] GC(137) Adjust Roots
[2019-07-24T17:23:25.907-0300][233.040s][info][gc,phases      ] GC(137) Adjust Roots 2.726ms
[2019-07-24T17:23:25.907-0300][233.040s][info][gc,phases,start] GC(137) Compaction Phase
[2019-07-24T17:23:26.391-0300][233.524s][info][gc,phases      ] GC(137) Compaction Phase 484.160ms
[2019-07-24T17:23:26.391-0300][233.524s][info][gc,phases,start] GC(137) Post Compact
[2019-07-24T17:23:26.392-0300][233.526s][info][gc,phases      ] GC(137) Post Compact 1.157ms
[2019-07-24T17:23:26.392-0300][233.526s][info][gc,heap        ] GC(137) PSYoungGen: 131583K->131583K(153088K)
[2019-07-24T17:23:26.392-0300][233.526s][info][gc,heap        ] GC(137) ParOldGen: 297167K->297161K(349696K)
[2019-07-24T17:23:26.392-0300][233.526s][info][gc,metaspace   ] GC(137) Metaspace: 13292K->13283K(1062912K)
[2019-07-24T17:23:26.393-0300][233.526s][info][gc             ] GC(137) Pause Full (Ergonomics) 418M->418M(491M) 1260.317ms
[2019-07-24T17:23:26.393-0300][233.526s][info][gc,cpu         ] GC(137) User=3.87s Sys=0.03s Real=1.26s
[2019-07-24T17:23:26.393-0300][233.526s][info][gc,start       ] GC(138) Pause Full (Ergonomics)
[2019-07-24T17:23:26.393-0300][233.526s][info][gc,phases,start] GC(138) Marking Phase
[2019-07-24T17:23:27.349-0300][234.482s][info][gc,phases      ] GC(138) Marking Phase 955.933ms
[2019-07-24T17:23:27.349-0300][234.482s][info][gc,phases,start] GC(138) Summary Phase
[2019-07-24T17:23:27.349-0300][234.482s][info][gc,phases      ] GC(138) Summary Phase 0.038ms
[2019-07-24T17:23:27.349-0300][234.482s][info][gc,phases,start] GC(138) Adjust Roots
[2019-07-24T17:23:27.351-0300][234.484s][info][gc,phases      ] GC(138) Adjust Roots 1.804ms
[2019-07-24T17:23:27.351-0300][234.484s][info][gc,phases,start] GC(138) Compaction Phase
[2019-07-24T17:23:27.699-0300][234.832s][info][gc,phases      ] GC(138) Compaction Phase 348.349ms
[2019-07-24T17:23:27.700-0300][234.832s][info][gc,phases,start] GC(138) Post Compact
[2019-07-24T17:23:27.700-0300][234.833s][info][gc,phases      ] GC(138) Post Compact 0.749ms
[2019-07-24T17:23:27.700-0300][234.833s][info][gc,heap        ] GC(138) PSYoungGen: 131583K->131583K(153088K)
[2019-07-24T17:23:27.700-0300][234.833s][info][gc,heap        ] GC(138) ParOldGen: 297161K->297161K(349696K)
[2019-07-24T17:23:27.700-0300][234.833s][info][gc,metaspace   ] GC(138) Metaspace: 13283K->13283K(1062912K)
[2019-07-24T17:23:27.700-0300][234.833s][info][gc             ] GC(138) Pause Full (Ergonomics) 418M->418M(491M) 1307.288ms
[2019-07-24T17:23:27.700-0300][234.833s][info][gc,cpu         ] GC(138) User=3.44s Sys=0.01s Real=1.31s
[2019-07-24T17:23:27.701-0300][234.833s][info][gc,start       ] GC(139) Pause Full (Ergonomics)
[2019-07-24T17:23:27.701-0300][234.833s][info][gc,phases,start] GC(139) Marking Phase
[2019-07-24T17:23:28.489-0300][235.621s][info][gc,phases      ] GC(139) Marking Phase 787.892ms
[2019-07-24T17:23:28.489-0300][235.621s][info][gc,phases,start] GC(139) Summary Phase
[2019-07-24T17:23:28.489-0300][235.621s][info][gc,phases      ] GC(139) Summary Phase 0.026ms
[2019-07-24T17:23:28.489-0300][235.621s][info][gc,phases,start] GC(139) Adjust Roots
[2019-07-24T17:23:28.492-0300][235.625s][info][gc,phases      ] GC(139) Adjust Roots 3.202ms
[2019-07-24T17:23:28.492-0300][235.625s][info][gc,phases,start] GC(139) Compaction Phase
[2019-07-24T17:23:28.942-0300][236.074s][info][gc,phases      ] GC(139) Compaction Phase 449.667ms
[2019-07-24T17:23:28.942-0300][236.074s][info][gc,phases,start] GC(139) Post Compact
[2019-07-24T17:23:28.943-0300][236.075s][info][gc,phases      ] GC(139) Post Compact 0.779ms
[2019-07-24T17:23:28.943-0300][236.075s][info][gc,heap        ] GC(139) PSYoungGen: 131583K->131583K(153088K)
[2019-07-24T17:23:28.943-0300][236.075s][info][gc,heap        ] GC(139) ParOldGen: 297162K->297157K(349696K)
[2019-07-24T17:23:28.943-0300][236.075s][info][gc,metaspace   ] GC(139) Metaspace: 13283K->13267K(1062912K)
[2019-07-24T17:23:28.943-0300][236.075s][info][gc             ] GC(139) Pause Full (Ergonomics) 418M->418M(491M) 1241.931ms
[2019-07-24T17:23:28.943-0300][236.075s][info][gc,cpu         ] GC(139) User=4.01s Sys=0.02s Real=1.24s
[2019-07-24T17:23:28.943-0300][236.076s][info][gc,start       ] GC(140) Pause Full (Ergonomics)
[2019-07-24T17:23:28.943-0300][236.076s][info][gc,phases,start] GC(140) Marking Phase
[2019-07-24T17:23:29.679-0300][236.811s][info][gc,phases      ] GC(140) Marking Phase 735.400ms
[2019-07-24T17:23:29.679-0300][236.811s][info][gc,phases,start] GC(140) Summary Phase
[2019-07-24T17:23:29.679-0300][236.811s][info][gc,phases      ] GC(140) Summary Phase 0.023ms
[2019-07-24T17:23:29.679-0300][236.811s][info][gc,phases,start] GC(140) Adjust Roots
[2019-07-24T17:23:29.681-0300][236.813s][info][gc,phases      ] GC(140) Adjust Roots 1.670ms
[2019-07-24T17:23:29.681-0300][236.813s][info][gc,phases,start] GC(140) Compaction Phase
[2019-07-24T17:23:29.969-0300][237.101s][info][gc,phases      ] GC(140) Compaction Phase 288.003ms
[2019-07-24T17:23:29.969-0300][237.101s][info][gc,phases,start] GC(140) Post Compact
[2019-07-24T17:23:29.970-0300][237.102s][info][gc,phases      ] GC(140) Post Compact 0.757ms
[2019-07-24T17:23:29.970-0300][237.102s][info][gc,heap        ] GC(140) PSYoungGen: 131584K->131583K(153088K)
[2019-07-24T17:23:29.970-0300][237.102s][info][gc,heap        ] GC(140) ParOldGen: 297157K->297157K(349696K)
[2019-07-24T17:23:29.970-0300][237.102s][info][gc,metaspace   ] GC(140) Metaspace: 13267K->13267K(1062912K)
[2019-07-24T17:23:29.970-0300][237.102s][info][gc             ] GC(140) Pause Full (Ergonomics) 418M->418M(491M) 1026.194ms
[2019-07-24T17:23:29.970-0300][237.102s][info][gc,cpu         ] GC(140) User=3.45s Sys=0.01s Real=1.03s
[2019-07-24T17:23:29.970-0300][237.102s][info][gc,start       ] GC(141) Pause Full (Ergonomics)
[2019-07-24T17:23:29.970-0300][237.102s][info][gc,phases,start] GC(141) Marking Phase
[2019-07-24T17:23:30.722-0300][237.854s][info][gc,phases      ] GC(141) Marking Phase 752.200ms
[2019-07-24T17:23:30.722-0300][237.854s][info][gc,phases,start] GC(141) Summary Phase
[2019-07-24T17:23:30.722-0300][237.854s][info][gc,phases      ] GC(141) Summary Phase 0.022ms
[2019-07-24T17:23:30.722-0300][237.854s][info][gc,phases,start] GC(141) Adjust Roots
[2019-07-24T17:23:30.724-0300][237.856s][info][gc,phases      ] GC(141) Adjust Roots 1.611ms
[2019-07-24T17:23:30.724-0300][237.856s][info][gc,phases,start] GC(141) Compaction Phase
[2019-07-24T17:23:31.013-0300][238.145s][info][gc,phases      ] GC(141) Compaction Phase 288.613ms
[2019-07-24T17:23:31.013-0300][238.145s][info][gc,phases,start] GC(141) Post Compact
[2019-07-24T17:23:31.014-0300][238.145s][info][gc,phases      ] GC(141) Post Compact 0.761ms
[2019-07-24T17:23:31.014-0300][238.145s][info][gc,heap        ] GC(141) PSYoungGen: 131583K->131583K(153088K)
[2019-07-24T17:23:31.014-0300][238.146s][info][gc,heap        ] GC(141) ParOldGen: 297157K->297157K(349696K)
[2019-07-24T17:23:31.014-0300][238.146s][info][gc,metaspace   ] GC(141) Metaspace: 13267K->13267K(1062912K)
[2019-07-24T17:23:31.014-0300][238.146s][info][gc             ] GC(141) Pause Full (Ergonomics) 418M->418M(491M) 1043.531ms
[2019-07-24T17:23:31.014-0300][238.146s][info][gc,cpu         ] GC(141) User=3.46s Sys=0.02s Real=1.04s
[2019-07-24T17:23:31.014-0300][238.146s][info][gc,start       ] GC(142) Pause Full (Ergonomics)
[2019-07-24T17:23:31.014-0300][238.146s][info][gc,phases,start] GC(142) Marking Phase
[2019-07-24T17:23:31.752-0300][238.883s][info][gc,phases      ] GC(142) Marking Phase 737.550ms
[2019-07-24T17:23:31.752-0300][238.884s][info][gc,phases,start] GC(142) Summary Phase
[2019-07-24T17:23:31.752-0300][238.884s][info][gc,phases      ] GC(142) Summary Phase 0.041ms
[2019-07-24T17:23:31.752-0300][238.884s][info][gc,phases,start] GC(142) Adjust Roots
[2019-07-24T17:23:31.754-0300][238.886s][info][gc,phases      ] GC(142) Adjust Roots 1.868ms
[2019-07-24T17:23:31.754-0300][238.886s][info][gc,phases,start] GC(142) Compaction Phase
[2019-07-24T17:23:32.045-0300][239.176s][info][gc,phases      ] GC(142) Compaction Phase 290.402ms
[2019-07-24T17:23:32.045-0300][239.176s][info][gc,phases,start] GC(142) Post Compact
[2019-07-24T17:23:32.045-0300][239.177s][info][gc,phases      ] GC(142) Post Compact 0.752ms
[2019-07-24T17:23:32.045-0300][239.177s][info][gc,heap        ] GC(142) PSYoungGen: 131584K->131584K(153088K)
[2019-07-24T17:23:32.045-0300][239.177s][info][gc,heap        ] GC(142) ParOldGen: 297157K->297157K(349696K)
[2019-07-24T17:23:32.046-0300][239.177s][info][gc,metaspace   ] GC(142) Metaspace: 13267K->13267K(1062912K)
[2019-07-24T17:23:32.046-0300][239.177s][info][gc             ] GC(142) Pause Full (Ergonomics) 418M->418M(491M) 1031.317ms
[2019-07-24T17:23:32.046-0300][239.177s][info][gc,cpu         ] GC(142) User=3.44s Sys=0.01s Real=1.03s
[2019-07-24T17:23:32.046-0300][239.177s][info][gc,start       ] GC(143) Pause Full (Ergonomics)
[2019-07-24T17:23:32.046-0300][239.177s][info][gc,phases,start] GC(143) Marking Phase
[2019-07-24T17:23:32.786-0300][239.918s][info][gc,phases      ] GC(143) Marking Phase 740.337ms
[2019-07-24T17:23:32.786-0300][239.918s][info][gc,phases,start] GC(143) Summary Phase
[2019-07-24T17:23:32.786-0300][239.918s][info][gc,phases      ] GC(143) Summary Phase 0.022ms
[2019-07-24T17:23:32.786-0300][239.918s][info][gc,phases,start] GC(143) Adjust Roots
[2019-07-24T17:23:32.788-0300][239.919s][info][gc,phases      ] GC(143) Adjust Roots 1.527ms
[2019-07-24T17:23:32.788-0300][239.919s][info][gc,phases,start] GC(143) Compaction Phase
[2019-07-24T17:23:33.080-0300][240.212s][info][gc,phases      ] GC(143) Compaction Phase 292.355ms
[2019-07-24T17:23:33.080-0300][240.212s][info][gc,phases,start] GC(143) Post Compact
[2019-07-24T17:23:33.081-0300][240.212s][info][gc,phases      ] GC(143) Post Compact 0.750ms
[2019-07-24T17:23:33.081-0300][240.213s][info][gc,heap        ] GC(143) PSYoungGen: 131584K->131584K(153088K)
[2019-07-24T17:23:33.081-0300][240.213s][info][gc,heap        ] GC(143) ParOldGen: 297159K->297159K(349696K)
[2019-07-24T17:23:33.081-0300][240.213s][info][gc,metaspace   ] GC(143) Metaspace: 13267K->13267K(1062912K)
[2019-07-24T17:23:33.081-0300][240.213s][info][gc             ] GC(143) Pause Full (Ergonomics) 418M->418M(491M) 1035.373ms
[2019-07-24T17:23:33.081-0300][240.213s][info][gc,cpu         ] GC(143) User=3.49s Sys=0.01s Real=1.04s
[2019-07-24T17:23:33.082-0300][240.213s][info][gc,start       ] GC(144) Pause Full (Ergonomics)
[2019-07-24T17:23:33.082-0300][240.213s][info][gc,phases,start] GC(144) Marking Phase
[2019-07-24T17:23:33.811-0300][240.942s][info][gc,phases      ] GC(144) Marking Phase 728.693ms
[2019-07-24T17:23:33.811-0300][240.942s][info][gc,phases,start] GC(144) Summary Phase
[2019-07-24T17:23:33.811-0300][240.942s][info][gc,phases      ] GC(144) Summary Phase 0.021ms
[2019-07-24T17:23:33.811-0300][240.942s][info][gc,phases,start] GC(144) Adjust Roots
[2019-07-24T17:23:33.812-0300][240.943s][info][gc,phases      ] GC(144) Adjust Roots 1.551ms
[2019-07-24T17:23:33.812-0300][240.943s][info][gc,phases,start] GC(144) Compaction Phase
[2019-07-24T17:23:34.104-0300][241.235s][info][gc,phases      ] GC(144) Compaction Phase 291.829ms
[2019-07-24T17:23:34.104-0300][241.235s][info][gc,phases,start] GC(144) Post Compact
[2019-07-24T17:23:34.105-0300][241.236s][info][gc,phases      ] GC(144) Post Compact 0.763ms
[2019-07-24T17:23:34.105-0300][241.236s][info][gc,heap        ] GC(144) PSYoungGen: 131584K->131583K(153088K)
[2019-07-24T17:23:34.105-0300][241.236s][info][gc,heap        ] GC(144) ParOldGen: 297160K->297143K(349696K)
[2019-07-24T17:23:34.105-0300][241.236s][info][gc,metaspace   ] GC(144) Metaspace: 13267K->13267K(1062912K)
[2019-07-24T17:23:34.105-0300][241.236s][info][gc             ] GC(144) Pause Full (Ergonomics) 418M->418M(491M) 1023.187ms
[2019-07-24T17:23:34.105-0300][241.236s][info][gc,cpu         ] GC(144) User=3.46s Sys=0.02s Real=1.02s
[2019-07-24T17:23:34.105-0300][241.236s][info][gc,start       ] GC(145) Pause Full (Ergonomics)
[2019-07-24T17:23:34.105-0300][241.236s][info][gc,phases,start] GC(145) Marking Phase
[2019-07-24T17:23:36.338-0300][243.468s][info][gc,phases      ] GC(145) Marking Phase 2231.602ms
[2019-07-24T17:23:36.338-0300][243.468s][info][gc,phases,start] GC(145) Summary Phase
[2019-07-24T17:23:36.338-0300][243.468s][info][gc,phases      ] GC(145) Summary Phase 0.066ms
[2019-07-24T17:23:36.338-0300][243.468s][info][gc,phases,start] GC(145) Adjust Roots
[2019-07-24T17:23:36.340-0300][243.471s][info][gc,phases      ] GC(145) Adjust Roots 2.501ms
[2019-07-24T17:23:36.340-0300][243.471s][info][gc,phases,start] GC(145) Compaction Phase
[2019-07-24T17:23:37.148-0300][244.278s][info][gc,phases      ] GC(145) Compaction Phase 807.602ms
[2019-07-24T17:23:37.148-0300][244.279s][info][gc,phases,start] GC(145) Post Compact
[2019-07-24T17:23:37.149-0300][244.280s][info][gc,phases      ] GC(145) Post Compact 1.086ms
[2019-07-24T17:23:37.149-0300][244.280s][info][gc,heap        ] GC(145) PSYoungGen: 131583K->131583K(153088K)
[2019-07-24T17:23:37.149-0300][244.280s][info][gc,heap        ] GC(145) ParOldGen: 297143K->297143K(349696K)
[2019-07-24T17:23:37.150-0300][244.280s][info][gc,metaspace   ] GC(145) Metaspace: 13267K->13267K(1062912K)
[2019-07-24T17:23:37.150-0300][244.280s][info][gc             ] GC(145) Pause Full (Ergonomics) 418M->418M(491M) 3043.676ms
[2019-07-24T17:23:37.150-0300][244.280s][info][gc,cpu         ] GC(145) User=3.59s Sys=0.03s Real=3.05s
[2019-07-24T17:23:37.152-0300][244.282s][info][gc,start       ] GC(146) Pause Full (Ergonomics)
[2019-07-24T17:23:37.152-0300][244.282s][info][gc,phases,start] GC(146) Marking Phase
[2019-07-24T17:23:38.835-0300][245.965s][info][gc,phases      ] GC(146) Marking Phase 1682.934ms
[2019-07-24T17:23:38.835-0300][245.965s][info][gc,phases,start] GC(146) Summary Phase
[2019-07-24T17:23:38.835-0300][245.965s][info][gc,phases      ] GC(146) Summary Phase 0.032ms
[2019-07-24T17:23:38.835-0300][245.965s][info][gc,phases,start] GC(146) Adjust Roots
[2019-07-24T17:23:38.839-0300][245.969s][info][gc,phases      ] GC(146) Adjust Roots 3.441ms
[2019-07-24T17:23:38.839-0300][245.969s][info][gc,phases,start] GC(146) Compaction Phase
[2019-07-24T17:23:39.542-0300][246.672s][info][gc,phases      ] GC(146) Compaction Phase 702.609ms
[2019-07-24T17:23:39.542-0300][246.672s][info][gc,phases,start] GC(146) Post Compact
[2019-07-24T17:23:39.543-0300][246.673s][info][gc,phases      ] GC(146) Post Compact 1.154ms
[2019-07-24T17:23:39.543-0300][246.673s][info][gc,heap        ] GC(146) PSYoungGen: 131584K->131584K(153088K)
[2019-07-24T17:23:39.543-0300][246.673s][info][gc,heap        ] GC(146) ParOldGen: 297143K->297141K(349696K)
[2019-07-24T17:23:39.543-0300][246.673s][info][gc,metaspace   ] GC(146) Metaspace: 13267K->13264K(1062912K)
[2019-07-24T17:23:39.543-0300][246.673s][info][gc             ] GC(146) Pause Full (Ergonomics) 418M->418M(491M) 2390.791ms
[2019-07-24T17:23:39.543-0300][246.673s][info][gc,cpu         ] GC(146) User=3.54s Sys=0.02s Real=2.39s
[2019-07-24T17:23:39.543-0300][246.673s][info][gc,start       ] GC(147) Pause Full (Ergonomics)
[2019-07-24T17:23:39.544-0300][246.673s][info][gc,phases,start] GC(147) Marking Phase
[2019-07-24T17:23:40.860-0300][247.990s][info][gc,phases      ] GC(147) Marking Phase 1316.682ms
[2019-07-24T17:23:40.860-0300][247.990s][info][gc,phases,start] GC(147) Summary Phase
[2019-07-24T17:23:40.861-0300][247.990s][info][gc,phases      ] GC(147) Summary Phase 0.034ms
[2019-07-24T17:23:40.861-0300][247.991s][info][gc,phases,start] GC(147) Adjust Roots
[2019-07-24T17:23:40.865-0300][247.994s][info][gc,phases      ] GC(147) Adjust Roots 3.590ms
[2019-07-24T17:23:40.865-0300][247.995s][info][gc,phases,start] GC(147) Compaction Phase
[2019-07-24T17:23:41.311-0300][248.441s][info][gc,phases      ] GC(147) Compaction Phase 446.584ms
[2019-07-24T17:23:41.312-0300][248.441s][info][gc,phases,start] GC(147) Post Compact
[2019-07-24T17:23:41.313-0300][248.442s][info][gc,phases      ] GC(147) Post Compact 1.042ms
[2019-07-24T17:23:41.313-0300][248.442s][info][gc,heap        ] GC(147) PSYoungGen: 131584K->131584K(153088K)
[2019-07-24T17:23:41.313-0300][248.442s][info][gc,heap        ] GC(147) ParOldGen: 297145K->297145K(349696K)
[2019-07-24T17:23:41.313-0300][248.442s][info][gc,metaspace   ] GC(147) Metaspace: 13264K->13264K(1062912K)
[2019-07-24T17:23:41.313-0300][248.443s][info][gc             ] GC(147) Pause Full (Ergonomics) 418M->418M(491M) 1769.066ms
[2019-07-24T17:23:41.313-0300][248.443s][info][gc,cpu         ] GC(147) User=3.48s Sys=0.02s Real=1.77s
[2019-07-24T17:23:41.314-0300][248.444s][info][gc,start       ] GC(148) Pause Full (Ergonomics)
[2019-07-24T17:23:41.314-0300][248.444s][info][gc,phases,start] GC(148) Marking Phase
[2019-07-24T17:23:42.388-0300][249.518s][info][gc,phases      ] GC(148) Marking Phase 1074.209ms
[2019-07-24T17:23:42.388-0300][249.518s][info][gc,phases,start] GC(148) Summary Phase
[2019-07-24T17:23:42.388-0300][249.518s][info][gc,phases      ] GC(148) Summary Phase 0.024ms
[2019-07-24T17:23:42.388-0300][249.518s][info][gc,phases,start] GC(148) Adjust Roots
[2019-07-24T17:23:42.390-0300][249.520s][info][gc,phases      ] GC(148) Adjust Roots 1.611ms
[2019-07-24T17:23:42.390-0300][249.520s][info][gc,phases,start] GC(148) Compaction Phase
[2019-07-24T17:23:42.819-0300][249.948s][info][gc,phases      ] GC(148) Compaction Phase 428.528ms
[2019-07-24T17:23:42.819-0300][249.948s][info][gc,phases,start] GC(148) Post Compact
[2019-07-24T17:23:42.820-0300][249.949s][info][gc,phases      ] GC(148) Post Compact 0.920ms
[2019-07-24T17:23:42.820-0300][249.949s][info][gc,heap        ] GC(148) PSYoungGen: 131584K->131580K(153088K)
[2019-07-24T17:23:42.820-0300][249.949s][info][gc,heap        ] GC(148) ParOldGen: 297148K->297144K(349696K)
[2019-07-24T17:23:42.820-0300][249.949s][info][gc,metaspace   ] GC(148) Metaspace: 13265K->13265K(1062912K)
[2019-07-24T17:23:42.820-0300][249.949s][info][gc             ] GC(148) Pause Full (Ergonomics) 418M->418M(491M) 1505.740ms
[2019-07-24T17:23:42.820-0300][249.949s][info][gc,cpu         ] GC(148) User=3.44s Sys=0.01s Real=1.51s
[2019-07-24T17:23:42.820-0300][249.950s][info][gc,start       ] GC(149) Pause Full (Ergonomics)
[2019-07-24T17:23:42.820-0300][249.950s][info][gc,phases,start] GC(149) Marking Phase
[2019-07-24T17:23:43.807-0300][250.936s][info][gc,phases      ] GC(149) Marking Phase 986.526ms
[2019-07-24T17:23:43.807-0300][250.936s][info][gc,phases,start] GC(149) Summary Phase
[2019-07-24T17:23:43.807-0300][250.936s][info][gc,phases      ] GC(149) Summary Phase 0.032ms
[2019-07-24T17:23:43.807-0300][250.936s][info][gc,phases,start] GC(149) Adjust Roots
[2019-07-24T17:23:43.809-0300][250.938s][info][gc,phases      ] GC(149) Adjust Roots 1.954ms
[2019-07-24T17:23:43.809-0300][250.938s][info][gc,phases,start] GC(149) Compaction Phase
[2019-07-24T17:23:44.275-0300][251.404s][info][gc,phases      ] GC(149) Compaction Phase 465.454ms
[2019-07-24T17:23:44.275-0300][251.404s][info][gc,phases,start] GC(149) Post Compact
[2019-07-24T17:23:44.275-0300][251.405s][info][gc,phases      ] GC(149) Post Compact 0.759ms
[2019-07-24T17:23:44.275-0300][251.405s][info][gc,heap        ] GC(149) PSYoungGen: 131584K->131583K(153088K)
[2019-07-24T17:23:44.275-0300][251.405s][info][gc,heap        ] GC(149) ParOldGen: 297144K->297144K(349696K)
[2019-07-24T17:23:44.275-0300][251.405s][info][gc,metaspace   ] GC(149) Metaspace: 13265K->13265K(1062912K)
[2019-07-24T17:23:44.275-0300][251.405s][info][gc             ] GC(149) Pause Full (Ergonomics) 418M->418M(491M) 1455.082ms
[2019-07-24T17:23:44.275-0300][251.405s][info][gc,cpu         ] GC(149) User=4.06s Sys=0.02s Real=1.45s
[2019-07-24T17:23:44.276-0300][251.405s][info][gc,start       ] GC(150) Pause Full (Ergonomics)
[2019-07-24T17:23:44.276-0300][251.405s][info][gc,phases,start] GC(150) Marking Phase
[2019-07-24T17:23:45.011-0300][252.140s][info][gc,phases      ] GC(150) Marking Phase 735.444ms
[2019-07-24T17:23:45.011-0300][252.140s][info][gc,phases,start] GC(150) Summary Phase
[2019-07-24T17:23:45.011-0300][252.140s][info][gc,phases      ] GC(150) Summary Phase 0.022ms
[2019-07-24T17:23:45.011-0300][252.140s][info][gc,phases,start] GC(150) Adjust Roots
[2019-07-24T17:23:45.013-0300][252.142s][info][gc,phases      ] GC(150) Adjust Roots 1.965ms
[2019-07-24T17:23:45.013-0300][252.143s][info][gc,phases,start] GC(150) Compaction Phase
[2019-07-24T17:23:45.536-0300][252.665s][info][gc,phases      ] GC(150) Compaction Phase 522.645ms
[2019-07-24T17:23:45.536-0300][252.665s][info][gc,phases,start] GC(150) Post Compact
[2019-07-24T17:23:45.537-0300][252.667s][info][gc,phases      ] GC(150) Post Compact 1.332ms
[2019-07-24T17:23:45.538-0300][252.667s][info][gc,heap        ] GC(150) PSYoungGen: 131584K->131584K(153088K)
[2019-07-24T17:23:45.538-0300][252.667s][info][gc,heap        ] GC(150) ParOldGen: 297144K->297143K(349696K)
[2019-07-24T17:23:45.538-0300][252.667s][info][gc,metaspace   ] GC(150) Metaspace: 13265K->13265K(1062912K)
[2019-07-24T17:23:45.538-0300][252.667s][info][gc             ] GC(150) Pause Full (Ergonomics) 418M->418M(491M) 1261.824ms
[2019-07-24T17:23:45.538-0300][252.667s][info][gc,cpu         ] GC(150) User=3.94s Sys=0.02s Real=1.26s
[2019-07-24T17:23:45.538-0300][252.667s][info][gc,start       ] GC(151) Pause Full (Ergonomics)
[2019-07-24T17:23:45.538-0300][252.667s][info][gc,phases,start] GC(151) Marking Phase
[2019-07-24T17:23:46.368-0300][253.497s][info][gc,phases      ] GC(151) Marking Phase 829.819ms
[2019-07-24T17:23:46.368-0300][253.497s][info][gc,phases,start] GC(151) Summary Phase
[2019-07-24T17:23:46.368-0300][253.497s][info][gc,phases      ] GC(151) Summary Phase 0.036ms
[2019-07-24T17:23:46.368-0300][253.497s][info][gc,phases,start] GC(151) Adjust Roots
[2019-07-24T17:23:46.370-0300][253.499s][info][gc,phases      ] GC(151) Adjust Roots 1.529ms
[2019-07-24T17:23:46.370-0300][253.499s][info][gc,phases,start] GC(151) Compaction Phase
[2019-07-24T17:23:46.667-0300][253.796s][info][gc,phases      ] GC(151) Compaction Phase 297.260ms
[2019-07-24T17:23:46.667-0300][253.796s][info][gc,phases,start] GC(151) Post Compact
[2019-07-24T17:23:46.668-0300][253.797s][info][gc,phases      ] GC(151) Post Compact 0.840ms
[2019-07-24T17:23:46.668-0300][253.797s][info][gc,heap        ] GC(151) PSYoungGen: 131584K->131583K(153088K)
[2019-07-24T17:23:46.668-0300][253.797s][info][gc,heap        ] GC(151) ParOldGen: 297145K->297145K(349696K)
[2019-07-24T17:23:46.668-0300][253.797s][info][gc,metaspace   ] GC(151) Metaspace: 13266K->13266K(1062912K)
[2019-07-24T17:23:46.668-0300][253.797s][info][gc             ] GC(151) Pause Full (Ergonomics) 418M->418M(491M) 1129.862ms
[2019-07-24T17:23:46.668-0300][253.797s][info][gc,cpu         ] GC(151) User=3.47s Sys=0.02s Real=1.13s
[2019-07-24T17:23:46.668-0300][253.797s][info][gc,start       ] GC(152) Pause Full (Ergonomics)
[2019-07-24T17:23:46.668-0300][253.797s][info][gc,phases,start] GC(152) Marking Phase
[2019-07-24T17:23:47.426-0300][254.554s][info][gc,phases      ] GC(152) Marking Phase 757.421ms
[2019-07-24T17:23:47.426-0300][254.555s][info][gc,phases,start] GC(152) Summary Phase
[2019-07-24T17:23:47.426-0300][254.555s][info][gc,phases      ] GC(152) Summary Phase 0.022ms
[2019-07-24T17:23:47.426-0300][254.555s][info][gc,phases,start] GC(152) Adjust Roots
[2019-07-24T17:23:47.427-0300][254.556s][info][gc,phases      ] GC(152) Adjust Roots 1.571ms
[2019-07-24T17:23:47.427-0300][254.556s][info][gc,phases,start] GC(152) Compaction Phase
[2019-07-24T17:23:47.725-0300][254.854s][info][gc,phases      ] GC(152) Compaction Phase 297.962ms
[2019-07-24T17:23:47.725-0300][254.854s][info][gc,phases,start] GC(152) Post Compact
[2019-07-24T17:23:47.726-0300][254.855s][info][gc,phases      ] GC(152) Post Compact 0.769ms
[2019-07-24T17:23:47.726-0300][254.855s][info][gc,heap        ] GC(152) PSYoungGen: 131584K->131584K(153088K)
[2019-07-24T17:23:47.726-0300][254.855s][info][gc,heap        ] GC(152) ParOldGen: 297145K->297145K(349696K)
[2019-07-24T17:23:47.726-0300][254.855s][info][gc,metaspace   ] GC(152) Metaspace: 13266K->13266K(1062912K)
[2019-07-24T17:23:47.726-0300][254.855s][info][gc             ] GC(152) Pause Full (Ergonomics) 418M->418M(491M) 1058.092ms
[2019-07-24T17:23:47.726-0300][254.855s][info][gc,cpu         ] GC(152) User=3.47s Sys=0.01s Real=1.06s
[2019-07-24T17:23:47.727-0300][254.856s][info][gc,start       ] GC(153) Pause Full (Ergonomics)
[2019-07-24T17:23:47.727-0300][254.856s][info][gc,phases,start] GC(153) Marking Phase
[2019-07-24T17:23:48.506-0300][255.634s][info][gc,phases      ] GC(153) Marking Phase 778.819ms
[2019-07-24T17:23:48.506-0300][255.634s][info][gc,phases,start] GC(153) Summary Phase
[2019-07-24T17:23:48.506-0300][255.635s][info][gc,phases      ] GC(153) Summary Phase 0.024ms
[2019-07-24T17:23:48.506-0300][255.635s][info][gc,phases,start] GC(153) Adjust Roots
[2019-07-24T17:23:48.507-0300][255.636s][info][gc,phases      ] GC(153) Adjust Roots 1.506ms
[2019-07-24T17:23:48.507-0300][255.636s][info][gc,phases,start] GC(153) Compaction Phase
[2019-07-24T17:23:48.806-0300][255.935s][info][gc,phases      ] GC(153) Compaction Phase 299.067ms
[2019-07-24T17:23:48.806-0300][255.935s][info][gc,phases,start] GC(153) Post Compact
[2019-07-24T17:23:48.807-0300][255.936s][info][gc,phases      ] GC(153) Post Compact 0.903ms
[2019-07-24T17:23:48.807-0300][255.936s][info][gc,heap        ] GC(153) PSYoungGen: 131584K->131584K(153088K)
[2019-07-24T17:23:48.808-0300][255.936s][info][gc,heap        ] GC(153) ParOldGen: 297148K->297148K(349696K)
[2019-07-24T17:23:48.808-0300][255.936s][info][gc,metaspace   ] GC(153) Metaspace: 13267K->13267K(1062912K)
[2019-07-24T17:23:48.808-0300][255.936s][info][gc             ] GC(153) Pause Full (Ergonomics) 418M->418M(491M) 1080.809ms
[2019-07-24T17:23:48.808-0300][255.936s][info][gc,cpu         ] GC(153) User=3.53s Sys=0.02s Real=1.08s
[2019-07-24T17:23:48.808-0300][255.937s][info][gc,start       ] GC(154) Pause Full (Ergonomics)
[2019-07-24T17:23:48.808-0300][255.937s][info][gc,phases,start] GC(154) Marking Phase
[2019-07-24T17:23:49.744-0300][256.873s][info][gc,phases      ] GC(154) Marking Phase 935.862ms
[2019-07-24T17:23:49.745-0300][256.874s][info][gc,phases,start] GC(154) Summary Phase
[2019-07-24T17:23:49.745-0300][256.874s][info][gc,phases      ] GC(154) Summary Phase 0.070ms
[2019-07-24T17:23:49.745-0300][256.874s][info][gc,phases,start] GC(154) Adjust Roots
[2019-07-24T17:23:49.749-0300][256.877s][info][gc,phases      ] GC(154) Adjust Roots 3.195ms
[2019-07-24T17:23:49.749-0300][256.877s][info][gc,phases,start] GC(154) Compaction Phase
[2019-07-24T17:23:50.045-0300][257.174s][info][gc,phases      ] GC(154) Compaction Phase 296.364ms
[2019-07-24T17:23:50.045-0300][257.174s][info][gc,phases,start] GC(154) Post Compact
[2019-07-24T17:23:50.046-0300][257.175s][info][gc,phases      ] GC(154) Post Compact 0.770ms
[2019-07-24T17:23:50.046-0300][257.175s][info][gc,heap        ] GC(154) PSYoungGen: 131584K->131584K(153088K)
[2019-07-24T17:23:50.046-0300][257.175s][info][gc,heap        ] GC(154) ParOldGen: 297150K->297150K(349696K)
[2019-07-24T17:23:50.046-0300][257.175s][info][gc,metaspace   ] GC(154) Metaspace: 13267K->13267K(1062912K)
[2019-07-24T17:23:50.046-0300][257.175s][info][gc             ] GC(154) Pause Full (Ergonomics) 418M->418M(491M) 1237.978ms
[2019-07-24T17:23:50.046-0300][257.175s][info][gc,cpu         ] GC(154) User=3.44s Sys=0.02s Real=1.24s
[2019-07-24T17:23:50.046-0300][257.175s][info][gc,start       ] GC(155) Pause Full (Ergonomics)
[2019-07-24T17:23:50.046-0300][257.175s][info][gc,phases,start] GC(155) Marking Phase
[2019-07-24T17:23:51.294-0300][258.423s][info][gc,phases      ] GC(155) Marking Phase 1247.943ms
[2019-07-24T17:23:51.295-0300][258.423s][info][gc,phases,start] GC(155) Summary Phase
[2019-07-24T17:23:51.295-0300][258.423s][info][gc,phases      ] GC(155) Summary Phase 0.058ms
[2019-07-24T17:23:51.295-0300][258.423s][info][gc,phases,start] GC(155) Adjust Roots
[2019-07-24T17:23:51.297-0300][258.426s][info][gc,phases      ] GC(155) Adjust Roots 2.641ms
[2019-07-24T17:23:51.297-0300][258.426s][info][gc,phases,start] GC(155) Compaction Phase
[2019-07-24T17:23:51.969-0300][259.097s][info][gc,phases      ] GC(155) Compaction Phase 671.324ms
[2019-07-24T17:23:51.972-0300][259.101s][info][gc,phases,start] GC(155) Post Compact
[2019-07-24T17:23:51.973-0300][259.102s][info][gc,phases      ] GC(155) Post Compact 0.878ms
[2019-07-24T17:23:51.973-0300][259.102s][info][gc,heap        ] GC(155) PSYoungGen: 131584K->131584K(153088K)
[2019-07-24T17:23:51.973-0300][259.102s][info][gc,heap        ] GC(155) ParOldGen: 297151K->297151K(349696K)
[2019-07-24T17:23:51.973-0300][259.102s][info][gc,metaspace   ] GC(155) Metaspace: 13268K->13268K(1062912K)
[2019-07-24T17:23:51.973-0300][259.102s][info][gc             ] GC(155) Pause Full (Ergonomics) 418M->418M(491M) 1926.987ms
[2019-07-24T17:23:51.973-0300][259.102s][info][gc,cpu         ] GC(155) User=3.84s Sys=0.03s Real=1.93s
[2019-07-24T17:23:51.974-0300][259.102s][info][gc,start       ] GC(156) Pause Full (Ergonomics)
[2019-07-24T17:23:51.974-0300][259.102s][info][gc,phases,start] GC(156) Marking Phase
[2019-07-24T17:23:53.230-0300][260.359s][info][gc,phases      ] GC(156) Marking Phase 1256.462ms
[2019-07-24T17:23:53.230-0300][260.359s][info][gc,phases,start] GC(156) Summary Phase
[2019-07-24T17:23:53.230-0300][260.359s][info][gc,phases      ] GC(156) Summary Phase 0.023ms
[2019-07-24T17:23:53.230-0300][260.359s][info][gc,phases,start] GC(156) Adjust Roots
[2019-07-24T17:23:53.232-0300][260.360s][info][gc,phases      ] GC(156) Adjust Roots 1.496ms
[2019-07-24T17:23:53.232-0300][260.360s][info][gc,phases,start] GC(156) Compaction Phase
[2019-07-24T17:23:53.691-0300][260.819s][info][gc,phases      ] GC(156) Compaction Phase 458.672ms
[2019-07-24T17:23:53.691-0300][260.819s][info][gc,phases,start] GC(156) Post Compact
[2019-07-24T17:23:53.692-0300][260.820s][info][gc,phases      ] GC(156) Post Compact 0.924ms
[2019-07-24T17:23:53.692-0300][260.820s][info][gc,heap        ] GC(156) PSYoungGen: 131584K->131584K(153088K)
[2019-07-24T17:23:53.692-0300][260.820s][info][gc,heap        ] GC(156) ParOldGen: 297153K->297153K(349696K)
[2019-07-24T17:23:53.692-0300][260.820s][info][gc,metaspace   ] GC(156) Metaspace: 13268K->13268K(1062912K)
[2019-07-24T17:23:53.692-0300][260.820s][info][gc             ] GC(156) Pause Full (Ergonomics) 418M->418M(491M) 1718.027ms
[2019-07-24T17:23:53.692-0300][260.820s][info][gc,cpu         ] GC(156) User=3.54s Sys=0.03s Real=1.72s
[2019-07-24T17:23:53.692-0300][260.820s][info][gc,start       ] GC(157) Pause Full (Ergonomics)
[2019-07-24T17:23:53.692-0300][260.820s][info][gc,phases,start] GC(157) Marking Phase
[2019-07-24T17:23:54.719-0300][261.848s][info][gc,phases      ] GC(157) Marking Phase 1027.023ms
[2019-07-24T17:23:54.719-0300][261.848s][info][gc,phases,start] GC(157) Summary Phase
[2019-07-24T17:23:54.719-0300][261.848s][info][gc,phases      ] GC(157) Summary Phase 0.023ms
[2019-07-24T17:23:54.719-0300][261.848s][info][gc,phases,start] GC(157) Adjust Roots
[2019-07-24T17:23:54.721-0300][261.850s][info][gc,phases      ] GC(157) Adjust Roots 1.938ms
[2019-07-24T17:23:54.721-0300][261.850s][info][gc,phases,start] GC(157) Compaction Phase
[2019-07-24T17:23:55.226-0300][262.354s][info][gc,phases      ] GC(157) Compaction Phase 504.651ms
[2019-07-24T17:23:55.226-0300][262.354s][info][gc,phases,start] GC(157) Post Compact
[2019-07-24T17:23:55.227-0300][262.355s][info][gc,phases      ] GC(157) Post Compact 0.775ms
[2019-07-24T17:23:55.227-0300][262.355s][info][gc,heap        ] GC(157) PSYoungGen: 131584K->131584K(153088K)
[2019-07-24T17:23:55.227-0300][262.355s][info][gc,heap        ] GC(157) ParOldGen: 297155K->297155K(349696K)
[2019-07-24T17:23:55.227-0300][262.355s][info][gc,metaspace   ] GC(157) Metaspace: 13268K->13268K(1062912K)
[2019-07-24T17:23:55.227-0300][262.355s][info][gc             ] GC(157) Pause Full (Ergonomics) 418M->418M(491M) 1534.792ms
[2019-07-24T17:23:55.227-0300][262.355s][info][gc,cpu         ] GC(157) User=3.84s Sys=0.02s Real=1.53s
[2019-07-24T17:23:55.228-0300][262.356s][info][gc,start       ] GC(158) Pause Full (Ergonomics)
[2019-07-24T17:23:55.228-0300][262.356s][info][gc,phases,start] GC(158) Marking Phase
[2019-07-24T17:23:55.991-0300][263.119s][info][gc,phases      ] GC(158) Marking Phase 763.188ms
[2019-07-24T17:23:55.991-0300][263.119s][info][gc,phases,start] GC(158) Summary Phase
[2019-07-24T17:23:55.991-0300][263.119s][info][gc,phases      ] GC(158) Summary Phase 0.022ms
[2019-07-24T17:23:55.991-0300][263.119s][info][gc,phases,start] GC(158) Adjust Roots
[2019-07-24T17:23:55.993-0300][263.121s][info][gc,phases      ] GC(158) Adjust Roots 2.281ms
[2019-07-24T17:23:55.993-0300][263.121s][info][gc,phases,start] GC(158) Compaction Phase
[2019-07-24T17:23:56.489-0300][263.617s][info][gc,phases      ] GC(158) Compaction Phase 495.965ms
[2019-07-24T17:23:56.489-0300][263.617s][info][gc,phases,start] GC(158) Post Compact
[2019-07-24T17:23:56.490-0300][263.618s][info][gc,phases      ] GC(158) Post Compact 0.843ms
[2019-07-24T17:23:56.490-0300][263.618s][info][gc,heap        ] GC(158) PSYoungGen: 131584K->131583K(153088K)
[2019-07-24T17:23:56.490-0300][263.618s][info][gc,heap        ] GC(158) ParOldGen: 297158K->297154K(349696K)
[2019-07-24T17:23:56.490-0300][263.618s][info][gc,metaspace   ] GC(158) Metaspace: 13269K->13269K(1062912K)
[2019-07-24T17:23:56.490-0300][263.618s][info][gc             ] GC(158) Pause Full (Ergonomics) 418M->418M(491M) 1262.692ms
[2019-07-24T17:23:56.490-0300][263.618s][info][gc,cpu         ] GC(158) User=4.00s Sys=0.03s Real=1.27s
[2019-07-24T17:23:56.491-0300][263.619s][info][gc,start       ] GC(159) Pause Full (Ergonomics)
[2019-07-24T17:23:56.491-0300][263.619s][info][gc,phases,start] GC(159) Marking Phase
[2019-07-24T17:23:57.258-0300][264.386s][info][gc,phases      ] GC(159) Marking Phase 766.940ms
[2019-07-24T17:23:57.258-0300][264.386s][info][gc,phases,start] GC(159) Summary Phase
[2019-07-24T17:23:57.258-0300][264.386s][info][gc,phases      ] GC(159) Summary Phase 0.023ms
[2019-07-24T17:23:57.258-0300][264.386s][info][gc,phases,start] GC(159) Adjust Roots
[2019-07-24T17:23:57.259-0300][264.387s][info][gc,phases      ] GC(159) Adjust Roots 1.799ms
[2019-07-24T17:23:57.260-0300][264.388s][info][gc,phases,start] GC(159) Compaction Phase
[2019-07-24T17:23:57.694-0300][264.822s][info][gc,phases      ] GC(159) Compaction Phase 434.744ms
[2019-07-24T17:23:57.694-0300][264.822s][info][gc,phases,start] GC(159) Post Compact
[2019-07-24T17:23:57.695-0300][264.823s][info][gc,phases      ] GC(159) Post Compact 0.919ms
[2019-07-24T17:23:57.696-0300][264.824s][info][gc,heap        ] GC(159) PSYoungGen: 131584K->131584K(153088K)
[2019-07-24T17:23:57.696-0300][264.824s][info][gc,heap        ] GC(159) ParOldGen: 297156K->297156K(349696K)
[2019-07-24T17:23:57.696-0300][264.824s][info][gc,metaspace   ] GC(159) Metaspace: 13270K->13270K(1062912K)
[2019-07-24T17:23:57.696-0300][264.824s][info][gc             ] GC(159) Pause Full (Ergonomics) 418M->418M(491M) 1205.158ms
[2019-07-24T17:23:57.696-0300][264.824s][info][gc,cpu         ] GC(159) User=4.03s Sys=0.01s Real=1.20s
[2019-07-24T17:23:57.697-0300][264.825s][info][gc,start       ] GC(160) Pause Full (Ergonomics)
[2019-07-24T17:23:57.697-0300][264.825s][info][gc,phases,start] GC(160) Marking Phase
[2019-07-24T17:23:58.443-0300][265.571s][info][gc,phases      ] GC(160) Marking Phase 745.506ms
[2019-07-24T17:23:58.443-0300][265.571s][info][gc,phases,start] GC(160) Summary Phase
[2019-07-24T17:23:58.443-0300][265.571s][info][gc,phases      ] GC(160) Summary Phase 0.023ms
[2019-07-24T17:23:58.443-0300][265.571s][info][gc,phases,start] GC(160) Adjust Roots
[2019-07-24T17:23:58.444-0300][265.572s][info][gc,phases      ] GC(160) Adjust Roots 1.543ms
[2019-07-24T17:23:58.444-0300][265.572s][info][gc,phases,start] GC(160) Compaction Phase
[2019-07-24T17:23:58.737-0300][265.865s][info][gc,phases      ] GC(160) Compaction Phase 292.721ms
[2019-07-24T17:23:58.737-0300][265.865s][info][gc,phases,start] GC(160) Post Compact
[2019-07-24T17:23:58.738-0300][265.866s][info][gc,phases      ] GC(160) Post Compact 0.765ms
[2019-07-24T17:23:58.738-0300][265.866s][info][gc,heap        ] GC(160) PSYoungGen: 131584K->131584K(153088K)
[2019-07-24T17:23:58.738-0300][265.866s][info][gc,heap        ] GC(160) ParOldGen: 297162K->297158K(349696K)
[2019-07-24T17:23:58.738-0300][265.866s][info][gc,metaspace   ] GC(160) Metaspace: 13271K->13271K(1062912K)
[2019-07-24T17:23:58.738-0300][265.866s][info][gc             ] GC(160) Pause Full (Ergonomics) 418M->418M(491M) 1041.200ms
[2019-07-24T17:23:58.738-0300][265.866s][info][gc,cpu         ] GC(160) User=3.49s Sys=0.02s Real=1.04s
[2019-07-24T17:23:58.738-0300][265.866s][info][gc,start       ] GC(161) Pause Full (Ergonomics)
[2019-07-24T17:23:58.738-0300][265.866s][info][gc,phases,start] GC(161) Marking Phase
[2019-07-24T17:23:59.874-0300][267.002s][info][gc,phases      ] GC(161) Marking Phase 1135.659ms
[2019-07-24T17:23:59.874-0300][267.002s][info][gc,phases,start] GC(161) Summary Phase
[2019-07-24T17:23:59.874-0300][267.002s][info][gc,phases      ] GC(161) Summary Phase 0.042ms
[2019-07-24T17:23:59.874-0300][267.002s][info][gc,phases,start] GC(161) Adjust Roots
[2019-07-24T17:23:59.876-0300][267.004s][info][gc,phases      ] GC(161) Adjust Roots 2.294ms
[2019-07-24T17:23:59.877-0300][267.004s][info][gc,phases,start] GC(161) Compaction Phase
[2019-07-24T17:24:00.276-0300][267.404s][info][gc,phases      ] GC(161) Compaction Phase 399.575ms
[2019-07-24T17:24:00.276-0300][267.404s][info][gc,phases,start] GC(161) Post Compact
[2019-07-24T17:24:00.277-0300][267.405s][info][gc,phases      ] GC(161) Post Compact 0.821ms
[2019-07-24T17:24:00.277-0300][267.405s][info][gc,heap        ] GC(161) PSYoungGen: 131584K->131584K(153088K)
[2019-07-24T17:24:00.277-0300][267.405s][info][gc,heap        ] GC(161) ParOldGen: 297160K->297158K(349696K)
[2019-07-24T17:24:00.277-0300][267.405s][info][gc,metaspace   ] GC(161) Metaspace: 13271K->13271K(1062912K)
[2019-07-24T17:24:00.277-0300][267.405s][info][gc             ] GC(161) Pause Full (Ergonomics) 418M->418M(491M) 1538.801ms
[2019-07-24T17:24:00.277-0300][267.405s][info][gc,cpu         ] GC(161) User=3.48s Sys=0.01s Real=1.54s
[2019-07-24T17:24:00.277-0300][267.405s][info][gc,start       ] GC(162) Pause Full (Ergonomics)
[2019-07-24T17:24:00.277-0300][267.405s][info][gc,phases,start] GC(162) Marking Phase
[2019-07-24T17:24:01.219-0300][268.347s][info][gc,phases      ] GC(162) Marking Phase 941.349ms
[2019-07-24T17:24:01.219-0300][268.347s][info][gc,phases,start] GC(162) Summary Phase
[2019-07-24T17:24:01.219-0300][268.347s][info][gc,phases      ] GC(162) Summary Phase 0.028ms
[2019-07-24T17:24:01.219-0300][268.347s][info][gc,phases,start] GC(162) Adjust Roots
[2019-07-24T17:24:01.220-0300][268.348s][info][gc,phases      ] GC(162) Adjust Roots 1.507ms
[2019-07-24T17:24:01.221-0300][268.348s][info][gc,phases,start] GC(162) Compaction Phase
[2019-07-24T17:24:01.550-0300][268.678s][info][gc,phases      ] GC(162) Compaction Phase 329.614ms
[2019-07-24T17:24:01.550-0300][268.678s][info][gc,phases,start] GC(162) Post Compact
[2019-07-24T17:24:01.551-0300][268.679s][info][gc,phases      ] GC(162) Post Compact 0.808ms
[2019-07-24T17:24:01.551-0300][268.679s][info][gc,heap        ] GC(162) PSYoungGen: 131584K->131584K(153088K)
[2019-07-24T17:24:01.551-0300][268.679s][info][gc,heap        ] GC(162) ParOldGen: 297162K->297159K(349696K)
[2019-07-24T17:24:01.551-0300][268.679s][info][gc,metaspace   ] GC(162) Metaspace: 13271K->13271K(1062912K)
[2019-07-24T17:24:01.551-0300][268.679s][info][gc             ] GC(162) Pause Full (Ergonomics) 418M->418M(491M) 1273.658ms
[2019-07-24T17:24:01.551-0300][268.679s][info][gc,cpu         ] GC(162) User=3.54s Sys=0.02s Real=1.28s
[2019-07-24T17:24:01.551-0300][268.679s][info][gc,start       ] GC(163) Pause Full (Ergonomics)
[2019-07-24T17:24:01.551-0300][268.679s][info][gc,phases,start] GC(163) Marking Phase
[2019-07-24T17:24:02.324-0300][269.451s][info][gc,phases      ] GC(163) Marking Phase 772.172ms
[2019-07-24T17:24:02.324-0300][269.451s][info][gc,phases,start] GC(163) Summary Phase
[2019-07-24T17:24:02.324-0300][269.451s][info][gc,phases      ] GC(163) Summary Phase 0.024ms
[2019-07-24T17:24:02.324-0300][269.451s][info][gc,phases,start] GC(163) Adjust Roots
[2019-07-24T17:24:02.325-0300][269.453s][info][gc,phases      ] GC(163) Adjust Roots 1.548ms
[2019-07-24T17:24:02.325-0300][269.453s][info][gc,phases,start] GC(163) Compaction Phase
[2019-07-24T17:24:02.626-0300][269.754s][info][gc,phases      ] GC(163) Compaction Phase 300.649ms
[2019-07-24T17:24:02.626-0300][269.754s][info][gc,phases,start] GC(163) Post Compact
[2019-07-24T17:24:02.627-0300][269.755s][info][gc,phases      ] GC(163) Post Compact 0.879ms
[2019-07-24T17:24:02.627-0300][269.755s][info][gc,heap        ] GC(163) PSYoungGen: 131584K->131584K(153088K)
[2019-07-24T17:24:02.627-0300][269.755s][info][gc,heap        ] GC(163) ParOldGen: 297161K->297161K(349696K)
[2019-07-24T17:24:02.627-0300][269.755s][info][gc,metaspace   ] GC(163) Metaspace: 13271K->13271K(1062912K)
[2019-07-24T17:24:02.627-0300][269.755s][info][gc             ] GC(163) Pause Full (Ergonomics) 418M->418M(491M) 1075.599ms
[2019-07-24T17:24:02.627-0300][269.755s][info][gc,cpu         ] GC(163) User=3.51s Sys=0.01s Real=1.07s
[2019-07-24T17:24:02.627-0300][269.755s][info][gc,start       ] GC(164) Pause Full (Ergonomics)
[2019-07-24T17:24:02.627-0300][269.755s][info][gc,phases,start] GC(164) Marking Phase
[2019-07-24T17:24:03.470-0300][270.598s][info][gc,phases      ] GC(164) Marking Phase 843.030ms
[2019-07-24T17:24:03.471-0300][270.598s][info][gc,phases,start] GC(164) Summary Phase
[2019-07-24T17:24:03.471-0300][270.598s][info][gc,phases      ] GC(164) Summary Phase 0.036ms
[2019-07-24T17:24:03.471-0300][270.598s][info][gc,phases,start] GC(164) Adjust Roots
[2019-07-24T17:24:03.473-0300][270.600s][info][gc,phases      ] GC(164) Adjust Roots 1.963ms
[2019-07-24T17:24:03.473-0300][270.600s][info][gc,phases,start] GC(164) Compaction Phase
[2019-07-24T17:24:03.762-0300][270.889s][info][gc,phases      ] GC(164) Compaction Phase 288.967ms
[2019-07-24T17:24:03.762-0300][270.889s][info][gc,phases,start] GC(164) Post Compact
[2019-07-24T17:24:03.763-0300][270.890s][info][gc,phases      ] GC(164) Post Compact 0.915ms
[2019-07-24T17:24:03.763-0300][270.890s][info][gc,heap        ] GC(164) PSYoungGen: 131584K->131584K(153088K)
[2019-07-24T17:24:03.763-0300][270.890s][info][gc,heap        ] GC(164) ParOldGen: 297162K->297162K(349696K)
[2019-07-24T17:24:03.763-0300][270.890s][info][gc,metaspace   ] GC(164) Metaspace: 13271K->13271K(1062912K)
[2019-07-24T17:24:03.763-0300][270.890s][info][gc             ] GC(164) Pause Full (Ergonomics) 418M->418M(491M) 1135.323ms
[2019-07-24T17:24:03.763-0300][270.890s][info][gc,cpu         ] GC(164) User=3.53s Sys=0.02s Real=1.14s
[2019-07-24T17:24:03.763-0300][270.891s][info][gc,start       ] GC(165) Pause Full (Ergonomics)
[2019-07-24T17:24:03.763-0300][270.891s][info][gc,phases,start] GC(165) Marking Phase
[2019-07-24T17:24:04.552-0300][271.680s][info][gc,phases      ] GC(165) Marking Phase 789.057ms
[2019-07-24T17:24:04.552-0300][271.680s][info][gc,phases,start] GC(165) Summary Phase
[2019-07-24T17:24:04.552-0300][271.680s][info][gc,phases      ] GC(165) Summary Phase 0.045ms
[2019-07-24T17:24:04.552-0300][271.680s][info][gc,phases,start] GC(165) Adjust Roots
[2019-07-24T17:24:04.554-0300][271.681s][info][gc,phases      ] GC(165) Adjust Roots 1.612ms
[2019-07-24T17:24:04.554-0300][271.681s][info][gc,phases,start] GC(165) Compaction Phase
[2019-07-24T17:24:04.848-0300][271.975s][info][gc,phases      ] GC(165) Compaction Phase 293.896ms
[2019-07-24T17:24:04.848-0300][271.975s][info][gc,phases,start] GC(165) Post Compact
[2019-07-24T17:24:04.849-0300][271.976s][info][gc,phases      ] GC(165) Post Compact 0.763ms
[2019-07-24T17:24:04.849-0300][271.976s][info][gc,heap        ] GC(165) PSYoungGen: 131584K->131584K(153088K)
[2019-07-24T17:24:04.849-0300][271.976s][info][gc,heap        ] GC(165) ParOldGen: 297164K->297164K(349696K)
[2019-07-24T17:24:04.849-0300][271.976s][info][gc,metaspace   ] GC(165) Metaspace: 13271K->13271K(1062912K)
[2019-07-24T17:24:04.849-0300][271.976s][info][gc             ] GC(165) Pause Full (Ergonomics) 418M->418M(491M) 1085.726ms
[2019-07-24T17:24:04.849-0300][271.976s][info][gc,cpu         ] GC(165) User=3.52s Sys=0.02s Real=1.08s
[2019-07-24T17:24:04.849-0300][271.977s][info][gc,start       ] GC(166) Pause Full (Ergonomics)
[2019-07-24T17:24:04.849-0300][271.977s][info][gc,phases,start] GC(166) Marking Phase
[2019-07-24T17:24:05.603-0300][272.731s][info][gc,phases      ] GC(166) Marking Phase 753.906ms
[2019-07-24T17:24:05.603-0300][272.731s][info][gc,phases,start] GC(166) Summary Phase
[2019-07-24T17:24:05.603-0300][272.731s][info][gc,phases      ] GC(166) Summary Phase 0.024ms
[2019-07-24T17:24:05.603-0300][272.731s][info][gc,phases,start] GC(166) Adjust Roots
[2019-07-24T17:24:05.605-0300][272.732s][info][gc,phases      ] GC(166) Adjust Roots 1.562ms
[2019-07-24T17:24:05.605-0300][272.732s][info][gc,phases,start] GC(166) Compaction Phase
[2019-07-24T17:24:05.900-0300][273.028s][info][gc,phases      ] GC(166) Compaction Phase 295.388ms
[2019-07-24T17:24:05.900-0300][273.028s][info][gc,phases,start] GC(166) Post Compact
[2019-07-24T17:24:05.901-0300][273.028s][info][gc,phases      ] GC(166) Post Compact 0.754ms
[2019-07-24T17:24:05.901-0300][273.029s][info][gc,heap        ] GC(166) PSYoungGen: 131584K->131584K(153088K)
[2019-07-24T17:24:05.901-0300][273.029s][info][gc,heap        ] GC(166) ParOldGen: 297166K->297165K(349696K)
[2019-07-24T17:24:05.901-0300][273.029s][info][gc,metaspace   ] GC(166) Metaspace: 13274K->13274K(1062912K)
[2019-07-24T17:24:05.901-0300][273.029s][info][gc             ] GC(166) Pause Full (Ergonomics) 418M->418M(491M) 1051.976ms
[2019-07-24T17:24:05.901-0300][273.029s][info][gc,cpu         ] GC(166) User=3.49s Sys=0.01s Real=1.06s
[2019-07-24T17:24:05.901-0300][273.029s][info][gc,start       ] GC(167) Pause Full (Ergonomics)
[2019-07-24T17:24:05.901-0300][273.029s][info][gc,phases,start] GC(167) Marking Phase
[2019-07-24T17:24:06.641-0300][273.768s][info][gc,phases      ] GC(167) Marking Phase 739.328ms
[2019-07-24T17:24:06.642-0300][273.770s][info][gc,phases,start] GC(167) Summary Phase
[2019-07-24T17:24:06.642-0300][273.770s][info][gc,phases      ] GC(167) Summary Phase 0.051ms
[2019-07-24T17:24:06.642-0300][273.770s][info][gc,phases,start] GC(167) Adjust Roots
[2019-07-24T17:24:06.645-0300][273.772s][info][gc,phases      ] GC(167) Adjust Roots 2.304ms
[2019-07-24T17:24:06.645-0300][273.772s][info][gc,phases,start] GC(167) Compaction Phase
[2019-07-24T17:24:07.090-0300][274.217s][info][gc,phases      ] GC(167) Compaction Phase 444.978ms
[2019-07-24T17:24:07.090-0300][274.217s][info][gc,phases,start] GC(167) Post Compact
[2019-07-24T17:24:07.090-0300][274.218s][info][gc,phases      ] GC(167) Post Compact 0.775ms
[2019-07-24T17:24:07.090-0300][274.218s][info][gc,heap        ] GC(167) PSYoungGen: 131584K->131584K(153088K)
[2019-07-24T17:24:07.090-0300][274.218s][info][gc,heap        ] GC(167) ParOldGen: 297167K->297165K(349696K)
[2019-07-24T17:24:07.091-0300][274.218s][info][gc,metaspace   ] GC(167) Metaspace: 13274K->13271K(1062912K)
[2019-07-24T17:24:07.091-0300][274.218s][info][gc             ] GC(167) Pause Full (Ergonomics) 418M->418M(491M) 1189.089ms
[2019-07-24T17:24:07.091-0300][274.218s][info][gc,cpu         ] GC(167) User=4.03s Sys=0.02s Real=1.19s
[2019-07-24T17:24:07.091-0300][274.218s][info][gc,start       ] GC(168) Pause Full (Ergonomics)
[2019-07-24T17:24:07.091-0300][274.218s][info][gc,phases,start] GC(168) Marking Phase
[2019-07-24T17:24:08.173-0300][275.300s][info][gc,phases      ] GC(168) Marking Phase 1081.737ms
[2019-07-24T17:24:08.173-0300][275.300s][info][gc,phases,start] GC(168) Summary Phase
[2019-07-24T17:24:08.173-0300][275.300s][info][gc,phases      ] GC(168) Summary Phase 0.026ms
[2019-07-24T17:24:08.173-0300][275.300s][info][gc,phases,start] GC(168) Adjust Roots
[2019-07-24T17:24:08.175-0300][275.302s][info][gc,phases      ] GC(168) Adjust Roots 2.191ms
[2019-07-24T17:24:08.175-0300][275.302s][info][gc,phases,start] GC(168) Compaction Phase
[2019-07-24T17:24:08.646-0300][275.773s][info][gc,phases      ] GC(168) Compaction Phase 470.563ms
[2019-07-24T17:24:08.646-0300][275.773s][info][gc,phases,start] GC(168) Post Compact
[2019-07-24T17:24:08.647-0300][275.774s][info][gc,phases      ] GC(168) Post Compact 1.086ms
[2019-07-24T17:24:08.647-0300][275.774s][info][gc,heap        ] GC(168) PSYoungGen: 131584K->131584K(153088K)
[2019-07-24T17:24:08.647-0300][275.774s][info][gc,heap        ] GC(168) ParOldGen: 297167K->297161K(349696K)
[2019-07-24T17:24:08.647-0300][275.774s][info][gc,metaspace   ] GC(168) Metaspace: 13272K->13260K(1062912K)
[2019-07-24T17:24:08.647-0300][275.774s][info][gc             ] GC(168) Pause Full (Ergonomics) 418M->418M(491M) 1556.036ms
[2019-07-24T17:24:08.647-0300][275.774s][info][gc,cpu         ] GC(168) User=4.02s Sys=0.02s Real=1.55s
[2019-07-24T17:24:08.647-0300][275.774s][info][gc,start       ] GC(169) Pause Full (Ergonomics)
[2019-07-24T17:24:08.647-0300][275.774s][info][gc,phases,start] GC(169) Marking Phase
[2019-07-24T17:24:09.413-0300][276.540s][info][gc,phases      ] GC(169) Marking Phase 765.387ms
[2019-07-24T17:24:09.413-0300][276.540s][info][gc,phases,start] GC(169) Summary Phase
[2019-07-24T17:24:09.413-0300][276.540s][info][gc,phases      ] GC(169) Summary Phase 0.041ms
[2019-07-24T17:24:09.413-0300][276.540s][info][gc,phases,start] GC(169) Adjust Roots
[2019-07-24T17:24:09.415-0300][276.542s][info][gc,phases      ] GC(169) Adjust Roots 1.852ms
[2019-07-24T17:24:09.415-0300][276.542s][info][gc,phases,start] GC(169) Compaction Phase
[2019-07-24T17:24:09.710-0300][276.837s][info][gc,phases      ] GC(169) Compaction Phase 295.394ms
[2019-07-24T17:24:09.710-0300][276.837s][info][gc,phases,start] GC(169) Post Compact
[2019-07-24T17:24:09.711-0300][276.838s][info][gc,phases      ] GC(169) Post Compact 0.751ms
[2019-07-24T17:24:09.711-0300][276.838s][info][gc,heap        ] GC(169) PSYoungGen: 131584K->131584K(153088K)
[2019-07-24T17:24:09.711-0300][276.838s][info][gc,heap        ] GC(169) ParOldGen: 297162K->297162K(349696K)
[2019-07-24T17:24:09.711-0300][276.838s][info][gc,metaspace   ] GC(169) Metaspace: 13260K->13260K(1062912K)
[2019-07-24T17:24:09.711-0300][276.838s][info][gc             ] GC(169) Pause Full (Ergonomics) 418M->418M(491M) 1063.812ms
[2019-07-24T17:24:09.711-0300][276.838s][info][gc,cpu         ] GC(169) User=3.44s Sys=0.02s Real=1.07s
[2019-07-24T17:24:09.711-0300][276.838s][info][gc,start       ] GC(170) Pause Full (Ergonomics)
[2019-07-24T17:24:09.711-0300][276.838s][info][gc,phases,start] GC(170) Marking Phase
[2019-07-24T17:24:10.461-0300][277.589s][info][gc,phases      ] GC(170) Marking Phase 750.050ms
[2019-07-24T17:24:10.461-0300][277.589s][info][gc,phases,start] GC(170) Summary Phase
[2019-07-24T17:24:10.461-0300][277.589s][info][gc,phases      ] GC(170) Summary Phase 0.022ms
[2019-07-24T17:24:10.461-0300][277.589s][info][gc,phases,start] GC(170) Adjust Roots
[2019-07-24T17:24:10.463-0300][277.590s][info][gc,phases      ] GC(170) Adjust Roots 1.524ms
[2019-07-24T17:24:10.463-0300][277.590s][info][gc,phases,start] GC(170) Compaction Phase
[2019-07-24T17:24:10.767-0300][277.894s][info][gc,phases      ] GC(170) Compaction Phase 304.184ms
[2019-07-24T17:24:10.767-0300][277.894s][info][gc,phases,start] GC(170) Post Compact
[2019-07-24T17:24:10.768-0300][277.895s][info][gc,phases      ] GC(170) Post Compact 0.753ms
[2019-07-24T17:24:10.768-0300][277.895s][info][gc,heap        ] GC(170) PSYoungGen: 131584K->131584K(153088K)
[2019-07-24T17:24:10.768-0300][277.895s][info][gc,heap        ] GC(170) ParOldGen: 297164K->297164K(349696K)
[2019-07-24T17:24:10.768-0300][277.895s][info][gc,metaspace   ] GC(170) Metaspace: 13260K->13260K(1062912K)
[2019-07-24T17:24:10.768-0300][277.895s][info][gc             ] GC(170) Pause Full (Ergonomics) 418M->418M(491M) 1056.890ms
[2019-07-24T17:24:10.768-0300][277.895s][info][gc,cpu         ] GC(170) User=3.44s Sys=0.02s Real=1.05s
[2019-07-24T17:24:10.768-0300][277.896s][info][gc,start       ] GC(171) Pause Full (Ergonomics)
[2019-07-24T17:24:10.768-0300][277.896s][info][gc,phases,start] GC(171) Marking Phase
[2019-07-24T17:24:11.525-0300][278.652s][info][gc,phases      ] GC(171) Marking Phase 756.404ms
[2019-07-24T17:24:11.525-0300][278.652s][info][gc,phases,start] GC(171) Summary Phase
[2019-07-24T17:24:11.525-0300][278.652s][info][gc,phases      ] GC(171) Summary Phase 0.022ms
[2019-07-24T17:24:11.525-0300][278.652s][info][gc,phases,start] GC(171) Adjust Roots
[2019-07-24T17:24:11.526-0300][278.654s][info][gc,phases      ] GC(171) Adjust Roots 1.481ms
[2019-07-24T17:24:11.527-0300][278.654s][info][gc,phases,start] GC(171) Compaction Phase
[2019-07-24T17:24:12.257-0300][279.384s][info][gc,phases      ] GC(171) Compaction Phase 730.253ms
[2019-07-24T17:24:12.258-0300][279.385s][info][gc,phases,start] GC(171) Post Compact
[2019-07-24T17:24:12.259-0300][279.386s][info][gc,phases      ] GC(171) Post Compact 0.838ms
[2019-07-24T17:24:12.259-0300][279.386s][info][gc,heap        ] GC(171) PSYoungGen: 131584K->131584K(153088K)
[2019-07-24T17:24:12.259-0300][279.386s][info][gc,heap        ] GC(171) ParOldGen: 297166K->297165K(349696K)
[2019-07-24T17:24:12.259-0300][279.386s][info][gc,metaspace   ] GC(171) Metaspace: 13260K->13260K(1062912K)
[2019-07-24T17:24:12.259-0300][279.386s][info][gc             ] GC(171) Pause Full (Ergonomics) 418M->418M(491M) 1490.239ms
[2019-07-24T17:24:12.259-0300][279.386s][info][gc,cpu         ] GC(171) User=3.47s Sys=0.01s Real=1.49s
[2019-07-24T17:24:12.259-0300][279.386s][info][gc,start       ] GC(172) Pause Full (Ergonomics)
[2019-07-24T17:24:12.259-0300][279.386s][info][gc,phases,start] GC(172) Marking Phase
[2019-07-24T17:24:13.150-0300][280.277s][info][gc,phases      ] GC(172) Marking Phase 890.868ms
[2019-07-24T17:24:13.150-0300][280.277s][info][gc,phases,start] GC(172) Summary Phase
[2019-07-24T17:24:13.150-0300][280.277s][info][gc,phases      ] GC(172) Summary Phase 0.024ms
[2019-07-24T17:24:13.150-0300][280.277s][info][gc,phases,start] GC(172) Adjust Roots
[2019-07-24T17:24:13.152-0300][280.279s][info][gc,phases      ] GC(172) Adjust Roots 1.534ms
[2019-07-24T17:24:13.152-0300][280.279s][info][gc,phases,start] GC(172) Compaction Phase
[2019-07-24T17:24:13.475-0300][280.602s][info][gc,phases      ] GC(172) Compaction Phase 323.316ms
[2019-07-24T17:24:13.475-0300][280.602s][info][gc,phases,start] GC(172) Post Compact
[2019-07-24T17:24:13.476-0300][280.603s][info][gc,phases      ] GC(172) Post Compact 0.763ms
[2019-07-24T17:24:13.476-0300][280.603s][info][gc,heap        ] GC(172) PSYoungGen: 131584K->131584K(153088K)
[2019-07-24T17:24:13.476-0300][280.603s][info][gc,heap        ] GC(172) ParOldGen: 297169K->297167K(349696K)
[2019-07-24T17:24:13.476-0300][280.603s][info][gc,metaspace   ] GC(172) Metaspace: 13261K->13261K(1062912K)
[2019-07-24T17:24:13.476-0300][280.603s][info][gc             ] GC(172) Pause Full (Ergonomics) 418M->418M(491M) 1216.834ms
[2019-07-24T17:24:13.476-0300][280.603s][info][gc,cpu         ] GC(172) User=3.47s Sys=0.02s Real=1.22s
[2019-07-24T17:24:13.476-0300][280.603s][info][gc,start       ] GC(173) Pause Full (Ergonomics)
[2019-07-24T17:24:13.476-0300][280.603s][info][gc,phases,start] GC(173) Marking Phase
[2019-07-24T17:24:14.795-0300][281.922s][info][gc,phases      ] GC(173) Marking Phase 1318.311ms
[2019-07-24T17:24:14.795-0300][281.922s][info][gc,phases,start] GC(173) Summary Phase
[2019-07-24T17:24:14.795-0300][281.922s][info][gc,phases      ] GC(173) Summary Phase 0.047ms
[2019-07-24T17:24:14.795-0300][281.922s][info][gc,phases,start] GC(173) Adjust Roots
[2019-07-24T17:24:14.797-0300][281.924s][info][gc,phases      ] GC(173) Adjust Roots 2.344ms
[2019-07-24T17:24:14.797-0300][281.924s][info][gc,phases,start] GC(173) Compaction Phase
[2019-07-24T17:24:15.425-0300][282.552s][info][gc,phases      ] GC(173) Compaction Phase 627.423ms
[2019-07-24T17:24:15.425-0300][282.552s][info][gc,phases,start] GC(173) Post Compact
[2019-07-24T17:24:15.426-0300][282.552s][info][gc,phases      ] GC(173) Post Compact 0.805ms
[2019-07-24T17:24:15.426-0300][282.553s][info][gc,heap        ] GC(173) PSYoungGen: 131584K->131584K(153088K)
[2019-07-24T17:24:15.426-0300][282.553s][info][gc,heap        ] GC(173) ParOldGen: 297168K->297168K(349696K)
[2019-07-24T17:24:15.426-0300][282.553s][info][gc,metaspace   ] GC(173) Metaspace: 13261K->13261K(1062912K)
[2019-07-24T17:24:15.426-0300][282.553s][info][gc             ] GC(173) Pause Full (Ergonomics) 418M->418M(491M) 1949.413ms
[2019-07-24T17:24:15.426-0300][282.553s][info][gc,cpu         ] GC(173) User=3.51s Sys=0.02s Real=1.95s
[2019-07-24T17:24:15.426-0300][282.553s][info][gc,start       ] GC(174) Pause Full (Ergonomics)
[2019-07-24T17:24:15.426-0300][282.553s][info][gc,phases,start] GC(174) Marking Phase
[2019-07-24T17:24:16.254-0300][283.381s][info][gc,phases      ] GC(174) Marking Phase 828.369ms
[2019-07-24T17:24:16.254-0300][283.381s][info][gc,phases,start] GC(174) Summary Phase
[2019-07-24T17:24:16.254-0300][283.381s][info][gc,phases      ] GC(174) Summary Phase 0.034ms
[2019-07-24T17:24:16.254-0300][283.381s][info][gc,phases,start] GC(174) Adjust Roots
[2019-07-24T17:24:16.257-0300][283.384s][info][gc,phases      ] GC(174) Adjust Roots 2.432ms
[2019-07-24T17:24:16.257-0300][283.384s][info][gc,phases,start] GC(174) Compaction Phase
[2019-07-24T17:24:16.805-0300][283.932s][info][gc,phases      ] GC(174) Compaction Phase 547.960ms
[2019-07-24T17:24:16.805-0300][283.932s][info][gc,phases,start] GC(174) Post Compact
[2019-07-24T17:24:16.806-0300][283.933s][info][gc,phases      ] GC(174) Post Compact 0.936ms
[2019-07-24T17:24:16.806-0300][283.933s][info][gc,heap        ] GC(174) PSYoungGen: 131584K->131584K(153088K)
[2019-07-24T17:24:16.806-0300][283.933s][info][gc,heap        ] GC(174) ParOldGen: 297170K->297170K(349696K)
[2019-07-24T17:24:16.806-0300][283.933s][info][gc,metaspace   ] GC(174) Metaspace: 13261K->13261K(1062912K)
[2019-07-24T17:24:16.806-0300][283.933s][info][gc             ] GC(174) Pause Full (Ergonomics) 418M->418M(491M) 1380.219ms
[2019-07-24T17:24:16.806-0300][283.933s][info][gc,cpu         ] GC(174) User=3.44s Sys=0.02s Real=1.38s
[2019-07-24T17:24:16.806-0300][283.933s][info][gc,start       ] GC(175) Pause Full (Ergonomics)
[2019-07-24T17:24:16.806-0300][283.933s][info][gc,phases,start] GC(175) Marking Phase
[2019-07-24T17:24:18.211-0300][285.338s][info][gc,phases      ] GC(175) Marking Phase 1404.918ms
[2019-07-24T17:24:18.211-0300][285.338s][info][gc,phases,start] GC(175) Summary Phase
[2019-07-24T17:24:18.211-0300][285.338s][info][gc,phases      ] GC(175) Summary Phase 0.022ms
[2019-07-24T17:24:18.211-0300][285.338s][info][gc,phases,start] GC(175) Adjust Roots
[2019-07-24T17:24:18.213-0300][285.340s][info][gc,phases      ] GC(175) Adjust Roots 2.006ms
[2019-07-24T17:24:18.214-0300][285.340s][info][gc,phases,start] GC(175) Compaction Phase
[2019-07-24T17:24:18.556-0300][285.682s][info][gc,phases      ] GC(175) Compaction Phase 342.072ms
[2019-07-24T17:24:18.556-0300][285.683s][info][gc,phases,start] GC(175) Post Compact
[2019-07-24T17:24:18.556-0300][285.683s][info][gc,phases      ] GC(175) Post Compact 0.758ms
[2019-07-24T17:24:18.556-0300][285.683s][info][gc,heap        ] GC(175) PSYoungGen: 131584K->131584K(153088K)
[2019-07-24T17:24:18.557-0300][285.683s][info][gc,heap        ] GC(175) ParOldGen: 297172K->297171K(349696K)
[2019-07-24T17:24:18.557-0300][285.683s][info][gc,metaspace   ] GC(175) Metaspace: 13261K->13261K(1062912K)
[2019-07-24T17:24:18.557-0300][285.683s][info][gc             ] GC(175) Pause Full (Ergonomics) 418M->418M(491M) 1750.135ms
[2019-07-24T17:24:18.557-0300][285.683s][info][gc,cpu         ] GC(175) User=3.47s Sys=0.02s Real=1.75s
[2019-07-24T17:24:18.557-0300][285.684s][info][gc,start       ] GC(176) Pause Full (Ergonomics)
[2019-07-24T17:24:18.557-0300][285.684s][info][gc,phases,start] GC(176) Marking Phase
[2019-07-24T17:24:19.331-0300][286.458s][info][gc,phases      ] GC(176) Marking Phase 774.281ms
[2019-07-24T17:24:19.331-0300][286.458s][info][gc,phases,start] GC(176) Summary Phase
[2019-07-24T17:24:19.331-0300][286.458s][info][gc,phases      ] GC(176) Summary Phase 0.044ms
[2019-07-24T17:24:19.331-0300][286.458s][info][gc,phases,start] GC(176) Adjust Roots
[2019-07-24T17:24:19.333-0300][286.460s][info][gc,phases      ] GC(176) Adjust Roots 1.839ms
[2019-07-24T17:24:19.333-0300][286.460s][info][gc,phases,start] GC(176) Compaction Phase
[2019-07-24T17:24:19.632-0300][286.759s][info][gc,phases      ] GC(176) Compaction Phase 298.786ms
[2019-07-24T17:24:19.632-0300][286.759s][info][gc,phases,start] GC(176) Post Compact
[2019-07-24T17:24:19.633-0300][286.760s][info][gc,phases      ] GC(176) Post Compact 0.751ms
[2019-07-24T17:24:19.633-0300][286.760s][info][gc,heap        ] GC(176) PSYoungGen: 131584K->131583K(153088K)
[2019-07-24T17:24:19.633-0300][286.760s][info][gc,heap        ] GC(176) ParOldGen: 297173K->297173K(349696K)
[2019-07-24T17:24:19.633-0300][286.760s][info][gc,metaspace   ] GC(176) Metaspace: 13261K->13261K(1062912K)
[2019-07-24T17:24:19.633-0300][286.760s][info][gc             ] GC(176) Pause Full (Ergonomics) 418M->418M(491M) 1076.070ms
[2019-07-24T17:24:19.633-0300][286.760s][info][gc,cpu         ] GC(176) User=3.48s Sys=0.02s Real=1.08s
[2019-07-24T17:24:19.633-0300][286.760s][info][gc,start       ] GC(177) Pause Full (Ergonomics)
[2019-07-24T17:24:19.633-0300][286.760s][info][gc,phases,start] GC(177) Marking Phase
[2019-07-24T17:24:20.395-0300][287.522s][info][gc,phases      ] GC(177) Marking Phase 761.862ms
[2019-07-24T17:24:20.395-0300][287.522s][info][gc,phases,start] GC(177) Summary Phase
[2019-07-24T17:24:20.395-0300][287.522s][info][gc,phases      ] GC(177) Summary Phase 0.020ms
[2019-07-24T17:24:20.395-0300][287.522s][info][gc,phases,start] GC(177) Adjust Roots
[2019-07-24T17:24:20.397-0300][287.523s][info][gc,phases      ] GC(177) Adjust Roots 1.633ms
[2019-07-24T17:24:20.397-0300][287.524s][info][gc,phases,start] GC(177) Compaction Phase
[2019-07-24T17:24:20.685-0300][287.812s][info][gc,phases      ] GC(177) Compaction Phase 288.007ms
[2019-07-24T17:24:20.685-0300][287.812s][info][gc,phases,start] GC(177) Post Compact
[2019-07-24T17:24:20.686-0300][287.812s][info][gc,phases      ] GC(177) Post Compact 0.750ms
[2019-07-24T17:24:20.686-0300][287.812s][info][gc,heap        ] GC(177) PSYoungGen: 131584K->131584K(153088K)
[2019-07-24T17:24:20.686-0300][287.812s][info][gc,heap        ] GC(177) ParOldGen: 297173K->297173K(349696K)
[2019-07-24T17:24:20.686-0300][287.812s][info][gc,metaspace   ] GC(177) Metaspace: 13261K->13261K(1062912K)
[2019-07-24T17:24:20.686-0300][287.812s][info][gc             ] GC(177) Pause Full (Ergonomics) 418M->418M(491M) 1052.586ms
[2019-07-24T17:24:20.686-0300][287.812s][info][gc,cpu         ] GC(177) User=3.50s Sys=0.01s Real=1.05s
[2019-07-24T17:24:20.686-0300][287.813s][info][gc,start       ] GC(178) Pause Full (Ergonomics)
[2019-07-24T17:24:20.686-0300][287.813s][info][gc,phases,start] GC(178) Marking Phase
[2019-07-24T17:24:21.443-0300][288.570s][info][gc,phases      ] GC(178) Marking Phase 757.189ms
[2019-07-24T17:24:21.443-0300][288.570s][info][gc,phases,start] GC(178) Summary Phase
[2019-07-24T17:24:21.443-0300][288.570s][info][gc,phases      ] GC(178) Summary Phase 0.019ms
[2019-07-24T17:24:21.443-0300][288.570s][info][gc,phases,start] GC(178) Adjust Roots
[2019-07-24T17:24:21.445-0300][288.572s][info][gc,phases      ] GC(178) Adjust Roots 1.541ms
[2019-07-24T17:24:21.445-0300][288.572s][info][gc,phases,start] GC(178) Compaction Phase
[2019-07-24T17:24:21.770-0300][288.897s][info][gc,phases      ] GC(178) Compaction Phase 325.046ms
[2019-07-24T17:24:21.770-0300][288.897s][info][gc,phases,start] GC(178) Post Compact
[2019-07-24T17:24:21.771-0300][288.897s][info][gc,phases      ] GC(178) Post Compact 0.769ms
[2019-07-24T17:24:21.771-0300][288.898s][info][gc,heap        ] GC(178) PSYoungGen: 131584K->131584K(153088K)
[2019-07-24T17:24:21.771-0300][288.898s][info][gc,heap        ] GC(178) ParOldGen: 297175K->297174K(349696K)
[2019-07-24T17:24:21.771-0300][288.898s][info][gc,metaspace   ] GC(178) Metaspace: 13261K->13261K(1062912K)
[2019-07-24T17:24:21.771-0300][288.898s][info][gc             ] GC(178) Pause Full (Ergonomics) 418M->418M(491M) 1084.898ms
[2019-07-24T17:24:21.771-0300][288.898s][info][gc,cpu         ] GC(178) User=3.46s Sys=0.02s Real=1.09s
[2019-07-24T17:24:21.771-0300][288.898s][info][gc,start       ] GC(179) Pause Full (Ergonomics)
[2019-07-24T17:24:21.771-0300][288.898s][info][gc,phases,start] GC(179) Marking Phase
[2019-07-24T17:24:22.512-0300][289.639s][info][gc,phases      ] GC(179) Marking Phase 740.697ms
[2019-07-24T17:24:22.512-0300][289.639s][info][gc,phases,start] GC(179) Summary Phase
[2019-07-24T17:24:22.512-0300][289.639s][info][gc,phases      ] GC(179) Summary Phase 0.022ms
[2019-07-24T17:24:22.512-0300][289.639s][info][gc,phases,start] GC(179) Adjust Roots
[2019-07-24T17:24:22.514-0300][289.640s][info][gc,phases      ] GC(179) Adjust Roots 1.611ms
[2019-07-24T17:24:22.514-0300][289.640s][info][gc,phases,start] GC(179) Compaction Phase
[2019-07-24T17:24:22.811-0300][289.938s][info][gc,phases      ] GC(179) Compaction Phase 297.780ms
[2019-07-24T17:24:22.811-0300][289.938s][info][gc,phases,start] GC(179) Post Compact
[2019-07-24T17:24:22.812-0300][289.939s][info][gc,phases      ] GC(179) Post Compact 0.978ms
[2019-07-24T17:24:22.812-0300][289.939s][info][gc,heap        ] GC(179) PSYoungGen: 131584K->131583K(153088K)
[2019-07-24T17:24:22.813-0300][289.939s][info][gc,heap        ] GC(179) ParOldGen: 297176K->297171K(349696K)
[2019-07-24T17:24:22.813-0300][289.939s][info][gc,metaspace   ] GC(179) Metaspace: 13261K->13261K(1062912K)
[2019-07-24T17:24:22.813-0300][289.939s][info][gc             ] GC(179) Pause Full (Ergonomics) 418M->418M(491M) 1041.448ms
[2019-07-24T17:24:22.813-0300][289.939s][info][gc,cpu         ] GC(179) User=3.49s Sys=0.01s Real=1.04s
[2019-07-24T17:24:22.813-0300][289.940s][info][gc,start       ] GC(180) Pause Full (Ergonomics)
[2019-07-24T17:24:22.813-0300][289.940s][info][gc,phases,start] GC(180) Marking Phase
[2019-07-24T17:24:23.554-0300][290.680s][info][gc,phases      ] GC(180) Marking Phase 740.615ms
[2019-07-24T17:24:23.554-0300][290.680s][info][gc,phases,start] GC(180) Summary Phase
[2019-07-24T17:24:23.554-0300][290.680s][info][gc,phases      ] GC(180) Summary Phase 0.023ms
[2019-07-24T17:24:23.554-0300][290.680s][info][gc,phases,start] GC(180) Adjust Roots
[2019-07-24T17:24:23.555-0300][290.682s][info][gc,phases      ] GC(180) Adjust Roots 1.652ms
[2019-07-24T17:24:23.556-0300][290.682s][info][gc,phases,start] GC(180) Compaction Phase
[2019-07-24T17:24:23.848-0300][290.975s][info][gc,phases      ] GC(180) Compaction Phase 292.812ms
[2019-07-24T17:24:23.848-0300][290.975s][info][gc,phases,start] GC(180) Post Compact
[2019-07-24T17:24:23.849-0300][290.976s][info][gc,phases      ] GC(180) Post Compact 0.800ms
[2019-07-24T17:24:23.849-0300][290.976s][info][gc,heap        ] GC(180) PSYoungGen: 131584K->131583K(153088K)
[2019-07-24T17:24:23.849-0300][290.976s][info][gc,heap        ] GC(180) ParOldGen: 297172K->297172K(349696K)
[2019-07-24T17:24:23.849-0300][290.976s][info][gc,metaspace   ] GC(180) Metaspace: 13261K->13261K(1062912K)
[2019-07-24T17:24:23.849-0300][290.976s][info][gc             ] GC(180) Pause Full (Ergonomics) 418M->418M(491M) 1036.267ms
[2019-07-24T17:24:23.849-0300][290.976s][info][gc,cpu         ] GC(180) User=3.50s Sys=0.02s Real=1.03s
[2019-07-24T17:24:23.850-0300][290.976s][info][gc,start       ] GC(181) Pause Full (Ergonomics)
[2019-07-24T17:24:23.850-0300][290.976s][info][gc,phases,start] GC(181) Marking Phase
[2019-07-24T17:24:24.594-0300][291.720s][info][gc,phases      ] GC(181) Marking Phase 744.079ms
[2019-07-24T17:24:24.594-0300][291.720s][info][gc,phases,start] GC(181) Summary Phase
[2019-07-24T17:24:24.594-0300][291.720s][info][gc,phases      ] GC(181) Summary Phase 0.023ms
[2019-07-24T17:24:24.594-0300][291.720s][info][gc,phases,start] GC(181) Adjust Roots
[2019-07-24T17:24:24.595-0300][291.722s][info][gc,phases      ] GC(181) Adjust Roots 1.650ms
[2019-07-24T17:24:24.595-0300][291.722s][info][gc,phases,start] GC(181) Compaction Phase
[2019-07-24T17:24:24.887-0300][292.014s][info][gc,phases      ] GC(181) Compaction Phase 291.781ms
[2019-07-24T17:24:24.887-0300][292.014s][info][gc,phases,start] GC(181) Post Compact
[2019-07-24T17:24:24.888-0300][292.015s][info][gc,phases      ] GC(181) Post Compact 0.773ms
[2019-07-24T17:24:24.888-0300][292.015s][info][gc,heap        ] GC(181) PSYoungGen: 131583K->131583K(153088K)
[2019-07-24T17:24:24.888-0300][292.015s][info][gc,heap        ] GC(181) ParOldGen: 297172K->297172K(349696K)
[2019-07-24T17:24:24.888-0300][292.015s][info][gc,metaspace   ] GC(181) Metaspace: 13261K->13261K(1062912K)
[2019-07-24T17:24:24.888-0300][292.015s][info][gc             ] GC(181) Pause Full (Ergonomics) 418M->418M(491M) 1038.639ms
[2019-07-24T17:24:24.888-0300][292.015s][info][gc,cpu         ] GC(181) User=3.50s Sys=0.01s Real=1.04s
[2019-07-24T17:24:24.888-0300][292.015s][info][gc,start       ] GC(182) Pause Full (Ergonomics)
[2019-07-24T17:24:24.888-0300][292.015s][info][gc,phases,start] GC(182) Marking Phase
[2019-07-24T17:24:25.692-0300][292.819s][info][gc,phases      ] GC(182) Marking Phase 803.608ms
[2019-07-24T17:24:25.692-0300][292.819s][info][gc,phases,start] GC(182) Summary Phase
[2019-07-24T17:24:25.692-0300][292.819s][info][gc,phases      ] GC(182) Summary Phase 0.023ms
[2019-07-24T17:24:25.692-0300][292.819s][info][gc,phases,start] GC(182) Adjust Roots
[2019-07-24T17:24:25.694-0300][292.820s][info][gc,phases      ] GC(182) Adjust Roots 1.537ms
[2019-07-24T17:24:25.694-0300][292.820s][info][gc,phases,start] GC(182) Compaction Phase
[2019-07-24T17:24:25.993-0300][293.119s][info][gc,phases      ] GC(182) Compaction Phase 298.779ms
[2019-07-24T17:24:25.993-0300][293.119s][info][gc,phases,start] GC(182) Post Compact
[2019-07-24T17:24:25.993-0300][293.120s][info][gc,phases      ] GC(182) Post Compact 0.834ms
[2019-07-24T17:24:25.994-0300][293.120s][info][gc,heap        ] GC(182) PSYoungGen: 131584K->131584K(153088K)
[2019-07-24T17:24:25.994-0300][293.120s][info][gc,heap        ] GC(182) ParOldGen: 297176K->297176K(349696K)
[2019-07-24T17:24:25.994-0300][293.120s][info][gc,metaspace   ] GC(182) Metaspace: 13261K->13261K(1062912K)
[2019-07-24T17:24:25.994-0300][293.120s][info][gc             ] GC(182) Pause Full (Ergonomics) 418M->418M(491M) 1105.155ms
[2019-07-24T17:24:25.994-0300][293.120s][info][gc,cpu         ] GC(182) User=3.48s Sys=0.02s Real=1.11s
[2019-07-24T17:24:25.994-0300][293.120s][info][gc,start       ] GC(183) Pause Full (Ergonomics)
[2019-07-24T17:24:25.994-0300][293.120s][info][gc,phases,start] GC(183) Marking Phase
[2019-07-24T17:24:26.742-0300][293.868s][info][gc,phases      ] GC(183) Marking Phase 747.969ms
[2019-07-24T17:24:26.742-0300][293.868s][info][gc,phases,start] GC(183) Summary Phase
[2019-07-24T17:24:26.742-0300][293.868s][info][gc,phases      ] GC(183) Summary Phase 0.028ms
[2019-07-24T17:24:26.742-0300][293.868s][info][gc,phases,start] GC(183) Adjust Roots
[2019-07-24T17:24:26.743-0300][293.870s][info][gc,phases      ] GC(183) Adjust Roots 1.447ms
[2019-07-24T17:24:26.743-0300][293.870s][info][gc,phases,start] GC(183) Compaction Phase
[2019-07-24T17:24:27.036-0300][294.162s][info][gc,phases      ] GC(183) Compaction Phase 292.458ms
[2019-07-24T17:24:27.036-0300][294.163s][info][gc,phases,start] GC(183) Post Compact
[2019-07-24T17:24:27.037-0300][294.163s][info][gc,phases      ] GC(183) Post Compact 0.754ms
[2019-07-24T17:24:27.037-0300][294.163s][info][gc,heap        ] GC(183) PSYoungGen: 131584K->131584K(153088K)
[2019-07-24T17:24:27.037-0300][294.163s][info][gc,heap        ] GC(183) ParOldGen: 297177K->297177K(349696K)
[2019-07-24T17:24:27.037-0300][294.163s][info][gc,metaspace   ] GC(183) Metaspace: 13261K->13261K(1062912K)
[2019-07-24T17:24:27.037-0300][294.163s][info][gc             ] GC(183) Pause Full (Ergonomics) 418M->418M(491M) 1042.998ms
[2019-07-24T17:24:27.037-0300][294.163s][info][gc,cpu         ] GC(183) User=3.49s Sys=0.01s Real=1.04s
[2019-07-24T17:24:27.037-0300][294.164s][info][gc,start       ] GC(184) Pause Full (Ergonomics)
[2019-07-24T17:24:27.037-0300][294.164s][info][gc,phases,start] GC(184) Marking Phase
[2019-07-24T17:24:27.791-0300][294.918s][info][gc,phases      ] GC(184) Marking Phase 754.115ms
[2019-07-24T17:24:27.791-0300][294.918s][info][gc,phases,start] GC(184) Summary Phase
[2019-07-24T17:24:27.791-0300][294.918s][info][gc,phases      ] GC(184) Summary Phase 0.023ms
[2019-07-24T17:24:27.791-0300][294.918s][info][gc,phases,start] GC(184) Adjust Roots
[2019-07-24T17:24:27.793-0300][294.919s][info][gc,phases      ] GC(184) Adjust Roots 1.542ms
[2019-07-24T17:24:27.793-0300][294.919s][info][gc,phases,start] GC(184) Compaction Phase
[2019-07-24T17:24:28.081-0300][295.207s][info][gc,phases      ] GC(184) Compaction Phase 287.991ms
[2019-07-24T17:24:28.081-0300][295.208s][info][gc,phases,start] GC(184) Post Compact
[2019-07-24T17:24:28.082-0300][295.209s][info][gc,phases      ] GC(184) Post Compact 0.980ms
[2019-07-24T17:24:28.082-0300][295.209s][info][gc,heap        ] GC(184) PSYoungGen: 131584K->131584K(153088K)
[2019-07-24T17:24:28.082-0300][295.209s][info][gc,heap        ] GC(184) ParOldGen: 297179K->297179K(349696K)
[2019-07-24T17:24:28.082-0300][295.209s][info][gc,metaspace   ] GC(184) Metaspace: 13261K->13261K(1062912K)
[2019-07-24T17:24:28.082-0300][295.209s][info][gc             ] GC(184) Pause Full (Ergonomics) 418M->418M(491M) 1045.098ms
[2019-07-24T17:24:28.082-0300][295.209s][info][gc,cpu         ] GC(184) User=3.50s Sys=0.01s Real=1.05s
[2019-07-24T17:24:28.082-0300][295.209s][info][gc,start       ] GC(185) Pause Full (Ergonomics)
[2019-07-24T17:24:28.082-0300][295.209s][info][gc,phases,start] GC(185) Marking Phase
[2019-07-24T17:24:28.842-0300][295.968s][info][gc,phases      ] GC(185) Marking Phase 759.105ms
[2019-07-24T17:24:28.842-0300][295.968s][info][gc,phases,start] GC(185) Summary Phase
[2019-07-24T17:24:28.842-0300][295.968s][info][gc,phases      ] GC(185) Summary Phase 0.034ms
[2019-07-24T17:24:28.842-0300][295.968s][info][gc,phases,start] GC(185) Adjust Roots
[2019-07-24T17:24:28.843-0300][295.970s][info][gc,phases      ] GC(185) Adjust Roots 1.449ms
[2019-07-24T17:24:28.843-0300][295.970s][info][gc,phases,start] GC(185) Compaction Phase
[2019-07-24T17:24:29.132-0300][296.258s][info][gc,phases      ] GC(185) Compaction Phase 288.260ms
[2019-07-24T17:24:29.132-0300][296.258s][info][gc,phases,start] GC(185) Post Compact
[2019-07-24T17:24:29.132-0300][296.259s][info][gc,phases      ] GC(185) Post Compact 0.750ms
[2019-07-24T17:24:29.132-0300][296.259s][info][gc,heap        ] GC(185) PSYoungGen: 131584K->131584K(153088K)
[2019-07-24T17:24:29.132-0300][296.259s][info][gc,heap        ] GC(185) ParOldGen: 297181K->297181K(349696K)
[2019-07-24T17:24:29.132-0300][296.259s][info][gc,metaspace   ] GC(185) Metaspace: 13261K->13261K(1062912K)
[2019-07-24T17:24:29.132-0300][296.259s][info][gc             ] GC(185) Pause Full (Ergonomics) 418M->418M(491M) 1049.942ms
[2019-07-24T17:24:29.132-0300][296.259s][info][gc,cpu         ] GC(185) User=3.54s Sys=0.02s Real=1.05s
[2019-07-24T17:24:29.133-0300][296.259s][info][gc,start       ] GC(186) Pause Full (Ergonomics)
[2019-07-24T17:24:29.133-0300][296.259s][info][gc,phases,start] GC(186) Marking Phase
[2019-07-24T17:24:29.874-0300][297.000s][info][gc,phases      ] GC(186) Marking Phase 740.762ms
[2019-07-24T17:24:29.874-0300][297.000s][info][gc,phases,start] GC(186) Summary Phase
[2019-07-24T17:24:29.874-0300][297.000s][info][gc,phases      ] GC(186) Summary Phase 0.027ms
[2019-07-24T17:24:29.874-0300][297.000s][info][gc,phases,start] GC(186) Adjust Roots
[2019-07-24T17:24:29.875-0300][297.002s][info][gc,phases      ] GC(186) Adjust Roots 1.463ms
[2019-07-24T17:24:29.875-0300][297.002s][info][gc,phases,start] GC(186) Compaction Phase
[2019-07-24T17:24:30.164-0300][297.290s][info][gc,phases      ] GC(186) Compaction Phase 288.515ms
[2019-07-24T17:24:30.164-0300][297.290s][info][gc,phases,start] GC(186) Post Compact
[2019-07-24T17:24:30.165-0300][297.291s][info][gc,phases      ] GC(186) Post Compact 0.864ms
[2019-07-24T17:24:30.165-0300][297.291s][info][gc,heap        ] GC(186) PSYoungGen: 131584K->131584K(153088K)
[2019-07-24T17:24:30.165-0300][297.291s][info][gc,heap        ] GC(186) ParOldGen: 297183K->297183K(349696K)
[2019-07-24T17:24:30.165-0300][297.291s][info][gc,metaspace   ] GC(186) Metaspace: 13261K->13261K(1062912K)
[2019-07-24T17:24:30.165-0300][297.291s][info][gc             ] GC(186) Pause Full (Ergonomics) 418M->418M(491M) 1032.007ms
[2019-07-24T17:24:30.165-0300][297.291s][info][gc,cpu         ] GC(186) User=3.48s Sys=0.01s Real=1.03s
[2019-07-24T17:24:30.165-0300][297.292s][info][gc,start       ] GC(187) Pause Full (Ergonomics)
[2019-07-24T17:24:30.165-0300][297.292s][info][gc,phases,start] GC(187) Marking Phase
[2019-07-24T17:24:30.924-0300][298.051s][info][gc,phases      ] GC(187) Marking Phase 758.908ms
[2019-07-24T17:24:30.924-0300][298.051s][info][gc,phases,start] GC(187) Summary Phase
[2019-07-24T17:24:30.924-0300][298.051s][info][gc,phases      ] GC(187) Summary Phase 0.028ms
[2019-07-24T17:24:30.924-0300][298.051s][info][gc,phases,start] GC(187) Adjust Roots
[2019-07-24T17:24:30.926-0300][298.052s][info][gc,phases      ] GC(187) Adjust Roots 1.584ms
[2019-07-24T17:24:30.926-0300][298.052s][info][gc,phases,start] GC(187) Compaction Phase
[2019-07-24T17:24:31.329-0300][298.455s][info][gc,phases      ] GC(187) Compaction Phase 402.858ms
[2019-07-24T17:24:31.329-0300][298.455s][info][gc,phases,start] GC(187) Post Compact
[2019-07-24T17:24:31.330-0300][298.456s][info][gc,phases      ] GC(187) Post Compact 1.113ms
[2019-07-24T17:24:31.330-0300][298.456s][info][gc,heap        ] GC(187) PSYoungGen: 131584K->131584K(153088K)
[2019-07-24T17:24:31.330-0300][298.457s][info][gc,heap        ] GC(187) ParOldGen: 297184K->297184K(349696K)
[2019-07-24T17:24:31.330-0300][298.457s][info][gc,metaspace   ] GC(187) Metaspace: 13261K->13261K(1062912K)
[2019-07-24T17:24:31.330-0300][298.457s][info][gc             ] GC(187) Pause Full (Ergonomics) 418M->418M(491M) 1164.975ms
[2019-07-24T17:24:31.330-0300][298.457s][info][gc,cpu         ] GC(187) User=3.52s Sys=0.02s Real=1.17s
[2019-07-24T17:24:31.331-0300][298.457s][info][gc,start       ] GC(188) Pause Full (Ergonomics)
[2019-07-24T17:24:31.331-0300][298.457s][info][gc,phases,start] GC(188) Marking Phase
[2019-07-24T17:24:32.272-0300][299.398s][info][gc,phases      ] GC(188) Marking Phase 940.907ms
[2019-07-24T17:24:32.272-0300][299.398s][info][gc,phases,start] GC(188) Summary Phase
[2019-07-24T17:24:32.272-0300][299.398s][info][gc,phases      ] GC(188) Summary Phase 0.021ms
[2019-07-24T17:24:32.272-0300][299.398s][info][gc,phases,start] GC(188) Adjust Roots
[2019-07-24T17:24:32.273-0300][299.400s][info][gc,phases      ] GC(188) Adjust Roots 1.444ms
[2019-07-24T17:24:32.273-0300][299.400s][info][gc,phases,start] GC(188) Compaction Phase
[2019-07-24T17:24:32.564-0300][299.690s][info][gc,phases      ] GC(188) Compaction Phase 290.697ms
[2019-07-24T17:24:32.564-0300][299.690s][info][gc,phases,start] GC(188) Post Compact
[2019-07-24T17:24:32.565-0300][299.692s][info][gc,phases      ] GC(188) Post Compact 1.067ms
[2019-07-24T17:24:32.565-0300][299.692s][info][gc,heap        ] GC(188) PSYoungGen: 131584K->131584K(153088K)
[2019-07-24T17:24:32.565-0300][299.692s][info][gc,heap        ] GC(188) ParOldGen: 297186K->297186K(349696K)
[2019-07-24T17:24:32.565-0300][299.692s][info][gc,metaspace   ] GC(188) Metaspace: 13261K->13261K(1062912K)
[2019-07-24T17:24:32.565-0300][299.692s][info][gc             ] GC(188) Pause Full (Ergonomics) 418M->418M(491M) 1234.538ms
[2019-07-24T17:24:32.565-0300][299.692s][info][gc,cpu         ] GC(188) User=3.55s Sys=0.01s Real=1.23s
[2019-07-24T17:24:32.566-0300][299.692s][info][gc,start       ] GC(189) Pause Full (Ergonomics)
[2019-07-24T17:24:32.566-0300][299.692s][info][gc,phases,start] GC(189) Marking Phase
[2019-07-24T17:24:33.396-0300][300.522s][info][gc,phases      ] GC(189) Marking Phase 830.524ms
[2019-07-24T17:24:33.396-0300][300.523s][info][gc,phases,start] GC(189) Summary Phase
[2019-07-24T17:24:33.396-0300][300.523s][info][gc,phases      ] GC(189) Summary Phase 0.032ms
[2019-07-24T17:24:33.396-0300][300.523s][info][gc,phases,start] GC(189) Adjust Roots
[2019-07-24T17:24:33.399-0300][300.525s][info][gc,phases      ] GC(189) Adjust Roots 2.379ms
[2019-07-24T17:24:33.399-0300][300.525s][info][gc,phases,start] GC(189) Compaction Phase
[2019-07-24T17:24:33.711-0300][300.838s][info][gc,phases      ] GC(189) Compaction Phase 312.585ms
[2019-07-24T17:24:33.712-0300][300.838s][info][gc,phases,start] GC(189) Post Compact
[2019-07-24T17:24:33.713-0300][300.839s][info][gc,phases      ] GC(189) Post Compact 1.199ms
[2019-07-24T17:24:33.713-0300][300.839s][info][gc,heap        ] GC(189) PSYoungGen: 131584K->131584K(153088K)
[2019-07-24T17:24:33.713-0300][300.839s][info][gc,heap        ] GC(189) ParOldGen: 297188K->297185K(349696K)
[2019-07-24T17:24:33.713-0300][300.839s][info][gc,metaspace   ] GC(189) Metaspace: 13261K->13261K(1062912K)
[2019-07-24T17:24:33.713-0300][300.839s][info][gc             ] GC(189) Pause Full (Ergonomics) 418M->418M(491M) 1147.273ms
[2019-07-24T17:24:33.713-0300][300.839s][info][gc,cpu         ] GC(189) User=3.56s Sys=0.02s Real=1.15s
[2019-07-24T17:24:33.714-0300][300.841s][info][gc,start       ] GC(190) Pause Full (Ergonomics)
[2019-07-24T17:24:33.714-0300][300.841s][info][gc,phases,start] GC(190) Marking Phase
[2019-07-24T17:24:34.455-0300][301.581s][info][gc,phases      ] GC(190) Marking Phase 740.071ms
[2019-07-24T17:24:34.455-0300][301.581s][info][gc,phases,start] GC(190) Summary Phase
[2019-07-24T17:24:34.455-0300][301.581s][info][gc,phases      ] GC(190) Summary Phase 0.022ms
[2019-07-24T17:24:34.455-0300][301.581s][info][gc,phases,start] GC(190) Adjust Roots
[2019-07-24T17:24:34.456-0300][301.582s][info][gc,phases      ] GC(190) Adjust Roots 1.437ms
[2019-07-24T17:24:34.456-0300][301.582s][info][gc,phases,start] GC(190) Compaction Phase
[2019-07-24T17:24:34.749-0300][301.875s][info][gc,phases      ] GC(190) Compaction Phase 292.543ms
[2019-07-24T17:24:34.749-0300][301.875s][info][gc,phases,start] GC(190) Post Compact
[2019-07-24T17:24:34.750-0300][301.876s][info][gc,phases      ] GC(190) Post Compact 0.824ms
[2019-07-24T17:24:34.750-0300][301.876s][info][gc,heap        ] GC(190) PSYoungGen: 131584K->131584K(153088K)
[2019-07-24T17:24:34.750-0300][301.876s][info][gc,heap        ] GC(190) ParOldGen: 297186K->297186K(349696K)
[2019-07-24T17:24:34.750-0300][301.876s][info][gc,metaspace   ] GC(190) Metaspace: 13261K->13261K(1062912K)
[2019-07-24T17:24:34.750-0300][301.876s][info][gc             ] GC(190) Pause Full (Ergonomics) 418M->418M(491M) 1035.256ms
[2019-07-24T17:24:34.750-0300][301.876s][info][gc,cpu         ] GC(190) User=3.47s Sys=0.02s Real=1.04s
[2019-07-24T17:24:34.750-0300][301.876s][info][gc,start       ] GC(191) Pause Full (Ergonomics)
[2019-07-24T17:24:34.750-0300][301.876s][info][gc,phases,start] GC(191) Marking Phase
[2019-07-24T17:24:35.665-0300][302.791s][info][gc,phases      ] GC(191) Marking Phase 914.900ms
[2019-07-24T17:24:35.670-0300][302.796s][info][gc,phases,start] GC(191) Summary Phase
[2019-07-24T17:24:35.670-0300][302.796s][info][gc,phases      ] GC(191) Summary Phase 0.057ms
[2019-07-24T17:24:35.670-0300][302.796s][info][gc,phases,start] GC(191) Adjust Roots
[2019-07-24T17:24:35.672-0300][302.798s][info][gc,phases      ] GC(191) Adjust Roots 1.585ms
[2019-07-24T17:24:35.672-0300][302.798s][info][gc,phases,start] GC(191) Compaction Phase
[2019-07-24T17:24:35.972-0300][303.098s][info][gc,phases      ] GC(191) Compaction Phase 300.579ms
[2019-07-24T17:24:35.974-0300][303.101s][info][gc,phases,start] GC(191) Post Compact
[2019-07-24T17:24:35.975-0300][303.101s][info][gc,phases      ] GC(191) Post Compact 0.762ms
[2019-07-24T17:24:35.975-0300][303.101s][info][gc,heap        ] GC(191) PSYoungGen: 131584K->131584K(153088K)
[2019-07-24T17:24:35.975-0300][303.101s][info][gc,heap        ] GC(191) ParOldGen: 297188K->297188K(349696K)
[2019-07-24T17:24:35.975-0300][303.101s][info][gc,metaspace   ] GC(191) Metaspace: 13261K->13261K(1062912K)
[2019-07-24T17:24:35.975-0300][303.101s][info][gc             ] GC(191) Pause Full (Ergonomics) 418M->418M(491M) 1225.277ms
[2019-07-24T17:24:35.975-0300][303.101s][info][gc,cpu         ] GC(191) User=3.51s Sys=0.02s Real=1.22s
[2019-07-24T17:24:35.975-0300][303.102s][info][gc,start       ] GC(192) Pause Full (Ergonomics)
[2019-07-24T17:24:35.976-0300][303.102s][info][gc,phases,start] GC(192) Marking Phase
[2019-07-24T17:24:36.932-0300][304.058s][info][gc,phases      ] GC(192) Marking Phase 956.032ms
[2019-07-24T17:24:36.932-0300][304.058s][info][gc,phases,start] GC(192) Summary Phase
[2019-07-24T17:24:36.932-0300][304.058s][info][gc,phases      ] GC(192) Summary Phase 0.032ms
[2019-07-24T17:24:36.932-0300][304.058s][info][gc,phases,start] GC(192) Adjust Roots
[2019-07-24T17:24:36.933-0300][304.060s][info][gc,phases      ] GC(192) Adjust Roots 1.652ms
[2019-07-24T17:24:36.933-0300][304.060s][info][gc,phases,start] GC(192) Compaction Phase
[2019-07-24T17:24:37.285-0300][304.411s][info][gc,phases      ] GC(192) Compaction Phase 351.330ms
[2019-07-24T17:24:37.285-0300][304.411s][info][gc,phases,start] GC(192) Post Compact
[2019-07-24T17:24:37.286-0300][304.412s][info][gc,phases      ] GC(192) Post Compact 0.838ms
[2019-07-24T17:24:37.286-0300][304.412s][info][gc,heap        ] GC(192) PSYoungGen: 131584K->131584K(153088K)
[2019-07-24T17:24:37.286-0300][304.412s][info][gc,heap        ] GC(192) ParOldGen: 297189K->297189K(349696K)
[2019-07-24T17:24:37.286-0300][304.412s][info][gc,metaspace   ] GC(192) Metaspace: 13261K->13261K(1062912K)
[2019-07-24T17:24:37.286-0300][304.412s][info][gc             ] GC(192) Pause Full (Ergonomics) 418M->418M(491M) 1310.274ms
[2019-07-24T17:24:37.286-0300][304.412s][info][gc,cpu         ] GC(192) User=3.41s Sys=0.02s Real=1.31s
[2019-07-24T17:24:37.286-0300][304.412s][info][gc,start       ] GC(193) Pause Full (Ergonomics)
[2019-07-24T17:24:37.286-0300][304.412s][info][gc,phases,start] GC(193) Marking Phase
[2019-07-24T17:24:38.585-0300][305.711s][info][gc,phases      ] GC(193) Marking Phase 1298.759ms
[2019-07-24T17:24:38.585-0300][305.711s][info][gc,phases,start] GC(193) Summary Phase
[2019-07-24T17:24:38.585-0300][305.711s][info][gc,phases      ] GC(193) Summary Phase 0.024ms
[2019-07-24T17:24:38.585-0300][305.711s][info][gc,phases,start] GC(193) Adjust Roots
[2019-07-24T17:24:38.587-0300][305.713s][info][gc,phases      ] GC(193) Adjust Roots 1.635ms
[2019-07-24T17:24:38.587-0300][305.713s][info][gc,phases,start] GC(193) Compaction Phase
[2019-07-24T17:24:38.949-0300][306.075s][info][gc,phases      ] GC(193) Compaction Phase 361.730ms
[2019-07-24T17:24:38.950-0300][306.076s][info][gc,phases,start] GC(193) Post Compact
[2019-07-24T17:24:38.951-0300][306.077s][info][gc,phases      ] GC(193) Post Compact 0.765ms
[2019-07-24T17:24:38.951-0300][306.077s][info][gc,heap        ] GC(193) PSYoungGen: 131584K->131584K(153088K)
[2019-07-24T17:24:38.951-0300][306.077s][info][gc,heap        ] GC(193) ParOldGen: 297191K->297191K(349696K)
[2019-07-24T17:24:38.951-0300][306.077s][info][gc,metaspace   ] GC(193) Metaspace: 13261K->13261K(1062912K)
[2019-07-24T17:24:38.951-0300][306.077s][info][gc             ] GC(193) Pause Full (Ergonomics) 418M->418M(491M) 1664.622ms
[2019-07-24T17:24:38.951-0300][306.077s][info][gc,cpu         ] GC(193) User=3.72s Sys=0.02s Real=1.67s
[2019-07-24T17:24:38.951-0300][306.077s][info][gc,start       ] GC(194) Pause Full (Ergonomics)
[2019-07-24T17:24:38.951-0300][306.077s][info][gc,phases,start] GC(194) Marking Phase
[2019-07-24T17:24:39.789-0300][306.915s][info][gc,phases      ] GC(194) Marking Phase 837.620ms
[2019-07-24T17:24:39.789-0300][306.915s][info][gc,phases,start] GC(194) Summary Phase
[2019-07-24T17:24:39.789-0300][306.915s][info][gc,phases      ] GC(194) Summary Phase 0.023ms
[2019-07-24T17:24:39.789-0300][306.915s][info][gc,phases,start] GC(194) Adjust Roots
[2019-07-24T17:24:39.791-0300][306.917s][info][gc,phases      ] GC(194) Adjust Roots 1.726ms
[2019-07-24T17:24:39.791-0300][306.917s][info][gc,phases,start] GC(194) Compaction Phase
[2019-07-24T17:24:40.117-0300][307.243s][info][gc,phases      ] GC(194) Compaction Phase 326.190ms
[2019-07-24T17:24:40.117-0300][307.243s][info][gc,phases,start] GC(194) Post Compact
[2019-07-24T17:24:40.118-0300][307.244s][info][gc,phases      ] GC(194) Post Compact 0.756ms
[2019-07-24T17:24:40.118-0300][307.244s][info][gc,heap        ] GC(194) PSYoungGen: 131584K->131583K(153088K)
[2019-07-24T17:24:40.118-0300][307.244s][info][gc,heap        ] GC(194) ParOldGen: 297192K->297192K(349696K)
[2019-07-24T17:24:40.118-0300][307.244s][info][gc,metaspace   ] GC(194) Metaspace: 13261K->13261K(1062912K)
[2019-07-24T17:24:40.118-0300][307.244s][info][gc             ] GC(194) Pause Full (Ergonomics) 418M->418M(491M) 1166.637ms
[2019-07-24T17:24:40.118-0300][307.244s][info][gc,cpu         ] GC(194) User=3.45s Sys=0.02s Real=1.16s
[2019-07-24T17:24:40.118-0300][307.244s][info][gc,start       ] GC(195) Pause Full (Ergonomics)
[2019-07-24T17:24:40.118-0300][307.244s][info][gc,phases,start] GC(195) Marking Phase
[2019-07-24T17:24:41.462-0300][308.588s][info][gc,phases      ] GC(195) Marking Phase 1343.548ms
[2019-07-24T17:24:41.462-0300][308.588s][info][gc,phases,start] GC(195) Summary Phase
[2019-07-24T17:24:41.462-0300][308.588s][info][gc,phases      ] GC(195) Summary Phase 0.041ms
[2019-07-24T17:24:41.462-0300][308.588s][info][gc,phases,start] GC(195) Adjust Roots
[2019-07-24T17:24:41.464-0300][308.590s][info][gc,phases      ] GC(195) Adjust Roots 2.589ms
[2019-07-24T17:24:41.464-0300][308.590s][info][gc,phases,start] GC(195) Compaction Phase
[2019-07-24T17:24:41.846-0300][308.972s][info][gc,phases      ] GC(195) Compaction Phase 381.516ms
[2019-07-24T17:24:41.846-0300][308.972s][info][gc,phases,start] GC(195) Post Compact
[2019-07-24T17:24:41.847-0300][308.973s][info][gc,phases      ] GC(195) Post Compact 0.775ms
[2019-07-24T17:24:41.847-0300][308.973s][info][gc,heap        ] GC(195) PSYoungGen: 131584K->131583K(153088K)
[2019-07-24T17:24:41.847-0300][308.973s][info][gc,heap        ] GC(195) ParOldGen: 297192K->297192K(349696K)
[2019-07-24T17:24:41.847-0300][308.973s][info][gc,metaspace   ] GC(195) Metaspace: 13261K->13261K(1062912K)
[2019-07-24T17:24:41.847-0300][308.973s][info][gc             ] GC(195) Pause Full (Ergonomics) 418M->418M(491M) 1728.990ms
[2019-07-24T17:24:41.847-0300][308.974s][info][gc,cpu         ] GC(195) User=3.55s Sys=0.02s Real=1.73s
[2019-07-24T17:24:41.848-0300][308.974s][info][gc,start       ] GC(196) Pause Full (Ergonomics)
[2019-07-24T17:24:41.849-0300][308.975s][info][gc,phases,start] GC(196) Marking Phase
[2019-07-24T17:24:42.618-0300][309.744s][info][gc,phases      ] GC(196) Marking Phase 769.276ms
[2019-07-24T17:24:42.618-0300][309.744s][info][gc,phases,start] GC(196) Summary Phase
[2019-07-24T17:24:42.618-0300][309.744s][info][gc,phases      ] GC(196) Summary Phase 0.023ms
[2019-07-24T17:24:42.618-0300][309.744s][info][gc,phases,start] GC(196) Adjust Roots
[2019-07-24T17:24:42.620-0300][309.746s][info][gc,phases      ] GC(196) Adjust Roots 1.590ms
[2019-07-24T17:24:42.620-0300][309.746s][info][gc,phases,start] GC(196) Compaction Phase
[2019-07-24T17:24:43.003-0300][310.129s][info][gc,phases      ] GC(196) Compaction Phase 383.364ms
[2019-07-24T17:24:43.003-0300][310.129s][info][gc,phases,start] GC(196) Post Compact
[2019-07-24T17:24:43.004-0300][310.130s][info][gc,phases      ] GC(196) Post Compact 0.775ms
[2019-07-24T17:24:43.004-0300][310.130s][info][gc,heap        ] GC(196) PSYoungGen: 131584K->131583K(153088K)
[2019-07-24T17:24:43.004-0300][310.130s][info][gc,heap        ] GC(196) ParOldGen: 297192K->297192K(349696K)
[2019-07-24T17:24:43.004-0300][310.130s][info][gc,metaspace   ] GC(196) Metaspace: 13264K->13264K(1062912K)
[2019-07-24T17:24:43.004-0300][310.130s][info][gc             ] GC(196) Pause Full (Ergonomics) 418M->418M(491M) 1155.460ms
[2019-07-24T17:24:43.004-0300][310.130s][info][gc,cpu         ] GC(196) User=3.44s Sys=0.02s Real=1.16s
[2019-07-24T17:24:43.004-0300][310.130s][info][gc,start       ] GC(197) Pause Full (Ergonomics)
[2019-07-24T17:24:43.004-0300][310.130s][info][gc,phases,start] GC(197) Marking Phase
[2019-07-24T17:24:43.759-0300][310.885s][info][gc,phases      ] GC(197) Marking Phase 754.327ms
[2019-07-24T17:24:43.759-0300][310.885s][info][gc,phases,start] GC(197) Summary Phase
[2019-07-24T17:24:43.759-0300][310.885s][info][gc,phases      ] GC(197) Summary Phase 0.022ms
[2019-07-24T17:24:43.759-0300][310.885s][info][gc,phases,start] GC(197) Adjust Roots
[2019-07-24T17:24:43.760-0300][310.886s][info][gc,phases      ] GC(197) Adjust Roots 1.706ms
[2019-07-24T17:24:43.760-0300][310.886s][info][gc,phases,start] GC(197) Compaction Phase
[2019-07-24T17:24:44.056-0300][311.182s][info][gc,phases      ] GC(197) Compaction Phase 295.607ms
[2019-07-24T17:24:44.056-0300][311.182s][info][gc,phases,start] GC(197) Post Compact
[2019-07-24T17:24:44.057-0300][311.183s][info][gc,phases      ] GC(197) Post Compact 0.751ms
[2019-07-24T17:24:44.057-0300][311.183s][info][gc,heap        ] GC(197) PSYoungGen: 131583K->131583K(153088K)
[2019-07-24T17:24:44.057-0300][311.183s][info][gc,heap        ] GC(197) ParOldGen: 297194K->297194K(349696K)
[2019-07-24T17:24:44.057-0300][311.183s][info][gc,metaspace   ] GC(197) Metaspace: 13264K->13264K(1062912K)
[2019-07-24T17:24:44.057-0300][311.183s][info][gc             ] GC(197) Pause Full (Ergonomics) 418M->418M(491M) 1052.773ms
[2019-07-24T17:24:44.057-0300][311.183s][info][gc,cpu         ] GC(197) User=3.49s Sys=0.01s Real=1.05s
[2019-07-24T17:24:44.057-0300][311.183s][info][gc,start       ] GC(198) Pause Full (Ergonomics)
[2019-07-24T17:24:44.057-0300][311.183s][info][gc,phases,start] GC(198) Marking Phase
[2019-07-24T17:24:44.790-0300][311.916s][info][gc,phases      ] GC(198) Marking Phase 732.995ms
[2019-07-24T17:24:44.790-0300][311.916s][info][gc,phases,start] GC(198) Summary Phase
[2019-07-24T17:24:44.790-0300][311.916s][info][gc,phases      ] GC(198) Summary Phase 0.022ms
[2019-07-24T17:24:44.790-0300][311.916s][info][gc,phases,start] GC(198) Adjust Roots
[2019-07-24T17:24:44.792-0300][311.918s][info][gc,phases      ] GC(198) Adjust Roots 1.578ms
[2019-07-24T17:24:44.792-0300][311.918s][info][gc,phases,start] GC(198) Compaction Phase
[2019-07-24T17:24:45.081-0300][312.207s][info][gc,phases      ] GC(198) Compaction Phase 288.714ms
[2019-07-24T17:24:45.081-0300][312.207s][info][gc,phases,start] GC(198) Post Compact
[2019-07-24T17:24:45.082-0300][312.208s][info][gc,phases      ] GC(198) Post Compact 1.093ms
[2019-07-24T17:24:45.082-0300][312.208s][info][gc,heap        ] GC(198) PSYoungGen: 131583K->131583K(153088K)
[2019-07-24T17:24:45.082-0300][312.208s][info][gc,heap        ] GC(198) ParOldGen: 297205K->297204K(349696K)
[2019-07-24T17:24:45.082-0300][312.208s][info][gc,metaspace   ] GC(198) Metaspace: 13264K->13264K(1062912K)
[2019-07-24T17:24:45.082-0300][312.208s][info][gc             ] GC(198) Pause Full (Ergonomics) 418M->418M(491M) 1024.777ms
[2019-07-24T17:24:45.082-0300][312.208s][info][gc,cpu         ] GC(198) User=3.46s Sys=0.02s Real=1.03s
[2019-07-24T17:24:45.082-0300][312.208s][info][gc,start       ] GC(199) Pause Full (Ergonomics)
[2019-07-24T17:24:45.082-0300][312.208s][info][gc,phases,start] GC(199) Marking Phase
[2019-07-24T17:24:45.829-0300][312.955s][info][gc,phases      ] GC(199) Marking Phase 746.461ms
[2019-07-24T17:24:45.829-0300][312.955s][info][gc,phases,start] GC(199) Summary Phase
[2019-07-24T17:24:45.829-0300][312.955s][info][gc,phases      ] GC(199) Summary Phase 0.027ms
[2019-07-24T17:24:45.829-0300][312.955s][info][gc,phases,start] GC(199) Adjust Roots
[2019-07-24T17:24:45.830-0300][312.956s][info][gc,phases      ] GC(199) Adjust Roots 1.463ms
[2019-07-24T17:24:45.830-0300][312.956s][info][gc,phases,start] GC(199) Compaction Phase
[2019-07-24T17:24:46.140-0300][313.266s][info][gc,phases      ] GC(199) Compaction Phase 309.911ms
[2019-07-24T17:24:46.140-0300][313.266s][info][gc,phases,start] GC(199) Post Compact
[2019-07-24T17:24:46.141-0300][313.267s][info][gc,phases      ] GC(199) Post Compact 0.782ms
[2019-07-24T17:24:46.141-0300][313.267s][info][gc,heap        ] GC(199) PSYoungGen: 131584K->131584K(153088K)
[2019-07-24T17:24:46.141-0300][313.267s][info][gc,heap        ] GC(199) ParOldGen: 297204K->297204K(349696K)
[2019-07-24T17:24:46.141-0300][313.267s][info][gc,metaspace   ] GC(199) Metaspace: 13264K->13264K(1062912K)
[2019-07-24T17:24:46.141-0300][313.267s][info][gc             ] GC(199) Pause Full (Ergonomics) 418M->418M(491M) 1059.005ms
[2019-07-24T17:24:46.141-0300][313.267s][info][gc,cpu         ] GC(199) User=3.45s Sys=0.01s Real=1.06s
[2019-07-24T17:24:46.142-0300][313.268s][info][gc,start       ] GC(200) Pause Full (Ergonomics)
[2019-07-24T17:24:46.142-0300][313.268s][info][gc,phases,start] GC(200) Marking Phase
[2019-07-24T17:24:46.923-0300][314.049s][info][gc,phases      ] GC(200) Marking Phase 781.621ms
[2019-07-24T17:24:46.924-0300][314.049s][info][gc,phases,start] GC(200) Summary Phase
[2019-07-24T17:24:46.924-0300][314.049s][info][gc,phases      ] GC(200) Summary Phase 0.023ms
[2019-07-24T17:24:46.924-0300][314.049s][info][gc,phases,start] GC(200) Adjust Roots
[2019-07-24T17:24:46.925-0300][314.051s][info][gc,phases      ] GC(200) Adjust Roots 1.559ms
[2019-07-24T17:24:46.925-0300][314.051s][info][gc,phases,start] GC(200) Compaction Phase
[2019-07-24T17:24:47.228-0300][314.354s][info][gc,phases      ] GC(200) Compaction Phase 302.734ms
[2019-07-24T17:24:47.228-0300][314.354s][info][gc,phases,start] GC(200) Post Compact
[2019-07-24T17:24:47.229-0300][314.355s][info][gc,phases      ] GC(200) Post Compact 0.763ms
[2019-07-24T17:24:47.229-0300][314.355s][info][gc,heap        ] GC(200) PSYoungGen: 131584K->131584K(153088K)
[2019-07-24T17:24:47.229-0300][314.355s][info][gc,heap        ] GC(200) ParOldGen: 297214K->297214K(349696K)
[2019-07-24T17:24:47.229-0300][314.355s][info][gc,metaspace   ] GC(200) Metaspace: 13264K->13264K(1062912K)
[2019-07-24T17:24:47.229-0300][314.355s][info][gc             ] GC(200) Pause Full (Ergonomics) 418M->418M(491M) 1087.037ms
[2019-07-24T17:24:47.229-0300][314.355s][info][gc,cpu         ] GC(200) User=3.45s Sys=0.02s Real=1.08s
[2019-07-24T17:24:47.229-0300][314.355s][info][gc,start       ] GC(201) Pause Full (Ergonomics)
[2019-07-24T17:24:47.229-0300][314.355s][info][gc,phases,start] GC(201) Marking Phase
[2019-07-24T17:24:48.021-0300][315.147s][info][gc,phases      ] GC(201) Marking Phase 792.011ms
[2019-07-24T17:24:48.021-0300][315.147s][info][gc,phases,start] GC(201) Summary Phase
[2019-07-24T17:24:48.021-0300][315.147s][info][gc,phases      ] GC(201) Summary Phase 0.023ms
[2019-07-24T17:24:48.021-0300][315.147s][info][gc,phases,start] GC(201) Adjust Roots
[2019-07-24T17:24:48.023-0300][315.149s][info][gc,phases      ] GC(201) Adjust Roots 1.571ms
[2019-07-24T17:24:48.023-0300][315.149s][info][gc,phases,start] GC(201) Compaction Phase
[2019-07-24T17:24:48.322-0300][315.448s][info][gc,phases      ] GC(201) Compaction Phase 299.480ms
[2019-07-24T17:24:48.323-0300][315.448s][info][gc,phases,start] GC(201) Post Compact
[2019-07-24T17:24:48.323-0300][315.449s][info][gc,phases      ] GC(201) Post Compact 0.751ms
[2019-07-24T17:24:48.323-0300][315.449s][info][gc,heap        ] GC(201) PSYoungGen: 131584K->131584K(153088K)
[2019-07-24T17:24:48.323-0300][315.449s][info][gc,heap        ] GC(201) ParOldGen: 297219K->297216K(349696K)
[2019-07-24T17:24:48.323-0300][315.449s][info][gc,metaspace   ] GC(201) Metaspace: 13264K->13264K(1062912K)
[2019-07-24T17:24:48.323-0300][315.449s][info][gc             ] GC(201) Pause Full (Ergonomics) 418M->418M(491M) 1094.167ms
[2019-07-24T17:24:48.323-0300][315.449s][info][gc,cpu         ] GC(201) User=3.52s Sys=0.01s Real=1.10s
[2019-07-24T17:24:48.324-0300][315.449s][info][gc,start       ] GC(202) Pause Full (Ergonomics)
[2019-07-24T17:24:48.324-0300][315.450s][info][gc,phases,start] GC(202) Marking Phase
[2019-07-24T17:24:49.092-0300][316.218s][info][gc,phases      ] GC(202) Marking Phase 768.469ms
[2019-07-24T17:24:49.092-0300][316.218s][info][gc,phases,start] GC(202) Summary Phase
[2019-07-24T17:24:49.092-0300][316.218s][info][gc,phases      ] GC(202) Summary Phase 0.022ms
[2019-07-24T17:24:49.092-0300][316.218s][info][gc,phases,start] GC(202) Adjust Roots
[2019-07-24T17:24:49.094-0300][316.220s][info][gc,phases      ] GC(202) Adjust Roots 1.690ms
[2019-07-24T17:24:49.094-0300][316.220s][info][gc,phases,start] GC(202) Compaction Phase
[2019-07-24T17:24:49.394-0300][316.520s][info][gc,phases      ] GC(202) Compaction Phase 300.279ms
[2019-07-24T17:24:49.394-0300][316.520s][info][gc,phases,start] GC(202) Post Compact
[2019-07-24T17:24:49.395-0300][316.521s][info][gc,phases      ] GC(202) Post Compact 0.760ms
[2019-07-24T17:24:49.395-0300][316.521s][info][gc,heap        ] GC(202) PSYoungGen: 131584K->131584K(153088K)
[2019-07-24T17:24:49.395-0300][316.521s][info][gc,heap        ] GC(202) ParOldGen: 297218K->297218K(349696K)
[2019-07-24T17:24:49.395-0300][316.521s][info][gc,metaspace   ] GC(202) Metaspace: 13264K->13264K(1062912K)
[2019-07-24T17:24:49.395-0300][316.521s][info][gc             ] GC(202) Pause Full (Ergonomics) 418M->418M(491M) 1071.605ms
[2019-07-24T17:24:49.395-0300][316.521s][info][gc,cpu         ] GC(202) User=3.53s Sys=0.02s Real=1.07s
[2019-07-24T17:24:49.396-0300][316.521s][info][gc,start       ] GC(203) Pause Full (Ergonomics)
[2019-07-24T17:24:49.396-0300][316.521s][info][gc,phases,start] GC(203) Marking Phase
[2019-07-24T17:24:50.142-0300][317.267s][info][gc,phases      ] GC(203) Marking Phase 746.024ms
[2019-07-24T17:24:50.142-0300][317.267s][info][gc,phases,start] GC(203) Summary Phase
[2019-07-24T17:24:50.142-0300][317.267s][info][gc,phases      ] GC(203) Summary Phase 0.023ms
[2019-07-24T17:24:50.142-0300][317.267s][info][gc,phases,start] GC(203) Adjust Roots
[2019-07-24T17:24:50.143-0300][317.269s][info][gc,phases      ] GC(203) Adjust Roots 1.572ms
[2019-07-24T17:24:50.143-0300][317.269s][info][gc,phases,start] GC(203) Compaction Phase
[2019-07-24T17:24:50.436-0300][317.562s][info][gc,phases      ] GC(203) Compaction Phase 292.614ms
[2019-07-24T17:24:50.436-0300][317.562s][info][gc,phases,start] GC(203) Post Compact
[2019-07-24T17:24:50.437-0300][317.563s][info][gc,phases      ] GC(203) Post Compact 0.832ms
[2019-07-24T17:24:50.437-0300][317.563s][info][gc,heap        ] GC(203) PSYoungGen: 131584K->131584K(153088K)
[2019-07-24T17:24:50.437-0300][317.563s][info][gc,heap        ] GC(203) ParOldGen: 297220K->297220K(349696K)
[2019-07-24T17:24:50.437-0300][317.563s][info][gc,metaspace   ] GC(203) Metaspace: 13264K->13264K(1062912K)
[2019-07-24T17:24:50.437-0300][317.563s][info][gc             ] GC(203) Pause Full (Ergonomics) 418M->418M(491M) 1041.407ms
[2019-07-24T17:24:50.437-0300][317.563s][info][gc,cpu         ] GC(203) User=3.47s Sys=0.01s Real=1.04s
[2019-07-24T17:24:50.437-0300][317.563s][info][gc,start       ] GC(204) Pause Full (Ergonomics)
[2019-07-24T17:24:50.437-0300][317.563s][info][gc,phases,start] GC(204) Marking Phase
[2019-07-24T17:24:51.214-0300][318.340s][info][gc,phases      ] GC(204) Marking Phase 777.173ms
[2019-07-24T17:24:51.215-0300][318.340s][info][gc,phases,start] GC(204) Summary Phase
[2019-07-24T17:24:51.215-0300][318.340s][info][gc,phases      ] GC(204) Summary Phase 0.035ms
[2019-07-24T17:24:51.215-0300][318.340s][info][gc,phases,start] GC(204) Adjust Roots
[2019-07-24T17:24:51.216-0300][318.342s][info][gc,phases      ] GC(204) Adjust Roots 1.791ms
[2019-07-24T17:24:51.216-0300][318.342s][info][gc,phases,start] GC(204) Compaction Phase
[2019-07-24T17:24:51.519-0300][318.645s][info][gc,phases      ] GC(204) Compaction Phase 302.379ms
[2019-07-24T17:24:51.519-0300][318.645s][info][gc,phases,start] GC(204) Post Compact
[2019-07-24T17:24:51.520-0300][318.646s][info][gc,phases      ] GC(204) Post Compact 0.883ms
[2019-07-24T17:24:51.520-0300][318.646s][info][gc,heap        ] GC(204) PSYoungGen: 131584K->131584K(153088K)
[2019-07-24T17:24:51.520-0300][318.646s][info][gc,heap        ] GC(204) ParOldGen: 297221K->297221K(349696K)
[2019-07-24T17:24:51.520-0300][318.646s][info][gc,metaspace   ] GC(204) Metaspace: 13264K->13264K(1062912K)
[2019-07-24T17:24:51.520-0300][318.646s][info][gc             ] GC(204) Pause Full (Ergonomics) 418M->418M(491M) 1082.683ms
[2019-07-24T17:24:51.520-0300][318.646s][info][gc,cpu         ] GC(204) User=3.49s Sys=0.02s Real=1.09s
[2019-07-24T17:24:51.520-0300][318.646s][info][gc,start       ] GC(205) Pause Full (Ergonomics)
[2019-07-24T17:24:51.520-0300][318.646s][info][gc,phases,start] GC(205) Marking Phase
[2019-07-24T17:24:52.384-0300][319.510s][info][gc,phases      ] GC(205) Marking Phase 864.189ms
[2019-07-24T17:24:52.385-0300][319.510s][info][gc,phases,start] GC(205) Summary Phase
[2019-07-24T17:24:52.385-0300][319.510s][info][gc,phases      ] GC(205) Summary Phase 0.023ms
[2019-07-24T17:24:52.385-0300][319.510s][info][gc,phases,start] GC(205) Adjust Roots
[2019-07-24T17:24:52.387-0300][319.512s][info][gc,phases      ] GC(205) Adjust Roots 2.106ms
[2019-07-24T17:24:52.387-0300][319.512s][info][gc,phases,start] GC(205) Compaction Phase
[2019-07-24T17:24:52.833-0300][319.959s][info][gc,phases      ] GC(205) Compaction Phase 446.458ms
[2019-07-24T17:24:52.833-0300][319.959s][info][gc,phases,start] GC(205) Post Compact
[2019-07-24T17:24:52.836-0300][319.962s][info][gc,phases      ] GC(205) Post Compact 2.431ms
[2019-07-24T17:24:52.836-0300][319.962s][info][gc,heap        ] GC(205) PSYoungGen: 131584K->131584K(153088K)
[2019-07-24T17:24:52.836-0300][319.962s][info][gc,heap        ] GC(205) ParOldGen: 297225K->297223K(349696K)
[2019-07-24T17:24:52.836-0300][319.962s][info][gc,metaspace   ] GC(205) Metaspace: 13265K->13261K(1062912K)
[2019-07-24T17:24:52.836-0300][319.962s][info][gc             ] GC(205) Pause Full (Ergonomics) 418M->418M(491M) 1315.767ms
[2019-07-24T17:24:52.836-0300][319.962s][info][gc,cpu         ] GC(205) User=4.00s Sys=0.02s Real=1.31s
[2019-07-24T17:24:52.836-0300][319.962s][info][gc,start       ] GC(206) Pause Full (Ergonomics)
[2019-07-24T17:24:52.836-0300][319.962s][info][gc,phases,start] GC(206) Marking Phase
[2019-07-24T17:24:53.559-0300][320.685s][info][gc,phases      ] GC(206) Marking Phase 722.889ms
[2019-07-24T17:24:53.559-0300][320.685s][info][gc,phases,start] GC(206) Summary Phase
[2019-07-24T17:24:53.559-0300][320.685s][info][gc,phases      ] GC(206) Summary Phase 0.023ms
[2019-07-24T17:24:53.559-0300][320.685s][info][gc,phases,start] GC(206) Adjust Roots
[2019-07-24T17:24:53.561-0300][320.686s][info][gc,phases      ] GC(206) Adjust Roots 1.492ms
[2019-07-24T17:24:53.561-0300][320.686s][info][gc,phases,start] GC(206) Compaction Phase
[2019-07-24T17:24:53.851-0300][320.977s][info][gc,phases      ] GC(206) Compaction Phase 290.221ms
[2019-07-24T17:24:53.851-0300][320.977s][info][gc,phases,start] GC(206) Post Compact
[2019-07-24T17:24:53.852-0300][320.978s][info][gc,phases      ] GC(206) Post Compact 0.762ms
[2019-07-24T17:24:53.852-0300][320.978s][info][gc,heap        ] GC(206) PSYoungGen: 131584K->131584K(153088K)
[2019-07-24T17:24:53.852-0300][320.978s][info][gc,heap        ] GC(206) ParOldGen: 297225K->297225K(349696K)
[2019-07-24T17:24:53.852-0300][320.978s][info][gc,metaspace   ] GC(206) Metaspace: 13261K->13261K(1062912K)
[2019-07-24T17:24:53.852-0300][320.978s][info][gc             ] GC(206) Pause Full (Ergonomics) 418M->418M(491M) 1015.710ms
[2019-07-24T17:24:53.852-0300][320.978s][info][gc,cpu         ] GC(206) User=3.44s Sys=0.01s Real=1.02s
[2019-07-24T17:24:53.852-0300][320.978s][info][gc,start       ] GC(207) Pause Full (Ergonomics)
[2019-07-24T17:24:53.852-0300][320.978s][info][gc,phases,start] GC(207) Marking Phase
[2019-07-24T17:24:54.599-0300][321.724s][info][gc,phases      ] GC(207) Marking Phase 746.191ms
[2019-07-24T17:24:54.599-0300][321.724s][info][gc,phases,start] GC(207) Summary Phase
[2019-07-24T17:24:54.599-0300][321.724s][info][gc,phases      ] GC(207) Summary Phase 0.033ms
[2019-07-24T17:24:54.599-0300][321.724s][info][gc,phases,start] GC(207) Adjust Roots
[2019-07-24T17:24:54.601-0300][321.727s][info][gc,phases      ] GC(207) Adjust Roots 2.145ms
[2019-07-24T17:24:54.601-0300][321.727s][info][gc,phases,start] GC(207) Compaction Phase
[2019-07-24T17:24:54.891-0300][322.016s][info][gc,phases      ] GC(207) Compaction Phase 289.749ms
[2019-07-24T17:24:54.891-0300][322.016s][info][gc,phases,start] GC(207) Post Compact
[2019-07-24T17:24:54.892-0300][322.017s][info][gc,phases      ] GC(207) Post Compact 0.752ms
[2019-07-24T17:24:54.892-0300][322.017s][info][gc,heap        ] GC(207) PSYoungGen: 131584K->131584K(153088K)
[2019-07-24T17:24:54.892-0300][322.017s][info][gc,heap        ] GC(207) ParOldGen: 297226K->297226K(349696K)
[2019-07-24T17:24:54.892-0300][322.017s][info][gc,metaspace   ] GC(207) Metaspace: 13264K->13264K(1062912K)
[2019-07-24T17:24:54.892-0300][322.017s][info][gc             ] GC(207) Pause Full (Ergonomics) 418M->418M(491M) 1039.263ms
[2019-07-24T17:24:54.892-0300][322.017s][info][gc,cpu         ] GC(207) User=3.44s Sys=0.02s Real=1.04s
[2019-07-24T17:24:54.892-0300][322.018s][info][gc,start       ] GC(208) Pause Full (Ergonomics)
[2019-07-24T17:24:54.892-0300][322.018s][info][gc,phases,start] GC(208) Marking Phase
[2019-07-24T17:24:55.921-0300][323.046s][info][gc,phases      ] GC(208) Marking Phase 1028.678ms
[2019-07-24T17:24:55.922-0300][323.047s][info][gc,phases,start] GC(208) Summary Phase
[2019-07-24T17:24:55.922-0300][323.047s][info][gc,phases      ] GC(208) Summary Phase 0.037ms
[2019-07-24T17:24:55.922-0300][323.047s][info][gc,phases,start] GC(208) Adjust Roots
[2019-07-24T17:24:55.923-0300][323.049s][info][gc,phases      ] GC(208) Adjust Roots 1.488ms
[2019-07-24T17:24:55.923-0300][323.049s][info][gc,phases,start] GC(208) Compaction Phase
[2019-07-24T17:24:56.259-0300][323.385s][info][gc,phases      ] GC(208) Compaction Phase 336.003ms
[2019-07-24T17:24:56.259-0300][323.385s][info][gc,phases,start] GC(208) Post Compact
[2019-07-24T17:24:56.260-0300][323.386s][info][gc,phases      ] GC(208) Post Compact 0.818ms
[2019-07-24T17:24:56.260-0300][323.386s][info][gc,heap        ] GC(208) PSYoungGen: 131584K->131584K(153088K)
[2019-07-24T17:24:56.260-0300][323.386s][info][gc,heap        ] GC(208) ParOldGen: 297228K->297222K(349696K)
[2019-07-24T17:24:56.260-0300][323.386s][info][gc,metaspace   ] GC(208) Metaspace: 13264K->13264K(1062912K)
[2019-07-24T17:24:56.260-0300][323.386s][info][gc             ] GC(208) Pause Full (Ergonomics) 418M->418M(491M) 1368.267ms
[2019-07-24T17:24:56.260-0300][323.386s][info][gc,cpu         ] GC(208) User=3.48s Sys=0.01s Real=1.37s
[2019-07-24T17:24:56.261-0300][323.386s][info][gc,start       ] GC(209) Pause Full (Ergonomics)
[2019-07-24T17:24:56.261-0300][323.386s][info][gc,phases,start] GC(209) Marking Phase
[2019-07-24T17:24:57.025-0300][324.151s][info][gc,phases      ] GC(209) Marking Phase 764.684ms
[2019-07-24T17:24:57.025-0300][324.151s][info][gc,phases,start] GC(209) Summary Phase
[2019-07-24T17:24:57.025-0300][324.151s][info][gc,phases      ] GC(209) Summary Phase 0.021ms
[2019-07-24T17:24:57.025-0300][324.151s][info][gc,phases,start] GC(209) Adjust Roots
[2019-07-24T17:24:57.027-0300][324.152s][info][gc,phases      ] GC(209) Adjust Roots 1.476ms
[2019-07-24T17:24:57.027-0300][324.152s][info][gc,phases,start] GC(209) Compaction Phase
[2019-07-24T17:24:57.325-0300][324.450s][info][gc,phases      ] GC(209) Compaction Phase 297.980ms
[2019-07-24T17:24:57.325-0300][324.451s][info][gc,phases,start] GC(209) Post Compact
[2019-07-24T17:24:57.326-0300][324.451s][info][gc,phases      ] GC(209) Post Compact 0.757ms
[2019-07-24T17:24:57.326-0300][324.451s][info][gc,heap        ] GC(209) PSYoungGen: 131584K->131584K(153088K)
[2019-07-24T17:24:57.326-0300][324.451s][info][gc,heap        ] GC(209) ParOldGen: 297226K->297226K(349696K)
[2019-07-24T17:24:57.326-0300][324.451s][info][gc,metaspace   ] GC(209) Metaspace: 13264K->13264K(1062912K)
[2019-07-24T17:24:57.326-0300][324.451s][info][gc             ] GC(209) Pause Full (Ergonomics) 418M->418M(491M) 1065.234ms
[2019-07-24T17:24:57.326-0300][324.451s][info][gc,cpu         ] GC(209) User=3.49s Sys=0.01s Real=1.06s
[2019-07-24T17:24:57.326-0300][324.452s][info][gc,start       ] GC(210) Pause Full (Ergonomics)
[2019-07-24T17:24:57.326-0300][324.452s][info][gc,phases,start] GC(210) Marking Phase
[2019-07-24T17:24:58.080-0300][325.205s][info][gc,phases      ] GC(210) Marking Phase 753.538ms
[2019-07-24T17:24:58.080-0300][325.205s][info][gc,phases,start] GC(210) Summary Phase
[2019-07-24T17:24:58.080-0300][325.205s][info][gc,phases      ] GC(210) Summary Phase 0.023ms
[2019-07-24T17:24:58.080-0300][325.205s][info][gc,phases,start] GC(210) Adjust Roots
[2019-07-24T17:24:58.081-0300][325.207s][info][gc,phases      ] GC(210) Adjust Roots 1.568ms
[2019-07-24T17:24:58.082-0300][325.207s][info][gc,phases,start] GC(210) Compaction Phase
[2019-07-24T17:24:58.374-0300][325.500s][info][gc,phases      ] GC(210) Compaction Phase 292.955ms
[2019-07-24T17:24:58.375-0300][325.500s][info][gc,phases,start] GC(210) Post Compact
[2019-07-24T17:24:58.375-0300][325.501s][info][gc,phases      ] GC(210) Post Compact 0.748ms
[2019-07-24T17:24:58.375-0300][325.501s][info][gc,heap        ] GC(210) PSYoungGen: 131584K->131584K(153088K)
[2019-07-24T17:24:58.375-0300][325.501s][info][gc,heap        ] GC(210) ParOldGen: 297230K->297229K(349696K)
[2019-07-24T17:24:58.375-0300][325.501s][info][gc,metaspace   ] GC(210) Metaspace: 13264K->13264K(1062912K)
[2019-07-24T17:24:58.375-0300][325.501s][info][gc             ] GC(210) Pause Full (Ergonomics) 418M->418M(491M) 1049.174ms
[2019-07-24T17:24:58.375-0300][325.501s][info][gc,cpu         ] GC(210) User=3.55s Sys=0.01s Real=1.05s
[2019-07-24T17:24:58.376-0300][325.501s][info][gc,start       ] GC(211) Pause Full (Ergonomics)
[2019-07-24T17:24:58.376-0300][325.501s][info][gc,phases,start] GC(211) Marking Phase
[2019-07-24T17:24:59.107-0300][326.233s][info][gc,phases      ] GC(211) Marking Phase 731.352ms
[2019-07-24T17:24:59.107-0300][326.233s][info][gc,phases,start] GC(211) Summary Phase
[2019-07-24T17:24:59.107-0300][326.233s][info][gc,phases      ] GC(211) Summary Phase 0.023ms
[2019-07-24T17:24:59.107-0300][326.233s][info][gc,phases,start] GC(211) Adjust Roots
[2019-07-24T17:24:59.109-0300][326.234s][info][gc,phases      ] GC(211) Adjust Roots 1.844ms
[2019-07-24T17:24:59.109-0300][326.234s][info][gc,phases,start] GC(211) Compaction Phase
[2019-07-24T17:24:59.550-0300][326.675s][info][gc,phases      ] GC(211) Compaction Phase 440.929ms
[2019-07-24T17:24:59.550-0300][326.675s][info][gc,phases,start] GC(211) Post Compact
[2019-07-24T17:24:59.551-0300][326.676s][info][gc,phases      ] GC(211) Post Compact 0.750ms
[2019-07-24T17:24:59.551-0300][326.676s][info][gc,heap        ] GC(211) PSYoungGen: 131584K->131584K(153088K)
[2019-07-24T17:24:59.551-0300][326.676s][info][gc,heap        ] GC(211) ParOldGen: 297230K->297230K(349696K)
[2019-07-24T17:24:59.551-0300][326.676s][info][gc,metaspace   ] GC(211) Metaspace: 13264K->13264K(1062912K)
[2019-07-24T17:24:59.551-0300][326.676s][info][gc             ] GC(211) Pause Full (Ergonomics) 418M->418M(491M) 1175.231ms
[2019-07-24T17:24:59.551-0300][326.676s][info][gc,cpu         ] GC(211) User=4.00s Sys=0.02s Real=1.18s
[2019-07-24T17:24:59.551-0300][326.677s][info][gc,start       ] GC(212) Pause Full (Ergonomics)
[2019-07-24T17:24:59.551-0300][326.677s][info][gc,phases,start] GC(212) Marking Phase
[2019-07-24T17:25:00.298-0300][327.423s][info][gc,phases      ] GC(212) Marking Phase 746.600ms
[2019-07-24T17:25:00.298-0300][327.423s][info][gc,phases,start] GC(212) Summary Phase
[2019-07-24T17:25:00.298-0300][327.423s][info][gc,phases      ] GC(212) Summary Phase 0.027ms
[2019-07-24T17:25:00.298-0300][327.423s][info][gc,phases,start] GC(212) Adjust Roots
[2019-07-24T17:25:00.300-0300][327.425s][info][gc,phases      ] GC(212) Adjust Roots 1.724ms
[2019-07-24T17:25:00.300-0300][327.425s][info][gc,phases,start] GC(212) Compaction Phase
[2019-07-24T17:25:00.591-0300][327.717s][info][gc,phases      ] GC(212) Compaction Phase 291.479ms
[2019-07-24T17:25:00.591-0300][327.717s][info][gc,phases,start] GC(212) Post Compact
[2019-07-24T17:25:00.592-0300][327.717s][info][gc,phases      ] GC(212) Post Compact 0.764ms
[2019-07-24T17:25:00.592-0300][327.718s][info][gc,heap        ] GC(212) PSYoungGen: 131584K->131584K(153088K)
[2019-07-24T17:25:00.592-0300][327.718s][info][gc,heap        ] GC(212) ParOldGen: 297231K->297231K(349696K)
[2019-07-24T17:25:00.592-0300][327.718s][info][gc,metaspace   ] GC(212) Metaspace: 13264K->13264K(1062912K)
[2019-07-24T17:25:00.592-0300][327.718s][info][gc             ] GC(212) Pause Full (Ergonomics) 418M->418M(491M) 1040.980ms
[2019-07-24T17:25:00.592-0300][327.718s][info][gc,cpu         ] GC(212) User=3.49s Sys=0.01s Real=1.04s
[2019-07-24T17:25:00.592-0300][327.718s][info][gc,start       ] GC(213) Pause Full (Ergonomics)
[2019-07-24T17:25:00.592-0300][327.718s][info][gc,phases,start] GC(213) Marking Phase
[2019-07-24T17:25:01.333-0300][328.459s][info][gc,phases      ] GC(213) Marking Phase 740.630ms
[2019-07-24T17:25:01.333-0300][328.459s][info][gc,phases,start] GC(213) Summary Phase
[2019-07-24T17:25:01.333-0300][328.459s][info][gc,phases      ] GC(213) Summary Phase 0.046ms
[2019-07-24T17:25:01.333-0300][328.459s][info][gc,phases,start] GC(213) Adjust Roots
[2019-07-24T17:25:01.335-0300][328.460s][info][gc,phases      ] GC(213) Adjust Roots 1.526ms
[2019-07-24T17:25:01.335-0300][328.460s][info][gc,phases,start] GC(213) Compaction Phase
[2019-07-24T17:25:01.622-0300][328.747s][info][gc,phases      ] GC(213) Compaction Phase 286.653ms
[2019-07-24T17:25:01.622-0300][328.747s][info][gc,phases,start] GC(213) Post Compact
[2019-07-24T17:25:01.622-0300][328.748s][info][gc,phases      ] GC(213) Post Compact 0.765ms
[2019-07-24T17:25:01.622-0300][328.748s][info][gc,heap        ] GC(213) PSYoungGen: 131584K->131584K(153088K)
[2019-07-24T17:25:01.622-0300][328.748s][info][gc,heap        ] GC(213) ParOldGen: 297233K->297232K(349696K)
[2019-07-24T17:25:01.622-0300][328.748s][info][gc,metaspace   ] GC(213) Metaspace: 13264K->13264K(1062912K)
[2019-07-24T17:25:01.623-0300][328.748s][info][gc             ] GC(213) Pause Full (Ergonomics) 418M->418M(491M) 1030.016ms
[2019-07-24T17:25:01.623-0300][328.748s][info][gc,cpu         ] GC(213) User=3.46s Sys=0.01s Real=1.03s
[2019-07-24T17:25:01.623-0300][328.748s][info][gc,start       ] GC(214) Pause Full (Ergonomics)
[2019-07-24T17:25:01.623-0300][328.748s][info][gc,phases,start] GC(214) Marking Phase
[2019-07-24T17:25:02.403-0300][329.529s][info][gc,phases      ] GC(214) Marking Phase 780.508ms
[2019-07-24T17:25:02.403-0300][329.529s][info][gc,phases,start] GC(214) Summary Phase
[2019-07-24T17:25:02.403-0300][329.529s][info][gc,phases      ] GC(214) Summary Phase 0.026ms
[2019-07-24T17:25:02.403-0300][329.529s][info][gc,phases,start] GC(214) Adjust Roots
[2019-07-24T17:25:02.405-0300][329.531s][info][gc,phases      ] GC(214) Adjust Roots 1.892ms
[2019-07-24T17:25:02.405-0300][329.531s][info][gc,phases,start] GC(214) Compaction Phase
[2019-07-24T17:25:02.849-0300][329.975s][info][gc,phases      ] GC(214) Compaction Phase 443.858ms
[2019-07-24T17:25:02.849-0300][329.975s][info][gc,phases,start] GC(214) Post Compact
[2019-07-24T17:25:02.850-0300][329.976s][info][gc,phases      ] GC(214) Post Compact 0.941ms
[2019-07-24T17:25:02.850-0300][329.976s][info][gc,heap        ] GC(214) PSYoungGen: 131584K->131584K(153088K)
[2019-07-24T17:25:02.850-0300][329.976s][info][gc,heap        ] GC(214) ParOldGen: 297235K->297234K(349696K)
[2019-07-24T17:25:02.850-0300][329.976s][info][gc,metaspace   ] GC(214) Metaspace: 13264K->13264K(1062912K)
[2019-07-24T17:25:02.850-0300][329.976s][info][gc             ] GC(214) Pause Full (Ergonomics) 418M->418M(491M) 1227.574ms
[2019-07-24T17:25:02.850-0300][329.976s][info][gc,cpu         ] GC(214) User=3.98s Sys=0.02s Real=1.23s
[2019-07-24T17:25:02.851-0300][329.976s][info][gc,start       ] GC(215) Pause Full (Ergonomics)
[2019-07-24T17:25:02.851-0300][329.976s][info][gc,phases,start] GC(215) Marking Phase
[2019-07-24T17:25:03.598-0300][330.723s][info][gc,phases      ] GC(215) Marking Phase 747.404ms
[2019-07-24T17:25:03.598-0300][330.724s][info][gc,phases,start] GC(215) Summary Phase
[2019-07-24T17:25:03.598-0300][330.724s][info][gc,phases      ] GC(215) Summary Phase 0.022ms
[2019-07-24T17:25:03.598-0300][330.724s][info][gc,phases,start] GC(215) Adjust Roots
[2019-07-24T17:25:03.601-0300][330.726s][info][gc,phases      ] GC(215) Adjust Roots 2.359ms
[2019-07-24T17:25:03.601-0300][330.726s][info][gc,phases,start] GC(215) Compaction Phase
[2019-07-24T17:25:04.041-0300][331.166s][info][gc,phases      ] GC(215) Compaction Phase 440.281ms
[2019-07-24T17:25:04.041-0300][331.166s][info][gc,phases,start] GC(215) Post Compact
[2019-07-24T17:25:04.042-0300][331.167s][info][gc,phases      ] GC(215) Post Compact 0.764ms
[2019-07-24T17:25:04.042-0300][331.167s][info][gc,heap        ] GC(215) PSYoungGen: 131584K->131584K(153088K)
[2019-07-24T17:25:04.042-0300][331.167s][info][gc,heap        ] GC(215) ParOldGen: 297236K->297235K(349696K)
[2019-07-24T17:25:04.042-0300][331.167s][info][gc,metaspace   ] GC(215) Metaspace: 13264K->13264K(1062912K)
[2019-07-24T17:25:04.042-0300][331.167s][info][gc             ] GC(215) Pause Full (Ergonomics) 418M->418M(491M) 1191.193ms
[2019-07-24T17:25:04.042-0300][331.167s][info][gc,cpu         ] GC(215) User=3.98s Sys=0.02s Real=1.19s
[2019-07-24T17:25:04.042-0300][331.167s][info][gc,start       ] GC(216) Pause Full (Ergonomics)
[2019-07-24T17:25:04.042-0300][331.168s][info][gc,phases,start] GC(216) Marking Phase
[2019-07-24T17:25:04.799-0300][331.924s][info][gc,phases      ] GC(216) Marking Phase 756.582ms
[2019-07-24T17:25:04.799-0300][331.924s][info][gc,phases,start] GC(216) Summary Phase
[2019-07-24T17:25:04.799-0300][331.924s][info][gc,phases      ] GC(216) Summary Phase 0.032ms
[2019-07-24T17:25:04.799-0300][331.924s][info][gc,phases,start] GC(216) Adjust Roots
[2019-07-24T17:25:04.801-0300][331.926s][info][gc,phases      ] GC(216) Adjust Roots 1.927ms
[2019-07-24T17:25:04.801-0300][331.926s][info][gc,phases,start] GC(216) Compaction Phase
[2019-07-24T17:25:05.093-0300][332.219s][info][gc,phases      ] GC(216) Compaction Phase 292.264ms
[2019-07-24T17:25:05.093-0300][332.219s][info][gc,phases,start] GC(216) Post Compact
[2019-07-24T17:25:05.095-0300][332.220s][info][gc,phases      ] GC(216) Post Compact 1.269ms
[2019-07-24T17:25:05.095-0300][332.220s][info][gc,heap        ] GC(216) PSYoungGen: 131584K->131584K(153088K)
[2019-07-24T17:25:05.095-0300][332.220s][info][gc,heap        ] GC(216) ParOldGen: 297237K->297237K(349696K)
[2019-07-24T17:25:05.095-0300][332.220s][info][gc,metaspace   ] GC(216) Metaspace: 13264K->13264K(1062912K)
[2019-07-24T17:25:05.095-0300][332.220s][info][gc             ] GC(216) Pause Full (Ergonomics) 418M->418M(491M) 1052.523ms
[2019-07-24T17:25:05.095-0300][332.220s][info][gc,cpu         ] GC(216) User=3.48s Sys=0.01s Real=1.05s
[2019-07-24T17:25:05.095-0300][332.220s][info][gc,start       ] GC(217) Pause Full (Ergonomics)
[2019-07-24T17:25:05.095-0300][332.220s][info][gc,phases,start] GC(217) Marking Phase
[2019-07-24T17:25:05.860-0300][332.985s][info][gc,phases      ] GC(217) Marking Phase 764.661ms
[2019-07-24T17:25:05.860-0300][332.985s][info][gc,phases,start] GC(217) Summary Phase
[2019-07-24T17:25:05.860-0300][332.985s][info][gc,phases      ] GC(217) Summary Phase 0.021ms
[2019-07-24T17:25:05.860-0300][332.985s][info][gc,phases,start] GC(217) Adjust Roots
[2019-07-24T17:25:05.861-0300][332.986s][info][gc,phases      ] GC(217) Adjust Roots 1.469ms
[2019-07-24T17:25:05.861-0300][332.986s][info][gc,phases,start] GC(217) Compaction Phase
[2019-07-24T17:25:06.148-0300][333.273s][info][gc,phases      ] GC(217) Compaction Phase 286.630ms
[2019-07-24T17:25:06.148-0300][333.273s][info][gc,phases,start] GC(217) Post Compact
[2019-07-24T17:25:06.149-0300][333.274s][info][gc,phases      ] GC(217) Post Compact 0.945ms
[2019-07-24T17:25:06.149-0300][333.274s][info][gc,heap        ] GC(217) PSYoungGen: 131584K->131584K(153088K)
[2019-07-24T17:25:06.149-0300][333.274s][info][gc,heap        ] GC(217) ParOldGen: 297238K->297238K(349696K)
[2019-07-24T17:25:06.149-0300][333.274s][info][gc,metaspace   ] GC(217) Metaspace: 13264K->13264K(1062912K)
[2019-07-24T17:25:06.149-0300][333.274s][info][gc             ] GC(217) Pause Full (Ergonomics) 418M->418M(491M) 1054.084ms
[2019-07-24T17:25:06.149-0300][333.274s][info][gc,cpu         ] GC(217) User=3.53s Sys=0.02s Real=1.05s
[2019-07-24T17:25:06.149-0300][333.275s][info][gc,start       ] GC(218) Pause Full (Ergonomics)
[2019-07-24T17:25:06.149-0300][333.275s][info][gc,phases,start] GC(218) Marking Phase
[2019-07-24T17:25:06.896-0300][334.021s][info][gc,phases      ] GC(218) Marking Phase 746.213ms
[2019-07-24T17:25:06.896-0300][334.021s][info][gc,phases,start] GC(218) Summary Phase
[2019-07-24T17:25:06.896-0300][334.021s][info][gc,phases      ] GC(218) Summary Phase 0.023ms
[2019-07-24T17:25:06.896-0300][334.021s][info][gc,phases,start] GC(218) Adjust Roots
[2019-07-24T17:25:06.897-0300][334.023s][info][gc,phases      ] GC(218) Adjust Roots 1.581ms
[2019-07-24T17:25:06.897-0300][334.023s][info][gc,phases,start] GC(218) Compaction Phase
[2019-07-24T17:25:07.189-0300][334.314s][info][gc,phases      ] GC(218) Compaction Phase 291.752ms
[2019-07-24T17:25:07.189-0300][334.314s][info][gc,phases,start] GC(218) Post Compact
[2019-07-24T17:25:07.190-0300][334.315s][info][gc,phases      ] GC(218) Post Compact 0.812ms
[2019-07-24T17:25:07.190-0300][334.315s][info][gc,heap        ] GC(218) PSYoungGen: 131584K->131584K(153088K)
[2019-07-24T17:25:07.190-0300][334.315s][info][gc,heap        ] GC(218) ParOldGen: 297240K->297239K(349696K)
[2019-07-24T17:25:07.190-0300][334.315s][info][gc,metaspace   ] GC(218) Metaspace: 13264K->13264K(1062912K)
[2019-07-24T17:25:07.190-0300][334.315s][info][gc             ] GC(218) Pause Full (Ergonomics) 418M->418M(491M) 1040.700ms
[2019-07-24T17:25:07.190-0300][334.315s][info][gc,cpu         ] GC(218) User=3.48s Sys=0.01s Real=1.05s
[2019-07-24T17:25:07.190-0300][334.316s][info][gc,start       ] GC(219) Pause Full (Ergonomics)
[2019-07-24T17:25:07.190-0300][334.316s][info][gc,phases,start] GC(219) Marking Phase
[2019-07-24T17:25:07.961-0300][335.087s][info][gc,phases      ] GC(219) Marking Phase 770.982ms
[2019-07-24T17:25:07.961-0300][335.087s][info][gc,phases,start] GC(219) Summary Phase
[2019-07-24T17:25:07.962-0300][335.087s][info][gc,phases      ] GC(219) Summary Phase 0.019ms
[2019-07-24T17:25:07.962-0300][335.087s][info][gc,phases,start] GC(219) Adjust Roots
[2019-07-24T17:25:07.963-0300][335.089s][info][gc,phases      ] GC(219) Adjust Roots 1.896ms
[2019-07-24T17:25:07.963-0300][335.089s][info][gc,phases,start] GC(219) Compaction Phase
[2019-07-24T17:25:08.264-0300][335.390s][info][gc,phases      ] GC(219) Compaction Phase 300.901ms
[2019-07-24T17:25:08.264-0300][335.390s][info][gc,phases,start] GC(219) Post Compact
[2019-07-24T17:25:08.265-0300][335.391s][info][gc,phases      ] GC(219) Post Compact 0.949ms
[2019-07-24T17:25:08.266-0300][335.391s][info][gc,heap        ] GC(219) PSYoungGen: 131584K->131584K(153088K)
[2019-07-24T17:25:08.266-0300][335.391s][info][gc,heap        ] GC(219) ParOldGen: 297241K->297241K(349696K)
[2019-07-24T17:25:08.266-0300][335.391s][info][gc,metaspace   ] GC(219) Metaspace: 13264K->13264K(1062912K)
[2019-07-24T17:25:08.266-0300][335.391s][info][gc             ] GC(219) Pause Full (Ergonomics) 418M->418M(491M) 1075.159ms
[2019-07-24T17:25:08.266-0300][335.391s][info][gc,cpu         ] GC(219) User=3.56s Sys=0.01s Real=1.07s
[2019-07-24T17:25:08.266-0300][335.391s][info][gc,start       ] GC(220) Pause Full (Ergonomics)
[2019-07-24T17:25:08.266-0300][335.391s][info][gc,phases,start] GC(220) Marking Phase
[2019-07-24T17:25:09.038-0300][336.163s][info][gc,phases      ] GC(220) Marking Phase 772.290ms
[2019-07-24T17:25:09.038-0300][336.163s][info][gc,phases,start] GC(220) Summary Phase
[2019-07-24T17:25:09.038-0300][336.163s][info][gc,phases      ] GC(220) Summary Phase 0.020ms
[2019-07-24T17:25:09.038-0300][336.163s][info][gc,phases,start] GC(220) Adjust Roots
[2019-07-24T17:25:09.040-0300][336.165s][info][gc,phases      ] GC(220) Adjust Roots 1.603ms
[2019-07-24T17:25:09.040-0300][336.165s][info][gc,phases,start] GC(220) Compaction Phase
[2019-07-24T17:25:09.331-0300][336.457s][info][gc,phases      ] GC(220) Compaction Phase 291.464ms
[2019-07-24T17:25:09.332-0300][336.457s][info][gc,phases,start] GC(220) Post Compact
[2019-07-24T17:25:09.332-0300][336.458s][info][gc,phases      ] GC(220) Post Compact 0.937ms
[2019-07-24T17:25:09.333-0300][336.458s][info][gc,heap        ] GC(220) PSYoungGen: 131584K->131584K(153088K)
[2019-07-24T17:25:09.333-0300][336.458s][info][gc,heap        ] GC(220) ParOldGen: 297243K->297242K(349696K)
[2019-07-24T17:25:09.333-0300][336.458s][info][gc,metaspace   ] GC(220) Metaspace: 13264K->13264K(1062912K)
[2019-07-24T17:25:09.333-0300][336.458s][info][gc             ] GC(220) Pause Full (Ergonomics) 418M->418M(491M) 1066.628ms
[2019-07-24T17:25:09.333-0300][336.458s][info][gc,cpu         ] GC(220) User=3.50s Sys=0.02s Real=1.07s
[2019-07-24T17:25:09.333-0300][336.458s][info][gc,start       ] GC(221) Pause Full (Ergonomics)
[2019-07-24T17:25:09.333-0300][336.458s][info][gc,phases,start] GC(221) Marking Phase
[2019-07-24T17:25:10.073-0300][337.198s][info][gc,phases      ] GC(221) Marking Phase 740.189ms
[2019-07-24T17:25:10.073-0300][337.198s][info][gc,phases,start] GC(221) Summary Phase
[2019-07-24T17:25:10.073-0300][337.198s][info][gc,phases      ] GC(221) Summary Phase 0.019ms
[2019-07-24T17:25:10.073-0300][337.198s][info][gc,phases,start] GC(221) Adjust Roots
[2019-07-24T17:25:10.075-0300][337.200s][info][gc,phases      ] GC(221) Adjust Roots 1.711ms
[2019-07-24T17:25:10.075-0300][337.200s][info][gc,phases,start] GC(221) Compaction Phase
[2019-07-24T17:25:10.368-0300][337.493s][info][gc,phases      ] GC(221) Compaction Phase 292.872ms
[2019-07-24T17:25:10.368-0300][337.493s][info][gc,phases,start] GC(221) Post Compact
[2019-07-24T17:25:10.369-0300][337.494s][info][gc,phases      ] GC(221) Post Compact 0.745ms
[2019-07-24T17:25:10.369-0300][337.494s][info][gc,heap        ] GC(221) PSYoungGen: 131584K->131584K(153088K)
[2019-07-24T17:25:10.369-0300][337.494s][info][gc,heap        ] GC(221) ParOldGen: 297244K->297243K(349696K)
[2019-07-24T17:25:10.369-0300][337.494s][info][gc,metaspace   ] GC(221) Metaspace: 13264K->13264K(1062912K)
[2019-07-24T17:25:10.369-0300][337.494s][info][gc             ] GC(221) Pause Full (Ergonomics) 418M->418M(491M) 1035.833ms
[2019-07-24T17:25:10.369-0300][337.494s][info][gc,cpu         ] GC(221) User=3.49s Sys=0.01s Real=1.03s
[2019-07-24T17:25:10.369-0300][337.494s][info][gc,start       ] GC(222) Pause Full (Ergonomics)
[2019-07-24T17:25:10.369-0300][337.494s][info][gc,phases,start] GC(222) Marking Phase
[2019-07-24T17:25:11.134-0300][338.259s][info][gc,phases      ] GC(222) Marking Phase 764.931ms
[2019-07-24T17:25:11.134-0300][338.259s][info][gc,phases,start] GC(222) Summary Phase
[2019-07-24T17:25:11.134-0300][338.259s][info][gc,phases      ] GC(222) Summary Phase 0.018ms
[2019-07-24T17:25:11.134-0300][338.259s][info][gc,phases,start] GC(222) Adjust Roots
[2019-07-24T17:25:11.136-0300][338.261s][info][gc,phases      ] GC(222) Adjust Roots 1.479ms
[2019-07-24T17:25:11.136-0300][338.261s][info][gc,phases,start] GC(222) Compaction Phase
[2019-07-24T17:25:11.429-0300][338.554s][info][gc,phases      ] GC(222) Compaction Phase 293.412ms
[2019-07-24T17:25:11.429-0300][338.554s][info][gc,phases,start] GC(222) Post Compact
[2019-07-24T17:25:11.430-0300][338.555s][info][gc,phases      ] GC(222) Post Compact 0.760ms
[2019-07-24T17:25:11.430-0300][338.555s][info][gc,heap        ] GC(222) PSYoungGen: 131584K->131584K(153088K)
[2019-07-24T17:25:11.430-0300][338.555s][info][gc,heap        ] GC(222) ParOldGen: 297246K->297241K(349696K)
[2019-07-24T17:25:11.430-0300][338.555s][info][gc,metaspace   ] GC(222) Metaspace: 13264K->13264K(1062912K)
[2019-07-24T17:25:11.430-0300][338.555s][info][gc             ] GC(222) Pause Full (Ergonomics) 418M->418M(491M) 1060.885ms
[2019-07-24T17:25:11.430-0300][338.555s][info][gc,cpu         ] GC(222) User=3.49s Sys=0.02s Real=1.07s
[2019-07-24T17:25:11.430-0300][338.555s][info][gc,start       ] GC(223) Pause Full (Ergonomics)
[2019-07-24T17:25:11.430-0300][338.555s][info][gc,phases,start] GC(223) Marking Phase
[2019-07-24T17:25:12.177-0300][339.303s][info][gc,phases      ] GC(223) Marking Phase 747.186ms
[2019-07-24T17:25:12.178-0300][339.303s][info][gc,phases,start] GC(223) Summary Phase
[2019-07-24T17:25:12.178-0300][339.303s][info][gc,phases      ] GC(223) Summary Phase 0.019ms
[2019-07-24T17:25:12.178-0300][339.303s][info][gc,phases,start] GC(223) Adjust Roots
[2019-07-24T17:25:12.179-0300][339.304s][info][gc,phases      ] GC(223) Adjust Roots 1.478ms
[2019-07-24T17:25:12.179-0300][339.304s][info][gc,phases,start] GC(223) Compaction Phase
[2019-07-24T17:25:12.477-0300][339.602s][info][gc,phases      ] GC(223) Compaction Phase 298.021ms
[2019-07-24T17:25:12.477-0300][339.602s][info][gc,phases,start] GC(223) Post Compact
[2019-07-24T17:25:12.478-0300][339.603s][info][gc,phases      ] GC(223) Post Compact 0.762ms
[2019-07-24T17:25:12.478-0300][339.603s][info][gc,heap        ] GC(223) PSYoungGen: 131584K->131584K(153088K)
[2019-07-24T17:25:12.478-0300][339.603s][info][gc,heap        ] GC(223) ParOldGen: 297243K->297243K(349696K)
[2019-07-24T17:25:12.478-0300][339.603s][info][gc,metaspace   ] GC(223) Metaspace: 13264K->13264K(1062912K)
[2019-07-24T17:25:12.478-0300][339.603s][info][gc             ] GC(223) Pause Full (Ergonomics) 418M->418M(491M) 1047.764ms
[2019-07-24T17:25:12.478-0300][339.603s][info][gc,cpu         ] GC(223) User=3.51s Sys=0.01s Real=1.04s
[2019-07-24T17:25:12.478-0300][339.603s][info][gc,start       ] GC(224) Pause Full (Ergonomics)
[2019-07-24T17:25:12.478-0300][339.603s][info][gc,phases,start] GC(224) Marking Phase
[2019-07-24T17:25:13.227-0300][340.352s][info][gc,phases      ] GC(224) Marking Phase 749.034ms
[2019-07-24T17:25:13.227-0300][340.352s][info][gc,phases,start] GC(224) Summary Phase
[2019-07-24T17:25:13.227-0300][340.352s][info][gc,phases      ] GC(224) Summary Phase 0.026ms
[2019-07-24T17:25:13.227-0300][340.352s][info][gc,phases,start] GC(224) Adjust Roots
[2019-07-24T17:25:13.229-0300][340.354s][info][gc,phases      ] GC(224) Adjust Roots 1.680ms
[2019-07-24T17:25:13.229-0300][340.354s][info][gc,phases,start] GC(224) Compaction Phase
[2019-07-24T17:25:13.514-0300][340.639s][info][gc,phases      ] GC(224) Compaction Phase 284.892ms
[2019-07-24T17:25:13.514-0300][340.639s][info][gc,phases,start] GC(224) Post Compact
[2019-07-24T17:25:13.515-0300][340.640s][info][gc,phases      ] GC(224) Post Compact 0.987ms
[2019-07-24T17:25:13.515-0300][340.640s][info][gc,heap        ] GC(224) PSYoungGen: 131584K->131584K(153088K)
[2019-07-24T17:25:13.515-0300][340.640s][info][gc,heap        ] GC(224) ParOldGen: 297245K->297245K(349696K)
[2019-07-24T17:25:13.515-0300][340.640s][info][gc,metaspace   ] GC(224) Metaspace: 13264K->13264K(1062912K)
[2019-07-24T17:25:13.515-0300][340.640s][info][gc             ] GC(224) Pause Full (Ergonomics) 418M->418M(491M) 1036.956ms
[2019-07-24T17:25:13.515-0300][340.640s][info][gc,cpu         ] GC(224) User=3.50s Sys=0.01s Real=1.04s
[2019-07-24T17:25:13.515-0300][340.641s][info][gc,start       ] GC(225) Pause Full (Ergonomics)
[2019-07-24T17:25:13.516-0300][340.641s][info][gc,phases,start] GC(225) Marking Phase
[2019-07-24T17:25:14.267-0300][341.392s][info][gc,phases      ] GC(225) Marking Phase 751.551ms
[2019-07-24T17:25:14.267-0300][341.392s][info][gc,phases,start] GC(225) Summary Phase
[2019-07-24T17:25:14.267-0300][341.392s][info][gc,phases      ] GC(225) Summary Phase 0.036ms
[2019-07-24T17:25:14.267-0300][341.392s][info][gc,phases,start] GC(225) Adjust Roots
[2019-07-24T17:25:14.269-0300][341.394s][info][gc,phases      ] GC(225) Adjust Roots 1.554ms
[2019-07-24T17:25:14.269-0300][341.394s][info][gc,phases,start] GC(225) Compaction Phase
[2019-07-24T17:25:14.557-0300][341.682s][info][gc,phases      ] GC(225) Compaction Phase 288.303ms
[2019-07-24T17:25:14.557-0300][341.682s][info][gc,phases,start] GC(225) Post Compact
[2019-07-24T17:25:14.558-0300][341.683s][info][gc,phases      ] GC(225) Post Compact 0.785ms
[2019-07-24T17:25:14.558-0300][341.683s][info][gc,heap        ] GC(225) PSYoungGen: 131584K->131584K(153088K)
[2019-07-24T17:25:14.558-0300][341.683s][info][gc,heap        ] GC(225) ParOldGen: 297246K->297246K(349696K)
[2019-07-24T17:25:14.558-0300][341.683s][info][gc,metaspace   ] GC(225) Metaspace: 13265K->13265K(1062912K)
[2019-07-24T17:25:14.558-0300][341.683s][info][gc             ] GC(225) Pause Full (Ergonomics) 418M->418M(491M) 1042.545ms
[2019-07-24T17:25:14.558-0300][341.683s][info][gc,cpu         ] GC(225) User=3.49s Sys=0.02s Real=1.04s
[2019-07-24T17:25:14.558-0300][341.683s][info][gc,start       ] GC(226) Pause Full (Ergonomics)
[2019-07-24T17:25:14.558-0300][341.683s][info][gc,phases,start] GC(226) Marking Phase
[2019-07-24T17:25:15.306-0300][342.431s][info][gc,phases      ] GC(226) Marking Phase 747.966ms
[2019-07-24T17:25:15.306-0300][342.431s][info][gc,phases,start] GC(226) Summary Phase
[2019-07-24T17:25:15.306-0300][342.431s][info][gc,phases      ] GC(226) Summary Phase 0.040ms
[2019-07-24T17:25:15.306-0300][342.431s][info][gc,phases,start] GC(226) Adjust Roots
[2019-07-24T17:25:15.308-0300][342.433s][info][gc,phases      ] GC(226) Adjust Roots 1.923ms
[2019-07-24T17:25:15.308-0300][342.433s][info][gc,phases,start] GC(226) Compaction Phase
[2019-07-24T17:25:15.603-0300][342.728s][info][gc,phases      ] GC(226) Compaction Phase 294.902ms
[2019-07-24T17:25:15.603-0300][342.728s][info][gc,phases,start] GC(226) Post Compact
[2019-07-24T17:25:15.604-0300][342.729s][info][gc,phases      ] GC(226) Post Compact 0.778ms
[2019-07-24T17:25:15.604-0300][342.729s][info][gc,heap        ] GC(226) PSYoungGen: 131584K->131584K(153088K)
[2019-07-24T17:25:15.604-0300][342.729s][info][gc,heap        ] GC(226) ParOldGen: 297248K->297248K(349696K)
[2019-07-24T17:25:15.604-0300][342.729s][info][gc,metaspace   ] GC(226) Metaspace: 13265K->13265K(1062912K)
[2019-07-24T17:25:15.604-0300][342.729s][info][gc             ] GC(226) Pause Full (Ergonomics) 418M->418M(491M) 1045.990ms
[2019-07-24T17:25:15.604-0300][342.729s][info][gc,cpu         ] GC(226) User=3.50s Sys=0.01s Real=1.05s
[2019-07-24T17:25:15.605-0300][342.730s][info][gc,start       ] GC(227) Pause Full (Ergonomics)
[2019-07-24T17:25:15.605-0300][342.730s][info][gc,phases,start] GC(227) Marking Phase
[2019-07-24T17:25:16.336-0300][343.461s][info][gc,phases      ] GC(227) Marking Phase 731.555ms
[2019-07-24T17:25:16.336-0300][343.461s][info][gc,phases,start] GC(227) Summary Phase
[2019-07-24T17:25:16.336-0300][343.461s][info][gc,phases      ] GC(227) Summary Phase 0.017ms
[2019-07-24T17:25:16.336-0300][343.461s][info][gc,phases,start] GC(227) Adjust Roots
[2019-07-24T17:25:16.338-0300][343.463s][info][gc,phases      ] GC(227) Adjust Roots 1.488ms
[2019-07-24T17:25:16.338-0300][343.463s][info][gc,phases,start] GC(227) Compaction Phase
[2019-07-24T17:25:16.623-0300][343.748s][info][gc,phases      ] GC(227) Compaction Phase 285.696ms
[2019-07-24T17:25:16.624-0300][343.748s][info][gc,phases,start] GC(227) Post Compact
[2019-07-24T17:25:16.624-0300][343.749s][info][gc,phases      ] GC(227) Post Compact 0.759ms
[2019-07-24T17:25:16.624-0300][343.749s][info][gc,heap        ] GC(227) PSYoungGen: 131584K->131584K(153088K)
[2019-07-24T17:25:16.624-0300][343.749s][info][gc,heap        ] GC(227) ParOldGen: 297249K->297249K(349696K)
[2019-07-24T17:25:16.624-0300][343.749s][info][gc,metaspace   ] GC(227) Metaspace: 13265K->13265K(1062912K)
[2019-07-24T17:25:16.624-0300][343.749s][info][gc             ] GC(227) Pause Full (Ergonomics) 418M->418M(491M) 1019.839ms
[2019-07-24T17:25:16.624-0300][343.749s][info][gc,cpu         ] GC(227) User=3.44s Sys=0.01s Real=1.02s
[2019-07-24T17:25:16.625-0300][343.750s][info][gc,start       ] GC(228) Pause Full (Ergonomics)
[2019-07-24T17:25:16.625-0300][343.750s][info][gc,phases,start] GC(228) Marking Phase
[2019-07-24T17:25:17.375-0300][344.500s][info][gc,phases      ] GC(228) Marking Phase 750.113ms
[2019-07-24T17:25:17.375-0300][344.500s][info][gc,phases,start] GC(228) Summary Phase
[2019-07-24T17:25:17.375-0300][344.500s][info][gc,phases      ] GC(228) Summary Phase 0.021ms
[2019-07-24T17:25:17.375-0300][344.500s][info][gc,phases,start] GC(228) Adjust Roots
[2019-07-24T17:25:17.377-0300][344.501s][info][gc,phases      ] GC(228) Adjust Roots 1.490ms
[2019-07-24T17:25:17.377-0300][344.501s][info][gc,phases,start] GC(228) Compaction Phase
[2019-07-24T17:25:17.664-0300][344.789s][info][gc,phases      ] GC(228) Compaction Phase 287.937ms
[2019-07-24T17:25:17.665-0300][344.789s][info][gc,phases,start] GC(228) Post Compact
[2019-07-24T17:25:17.666-0300][344.790s][info][gc,phases      ] GC(228) Post Compact 0.972ms
[2019-07-24T17:25:17.666-0300][344.791s][info][gc,heap        ] GC(228) PSYoungGen: 131584K->131584K(153088K)
[2019-07-24T17:25:17.666-0300][344.791s][info][gc,heap        ] GC(228) ParOldGen: 297251K->297251K(349696K)
[2019-07-24T17:25:17.666-0300][344.791s][info][gc,metaspace   ] GC(228) Metaspace: 13265K->13265K(1062912K)
[2019-07-24T17:25:17.666-0300][344.791s][info][gc             ] GC(228) Pause Full (Ergonomics) 418M->418M(491M) 1041.257ms
[2019-07-24T17:25:17.666-0300][344.791s][info][gc,cpu         ] GC(228) User=3.50s Sys=0.02s Real=1.04s
[2019-07-24T17:25:17.666-0300][344.791s][info][gc,start       ] GC(229) Pause Full (Ergonomics)
[2019-07-24T17:25:17.666-0300][344.791s][info][gc,phases,start] GC(229) Marking Phase
[2019-07-24T17:25:18.415-0300][345.540s][info][gc,phases      ] GC(229) Marking Phase 748.620ms
[2019-07-24T17:25:18.415-0300][345.540s][info][gc,phases,start] GC(229) Summary Phase
[2019-07-24T17:25:18.415-0300][345.540s][info][gc,phases      ] GC(229) Summary Phase 0.024ms
[2019-07-24T17:25:18.415-0300][345.540s][info][gc,phases,start] GC(229) Adjust Roots
[2019-07-24T17:25:18.417-0300][345.542s][info][gc,phases      ] GC(229) Adjust Roots 1.768ms
[2019-07-24T17:25:18.417-0300][345.542s][info][gc,phases,start] GC(229) Compaction Phase
[2019-07-24T17:25:18.707-0300][345.831s][info][gc,phases      ] GC(229) Compaction Phase 289.519ms
[2019-07-24T17:25:18.707-0300][345.831s][info][gc,phases,start] GC(229) Post Compact
[2019-07-24T17:25:18.707-0300][345.832s][info][gc,phases      ] GC(229) Post Compact 0.764ms
[2019-07-24T17:25:18.707-0300][345.832s][info][gc,heap        ] GC(229) PSYoungGen: 131584K->131584K(153088K)
[2019-07-24T17:25:18.707-0300][345.832s][info][gc,heap        ] GC(229) ParOldGen: 297253K->297252K(349696K)
[2019-07-24T17:25:18.707-0300][345.832s][info][gc,metaspace   ] GC(229) Metaspace: 13265K->13265K(1062912K)
[2019-07-24T17:25:18.708-0300][345.832s][info][gc             ] GC(229) Pause Full (Ergonomics) 418M->418M(491M) 1041.051ms
[2019-07-24T17:25:18.708-0300][345.832s][info][gc,cpu         ] GC(229) User=3.49s Sys=0.01s Real=1.04s
[2019-07-24T17:25:18.708-0300][345.833s][info][gc,start       ] GC(230) Pause Full (Ergonomics)
[2019-07-24T17:25:18.708-0300][345.833s][info][gc,phases,start] GC(230) Marking Phase
[2019-07-24T17:25:19.447-0300][346.571s][info][gc,phases      ] GC(230) Marking Phase 738.773ms
[2019-07-24T17:25:19.447-0300][346.571s][info][gc,phases,start] GC(230) Summary Phase
[2019-07-24T17:25:19.447-0300][346.572s][info][gc,phases      ] GC(230) Summary Phase 0.019ms
[2019-07-24T17:25:19.447-0300][346.572s][info][gc,phases,start] GC(230) Adjust Roots
[2019-07-24T17:25:19.448-0300][346.573s][info][gc,phases      ] GC(230) Adjust Roots 1.579ms
[2019-07-24T17:25:19.448-0300][346.573s][info][gc,phases,start] GC(230) Compaction Phase
[2019-07-24T17:25:19.739-0300][346.863s][info][gc,phases      ] GC(230) Compaction Phase 290.203ms
[2019-07-24T17:25:19.739-0300][346.863s][info][gc,phases,start] GC(230) Post Compact
[2019-07-24T17:25:19.739-0300][346.864s][info][gc,phases      ] GC(230) Post Compact 0.861ms
[2019-07-24T17:25:19.740-0300][346.864s][info][gc,heap        ] GC(230) PSYoungGen: 131584K->131584K(153088K)
[2019-07-24T17:25:19.740-0300][346.864s][info][gc,heap        ] GC(230) ParOldGen: 297253K->297253K(349696K)
[2019-07-24T17:25:19.740-0300][346.864s][info][gc,metaspace   ] GC(230) Metaspace: 13265K->13265K(1062912K)
[2019-07-24T17:25:19.740-0300][346.864s][info][gc             ] GC(230) Pause Full (Ergonomics) 418M->418M(491M) 1031.748ms
[2019-07-24T17:25:19.740-0300][346.864s][info][gc,cpu         ] GC(230) User=3.47s Sys=0.01s Real=1.04s
[2019-07-24T17:25:19.740-0300][346.865s][info][gc,start       ] GC(231) Pause Full (Ergonomics)
[2019-07-24T17:25:19.740-0300][346.865s][info][gc,phases,start] GC(231) Marking Phase
[2019-07-24T17:25:20.482-0300][347.606s][info][gc,phases      ] GC(231) Marking Phase 741.813ms
[2019-07-24T17:25:20.482-0300][347.607s][info][gc,phases,start] GC(231) Summary Phase
[2019-07-24T17:25:20.482-0300][347.607s][info][gc,phases      ] GC(231) Summary Phase 0.019ms
[2019-07-24T17:25:20.482-0300][347.607s][info][gc,phases,start] GC(231) Adjust Roots
[2019-07-24T17:25:20.484-0300][347.609s][info][gc,phases      ] GC(231) Adjust Roots 1.952ms
[2019-07-24T17:25:20.484-0300][347.609s][info][gc,phases,start] GC(231) Compaction Phase
[2019-07-24T17:25:20.771-0300][347.896s][info][gc,phases      ] GC(231) Compaction Phase 287.275ms
[2019-07-24T17:25:20.771-0300][347.896s][info][gc,phases,start] GC(231) Post Compact
[2019-07-24T17:25:20.772-0300][347.897s][info][gc,phases      ] GC(231) Post Compact 0.759ms
[2019-07-24T17:25:20.772-0300][347.897s][info][gc,heap        ] GC(231) PSYoungGen: 131584K->131584K(153088K)
[2019-07-24T17:25:20.772-0300][347.897s][info][gc,heap        ] GC(231) ParOldGen: 297255K->297255K(349696K)
[2019-07-24T17:25:20.772-0300][347.897s][info][gc,metaspace   ] GC(231) Metaspace: 13265K->13265K(1062912K)
[2019-07-24T17:25:20.772-0300][347.897s][info][gc             ] GC(231) Pause Full (Ergonomics) 418M->418M(491M) 1032.145ms
[2019-07-24T17:25:20.772-0300][347.897s][info][gc,cpu         ] GC(231) User=3.46s Sys=0.02s Real=1.03s
[2019-07-24T17:25:20.772-0300][347.897s][info][gc,start       ] GC(232) Pause Full (Ergonomics)
[2019-07-24T17:25:20.772-0300][347.897s][info][gc,phases,start] GC(232) Marking Phase
[2019-07-24T17:25:21.521-0300][348.646s][info][gc,phases      ] GC(232) Marking Phase 748.335ms
[2019-07-24T17:25:21.534-0300][348.659s][info][gc,phases,start] GC(232) Summary Phase
[2019-07-24T17:25:21.544-0300][348.669s][info][gc,phases      ] GC(232) Summary Phase 9.915ms
[2019-07-24T17:25:21.544-0300][348.669s][info][gc,phases,start] GC(232) Adjust Roots
[2019-07-24T17:25:21.546-0300][348.671s][info][gc,phases      ] GC(232) Adjust Roots 1.597ms
[2019-07-24T17:25:21.546-0300][348.671s][info][gc,phases,start] GC(232) Compaction Phase
[2019-07-24T17:25:21.870-0300][348.995s][info][gc,phases      ] GC(232) Compaction Phase 323.816ms
[2019-07-24T17:25:21.872-0300][348.997s][info][gc,phases,start] GC(232) Post Compact
[2019-07-24T17:25:21.873-0300][348.998s][info][gc,phases      ] GC(232) Post Compact 0.762ms
[2019-07-24T17:25:21.873-0300][348.998s][info][gc,heap        ] GC(232) PSYoungGen: 131584K->131584K(153088K)
[2019-07-24T17:25:21.873-0300][348.998s][info][gc,heap        ] GC(232) ParOldGen: 297259K->297255K(349696K)
[2019-07-24T17:25:21.873-0300][348.998s][info][gc,metaspace   ] GC(232) Metaspace: 13265K->13265K(1062912K)
[2019-07-24T17:25:21.873-0300][348.998s][info][gc             ] GC(232) Pause Full (Ergonomics) 418M->418M(491M) 1100.993ms
[2019-07-24T17:25:21.873-0300][348.998s][info][gc,cpu         ] GC(232) User=3.44s Sys=0.01s Real=1.10s
[2019-07-24T17:25:21.874-0300][348.998s][info][gc,start       ] GC(233) Pause Full (Ergonomics)
[2019-07-24T17:25:21.874-0300][348.999s][info][gc,phases,start] GC(233) Marking Phase
[2019-07-24T17:25:22.620-0300][349.745s][info][gc,phases      ] GC(233) Marking Phase 746.639ms
[2019-07-24T17:25:22.620-0300][349.745s][info][gc,phases,start] GC(233) Summary Phase
[2019-07-24T17:25:22.620-0300][349.745s][info][gc,phases      ] GC(233) Summary Phase 0.036ms
[2019-07-24T17:25:22.621-0300][349.745s][info][gc,phases,start] GC(233) Adjust Roots
[2019-07-24T17:25:22.623-0300][349.747s][info][gc,phases      ] GC(233) Adjust Roots 2.015ms
[2019-07-24T17:25:22.623-0300][349.747s][info][gc,phases,start] GC(233) Compaction Phase
[2019-07-24T17:25:22.919-0300][350.043s][info][gc,phases      ] GC(233) Compaction Phase 296.124ms
[2019-07-24T17:25:22.919-0300][350.044s][info][gc,phases,start] GC(233) Post Compact
[2019-07-24T17:25:22.920-0300][350.044s][info][gc,phases      ] GC(233) Post Compact 0.763ms
[2019-07-24T17:25:22.920-0300][350.044s][info][gc,heap        ] GC(233) PSYoungGen: 131584K->131584K(153088K)
[2019-07-24T17:25:22.920-0300][350.044s][info][gc,heap        ] GC(233) ParOldGen: 297259K->297256K(349696K)
[2019-07-24T17:25:22.920-0300][350.044s][info][gc,metaspace   ] GC(233) Metaspace: 13266K->13266K(1062912K)
[2019-07-24T17:25:22.920-0300][350.044s][info][gc             ] GC(233) Pause Full (Ergonomics) 418M->418M(491M) 1045.948ms
[2019-07-24T17:25:22.920-0300][350.044s][info][gc,cpu         ] GC(233) User=3.48s Sys=0.01s Real=1.05s
[2019-07-24T17:25:22.920-0300][350.045s][info][gc,start       ] GC(234) Pause Full (Ergonomics)
[2019-07-24T17:25:22.920-0300][350.045s][info][gc,phases,start] GC(234) Marking Phase
[2019-07-24T17:25:23.656-0300][350.781s][info][gc,phases      ] GC(234) Marking Phase 736.387ms
[2019-07-24T17:25:23.656-0300][350.781s][info][gc,phases,start] GC(234) Summary Phase
[2019-07-24T17:25:23.656-0300][350.781s][info][gc,phases      ] GC(234) Summary Phase 0.022ms
[2019-07-24T17:25:23.656-0300][350.781s][info][gc,phases,start] GC(234) Adjust Roots
[2019-07-24T17:25:23.658-0300][350.783s][info][gc,phases      ] GC(234) Adjust Roots 1.487ms
[2019-07-24T17:25:23.658-0300][350.783s][info][gc,phases,start] GC(234) Compaction Phase
[2019-07-24T17:25:23.948-0300][351.073s][info][gc,phases      ] GC(234) Compaction Phase 290.490ms
[2019-07-24T17:25:23.949-0300][351.073s][info][gc,phases,start] GC(234) Post Compact
[2019-07-24T17:25:23.949-0300][351.074s][info][gc,phases      ] GC(234) Post Compact 0.867ms
[2019-07-24T17:25:23.949-0300][351.074s][info][gc,heap        ] GC(234) PSYoungGen: 131584K->131584K(153088K)
[2019-07-24T17:25:23.950-0300][351.074s][info][gc,heap        ] GC(234) ParOldGen: 297270K->297268K(349696K)
[2019-07-24T17:25:23.950-0300][351.074s][info][gc,metaspace   ] GC(234) Metaspace: 13266K->13266K(1062912K)
[2019-07-24T17:25:23.950-0300][351.074s][info][gc             ] GC(234) Pause Full (Ergonomics) 418M->418M(491M) 1029.587ms
[2019-07-24T17:25:23.950-0300][351.074s][info][gc,cpu         ] GC(234) User=3.46s Sys=0.01s Real=1.03s
[2019-07-24T17:25:23.950-0300][351.075s][info][gc,start       ] GC(235) Pause Full (Ergonomics)
[2019-07-24T17:25:23.950-0300][351.075s][info][gc,phases,start] GC(235) Marking Phase
[2019-07-24T17:25:24.694-0300][351.819s][info][gc,phases      ] GC(235) Marking Phase 744.168ms
[2019-07-24T17:25:24.694-0300][351.819s][info][gc,phases,start] GC(235) Summary Phase
[2019-07-24T17:25:24.694-0300][351.819s][info][gc,phases      ] GC(235) Summary Phase 0.022ms
[2019-07-24T17:25:24.694-0300][351.819s][info][gc,phases,start] GC(235) Adjust Roots
[2019-07-24T17:25:24.696-0300][351.821s][info][gc,phases      ] GC(235) Adjust Roots 1.715ms
[2019-07-24T17:25:24.696-0300][351.821s][info][gc,phases,start] GC(235) Compaction Phase
[2019-07-24T17:25:24.985-0300][352.110s][info][gc,phases      ] GC(235) Compaction Phase 289.035ms
[2019-07-24T17:25:24.985-0300][352.110s][info][gc,phases,start] GC(235) Post Compact
[2019-07-24T17:25:24.986-0300][352.111s][info][gc,phases      ] GC(235) Post Compact 0.749ms
[2019-07-24T17:25:24.986-0300][352.111s][info][gc,heap        ] GC(235) PSYoungGen: 131584K->131584K(153088K)
[2019-07-24T17:25:24.986-0300][352.111s][info][gc,heap        ] GC(235) ParOldGen: 297272K->297268K(349696K)
[2019-07-24T17:25:24.986-0300][352.111s][info][gc,metaspace   ] GC(235) Metaspace: 13271K->13271K(1062912K)
[2019-07-24T17:25:24.986-0300][352.111s][info][gc             ] GC(235) Pause Full (Ergonomics) 418M->418M(491M) 1036.138ms
[2019-07-24T17:25:24.986-0300][352.111s][info][gc,cpu         ] GC(235) User=3.48s Sys=0.01s Real=1.03s
[2019-07-24T17:25:24.987-0300][352.111s][info][gc,start       ] GC(236) Pause Full (Ergonomics)
[2019-07-24T17:25:24.987-0300][352.111s][info][gc,phases,start] GC(236) Marking Phase
[2019-07-24T17:25:25.742-0300][352.867s][info][gc,phases      ] GC(236) Marking Phase 755.722ms
[2019-07-24T17:25:25.742-0300][352.867s][info][gc,phases,start] GC(236) Summary Phase
[2019-07-24T17:25:25.742-0300][352.867s][info][gc,phases      ] GC(236) Summary Phase 0.023ms
[2019-07-24T17:25:25.742-0300][352.867s][info][gc,phases,start] GC(236) Adjust Roots
[2019-07-24T17:25:25.744-0300][352.869s][info][gc,phases      ] GC(236) Adjust Roots 1.762ms
[2019-07-24T17:25:25.744-0300][352.869s][info][gc,phases,start] GC(236) Compaction Phase
[2019-07-24T17:25:26.041-0300][353.166s][info][gc,phases      ] GC(236) Compaction Phase 296.838ms
[2019-07-24T17:25:26.041-0300][353.166s][info][gc,phases,start] GC(236) Post Compact
[2019-07-24T17:25:26.042-0300][353.167s][info][gc,phases      ] GC(236) Post Compact 0.766ms
[2019-07-24T17:25:26.042-0300][353.167s][info][gc,heap        ] GC(236) PSYoungGen: 131584K->131584K(153088K)
[2019-07-24T17:25:26.042-0300][353.167s][info][gc,heap        ] GC(236) ParOldGen: 297278K->297278K(349696K)
[2019-07-24T17:25:26.042-0300][353.167s][info][gc,metaspace   ] GC(236) Metaspace: 13272K->13272K(1062912K)
[2019-07-24T17:25:26.042-0300][353.167s][info][gc             ] GC(236) Pause Full (Ergonomics) 418M->418M(491M) 1055.439ms
[2019-07-24T17:25:26.042-0300][353.167s][info][gc,cpu         ] GC(236) User=3.46s Sys=0.02s Real=1.06s
[2019-07-24T17:25:26.042-0300][353.167s][info][gc,start       ] GC(237) Pause Full (Ergonomics)
[2019-07-24T17:25:26.042-0300][353.167s][info][gc,phases,start] GC(237) Marking Phase
[2019-07-24T17:25:26.787-0300][353.911s][info][gc,phases      ] GC(237) Marking Phase 744.157ms
[2019-07-24T17:25:26.787-0300][353.911s][info][gc,phases,start] GC(237) Summary Phase
[2019-07-24T17:25:26.787-0300][353.911s][info][gc,phases      ] GC(237) Summary Phase 0.023ms
[2019-07-24T17:25:26.787-0300][353.911s][info][gc,phases,start] GC(237) Adjust Roots
[2019-07-24T17:25:26.789-0300][353.913s][info][gc,phases      ] GC(237) Adjust Roots 1.947ms
[2019-07-24T17:25:26.789-0300][353.913s][info][gc,phases,start] GC(237) Compaction Phase
[2019-07-24T17:25:27.230-0300][354.355s][info][gc,phases      ] GC(237) Compaction Phase 441.574ms
[2019-07-24T17:25:27.230-0300][354.355s][info][gc,phases,start] GC(237) Post Compact
[2019-07-24T17:25:27.231-0300][354.356s][info][gc,phases      ] GC(237) Post Compact 0.749ms
[2019-07-24T17:25:27.231-0300][354.356s][info][gc,heap        ] GC(237) PSYoungGen: 131584K->131584K(153088K)
[2019-07-24T17:25:27.231-0300][354.356s][info][gc,heap        ] GC(237) ParOldGen: 297279K->297279K(349696K)
[2019-07-24T17:25:27.231-0300][354.356s][info][gc,metaspace   ] GC(237) Metaspace: 13272K->13272K(1062912K)
[2019-07-24T17:25:27.231-0300][354.356s][info][gc             ] GC(237) Pause Full (Ergonomics) 418M->418M(491M) 1188.787ms
[2019-07-24T17:25:27.231-0300][354.356s][info][gc,cpu         ] GC(237) User=4.01s Sys=0.01s Real=1.19s
[2019-07-24T17:25:27.232-0300][354.356s][info][gc,start       ] GC(238) Pause Full (Ergonomics)
[2019-07-24T17:25:27.232-0300][354.356s][info][gc,phases,start] GC(238) Marking Phase
[2019-07-24T17:25:27.980-0300][355.105s][info][gc,phases      ] GC(238) Marking Phase 748.665ms
[2019-07-24T17:25:27.981-0300][355.105s][info][gc,phases,start] GC(238) Summary Phase
[2019-07-24T17:25:27.981-0300][355.105s][info][gc,phases      ] GC(238) Summary Phase 0.026ms
[2019-07-24T17:25:27.981-0300][355.105s][info][gc,phases,start] GC(238) Adjust Roots
[2019-07-24T17:25:27.982-0300][355.107s][info][gc,phases      ] GC(238) Adjust Roots 1.708ms
[2019-07-24T17:25:27.982-0300][355.107s][info][gc,phases,start] GC(238) Compaction Phase
[2019-07-24T17:25:28.271-0300][355.396s][info][gc,phases      ] GC(238) Compaction Phase 288.935ms
[2019-07-24T17:25:28.271-0300][355.396s][info][gc,phases,start] GC(238) Post Compact
[2019-07-24T17:25:28.272-0300][355.397s][info][gc,phases      ] GC(238) Post Compact 0.831ms
[2019-07-24T17:25:28.272-0300][355.397s][info][gc,heap        ] GC(238) PSYoungGen: 131584K->131584K(153088K)
[2019-07-24T17:25:28.272-0300][355.397s][info][gc,heap        ] GC(238) ParOldGen: 297281K->297279K(349696K)
[2019-07-24T17:25:28.272-0300][355.397s][info][gc,metaspace   ] GC(238) Metaspace: 13272K->13272K(1062912K)
[2019-07-24T17:25:28.272-0300][355.397s][info][gc             ] GC(238) Pause Full (Ergonomics) 418M->418M(491M) 1040.572ms
[2019-07-24T17:25:28.272-0300][355.397s][info][gc,cpu         ] GC(238) User=3.51s Sys=0.02s Real=1.04s
[2019-07-24T17:25:28.273-0300][355.397s][info][gc,start       ] GC(239) Pause Full (Ergonomics)
[2019-07-24T17:25:28.273-0300][355.397s][info][gc,phases,start] GC(239) Marking Phase
[2019-07-24T17:25:29.015-0300][356.139s][info][gc,phases      ] GC(239) Marking Phase 741.835ms
[2019-07-24T17:25:29.015-0300][356.139s][info][gc,phases,start] GC(239) Summary Phase
[2019-07-24T17:25:29.015-0300][356.139s][info][gc,phases      ] GC(239) Summary Phase 0.026ms
[2019-07-24T17:25:29.015-0300][356.139s][info][gc,phases,start] GC(239) Adjust Roots
[2019-07-24T17:25:29.016-0300][356.141s][info][gc,phases      ] GC(239) Adjust Roots 1.769ms
[2019-07-24T17:25:29.016-0300][356.141s][info][gc,phases,start] GC(239) Compaction Phase
[2019-07-24T17:25:29.310-0300][356.434s][info][gc,phases      ] GC(239) Compaction Phase 293.299ms
[2019-07-24T17:25:29.310-0300][356.434s][info][gc,phases,start] GC(239) Post Compact
[2019-07-24T17:25:29.311-0300][356.435s][info][gc,phases      ] GC(239) Post Compact 0.758ms
[2019-07-24T17:25:29.311-0300][356.435s][info][gc,heap        ] GC(239) PSYoungGen: 131584K->131584K(153088K)
[2019-07-24T17:25:29.311-0300][356.435s][info][gc,heap        ] GC(239) ParOldGen: 297280K->297280K(349696K)
[2019-07-24T17:25:29.311-0300][356.435s][info][gc,metaspace   ] GC(239) Metaspace: 13273K->13273K(1062912K)
[2019-07-24T17:25:29.311-0300][356.435s][info][gc             ] GC(239) Pause Full (Ergonomics) 418M->418M(491M) 1038.058ms
[2019-07-24T17:25:29.311-0300][356.435s][info][gc,cpu         ] GC(239) User=3.49s Sys=0.01s Real=1.04s
[2019-07-24T17:25:29.311-0300][356.436s][info][gc,start       ] GC(240) Pause Full (Ergonomics)
[2019-07-24T17:25:29.311-0300][356.436s][info][gc,phases,start] GC(240) Marking Phase
[2019-07-24T17:25:30.043-0300][357.167s][info][gc,phases      ] GC(240) Marking Phase 731.678ms
[2019-07-24T17:25:30.043-0300][357.167s][info][gc,phases,start] GC(240) Summary Phase
[2019-07-24T17:25:30.043-0300][357.167s][info][gc,phases      ] GC(240) Summary Phase 0.023ms
[2019-07-24T17:25:30.043-0300][357.167s][info][gc,phases,start] GC(240) Adjust Roots
[2019-07-24T17:25:30.045-0300][357.169s][info][gc,phases      ] GC(240) Adjust Roots 1.945ms
[2019-07-24T17:25:30.045-0300][357.169s][info][gc,phases,start] GC(240) Compaction Phase
[2019-07-24T17:25:30.491-0300][357.615s][info][gc,phases      ] GC(240) Compaction Phase 446.013ms
[2019-07-24T17:25:30.491-0300][357.615s][info][gc,phases,start] GC(240) Post Compact
[2019-07-24T17:25:30.492-0300][357.616s][info][gc,phases      ] GC(240) Post Compact 0.840ms
[2019-07-24T17:25:30.492-0300][357.616s][info][gc,heap        ] GC(240) PSYoungGen: 131584K->131584K(153088K)
[2019-07-24T17:25:30.492-0300][357.616s][info][gc,heap        ] GC(240) ParOldGen: 297282K->297276K(349696K)
[2019-07-24T17:25:30.492-0300][357.616s][info][gc,metaspace   ] GC(240) Metaspace: 13273K->13273K(1062912K)
[2019-07-24T17:25:30.492-0300][357.616s][info][gc             ] GC(240) Pause Full (Ergonomics) 418M->418M(491M) 1180.887ms
[2019-07-24T17:25:30.492-0300][357.617s][info][gc,cpu         ] GC(240) User=3.99s Sys=0.02s Real=1.18s
[2019-07-24T17:25:30.492-0300][357.617s][info][gc,start       ] GC(241) Pause Full (Ergonomics)
[2019-07-24T17:25:30.492-0300][357.617s][info][gc,phases,start] GC(241) Marking Phase
[2019-07-24T17:25:31.270-0300][358.395s][info][gc,phases      ] GC(241) Marking Phase 778.173ms
[2019-07-24T17:25:31.270-0300][358.395s][info][gc,phases,start] GC(241) Summary Phase
[2019-07-24T17:25:31.270-0300][358.395s][info][gc,phases      ] GC(241) Summary Phase 0.023ms
[2019-07-24T17:25:31.271-0300][358.395s][info][gc,phases,start] GC(241) Adjust Roots
[2019-07-24T17:25:31.272-0300][358.397s][info][gc,phases      ] GC(241) Adjust Roots 1.654ms
[2019-07-24T17:25:31.272-0300][358.397s][info][gc,phases,start] GC(241) Compaction Phase
[2019-07-24T17:25:31.559-0300][358.684s][info][gc,phases      ] GC(241) Compaction Phase 287.287ms
[2019-07-24T17:25:31.560-0300][358.684s][info][gc,phases,start] GC(241) Post Compact
[2019-07-24T17:25:31.560-0300][358.685s][info][gc,phases      ] GC(241) Post Compact 0.767ms
[2019-07-24T17:25:31.560-0300][358.685s][info][gc,heap        ] GC(241) PSYoungGen: 131584K->131584K(153088K)
[2019-07-24T17:25:31.560-0300][358.685s][info][gc,heap        ] GC(241) ParOldGen: 297278K->297278K(349696K)
[2019-07-24T17:25:31.560-0300][358.685s][info][gc,metaspace   ] GC(241) Metaspace: 13273K->13273K(1062912K)
[2019-07-24T17:25:31.560-0300][358.685s][info][gc             ] GC(241) Pause Full (Ergonomics) 418M->418M(491M) 1068.238ms
[2019-07-24T17:25:31.560-0300][358.685s][info][gc,cpu         ] GC(241) User=3.50s Sys=0.01s Real=1.07s
[2019-07-24T17:25:31.561-0300][358.685s][info][gc,start       ] GC(242) Pause Full (Ergonomics)
[2019-07-24T17:25:31.561-0300][358.685s][info][gc,phases,start] GC(242) Marking Phase
[2019-07-24T17:25:32.306-0300][359.431s][info][gc,phases      ] GC(242) Marking Phase 745.641ms
[2019-07-24T17:25:32.306-0300][359.431s][info][gc,phases,start] GC(242) Summary Phase
[2019-07-24T17:25:32.306-0300][359.431s][info][gc,phases      ] GC(242) Summary Phase 0.022ms
[2019-07-24T17:25:32.306-0300][359.431s][info][gc,phases,start] GC(242) Adjust Roots
[2019-07-24T17:25:32.308-0300][359.433s][info][gc,phases      ] GC(242) Adjust Roots 1.667ms
[2019-07-24T17:25:32.308-0300][359.433s][info][gc,phases,start] GC(242) Compaction Phase
[2019-07-24T17:25:32.596-0300][359.721s][info][gc,phases      ] GC(242) Compaction Phase 288.103ms
[2019-07-24T17:25:32.596-0300][359.721s][info][gc,phases,start] GC(242) Post Compact
[2019-07-24T17:25:32.597-0300][359.722s][info][gc,phases      ] GC(242) Post Compact 0.770ms
[2019-07-24T17:25:32.597-0300][359.722s][info][gc,heap        ] GC(242) PSYoungGen: 131584K->131584K(153088K)
[2019-07-24T17:25:32.597-0300][359.722s][info][gc,heap        ] GC(242) ParOldGen: 297280K->297280K(349696K)
[2019-07-24T17:25:32.597-0300][359.722s][info][gc,metaspace   ] GC(242) Metaspace: 13273K->13273K(1062912K)
[2019-07-24T17:25:32.597-0300][359.722s][info][gc             ] GC(242) Pause Full (Ergonomics) 418M->418M(491M) 1036.532ms
[2019-07-24T17:25:32.597-0300][359.722s][info][gc,cpu         ] GC(242) User=3.45s Sys=0.01s Real=1.03s
[2019-07-24T17:25:32.597-0300][359.722s][info][gc,start       ] GC(243) Pause Full (Ergonomics)
[2019-07-24T17:25:32.598-0300][359.722s][info][gc,phases,start] GC(243) Marking Phase
[2019-07-24T17:25:33.343-0300][360.467s][info][gc,phases      ] GC(243) Marking Phase 745.259ms
[2019-07-24T17:25:33.343-0300][360.467s][info][gc,phases,start] GC(243) Summary Phase
[2019-07-24T17:25:33.343-0300][360.467s][info][gc,phases      ] GC(243) Summary Phase 0.022ms
[2019-07-24T17:25:33.343-0300][360.467s][info][gc,phases,start] GC(243) Adjust Roots
[2019-07-24T17:25:33.345-0300][360.469s][info][gc,phases      ] GC(243) Adjust Roots 1.662ms
[2019-07-24T17:25:33.345-0300][360.469s][info][gc,phases,start] GC(243) Compaction Phase
[2019-07-24T17:25:33.637-0300][360.762s][info][gc,phases      ] GC(243) Compaction Phase 292.556ms
[2019-07-24T17:25:33.637-0300][360.762s][info][gc,phases,start] GC(243) Post Compact
[2019-07-24T17:25:33.638-0300][360.762s][info][gc,phases      ] GC(243) Post Compact 0.753ms
[2019-07-24T17:25:33.638-0300][360.762s][info][gc,heap        ] GC(243) PSYoungGen: 131584K->131584K(153088K)
[2019-07-24T17:25:33.638-0300][360.762s][info][gc,heap        ] GC(243) ParOldGen: 297284K->297284K(349696K)
[2019-07-24T17:25:33.638-0300][360.762s][info][gc,metaspace   ] GC(243) Metaspace: 13273K->13273K(1062912K)
[2019-07-24T17:25:33.638-0300][360.763s][info][gc             ] GC(243) Pause Full (Ergonomics) 418M->418M(491M) 1040.579ms
[2019-07-24T17:25:33.638-0300][360.763s][info][gc,cpu         ] GC(243) User=3.49s Sys=0.02s Real=1.04s
[2019-07-24T17:25:33.638-0300][360.763s][info][gc,start       ] GC(244) Pause Full (Ergonomics)
[2019-07-24T17:25:33.638-0300][360.763s][info][gc,phases,start] GC(244) Marking Phase
[2019-07-24T17:25:34.376-0300][361.500s][info][gc,phases      ] GC(244) Marking Phase 737.258ms
[2019-07-24T17:25:34.376-0300][361.500s][info][gc,phases,start] GC(244) Summary Phase
[2019-07-24T17:25:34.376-0300][361.500s][info][gc,phases      ] GC(244) Summary Phase 0.022ms
[2019-07-24T17:25:34.376-0300][361.500s][info][gc,phases,start] GC(244) Adjust Roots
[2019-07-24T17:25:34.377-0300][361.502s][info][gc,phases      ] GC(244) Adjust Roots 1.669ms
[2019-07-24T17:25:34.377-0300][361.502s][info][gc,phases,start] GC(244) Compaction Phase
[2019-07-24T17:25:34.664-0300][361.789s][info][gc,phases      ] GC(244) Compaction Phase 286.841ms
[2019-07-24T17:25:34.664-0300][361.789s][info][gc,phases,start] GC(244) Post Compact
[2019-07-24T17:25:34.665-0300][361.790s][info][gc,phases      ] GC(244) Post Compact 0.784ms
[2019-07-24T17:25:34.665-0300][361.790s][info][gc,heap        ] GC(244) PSYoungGen: 131584K->131584K(153088K)
[2019-07-24T17:25:34.665-0300][361.790s][info][gc,heap        ] GC(244) ParOldGen: 297287K->297287K(349696K)
[2019-07-24T17:25:34.665-0300][361.790s][info][gc,metaspace   ] GC(244) Metaspace: 13273K->13273K(1062912K)
[2019-07-24T17:25:34.665-0300][361.790s][info][gc             ] GC(244) Pause Full (Ergonomics) 418M->418M(491M) 1026.893ms
[2019-07-24T17:25:34.665-0300][361.790s][info][gc,cpu         ] GC(244) User=3.47s Sys=0.01s Real=1.03s
[2019-07-24T17:25:34.666-0300][361.790s][info][gc,start       ] GC(245) Pause Full (Ergonomics)
[2019-07-24T17:25:34.666-0300][361.790s][info][gc,phases,start] GC(245) Marking Phase
[2019-07-24T17:25:35.429-0300][362.553s][info][gc,phases      ] GC(245) Marking Phase 763.075ms
[2019-07-24T17:25:35.429-0300][362.553s][info][gc,phases,start] GC(245) Summary Phase
[2019-07-24T17:25:35.429-0300][362.553s][info][gc,phases      ] GC(245) Summary Phase 0.026ms
[2019-07-24T17:25:35.429-0300][362.553s][info][gc,phases,start] GC(245) Adjust Roots
[2019-07-24T17:25:35.430-0300][362.555s][info][gc,phases      ] GC(245) Adjust Roots 1.560ms
[2019-07-24T17:25:35.430-0300][362.555s][info][gc,phases,start] GC(245) Compaction Phase
[2019-07-24T17:25:35.730-0300][362.854s][info][gc,phases      ] GC(245) Compaction Phase 299.162ms
[2019-07-24T17:25:35.730-0300][362.854s][info][gc,phases,start] GC(245) Post Compact
[2019-07-24T17:25:35.730-0300][362.855s][info][gc,phases      ] GC(245) Post Compact 0.806ms
[2019-07-24T17:25:35.731-0300][362.855s][info][gc,heap        ] GC(245) PSYoungGen: 131584K->131584K(153088K)
[2019-07-24T17:25:35.731-0300][362.855s][info][gc,heap        ] GC(245) ParOldGen: 297289K->297289K(349696K)
[2019-07-24T17:25:35.731-0300][362.855s][info][gc,metaspace   ] GC(245) Metaspace: 13273K->13273K(1062912K)
[2019-07-24T17:25:35.731-0300][362.855s][info][gc             ] GC(245) Pause Full (Ergonomics) 418M->418M(491M) 1064.967ms
[2019-07-24T17:25:35.731-0300][362.855s][info][gc,cpu         ] GC(245) User=3.53s Sys=0.01s Real=1.07s
[2019-07-24T17:25:35.731-0300][362.855s][info][gc,start       ] GC(246) Pause Full (Ergonomics)
[2019-07-24T17:25:35.731-0300][362.855s][info][gc,phases,start] GC(246) Marking Phase
[2019-07-24T17:25:36.465-0300][363.589s][info][gc,phases      ] GC(246) Marking Phase 733.945ms
[2019-07-24T17:25:36.465-0300][363.589s][info][gc,phases,start] GC(246) Summary Phase
[2019-07-24T17:25:36.465-0300][363.589s][info][gc,phases      ] GC(246) Summary Phase 0.022ms
[2019-07-24T17:25:36.465-0300][363.589s][info][gc,phases,start] GC(246) Adjust Roots
[2019-07-24T17:25:36.467-0300][363.591s][info][gc,phases      ] GC(246) Adjust Roots 1.629ms
[2019-07-24T17:25:36.467-0300][363.591s][info][gc,phases,start] GC(246) Compaction Phase
[2019-07-24T17:25:36.754-0300][363.879s][info][gc,phases      ] GC(246) Compaction Phase 287.846ms
[2019-07-24T17:25:36.755-0300][363.879s][info][gc,phases,start] GC(246) Post Compact
[2019-07-24T17:25:36.755-0300][363.880s][info][gc,phases      ] GC(246) Post Compact 0.749ms
[2019-07-24T17:25:36.755-0300][363.880s][info][gc,heap        ] GC(246) PSYoungGen: 131584K->131584K(153088K)
[2019-07-24T17:25:36.755-0300][363.880s][info][gc,heap        ] GC(246) ParOldGen: 297291K->297291K(349696K)
[2019-07-24T17:25:36.755-0300][363.880s][info][gc,metaspace   ] GC(246) Metaspace: 13273K->13273K(1062912K)
[2019-07-24T17:25:36.755-0300][363.880s][info][gc             ] GC(246) Pause Full (Ergonomics) 418M->418M(491M) 1024.555ms
[2019-07-24T17:25:36.755-0300][363.880s][info][gc,cpu         ] GC(246) User=3.47s Sys=0.02s Real=1.02s
[2019-07-24T17:25:36.756-0300][363.880s][info][gc,start       ] GC(247) Pause Full (Ergonomics)
[2019-07-24T17:25:36.756-0300][363.880s][info][gc,phases,start] GC(247) Marking Phase
[2019-07-24T17:25:37.489-0300][364.613s][info][gc,phases      ] GC(247) Marking Phase 733.334ms
[2019-07-24T17:25:37.489-0300][364.613s][info][gc,phases,start] GC(247) Summary Phase
[2019-07-24T17:25:37.489-0300][364.613s][info][gc,phases      ] GC(247) Summary Phase 0.022ms
[2019-07-24T17:25:37.489-0300][364.613s][info][gc,phases,start] GC(247) Adjust Roots
[2019-07-24T17:25:37.491-0300][364.615s][info][gc,phases      ] GC(247) Adjust Roots 1.618ms
[2019-07-24T17:25:37.491-0300][364.615s][info][gc,phases,start] GC(247) Compaction Phase
[2019-07-24T17:25:37.780-0300][364.905s][info][gc,phases      ] GC(247) Compaction Phase 289.460ms
[2019-07-24T17:25:37.780-0300][364.905s][info][gc,phases,start] GC(247) Post Compact
[2019-07-24T17:25:37.781-0300][364.905s][info][gc,phases      ] GC(247) Post Compact 0.766ms
[2019-07-24T17:25:37.781-0300][364.906s][info][gc,heap        ] GC(247) PSYoungGen: 131584K->131584K(153088K)
[2019-07-24T17:25:37.781-0300][364.906s][info][gc,heap        ] GC(247) ParOldGen: 297293K->297293K(349696K)
[2019-07-24T17:25:37.781-0300][364.906s][info][gc,metaspace   ] GC(247) Metaspace: 13273K->13273K(1062912K)
[2019-07-24T17:25:37.781-0300][364.906s][info][gc             ] GC(247) Pause Full (Ergonomics) 418M->418M(491M) 1025.626ms
[2019-07-24T17:25:37.781-0300][364.906s][info][gc,cpu         ] GC(247) User=3.46s Sys=0.01s Real=1.03s
[2019-07-24T17:25:37.782-0300][364.906s][info][gc,start       ] GC(248) Pause Full (Ergonomics)
[2019-07-24T17:25:37.782-0300][364.906s][info][gc,phases,start] GC(248) Marking Phase
[2019-07-24T17:25:38.524-0300][365.649s][info][gc,phases      ] GC(248) Marking Phase 742.649ms
[2019-07-24T17:25:38.524-0300][365.649s][info][gc,phases,start] GC(248) Summary Phase
[2019-07-24T17:25:38.524-0300][365.649s][info][gc,phases      ] GC(248) Summary Phase 0.025ms
[2019-07-24T17:25:38.524-0300][365.649s][info][gc,phases,start] GC(248) Adjust Roots
[2019-07-24T17:25:38.526-0300][365.650s][info][gc,phases      ] GC(248) Adjust Roots 1.512ms
[2019-07-24T17:25:38.526-0300][365.650s][info][gc,phases,start] GC(248) Compaction Phase
[2019-07-24T17:25:38.829-0300][365.954s][info][gc,phases      ] GC(248) Compaction Phase 303.355ms
[2019-07-24T17:25:38.829-0300][365.954s][info][gc,phases,start] GC(248) Post Compact
[2019-07-24T17:25:38.830-0300][365.954s][info][gc,phases      ] GC(248) Post Compact 0.773ms
[2019-07-24T17:25:38.830-0300][365.954s][info][gc,heap        ] GC(248) PSYoungGen: 131584K->131584K(153088K)
[2019-07-24T17:25:38.830-0300][365.954s][info][gc,heap        ] GC(248) ParOldGen: 297294K->297294K(349696K)
[2019-07-24T17:25:38.830-0300][365.954s][info][gc,metaspace   ] GC(248) Metaspace: 13273K->13273K(1062912K)
[2019-07-24T17:25:38.830-0300][365.955s][info][gc             ] GC(248) Pause Full (Ergonomics) 418M->418M(491M) 1048.651ms
[2019-07-24T17:25:38.830-0300][365.955s][info][gc,cpu         ] GC(248) User=3.49s Sys=0.01s Real=1.05s
[2019-07-24T17:25:38.831-0300][365.955s][info][gc,start       ] GC(249) Pause Full (Ergonomics)
[2019-07-24T17:25:38.831-0300][365.955s][info][gc,phases,start] GC(249) Marking Phase
[2019-07-24T17:25:39.625-0300][366.749s][info][gc,phases      ] GC(249) Marking Phase 794.446ms
[2019-07-24T17:25:39.625-0300][366.749s][info][gc,phases,start] GC(249) Summary Phase
[2019-07-24T17:25:39.625-0300][366.749s][info][gc,phases      ] GC(249) Summary Phase 0.023ms
[2019-07-24T17:25:39.625-0300][366.749s][info][gc,phases,start] GC(249) Adjust Roots
[2019-07-24T17:25:39.628-0300][366.752s][info][gc,phases      ] GC(249) Adjust Roots 2.979ms
[2019-07-24T17:25:39.628-0300][366.752s][info][gc,phases,start] GC(249) Compaction Phase
[2019-07-24T17:25:40.108-0300][367.233s][info][gc,phases      ] GC(249) Compaction Phase 480.223ms
[2019-07-24T17:25:40.108-0300][367.233s][info][gc,phases,start] GC(249) Post Compact
[2019-07-24T17:25:40.109-0300][367.234s][info][gc,phases      ] GC(249) Post Compact 0.932ms
[2019-07-24T17:25:40.109-0300][367.234s][info][gc,heap        ] GC(249) PSYoungGen: 131584K->131584K(153088K)
[2019-07-24T17:25:40.109-0300][367.234s][info][gc,heap        ] GC(249) ParOldGen: 297297K->297296K(349696K)
[2019-07-24T17:25:40.110-0300][367.234s][info][gc,metaspace   ] GC(249) Metaspace: 13273K->13273K(1062912K)
[2019-07-24T17:25:40.110-0300][367.234s][info][gc             ] GC(249) Pause Full (Ergonomics) 418M->418M(491M) 1278.996ms
[2019-07-24T17:25:40.110-0300][367.234s][info][gc,cpu         ] GC(249) User=3.85s Sys=0.03s Real=1.28s
[2019-07-24T17:25:40.110-0300][367.234s][info][gc,start       ] GC(250) Pause Full (Ergonomics)
[2019-07-24T17:25:40.110-0300][367.234s][info][gc,phases,start] GC(250) Marking Phase
[2019-07-24T17:25:40.878-0300][368.003s][info][gc,phases      ] GC(250) Marking Phase 768.563ms
[2019-07-24T17:25:40.879-0300][368.003s][info][gc,phases,start] GC(250) Summary Phase
[2019-07-24T17:25:40.879-0300][368.003s][info][gc,phases      ] GC(250) Summary Phase 0.023ms
[2019-07-24T17:25:40.879-0300][368.003s][info][gc,phases,start] GC(250) Adjust Roots
[2019-07-24T17:25:40.880-0300][368.004s][info][gc,phases      ] GC(250) Adjust Roots 1.703ms
[2019-07-24T17:25:40.880-0300][368.004s][info][gc,phases,start] GC(250) Compaction Phase
[2019-07-24T17:25:41.171-0300][368.296s][info][gc,phases      ] GC(250) Compaction Phase 291.046ms
[2019-07-24T17:25:41.171-0300][368.296s][info][gc,phases,start] GC(250) Post Compact
[2019-07-24T17:25:41.172-0300][368.297s][info][gc,phases      ] GC(250) Post Compact 0.980ms
[2019-07-24T17:25:41.173-0300][368.297s][info][gc,heap        ] GC(250) PSYoungGen: 131584K->131584K(153088K)
[2019-07-24T17:25:41.173-0300][368.297s][info][gc,heap        ] GC(250) ParOldGen: 297298K->297298K(349696K)
[2019-07-24T17:25:41.173-0300][368.297s][info][gc,metaspace   ] GC(250) Metaspace: 13273K->13273K(1062912K)
[2019-07-24T17:25:41.173-0300][368.297s][info][gc             ] GC(250) Pause Full (Ergonomics) 418M->418M(491M) 1062.748ms
[2019-07-24T17:25:41.173-0300][368.297s][info][gc,cpu         ] GC(250) User=3.50s Sys=0.01s Real=1.06s
[2019-07-24T17:25:41.173-0300][368.297s][info][gc,start       ] GC(251) Pause Full (Ergonomics)
[2019-07-24T17:25:41.173-0300][368.297s][info][gc,phases,start] GC(251) Marking Phase
[2019-07-24T17:25:42.028-0300][369.152s][info][gc,phases      ] GC(251) Marking Phase 854.990ms
[2019-07-24T17:25:42.028-0300][369.152s][info][gc,phases,start] GC(251) Summary Phase
[2019-07-24T17:25:42.028-0300][369.152s][info][gc,phases      ] GC(251) Summary Phase 0.022ms
[2019-07-24T17:25:42.028-0300][369.152s][info][gc,phases,start] GC(251) Adjust Roots
[2019-07-24T17:25:42.030-0300][369.154s][info][gc,phases      ] GC(251) Adjust Roots 2.082ms
[2019-07-24T17:25:42.030-0300][369.154s][info][gc,phases,start] GC(251) Compaction Phase
[2019-07-24T17:25:42.373-0300][369.497s][info][gc,phases      ] GC(251) Compaction Phase 342.412ms
[2019-07-24T17:25:42.373-0300][369.497s][info][gc,phases,start] GC(251) Post Compact
[2019-07-24T17:25:42.373-0300][369.498s][info][gc,phases      ] GC(251) Post Compact 0.760ms
[2019-07-24T17:25:42.373-0300][369.498s][info][gc,heap        ] GC(251) PSYoungGen: 131584K->131584K(153088K)
[2019-07-24T17:25:42.373-0300][369.498s][info][gc,heap        ] GC(251) ParOldGen: 297300K->297300K(349696K)
[2019-07-24T17:25:42.373-0300][369.498s][info][gc,metaspace   ] GC(251) Metaspace: 13273K->13273K(1062912K)
[2019-07-24T17:25:42.374-0300][369.498s][info][gc             ] GC(251) Pause Full (Ergonomics) 418M->418M(491M) 1200.646ms
[2019-07-24T17:25:42.374-0300][369.498s][info][gc,cpu         ] GC(251) User=3.49s Sys=0.03s Real=1.20s
[2019-07-24T17:25:42.374-0300][369.498s][info][gc,start       ] GC(252) Pause Full (Ergonomics)
[2019-07-24T17:25:42.374-0300][369.498s][info][gc,phases,start] GC(252) Marking Phase
[2019-07-24T17:25:43.267-0300][370.391s][info][gc,phases      ] GC(252) Marking Phase 892.721ms
[2019-07-24T17:25:43.267-0300][370.391s][info][gc,phases,start] GC(252) Summary Phase
[2019-07-24T17:25:43.267-0300][370.391s][info][gc,phases      ] GC(252) Summary Phase 0.028ms
[2019-07-24T17:25:43.267-0300][370.391s][info][gc,phases,start] GC(252) Adjust Roots
[2019-07-24T17:25:43.269-0300][370.393s][info][gc,phases      ] GC(252) Adjust Roots 1.906ms
[2019-07-24T17:25:43.269-0300][370.393s][info][gc,phases,start] GC(252) Compaction Phase
[2019-07-24T17:25:43.590-0300][370.714s][info][gc,phases      ] GC(252) Compaction Phase 321.547ms
[2019-07-24T17:25:43.590-0300][370.714s][info][gc,phases,start] GC(252) Post Compact
[2019-07-24T17:25:43.591-0300][370.715s][info][gc,phases      ] GC(252) Post Compact 0.785ms
[2019-07-24T17:25:43.591-0300][370.715s][info][gc,heap        ] GC(252) PSYoungGen: 131584K->131584K(153088K)
[2019-07-24T17:25:43.591-0300][370.715s][info][gc,heap        ] GC(252) ParOldGen: 297301K->297301K(349696K)
[2019-07-24T17:25:43.591-0300][370.715s][info][gc,metaspace   ] GC(252) Metaspace: 13273K->13273K(1062912K)
[2019-07-24T17:25:43.591-0300][370.715s][info][gc             ] GC(252) Pause Full (Ergonomics) 418M->418M(491M) 1217.382ms
[2019-07-24T17:25:43.591-0300][370.715s][info][gc,cpu         ] GC(252) User=3.53s Sys=0.02s Real=1.22s
[2019-07-24T17:25:43.591-0300][370.716s][info][gc,start       ] GC(253) Pause Full (Ergonomics)
[2019-07-24T17:25:43.591-0300][370.716s][info][gc,phases,start] GC(253) Marking Phase
[2019-07-24T17:25:44.378-0300][371.502s][info][gc,phases      ] GC(253) Marking Phase 786.878ms
[2019-07-24T17:25:44.378-0300][371.502s][info][gc,phases,start] GC(253) Summary Phase
[2019-07-24T17:25:44.378-0300][371.503s][info][gc,phases      ] GC(253) Summary Phase 0.022ms
[2019-07-24T17:25:44.378-0300][371.503s][info][gc,phases,start] GC(253) Adjust Roots
[2019-07-24T17:25:44.380-0300][371.504s][info][gc,phases      ] GC(253) Adjust Roots 1.794ms
[2019-07-24T17:25:44.380-0300][371.504s][info][gc,phases,start] GC(253) Compaction Phase
[2019-07-24T17:25:44.693-0300][371.817s][info][gc,phases      ] GC(253) Compaction Phase 312.352ms
[2019-07-24T17:25:44.693-0300][371.817s][info][gc,phases,start] GC(253) Post Compact
[2019-07-24T17:25:44.693-0300][371.818s][info][gc,phases      ] GC(253) Post Compact 0.764ms
[2019-07-24T17:25:44.694-0300][371.818s][info][gc,heap        ] GC(253) PSYoungGen: 131584K->131584K(153088K)
[2019-07-24T17:25:44.694-0300][371.818s][info][gc,heap        ] GC(253) ParOldGen: 297303K->297303K(349696K)
[2019-07-24T17:25:44.694-0300][371.818s][info][gc,metaspace   ] GC(253) Metaspace: 13274K->13274K(1062912K)
[2019-07-24T17:25:44.694-0300][371.818s][info][gc             ] GC(253) Pause Full (Ergonomics) 418M->418M(491M) 1102.154ms
[2019-07-24T17:25:44.694-0300][371.818s][info][gc,cpu         ] GC(253) User=3.46s Sys=0.02s Real=1.10s
[2019-07-24T17:25:44.694-0300][371.818s][info][gc,start       ] GC(254) Pause Full (Ergonomics)
[2019-07-24T17:25:44.694-0300][371.818s][info][gc,phases,start] GC(254) Marking Phase
[2019-07-24T17:25:45.457-0300][372.581s][info][gc,phases      ] GC(254) Marking Phase 762.678ms
[2019-07-24T17:25:45.457-0300][372.581s][info][gc,phases,start] GC(254) Summary Phase
[2019-07-24T17:25:45.457-0300][372.581s][info][gc,phases      ] GC(254) Summary Phase 0.047ms
[2019-07-24T17:25:45.457-0300][372.581s][info][gc,phases,start] GC(254) Adjust Roots
[2019-07-24T17:25:45.459-0300][372.583s][info][gc,phases      ] GC(254) Adjust Roots 2.082ms
[2019-07-24T17:25:45.459-0300][372.583s][info][gc,phases,start] GC(254) Compaction Phase
[2019-07-24T17:25:45.752-0300][372.876s][info][gc,phases      ] GC(254) Compaction Phase 292.809ms
[2019-07-24T17:25:45.752-0300][372.876s][info][gc,phases,start] GC(254) Post Compact
[2019-07-24T17:25:45.753-0300][372.877s][info][gc,phases      ] GC(254) Post Compact 0.780ms
[2019-07-24T17:25:45.753-0300][372.877s][info][gc,heap        ] GC(254) PSYoungGen: 131584K->131584K(153088K)
[2019-07-24T17:25:45.753-0300][372.877s][info][gc,heap        ] GC(254) ParOldGen: 297305K->297304K(349696K)
[2019-07-24T17:25:45.753-0300][372.877s][info][gc,metaspace   ] GC(254) Metaspace: 13274K->13274K(1062912K)
[2019-07-24T17:25:45.753-0300][372.877s][info][gc             ] GC(254) Pause Full (Ergonomics) 418M->418M(491M) 1058.835ms
[2019-07-24T17:25:45.753-0300][372.877s][info][gc,cpu         ] GC(254) User=3.48s Sys=0.02s Real=1.06s
[2019-07-24T17:25:45.753-0300][372.877s][info][gc,start       ] GC(255) Pause Full (Ergonomics)
[2019-07-24T17:25:45.753-0300][372.877s][info][gc,phases,start] GC(255) Marking Phase
[2019-07-24T17:25:46.495-0300][373.619s][info][gc,phases      ] GC(255) Marking Phase 742.111ms
[2019-07-24T17:25:46.495-0300][373.619s][info][gc,phases,start] GC(255) Summary Phase
[2019-07-24T17:25:46.495-0300][373.619s][info][gc,phases      ] GC(255) Summary Phase 0.021ms
[2019-07-24T17:25:46.495-0300][373.619s][info][gc,phases,start] GC(255) Adjust Roots
[2019-07-24T17:25:46.497-0300][373.621s][info][gc,phases      ] GC(255) Adjust Roots 1.925ms
[2019-07-24T17:25:46.497-0300][373.621s][info][gc,phases,start] GC(255) Compaction Phase
[2019-07-24T17:25:46.788-0300][373.912s][info][gc,phases      ] GC(255) Compaction Phase 290.509ms
[2019-07-24T17:25:46.788-0300][373.912s][info][gc,phases,start] GC(255) Post Compact
[2019-07-24T17:25:46.789-0300][373.913s][info][gc,phases      ] GC(255) Post Compact 0.760ms
[2019-07-24T17:25:46.789-0300][373.913s][info][gc,heap        ] GC(255) PSYoungGen: 131584K->131584K(153088K)
[2019-07-24T17:25:46.789-0300][373.913s][info][gc,heap        ] GC(255) ParOldGen: 297306K->297306K(349696K)
[2019-07-24T17:25:46.789-0300][373.913s][info][gc,metaspace   ] GC(255) Metaspace: 13274K->13274K(1062912K)
[2019-07-24T17:25:46.789-0300][373.913s][info][gc             ] GC(255) Pause Full (Ergonomics) 418M->418M(491M) 1035.704ms
[2019-07-24T17:25:46.789-0300][373.913s][info][gc,cpu         ] GC(255) User=3.49s Sys=0.01s Real=1.03s
[2019-07-24T17:25:46.789-0300][373.913s][info][gc,start       ] GC(256) Pause Full (Ergonomics)
[2019-07-24T17:25:46.789-0300][373.913s][info][gc,phases,start] GC(256) Marking Phase
[2019-07-24T17:25:47.550-0300][374.674s][info][gc,phases      ] GC(256) Marking Phase 760.817ms
[2019-07-24T17:25:47.550-0300][374.674s][info][gc,phases,start] GC(256) Summary Phase
[2019-07-24T17:25:47.550-0300][374.674s][info][gc,phases      ] GC(256) Summary Phase 0.022ms
[2019-07-24T17:25:47.550-0300][374.674s][info][gc,phases,start] GC(256) Adjust Roots
[2019-07-24T17:25:47.552-0300][374.676s][info][gc,phases      ] GC(256) Adjust Roots 2.162ms
[2019-07-24T17:25:47.552-0300][374.676s][info][gc,phases,start] GC(256) Compaction Phase
[2019-07-24T17:25:47.989-0300][375.113s][info][gc,phases      ] GC(256) Compaction Phase 436.417ms
[2019-07-24T17:25:47.989-0300][375.113s][info][gc,phases,start] GC(256) Post Compact
[2019-07-24T17:25:47.990-0300][375.114s][info][gc,phases      ] GC(256) Post Compact 0.764ms
[2019-07-24T17:25:47.990-0300][375.114s][info][gc,heap        ] GC(256) PSYoungGen: 131584K->131584K(153088K)
[2019-07-24T17:25:47.990-0300][375.114s][info][gc,heap        ] GC(256) ParOldGen: 297308K->297307K(349696K)
[2019-07-24T17:25:47.990-0300][375.114s][info][gc,metaspace   ] GC(256) Metaspace: 13274K->13274K(1062912K)
[2019-07-24T17:25:47.990-0300][375.114s][info][gc             ] GC(256) Pause Full (Ergonomics) 418M->418M(491M) 1200.546ms
[2019-07-24T17:25:47.990-0300][375.114s][info][gc,cpu         ] GC(256) User=4.00s Sys=0.02s Real=1.21s
[2019-07-24T17:25:47.990-0300][375.114s][info][gc,start       ] GC(257) Pause Full (Ergonomics)
[2019-07-24T17:25:47.990-0300][375.114s][info][gc,phases,start] GC(257) Marking Phase
[2019-07-24T17:25:48.971-0300][376.095s][info][gc,phases      ] GC(257) Marking Phase 981.218ms
[2019-07-24T17:25:48.971-0300][376.095s][info][gc,phases,start] GC(257) Summary Phase
[2019-07-24T17:25:48.971-0300][376.095s][info][gc,phases      ] GC(257) Summary Phase 0.023ms
[2019-07-24T17:25:48.971-0300][376.095s][info][gc,phases,start] GC(257) Adjust Roots
[2019-07-24T17:25:48.973-0300][376.097s][info][gc,phases      ] GC(257) Adjust Roots 1.643ms
[2019-07-24T17:25:48.973-0300][376.097s][info][gc,phases,start] GC(257) Compaction Phase
[2019-07-24T17:25:49.262-0300][376.386s][info][gc,phases      ] GC(257) Compaction Phase 289.094ms
[2019-07-24T17:25:49.262-0300][376.386s][info][gc,phases,start] GC(257) Post Compact
[2019-07-24T17:25:49.263-0300][376.387s][info][gc,phases      ] GC(257) Post Compact 0.759ms
[2019-07-24T17:25:49.263-0300][376.387s][info][gc,heap        ] GC(257) PSYoungGen: 131584K->131584K(153088K)
[2019-07-24T17:25:49.263-0300][376.387s][info][gc,heap        ] GC(257) ParOldGen: 297309K->297308K(349696K)
[2019-07-24T17:25:49.263-0300][376.387s][info][gc,metaspace   ] GC(257) Metaspace: 13274K->13274K(1062912K)
[2019-07-24T17:25:49.263-0300][376.387s][info][gc             ] GC(257) Pause Full (Ergonomics) 418M->418M(491M) 1273.083ms
[2019-07-24T17:25:49.263-0300][376.387s][info][gc,cpu         ] GC(257) User=3.51s Sys=0.02s Real=1.27s
[2019-07-24T17:25:49.264-0300][376.387s][info][gc,start       ] GC(258) Pause Full (Ergonomics)
[2019-07-24T17:25:49.264-0300][376.388s][info][gc,phases,start] GC(258) Marking Phase
[2019-07-24T17:25:50.039-0300][377.163s][info][gc,phases      ] GC(258) Marking Phase 775.604ms
[2019-07-24T17:25:50.039-0300][377.163s][info][gc,phases,start] GC(258) Summary Phase
[2019-07-24T17:25:50.039-0300][377.163s][info][gc,phases      ] GC(258) Summary Phase 0.023ms
[2019-07-24T17:25:50.039-0300][377.163s][info][gc,phases,start] GC(258) Adjust Roots
[2019-07-24T17:25:50.041-0300][377.165s][info][gc,phases      ] GC(258) Adjust Roots 1.674ms
[2019-07-24T17:25:50.041-0300][377.165s][info][gc,phases,start] GC(258) Compaction Phase
[2019-07-24T17:25:50.329-0300][377.453s][info][gc,phases      ] GC(258) Compaction Phase 287.937ms
[2019-07-24T17:25:50.329-0300][377.453s][info][gc,phases,start] GC(258) Post Compact
[2019-07-24T17:25:50.330-0300][377.454s][info][gc,phases      ] GC(258) Post Compact 0.755ms
[2019-07-24T17:25:50.330-0300][377.454s][info][gc,heap        ] GC(258) PSYoungGen: 131584K->131584K(153088K)
[2019-07-24T17:25:50.330-0300][377.454s][info][gc,heap        ] GC(258) ParOldGen: 297312K->297310K(349696K)
[2019-07-24T17:25:50.330-0300][377.454s][info][gc,metaspace   ] GC(258) Metaspace: 13274K->13274K(1062912K)
[2019-07-24T17:25:50.330-0300][377.454s][info][gc             ] GC(258) Pause Full (Ergonomics) 418M->418M(491M) 1066.300ms
[2019-07-24T17:25:50.330-0300][377.454s][info][gc,cpu         ] GC(258) User=3.47s Sys=0.02s Real=1.07s
[2019-07-24T17:25:50.330-0300][377.454s][info][gc,start       ] GC(259) Pause Full (Ergonomics)
[2019-07-24T17:25:50.330-0300][377.454s][info][gc,phases,start] GC(259) Marking Phase
[2019-07-24T17:25:51.086-0300][378.210s][info][gc,phases      ] GC(259) Marking Phase 755.719ms
[2019-07-24T17:25:51.086-0300][378.210s][info][gc,phases,start] GC(259) Summary Phase
[2019-07-24T17:25:51.086-0300][378.210s][info][gc,phases      ] GC(259) Summary Phase 0.019ms
[2019-07-24T17:25:51.086-0300][378.210s][info][gc,phases,start] GC(259) Adjust Roots
[2019-07-24T17:25:51.088-0300][378.212s][info][gc,phases      ] GC(259) Adjust Roots 1.644ms
[2019-07-24T17:25:51.088-0300][378.212s][info][gc,phases,start] GC(259) Compaction Phase
[2019-07-24T17:25:51.378-0300][378.502s][info][gc,phases      ] GC(259) Compaction Phase 290.308ms
[2019-07-24T17:25:51.378-0300][378.502s][info][gc,phases,start] GC(259) Post Compact
[2019-07-24T17:25:51.379-0300][378.503s][info][gc,phases      ] GC(259) Post Compact 0.762ms
[2019-07-24T17:25:51.379-0300][378.503s][info][gc,heap        ] GC(259) PSYoungGen: 131584K->131584K(153088K)
[2019-07-24T17:25:51.379-0300][378.503s][info][gc,heap        ] GC(259) ParOldGen: 297312K->297312K(349696K)
[2019-07-24T17:25:51.379-0300][378.503s][info][gc,metaspace   ] GC(259) Metaspace: 13274K->13274K(1062912K)
[2019-07-24T17:25:51.379-0300][378.503s][info][gc             ] GC(259) Pause Full (Ergonomics) 418M->418M(491M) 1048.828ms
[2019-07-24T17:25:51.379-0300][378.503s][info][gc,cpu         ] GC(259) User=3.48s Sys=0.01s Real=1.04s
[2019-07-24T17:25:51.379-0300][378.503s][info][gc,start       ] GC(260) Pause Full (Ergonomics)
[2019-07-24T17:25:51.379-0300][378.503s][info][gc,phases,start] GC(260) Marking Phase
[2019-07-24T17:25:52.158-0300][379.281s][info][gc,phases      ] GC(260) Marking Phase 778.218ms
[2019-07-24T17:25:52.160-0300][379.284s][info][gc,phases,start] GC(260) Summary Phase
[2019-07-24T17:25:52.160-0300][379.284s][info][gc,phases      ] GC(260) Summary Phase 0.060ms
[2019-07-24T17:25:52.160-0300][379.284s][info][gc,phases,start] GC(260) Adjust Roots
[2019-07-24T17:25:52.162-0300][379.286s][info][gc,phases      ] GC(260) Adjust Roots 1.700ms
[2019-07-24T17:25:52.162-0300][379.286s][info][gc,phases,start] GC(260) Compaction Phase
[2019-07-24T17:25:52.463-0300][379.587s][info][gc,phases      ] GC(260) Compaction Phase 300.969ms
[2019-07-24T17:25:52.463-0300][379.587s][info][gc,phases,start] GC(260) Post Compact
[2019-07-24T17:25:52.464-0300][379.588s][info][gc,phases      ] GC(260) Post Compact 0.766ms
[2019-07-24T17:25:52.464-0300][379.588s][info][gc,heap        ] GC(260) PSYoungGen: 131584K->131584K(153088K)
[2019-07-24T17:25:52.464-0300][379.588s][info][gc,heap        ] GC(260) ParOldGen: 297314K->297314K(349696K)
[2019-07-24T17:25:52.464-0300][379.588s][info][gc,metaspace   ] GC(260) Metaspace: 13274K->13274K(1062912K)
[2019-07-24T17:25:52.464-0300][379.588s][info][gc             ] GC(260) Pause Full (Ergonomics) 418M->418M(491M) 1084.862ms
[2019-07-24T17:25:52.464-0300][379.588s][info][gc,cpu         ] GC(260) User=3.45s Sys=0.02s Real=1.09s
[2019-07-24T17:25:52.464-0300][379.588s][info][gc,start       ] GC(261) Pause Full (Ergonomics)
[2019-07-24T17:25:52.464-0300][379.588s][info][gc,phases,start] GC(261) Marking Phase
[2019-07-24T17:25:53.309-0300][380.433s][info][gc,phases      ] GC(261) Marking Phase 844.988ms
[2019-07-24T17:25:53.310-0300][380.433s][info][gc,phases,start] GC(261) Summary Phase
[2019-07-24T17:25:53.310-0300][380.433s][info][gc,phases      ] GC(261) Summary Phase 0.022ms
[2019-07-24T17:25:53.310-0300][380.433s][info][gc,phases,start] GC(261) Adjust Roots
[2019-07-24T17:25:53.311-0300][380.435s][info][gc,phases      ] GC(261) Adjust Roots 1.611ms
[2019-07-24T17:25:53.311-0300][380.435s][info][gc,phases,start] GC(261) Compaction Phase
[2019-07-24T17:25:53.604-0300][380.728s][info][gc,phases      ] GC(261) Compaction Phase 292.661ms
[2019-07-24T17:25:53.604-0300][380.728s][info][gc,phases,start] GC(261) Post Compact
[2019-07-24T17:25:53.605-0300][380.729s][info][gc,phases      ] GC(261) Post Compact 0.756ms
[2019-07-24T17:25:53.605-0300][380.729s][info][gc,heap        ] GC(261) PSYoungGen: 131584K->131584K(153088K)
[2019-07-24T17:25:53.605-0300][380.729s][info][gc,heap        ] GC(261) ParOldGen: 297315K->297315K(349696K)
[2019-07-24T17:25:53.605-0300][380.729s][info][gc,metaspace   ] GC(261) Metaspace: 13274K->13274K(1062912K)
[2019-07-24T17:25:53.605-0300][380.729s][info][gc             ] GC(261) Pause Full (Ergonomics) 418M->418M(491M) 1140.425ms
[2019-07-24T17:25:53.605-0300][380.729s][info][gc,cpu         ] GC(261) User=3.53s Sys=0.02s Real=1.14s
[2019-07-24T17:25:53.605-0300][380.729s][info][gc,start       ] GC(262) Pause Full (Ergonomics)
[2019-07-24T17:25:53.605-0300][380.729s][info][gc,phases,start] GC(262) Marking Phase
[2019-07-24T17:25:54.367-0300][381.490s][info][gc,phases      ] GC(262) Marking Phase 761.450ms
[2019-07-24T17:25:54.367-0300][381.490s][info][gc,phases,start] GC(262) Summary Phase
[2019-07-24T17:25:54.367-0300][381.491s][info][gc,phases      ] GC(262) Summary Phase 0.022ms
[2019-07-24T17:25:54.367-0300][381.491s][info][gc,phases,start] GC(262) Adjust Roots
[2019-07-24T17:25:54.369-0300][381.492s][info][gc,phases      ] GC(262) Adjust Roots 1.820ms
[2019-07-24T17:25:54.369-0300][381.492s][info][gc,phases,start] GC(262) Compaction Phase
[2019-07-24T17:25:54.661-0300][381.785s][info][gc,phases      ] GC(262) Compaction Phase 292.371ms
[2019-07-24T17:25:54.661-0300][381.785s][info][gc,phases,start] GC(262) Post Compact
[2019-07-24T17:25:54.662-0300][381.786s][info][gc,phases      ] GC(262) Post Compact 0.760ms
[2019-07-24T17:25:54.662-0300][381.786s][info][gc,heap        ] GC(262) PSYoungGen: 131584K->131584K(153088K)
[2019-07-24T17:25:54.662-0300][381.786s][info][gc,heap        ] GC(262) ParOldGen: 297317K->297316K(349696K)
[2019-07-24T17:25:54.662-0300][381.786s][info][gc,metaspace   ] GC(262) Metaspace: 13274K->13274K(1062912K)
[2019-07-24T17:25:54.662-0300][381.786s][info][gc             ] GC(262) Pause Full (Ergonomics) 418M->418M(491M) 1056.835ms
[2019-07-24T17:25:54.662-0300][381.786s][info][gc,cpu         ] GC(262) User=3.46s Sys=0.01s Real=1.06s
[2019-07-24T17:25:54.662-0300][381.786s][info][gc,start       ] GC(263) Pause Full (Ergonomics)
[2019-07-24T17:25:54.662-0300][381.786s][info][gc,phases,start] GC(263) Marking Phase
[2019-07-24T17:25:55.416-0300][382.540s][info][gc,phases      ] GC(263) Marking Phase 754.192ms
[2019-07-24T17:25:55.417-0300][382.540s][info][gc,phases,start] GC(263) Summary Phase
[2019-07-24T17:25:55.417-0300][382.540s][info][gc,phases      ] GC(263) Summary Phase 0.036ms
[2019-07-24T17:25:55.417-0300][382.540s][info][gc,phases,start] GC(263) Adjust Roots
[2019-07-24T17:25:55.419-0300][382.542s][info][gc,phases      ] GC(263) Adjust Roots 1.895ms
[2019-07-24T17:25:55.419-0300][382.542s][info][gc,phases,start] GC(263) Compaction Phase
[2019-07-24T17:25:55.710-0300][382.834s][info][gc,phases      ] GC(263) Compaction Phase 291.267ms
[2019-07-24T17:25:55.710-0300][382.834s][info][gc,phases,start] GC(263) Post Compact
[2019-07-24T17:25:55.711-0300][382.834s][info][gc,phases      ] GC(263) Post Compact 0.752ms
[2019-07-24T17:25:55.711-0300][382.835s][info][gc,heap        ] GC(263) PSYoungGen: 131584K->131584K(153088K)
[2019-07-24T17:25:55.711-0300][382.835s][info][gc,heap        ] GC(263) ParOldGen: 297318K->297313K(349696K)
[2019-07-24T17:25:55.711-0300][382.835s][info][gc,metaspace   ] GC(263) Metaspace: 13274K->13274K(1062912K)
[2019-07-24T17:25:55.711-0300][382.835s][info][gc             ] GC(263) Pause Full (Ergonomics) 418M->418M(491M) 1048.547ms
[2019-07-24T17:25:55.711-0300][382.835s][info][gc,cpu         ] GC(263) User=3.48s Sys=0.02s Real=1.05s
[2019-07-24T17:25:55.711-0300][382.835s][info][gc,start       ] GC(264) Pause Full (Ergonomics)
[2019-07-24T17:25:55.711-0300][382.835s][info][gc,phases,start] GC(264) Marking Phase
[2019-07-24T17:25:56.454-0300][383.578s][info][gc,phases      ] GC(264) Marking Phase 743.008ms
[2019-07-24T17:25:56.454-0300][383.578s][info][gc,phases,start] GC(264) Summary Phase
[2019-07-24T17:25:56.454-0300][383.578s][info][gc,phases      ] GC(264) Summary Phase 0.024ms
[2019-07-24T17:25:56.454-0300][383.578s][info][gc,phases,start] GC(264) Adjust Roots
[2019-07-24T17:25:56.456-0300][383.579s][info][gc,phases      ] GC(264) Adjust Roots 1.502ms
[2019-07-24T17:25:56.456-0300][383.580s][info][gc,phases,start] GC(264) Compaction Phase
[2019-07-24T17:25:56.745-0300][383.869s][info][gc,phases      ] GC(264) Compaction Phase 289.181ms
[2019-07-24T17:25:56.745-0300][383.869s][info][gc,phases,start] GC(264) Post Compact
[2019-07-24T17:25:56.746-0300][383.870s][info][gc,phases      ] GC(264) Post Compact 0.774ms
[2019-07-24T17:25:56.746-0300][383.870s][info][gc,heap        ] GC(264) PSYoungGen: 131584K->131584K(153088K)
[2019-07-24T17:25:56.746-0300][383.870s][info][gc,heap        ] GC(264) ParOldGen: 297316K->297316K(349696K)
[2019-07-24T17:25:56.746-0300][383.870s][info][gc,metaspace   ] GC(264) Metaspace: 13275K->13275K(1062912K)
[2019-07-24T17:25:56.746-0300][383.870s][info][gc             ] GC(264) Pause Full (Ergonomics) 418M->418M(491M) 1034.825ms
[2019-07-24T17:25:56.746-0300][383.870s][info][gc,cpu         ] GC(264) User=3.46s Sys=0.01s Real=1.03s
[2019-07-24T17:25:56.746-0300][383.870s][info][gc,start       ] GC(265) Pause Full (Ergonomics)
[2019-07-24T17:25:56.746-0300][383.870s][info][gc,phases,start] GC(265) Marking Phase
[2019-07-24T17:25:57.475-0300][384.599s][info][gc,phases      ] GC(265) Marking Phase 728.877ms
[2019-07-24T17:25:57.475-0300][384.599s][info][gc,phases,start] GC(265) Summary Phase
[2019-07-24T17:25:57.475-0300][384.599s][info][gc,phases      ] GC(265) Summary Phase 0.023ms
[2019-07-24T17:25:57.475-0300][384.599s][info][gc,phases,start] GC(265) Adjust Roots
[2019-07-24T17:25:57.477-0300][384.601s][info][gc,phases      ] GC(265) Adjust Roots 1.611ms
[2019-07-24T17:25:57.477-0300][384.601s][info][gc,phases,start] GC(265) Compaction Phase
[2019-07-24T17:25:57.766-0300][384.890s][info][gc,phases      ] GC(265) Compaction Phase 289.093ms
[2019-07-24T17:25:57.766-0300][384.890s][info][gc,phases,start] GC(265) Post Compact
[2019-07-24T17:25:57.767-0300][384.891s][info][gc,phases      ] GC(265) Post Compact 0.951ms
[2019-07-24T17:25:57.767-0300][384.891s][info][gc,heap        ] GC(265) PSYoungGen: 131584K->131584K(153088K)
[2019-07-24T17:25:57.767-0300][384.891s][info][gc,heap        ] GC(265) ParOldGen: 297318K->297317K(349696K)
[2019-07-24T17:25:57.767-0300][384.891s][info][gc,metaspace   ] GC(265) Metaspace: 13275K->13275K(1062912K)
[2019-07-24T17:25:57.767-0300][384.891s][info][gc             ] GC(265) Pause Full (Ergonomics) 418M->418M(491M) 1020.944ms
[2019-07-24T17:25:57.767-0300][384.891s][info][gc,cpu         ] GC(265) User=3.43s Sys=0.01s Real=1.02s
[2019-07-24T17:25:57.767-0300][384.891s][info][gc,start       ] GC(266) Pause Full (Ergonomics)
[2019-07-24T17:25:57.768-0300][384.891s][info][gc,phases,start] GC(266) Marking Phase
[2019-07-24T17:25:58.521-0300][385.644s][info][gc,phases      ] GC(266) Marking Phase 753.183ms
[2019-07-24T17:25:58.521-0300][385.644s][info][gc,phases,start] GC(266) Summary Phase
[2019-07-24T17:25:58.521-0300][385.644s][info][gc,phases      ] GC(266) Summary Phase 0.024ms
[2019-07-24T17:25:58.521-0300][385.645s][info][gc,phases,start] GC(266) Adjust Roots
[2019-07-24T17:25:58.523-0300][385.647s][info][gc,phases      ] GC(266) Adjust Roots 2.112ms
[2019-07-24T17:25:58.523-0300][385.647s][info][gc,phases,start] GC(266) Compaction Phase
[2019-07-24T17:25:58.964-0300][386.087s][info][gc,phases      ] GC(266) Compaction Phase 440.678ms
[2019-07-24T17:25:58.964-0300][386.087s][info][gc,phases,start] GC(266) Post Compact
[2019-07-24T17:25:58.965-0300][386.088s][info][gc,phases      ] GC(266) Post Compact 0.757ms
[2019-07-24T17:25:58.965-0300][386.088s][info][gc,heap        ] GC(266) PSYoungGen: 131584K->131584K(153088K)
[2019-07-24T17:25:58.965-0300][386.088s][info][gc,heap        ] GC(266) ParOldGen: 297322K->297319K(349696K)
[2019-07-24T17:25:58.965-0300][386.088s][info][gc,metaspace   ] GC(266) Metaspace: 13275K->13275K(1062912K)
[2019-07-24T17:25:58.965-0300][386.088s][info][gc             ] GC(266) Pause Full (Ergonomics) 418M->418M(491M) 1197.115ms
[2019-07-24T17:25:58.965-0300][386.088s][info][gc,cpu         ] GC(266) User=4.06s Sys=0.02s Real=1.20s
[2019-07-24T17:25:58.965-0300][386.089s][info][gc,start       ] GC(267) Pause Full (Ergonomics)
[2019-07-24T17:25:58.965-0300][386.089s][info][gc,phases,start] GC(267) Marking Phase
[2019-07-24T17:25:59.692-0300][386.815s][info][gc,phases      ] GC(267) Marking Phase 726.736ms
[2019-07-24T17:25:59.692-0300][386.815s][info][gc,phases,start] GC(267) Summary Phase
[2019-07-24T17:25:59.692-0300][386.815s][info][gc,phases      ] GC(267) Summary Phase 0.022ms
[2019-07-24T17:25:59.692-0300][386.815s][info][gc,phases,start] GC(267) Adjust Roots
[2019-07-24T17:25:59.694-0300][386.817s][info][gc,phases      ] GC(267) Adjust Roots 1.652ms
[2019-07-24T17:25:59.694-0300][386.817s][info][gc,phases,start] GC(267) Compaction Phase
[2019-07-24T17:26:00.004-0300][387.128s][info][gc,phases      ] GC(267) Compaction Phase 310.424ms
[2019-07-24T17:26:00.004-0300][387.128s][info][gc,phases,start] GC(267) Post Compact
[2019-07-24T17:26:00.005-0300][387.129s][info][gc,phases      ] GC(267) Post Compact 0.984ms
[2019-07-24T17:26:00.005-0300][387.129s][info][gc,heap        ] GC(267) PSYoungGen: 131584K->131584K(153088K)
[2019-07-24T17:26:00.005-0300][387.129s][info][gc,heap        ] GC(267) ParOldGen: 297324K->297319K(349696K)
[2019-07-24T17:26:00.005-0300][387.129s][info][gc,metaspace   ] GC(267) Metaspace: 13275K->13275K(1062912K)
[2019-07-24T17:26:00.005-0300][387.129s][info][gc             ] GC(267) Pause Full (Ergonomics) 418M->418M(491M) 1040.234ms
[2019-07-24T17:26:00.005-0300][387.129s][info][gc,cpu         ] GC(267) User=3.44s Sys=0.02s Real=1.04s
[2019-07-24T17:26:00.006-0300][387.129s][info][gc,start       ] GC(268) Pause Full (Ergonomics)
[2019-07-24T17:26:00.006-0300][387.129s][info][gc,phases,start] GC(268) Marking Phase
[2019-07-24T17:26:00.751-0300][387.875s][info][gc,phases      ] GC(268) Marking Phase 745.797ms
[2019-07-24T17:26:00.751-0300][387.875s][info][gc,phases,start] GC(268) Summary Phase
[2019-07-24T17:26:00.751-0300][387.875s][info][gc,phases      ] GC(268) Summary Phase 0.022ms
[2019-07-24T17:26:00.751-0300][387.875s][info][gc,phases,start] GC(268) Adjust Roots
[2019-07-24T17:26:00.753-0300][387.877s][info][gc,phases      ] GC(268) Adjust Roots 1.677ms
[2019-07-24T17:26:00.753-0300][387.877s][info][gc,phases,start] GC(268) Compaction Phase
[2019-07-24T17:26:01.041-0300][388.165s][info][gc,phases      ] GC(268) Compaction Phase 287.948ms
[2019-07-24T17:26:01.041-0300][388.165s][info][gc,phases,start] GC(268) Post Compact
[2019-07-24T17:26:01.042-0300][388.166s][info][gc,phases      ] GC(268) Post Compact 0.753ms
[2019-07-24T17:26:01.042-0300][388.166s][info][gc,heap        ] GC(268) PSYoungGen: 131584K->131584K(153088K)
[2019-07-24T17:26:01.042-0300][388.166s][info][gc,heap        ] GC(268) ParOldGen: 297321K->297321K(349696K)
[2019-07-24T17:26:01.042-0300][388.166s][info][gc,metaspace   ] GC(268) Metaspace: 13275K->13275K(1062912K)
[2019-07-24T17:26:01.042-0300][388.166s][info][gc             ] GC(268) Pause Full (Ergonomics) 418M->418M(491M) 1036.535ms
[2019-07-24T17:26:01.042-0300][388.166s][info][gc,cpu         ] GC(268) User=3.47s Sys=0.01s Real=1.04s
[2019-07-24T17:26:01.042-0300][388.166s][info][gc,start       ] GC(269) Pause Full (Ergonomics)
[2019-07-24T17:26:01.042-0300][388.166s][info][gc,phases,start] GC(269) Marking Phase
[2019-07-24T17:26:01.772-0300][388.895s][info][gc,phases      ] GC(269) Marking Phase 729.383ms
[2019-07-24T17:26:01.772-0300][388.895s][info][gc,phases,start] GC(269) Summary Phase
[2019-07-24T17:26:01.772-0300][388.895s][info][gc,phases      ] GC(269) Summary Phase 0.023ms
[2019-07-24T17:26:01.772-0300][388.896s][info][gc,phases,start] GC(269) Adjust Roots
[2019-07-24T17:26:01.774-0300][388.897s][info][gc,phases      ] GC(269) Adjust Roots 1.577ms
[2019-07-24T17:26:01.774-0300][388.897s][info][gc,phases,start] GC(269) Compaction Phase
[2019-07-24T17:26:02.070-0300][389.193s][info][gc,phases      ] GC(269) Compaction Phase 296.289ms
[2019-07-24T17:26:02.070-0300][389.193s][info][gc,phases,start] GC(269) Post Compact
[2019-07-24T17:26:02.071-0300][389.194s][info][gc,phases      ] GC(269) Post Compact 0.753ms
[2019-07-24T17:26:02.071-0300][389.194s][info][gc,heap        ] GC(269) PSYoungGen: 131584K->131584K(153088K)
[2019-07-24T17:26:02.071-0300][389.194s][info][gc,heap        ] GC(269) ParOldGen: 297323K->297322K(349696K)
[2019-07-24T17:26:02.071-0300][389.194s][info][gc,metaspace   ] GC(269) Metaspace: 13275K->13275K(1062912K)
[2019-07-24T17:26:02.071-0300][389.194s][info][gc             ] GC(269) Pause Full (Ergonomics) 418M->418M(491M) 1028.352ms
[2019-07-24T17:26:02.071-0300][389.194s][info][gc,cpu         ] GC(269) User=3.45s Sys=0.01s Real=1.03s
[2019-07-24T17:26:02.071-0300][389.195s][info][gc,start       ] GC(270) Pause Full (Ergonomics)
[2019-07-24T17:26:02.071-0300][389.195s][info][gc,phases,start] GC(270) Marking Phase
[2019-07-24T17:26:02.814-0300][389.937s][info][gc,phases      ] GC(270) Marking Phase 742.575ms
[2019-07-24T17:26:02.814-0300][389.937s][info][gc,phases,start] GC(270) Summary Phase
[2019-07-24T17:26:02.814-0300][389.937s][info][gc,phases      ] GC(270) Summary Phase 0.032ms
[2019-07-24T17:26:02.814-0300][389.937s][info][gc,phases,start] GC(270) Adjust Roots
[2019-07-24T17:26:02.816-0300][389.939s][info][gc,phases      ] GC(270) Adjust Roots 1.733ms
[2019-07-24T17:26:02.816-0300][389.939s][info][gc,phases,start] GC(270) Compaction Phase
[2019-07-24T17:26:03.105-0300][390.229s][info][gc,phases      ] GC(270) Compaction Phase 289.519ms
[2019-07-24T17:26:03.105-0300][390.229s][info][gc,phases,start] GC(270) Post Compact
[2019-07-24T17:26:03.106-0300][390.229s][info][gc,phases      ] GC(270) Post Compact 0.752ms
[2019-07-24T17:26:03.106-0300][390.230s][info][gc,heap        ] GC(270) PSYoungGen: 131584K->131584K(153088K)
[2019-07-24T17:26:03.106-0300][390.230s][info][gc,heap        ] GC(270) ParOldGen: 297324K->297323K(349696K)
[2019-07-24T17:26:03.106-0300][390.230s][info][gc,metaspace   ] GC(270) Metaspace: 13278K->13278K(1062912K)
[2019-07-24T17:26:03.106-0300][390.230s][info][gc             ] GC(270) Pause Full (Ergonomics) 418M->418M(491M) 1034.949ms
[2019-07-24T17:26:03.106-0300][390.230s][info][gc,cpu         ] GC(270) User=3.47s Sys=0.02s Real=1.03s
[2019-07-24T17:26:03.106-0300][390.230s][info][gc,start       ] GC(271) Pause Full (Ergonomics)
[2019-07-24T17:26:03.106-0300][390.230s][info][gc,phases,start] GC(271) Marking Phase
[2019-07-24T17:26:03.844-0300][390.968s][info][gc,phases      ] GC(271) Marking Phase 737.951ms
[2019-07-24T17:26:03.844-0300][390.968s][info][gc,phases,start] GC(271) Summary Phase
[2019-07-24T17:26:03.844-0300][390.968s][info][gc,phases      ] GC(271) Summary Phase 0.025ms
[2019-07-24T17:26:03.844-0300][390.968s][info][gc,phases,start] GC(271) Adjust Roots
[2019-07-24T17:26:03.846-0300][390.970s][info][gc,phases      ] GC(271) Adjust Roots 1.687ms
[2019-07-24T17:26:03.846-0300][390.970s][info][gc,phases,start] GC(271) Compaction Phase
[2019-07-24T17:26:04.137-0300][391.260s][info][gc,phases      ] GC(271) Compaction Phase 290.734ms
[2019-07-24T17:26:04.137-0300][391.261s][info][gc,phases,start] GC(271) Post Compact
[2019-07-24T17:26:04.138-0300][391.261s][info][gc,phases      ] GC(271) Post Compact 0.762ms
[2019-07-24T17:26:04.138-0300][391.261s][info][gc,heap        ] GC(271) PSYoungGen: 131584K->131584K(153088K)
[2019-07-24T17:26:04.138-0300][391.261s][info][gc,heap        ] GC(271) ParOldGen: 297325K->297325K(349696K)
[2019-07-24T17:26:04.138-0300][391.261s][info][gc,metaspace   ] GC(271) Metaspace: 13278K->13278K(1062912K)
[2019-07-24T17:26:04.138-0300][391.261s][info][gc             ] GC(271) Pause Full (Ergonomics) 418M->418M(491M) 1031.488ms
[2019-07-24T17:26:04.138-0300][391.261s][info][gc,cpu         ] GC(271) User=3.43s Sys=0.01s Real=1.03s
[2019-07-24T17:26:04.138-0300][391.262s][info][gc,start       ] GC(272) Pause Full (Ergonomics)
[2019-07-24T17:26:04.138-0300][391.262s][info][gc,phases,start] GC(272) Marking Phase
[2019-07-24T17:26:04.902-0300][392.026s][info][gc,phases      ] GC(272) Marking Phase 764.218ms
[2019-07-24T17:26:04.903-0300][392.026s][info][gc,phases,start] GC(272) Summary Phase
[2019-07-24T17:26:04.903-0300][392.026s][info][gc,phases      ] GC(272) Summary Phase 0.024ms
[2019-07-24T17:26:04.903-0300][392.026s][info][gc,phases,start] GC(272) Adjust Roots
[2019-07-24T17:26:04.904-0300][392.028s][info][gc,phases      ] GC(272) Adjust Roots 1.658ms
[2019-07-24T17:26:04.904-0300][392.028s][info][gc,phases,start] GC(272) Compaction Phase
[2019-07-24T17:26:05.197-0300][392.321s][info][gc,phases      ] GC(272) Compaction Phase 293.087ms
[2019-07-24T17:26:05.197-0300][392.321s][info][gc,phases,start] GC(272) Post Compact
[2019-07-24T17:26:05.198-0300][392.322s][info][gc,phases      ] GC(272) Post Compact 0.764ms
[2019-07-24T17:26:05.198-0300][392.322s][info][gc,heap        ] GC(272) PSYoungGen: 131584K->131584K(153088K)
[2019-07-24T17:26:05.198-0300][392.322s][info][gc,heap        ] GC(272) ParOldGen: 297327K->297326K(349696K)
[2019-07-24T17:26:05.198-0300][392.322s][info][gc,metaspace   ] GC(272) Metaspace: 13278K->13278K(1062912K)
[2019-07-24T17:26:05.198-0300][392.322s][info][gc             ] GC(272) Pause Full (Ergonomics) 418M->418M(491M) 1060.083ms
[2019-07-24T17:26:05.198-0300][392.322s][info][gc,cpu         ] GC(272) User=3.52s Sys=0.02s Real=1.06s
[2019-07-24T17:26:05.199-0300][392.322s][info][gc,start       ] GC(273) Pause Full (Ergonomics)
[2019-07-24T17:26:05.199-0300][392.322s][info][gc,phases,start] GC(273) Marking Phase
[2019-07-24T17:26:05.938-0300][393.062s][info][gc,phases      ] GC(273) Marking Phase 739.383ms
[2019-07-24T17:26:05.938-0300][393.062s][info][gc,phases,start] GC(273) Summary Phase
[2019-07-24T17:26:05.938-0300][393.062s][info][gc,phases      ] GC(273) Summary Phase 0.022ms
[2019-07-24T17:26:05.938-0300][393.062s][info][gc,phases,start] GC(273) Adjust Roots
[2019-07-24T17:26:05.940-0300][393.063s][info][gc,phases      ] GC(273) Adjust Roots 1.710ms
[2019-07-24T17:26:05.940-0300][393.063s][info][gc,phases,start] GC(273) Compaction Phase
[2019-07-24T17:26:06.232-0300][393.355s][info][gc,phases      ] GC(273) Compaction Phase 292.006ms
[2019-07-24T17:26:06.232-0300][393.355s][info][gc,phases,start] GC(273) Post Compact
[2019-07-24T17:26:06.233-0300][393.356s][info][gc,phases      ] GC(273) Post Compact 0.794ms
[2019-07-24T17:26:06.233-0300][393.356s][info][gc,heap        ] GC(273) PSYoungGen: 131584K->131584K(153088K)
[2019-07-24T17:26:06.233-0300][393.356s][info][gc,heap        ] GC(273) ParOldGen: 297328K->297327K(349696K)
[2019-07-24T17:26:06.233-0300][393.356s][info][gc,metaspace   ] GC(273) Metaspace: 13278K->13278K(1062912K)
[2019-07-24T17:26:06.233-0300][393.356s][info][gc             ] GC(273) Pause Full (Ergonomics) 418M->418M(491M) 1034.313ms
[2019-07-24T17:26:06.233-0300][393.356s][info][gc,cpu         ] GC(273) User=3.48s Sys=0.01s Real=1.04s
[2019-07-24T17:26:06.233-0300][393.357s][info][gc,start       ] GC(274) Pause Full (Ergonomics)
[2019-07-24T17:26:06.233-0300][393.357s][info][gc,phases,start] GC(274) Marking Phase
[2019-07-24T17:26:06.967-0300][394.090s][info][gc,phases      ] GC(274) Marking Phase 733.479ms
[2019-07-24T17:26:06.967-0300][394.090s][info][gc,phases,start] GC(274) Summary Phase
[2019-07-24T17:26:06.967-0300][394.090s][info][gc,phases      ] GC(274) Summary Phase 0.054ms
[2019-07-24T17:26:06.967-0300][394.090s][info][gc,phases,start] GC(274) Adjust Roots
[2019-07-24T17:26:06.969-0300][394.092s][info][gc,phases      ] GC(274) Adjust Roots 2.036ms
[2019-07-24T17:26:06.969-0300][394.093s][info][gc,phases,start] GC(274) Compaction Phase
[2019-07-24T17:26:07.260-0300][394.384s][info][gc,phases      ] GC(274) Compaction Phase 291.277ms
[2019-07-24T17:26:07.260-0300][394.384s][info][gc,phases,start] GC(274) Post Compact
[2019-07-24T17:26:07.261-0300][394.385s][info][gc,phases      ] GC(274) Post Compact 0.770ms
[2019-07-24T17:26:07.261-0300][394.385s][info][gc,heap        ] GC(274) PSYoungGen: 131584K->131584K(153088K)
[2019-07-24T17:26:07.261-0300][394.385s][info][gc,heap        ] GC(274) ParOldGen: 297329K->297329K(349696K)
[2019-07-24T17:26:07.261-0300][394.385s][info][gc,metaspace   ] GC(274) Metaspace: 13279K->13279K(1062912K)
[2019-07-24T17:26:07.261-0300][394.385s][info][gc             ] GC(274) Pause Full (Ergonomics) 418M->418M(491M) 1028.032ms
[2019-07-24T17:26:07.261-0300][394.385s][info][gc,cpu         ] GC(274) User=3.47s Sys=0.01s Real=1.03s
[2019-07-24T17:26:07.262-0300][394.385s][info][gc,start       ] GC(275) Pause Full (Ergonomics)
[2019-07-24T17:26:07.262-0300][394.385s][info][gc,phases,start] GC(275) Marking Phase
[2019-07-24T17:26:08.016-0300][395.140s][info][gc,phases      ] GC(275) Marking Phase 754.602ms
[2019-07-24T17:26:08.016-0300][395.140s][info][gc,phases,start] GC(275) Summary Phase
[2019-07-24T17:26:08.016-0300][395.140s][info][gc,phases      ] GC(275) Summary Phase 0.023ms
[2019-07-24T17:26:08.016-0300][395.140s][info][gc,phases,start] GC(275) Adjust Roots
[2019-07-24T17:26:08.019-0300][395.142s][info][gc,phases      ] GC(275) Adjust Roots 2.412ms
[2019-07-24T17:26:08.019-0300][395.142s][info][gc,phases,start] GC(275) Compaction Phase
[2019-07-24T17:26:08.314-0300][395.437s][info][gc,phases      ] GC(275) Compaction Phase 294.896ms
[2019-07-24T17:26:08.314-0300][395.437s][info][gc,phases,start] GC(275) Post Compact
[2019-07-24T17:26:08.315-0300][395.438s][info][gc,phases      ] GC(275) Post Compact 0.765ms
[2019-07-24T17:26:08.315-0300][395.438s][info][gc,heap        ] GC(275) PSYoungGen: 131584K->131584K(153088K)
[2019-07-24T17:26:08.315-0300][395.438s][info][gc,heap        ] GC(275) ParOldGen: 297331K->297331K(349696K)
[2019-07-24T17:26:08.315-0300][395.438s][info][gc,metaspace   ] GC(275) Metaspace: 13279K->13279K(1062912K)
[2019-07-24T17:26:08.315-0300][395.438s][info][gc             ] GC(275) Pause Full (Ergonomics) 418M->418M(491M) 1053.069ms
[2019-07-24T17:26:08.315-0300][395.438s][info][gc,cpu         ] GC(275) User=3.48s Sys=0.02s Real=1.05s
[2019-07-24T17:26:08.315-0300][395.438s][info][gc,start       ] GC(276) Pause Full (Ergonomics)
[2019-07-24T17:26:08.315-0300][395.438s][info][gc,phases,start] GC(276) Marking Phase
[2019-07-24T17:26:09.072-0300][396.196s][info][gc,phases      ] GC(276) Marking Phase 757.355ms
[2019-07-24T17:26:09.072-0300][396.196s][info][gc,phases,start] GC(276) Summary Phase
[2019-07-24T17:26:09.072-0300][396.196s][info][gc,phases      ] GC(276) Summary Phase 0.023ms
[2019-07-24T17:26:09.072-0300][396.196s][info][gc,phases,start] GC(276) Adjust Roots
[2019-07-24T17:26:09.074-0300][396.197s][info][gc,phases      ] GC(276) Adjust Roots 1.641ms
[2019-07-24T17:26:09.074-0300][396.198s][info][gc,phases,start] GC(276) Compaction Phase
[2019-07-24T17:26:09.374-0300][396.498s][info][gc,phases      ] GC(276) Compaction Phase 300.197ms
[2019-07-24T17:26:09.374-0300][396.498s][info][gc,phases,start] GC(276) Post Compact
[2019-07-24T17:26:09.375-0300][396.499s][info][gc,phases      ] GC(276) Post Compact 0.760ms
[2019-07-24T17:26:09.375-0300][396.499s][info][gc,heap        ] GC(276) PSYoungGen: 131584K->131584K(153088K)
[2019-07-24T17:26:09.375-0300][396.499s][info][gc,heap        ] GC(276) ParOldGen: 297333K->297329K(349696K)
[2019-07-24T17:26:09.375-0300][396.499s][info][gc,metaspace   ] GC(276) Metaspace: 13279K->13279K(1062912K)
[2019-07-24T17:26:09.375-0300][396.499s][info][gc             ] GC(276) Pause Full (Ergonomics) 418M->418M(491M) 1060.302ms
[2019-07-24T17:26:09.375-0300][396.499s][info][gc,cpu         ] GC(276) User=3.46s Sys=0.01s Real=1.06s
[2019-07-24T17:26:09.376-0300][396.499s][info][gc,start       ] GC(277) Pause Full (Ergonomics)
[2019-07-24T17:26:09.376-0300][396.499s][info][gc,phases,start] GC(277) Marking Phase
[2019-07-24T17:26:10.132-0300][397.255s][info][gc,phases      ] GC(277) Marking Phase 756.480ms
[2019-07-24T17:26:10.132-0300][397.256s][info][gc,phases,start] GC(277) Summary Phase
[2019-07-24T17:26:10.132-0300][397.256s][info][gc,phases      ] GC(277) Summary Phase 0.022ms
[2019-07-24T17:26:10.132-0300][397.256s][info][gc,phases,start] GC(277) Adjust Roots
[2019-07-24T17:26:10.135-0300][397.258s][info][gc,phases      ] GC(277) Adjust Roots 2.405ms
[2019-07-24T17:26:10.135-0300][397.258s][info][gc,phases,start] GC(277) Compaction Phase
[2019-07-24T17:26:10.430-0300][397.553s][info][gc,phases      ] GC(277) Compaction Phase 294.856ms
[2019-07-24T17:26:10.430-0300][397.553s][info][gc,phases,start] GC(277) Post Compact
[2019-07-24T17:26:10.430-0300][397.554s][info][gc,phases      ] GC(277) Post Compact 0.822ms
[2019-07-24T17:26:10.431-0300][397.554s][info][gc,heap        ] GC(277) PSYoungGen: 131584K->131584K(153088K)
[2019-07-24T17:26:10.431-0300][397.554s][info][gc,heap        ] GC(277) ParOldGen: 297331K->297331K(349696K)
[2019-07-24T17:26:10.431-0300][397.554s][info][gc,metaspace   ] GC(277) Metaspace: 13279K->13279K(1062912K)
[2019-07-24T17:26:10.431-0300][397.554s][info][gc             ] GC(277) Pause Full (Ergonomics) 418M->418M(491M) 1055.005ms
[2019-07-24T17:26:10.431-0300][397.554s][info][gc,cpu         ] GC(277) User=3.43s Sys=0.02s Real=1.06s
[2019-07-24T17:26:10.431-0300][397.554s][info][gc,start       ] GC(278) Pause Full (Ergonomics)
[2019-07-24T17:26:10.431-0300][397.554s][info][gc,phases,start] GC(278) Marking Phase
[2019-07-24T17:26:11.193-0300][398.317s][info][gc,phases      ] GC(278) Marking Phase 762.324ms
[2019-07-24T17:26:11.193-0300][398.317s][info][gc,phases,start] GC(278) Summary Phase
[2019-07-24T17:26:11.193-0300][398.317s][info][gc,phases      ] GC(278) Summary Phase 0.023ms
[2019-07-24T17:26:11.193-0300][398.317s][info][gc,phases,start] GC(278) Adjust Roots
[2019-07-24T17:26:11.195-0300][398.318s][info][gc,phases      ] GC(278) Adjust Roots 1.692ms
[2019-07-24T17:26:11.195-0300][398.318s][info][gc,phases,start] GC(278) Compaction Phase
[2019-07-24T17:26:11.488-0300][398.611s][info][gc,phases      ] GC(278) Compaction Phase 293.112ms
[2019-07-24T17:26:11.488-0300][398.612s][info][gc,phases,start] GC(278) Post Compact
[2019-07-24T17:26:11.489-0300][398.612s][info][gc,phases      ] GC(278) Post Compact 0.784ms
[2019-07-24T17:26:11.489-0300][398.612s][info][gc,heap        ] GC(278) PSYoungGen: 131584K->131584K(153088K)
[2019-07-24T17:26:11.489-0300][398.612s][info][gc,heap        ] GC(278) ParOldGen: 297333K->297332K(349696K)
[2019-07-24T17:26:11.489-0300][398.612s][info][gc,metaspace   ] GC(278) Metaspace: 13279K->13279K(1062912K)
[2019-07-24T17:26:11.489-0300][398.612s][info][gc             ] GC(278) Pause Full (Ergonomics) 418M->418M(491M) 1058.254ms
[2019-07-24T17:26:11.489-0300][398.612s][info][gc,cpu         ] GC(278) User=3.54s Sys=0.01s Real=1.05s
[2019-07-24T17:26:11.490-0300][398.613s][info][gc,start       ] GC(279) Pause Full (Ergonomics)
[2019-07-24T17:26:11.490-0300][398.613s][info][gc,phases,start] GC(279) Marking Phase
[2019-07-24T17:26:12.255-0300][399.378s][info][gc,phases      ] GC(279) Marking Phase 765.050ms
[2019-07-24T17:26:12.255-0300][399.378s][info][gc,phases,start] GC(279) Summary Phase
[2019-07-24T17:26:12.255-0300][399.378s][info][gc,phases      ] GC(279) Summary Phase 0.023ms
[2019-07-24T17:26:12.255-0300][399.378s][info][gc,phases,start] GC(279) Adjust Roots
[2019-07-24T17:26:12.256-0300][399.380s][info][gc,phases      ] GC(279) Adjust Roots 1.662ms
[2019-07-24T17:26:12.256-0300][399.380s][info][gc,phases,start] GC(279) Compaction Phase
[2019-07-24T17:26:12.547-0300][399.670s][info][gc,phases      ] GC(279) Compaction Phase 290.708ms
[2019-07-24T17:26:12.547-0300][399.670s][info][gc,phases,start] GC(279) Post Compact
[2019-07-24T17:26:12.548-0300][399.671s][info][gc,phases      ] GC(279) Post Compact 0.862ms
[2019-07-24T17:26:12.548-0300][399.671s][info][gc,heap        ] GC(279) PSYoungGen: 131584K->131584K(153088K)
[2019-07-24T17:26:12.548-0300][399.671s][info][gc,heap        ] GC(279) ParOldGen: 297335K->297333K(349696K)
[2019-07-24T17:26:12.548-0300][399.671s][info][gc,metaspace   ] GC(279) Metaspace: 13279K->13279K(1062912K)
[2019-07-24T17:26:12.548-0300][399.671s][info][gc             ] GC(279) Pause Full (Ergonomics) 418M->418M(491M) 1058.694ms
[2019-07-24T17:26:12.548-0300][399.672s][info][gc,cpu         ] GC(279) User=3.54s Sys=0.01s Real=1.05s
[2019-07-24T17:26:12.548-0300][399.672s][info][gc,start       ] GC(280) Pause Full (Ergonomics)
[2019-07-24T17:26:12.549-0300][399.672s][info][gc,phases,start] GC(280) Marking Phase
[2019-07-24T17:26:13.291-0300][400.414s][info][gc,phases      ] GC(280) Marking Phase 742.710ms
[2019-07-24T17:26:13.291-0300][400.415s][info][gc,phases,start] GC(280) Summary Phase
[2019-07-24T17:26:13.291-0300][400.415s][info][gc,phases      ] GC(280) Summary Phase 0.021ms
[2019-07-24T17:26:13.291-0300][400.415s][info][gc,phases,start] GC(280) Adjust Roots
[2019-07-24T17:26:13.293-0300][400.416s][info][gc,phases      ] GC(280) Adjust Roots 1.637ms
[2019-07-24T17:26:13.293-0300][400.416s][info][gc,phases,start] GC(280) Compaction Phase
[2019-07-24T17:26:13.582-0300][400.705s][info][gc,phases      ] GC(280) Compaction Phase 288.951ms
[2019-07-24T17:26:13.582-0300][400.705s][info][gc,phases,start] GC(280) Post Compact
[2019-07-24T17:26:13.583-0300][400.706s][info][gc,phases      ] GC(280) Post Compact 0.746ms
[2019-07-24T17:26:13.583-0300][400.706s][info][gc,heap        ] GC(280) PSYoungGen: 131584K->131584K(153088K)
[2019-07-24T17:26:13.583-0300][400.706s][info][gc,heap        ] GC(280) ParOldGen: 297336K->297335K(349696K)
[2019-07-24T17:26:13.583-0300][400.706s][info][gc,metaspace   ] GC(280) Metaspace: 13279K->13279K(1062912K)
[2019-07-24T17:26:13.583-0300][400.706s][info][gc             ] GC(280) Pause Full (Ergonomics) 418M->418M(491M) 1034.407ms
[2019-07-24T17:26:13.583-0300][400.706s][info][gc,cpu         ] GC(280) User=3.47s Sys=0.02s Real=1.04s
[2019-07-24T17:26:13.583-0300][400.706s][info][gc,start       ] GC(281) Pause Full (Ergonomics)
[2019-07-24T17:26:13.583-0300][400.707s][info][gc,phases,start] GC(281) Marking Phase
[2019-07-24T17:26:14.339-0300][401.462s][info][gc,phases      ] GC(281) Marking Phase 755.620ms
[2019-07-24T17:26:14.339-0300][401.462s][info][gc,phases,start] GC(281) Summary Phase
[2019-07-24T17:26:14.339-0300][401.462s][info][gc,phases      ] GC(281) Summary Phase 0.021ms
[2019-07-24T17:26:14.339-0300][401.462s][info][gc,phases,start] GC(281) Adjust Roots
[2019-07-24T17:26:14.341-0300][401.464s][info][gc,phases      ] GC(281) Adjust Roots 1.646ms
[2019-07-24T17:26:14.341-0300][401.464s][info][gc,phases,start] GC(281) Compaction Phase
[2019-07-24T17:26:14.640-0300][401.763s][info][gc,phases      ] GC(281) Compaction Phase 298.864ms
[2019-07-24T17:26:14.640-0300][401.763s][info][gc,phases,start] GC(281) Post Compact
[2019-07-24T17:26:14.640-0300][401.764s][info][gc,phases      ] GC(281) Post Compact 0.775ms
[2019-07-24T17:26:14.641-0300][401.764s][info][gc,heap        ] GC(281) PSYoungGen: 131584K->131584K(153088K)
[2019-07-24T17:26:14.641-0300][401.764s][info][gc,heap        ] GC(281) ParOldGen: 297338K->297336K(349696K)
[2019-07-24T17:26:14.641-0300][401.764s][info][gc,metaspace   ] GC(281) Metaspace: 13279K->13279K(1062912K)
[2019-07-24T17:26:14.641-0300][401.764s][info][gc             ] GC(281) Pause Full (Ergonomics) 418M->418M(491M) 1057.310ms
[2019-07-24T17:26:14.641-0300][401.764s][info][gc,cpu         ] GC(281) User=3.51s Sys=0.01s Real=1.06s
[2019-07-24T17:26:14.641-0300][401.764s][info][gc,start       ] GC(282) Pause Full (Ergonomics)
[2019-07-24T17:26:14.641-0300][401.764s][info][gc,phases,start] GC(282) Marking Phase
[2019-07-24T17:26:15.404-0300][402.527s][info][gc,phases      ] GC(282) Marking Phase 763.212ms
[2019-07-24T17:26:15.404-0300][402.527s][info][gc,phases,start] GC(282) Summary Phase
[2019-07-24T17:26:15.404-0300][402.527s][info][gc,phases      ] GC(282) Summary Phase 0.021ms
[2019-07-24T17:26:15.404-0300][402.527s][info][gc,phases,start] GC(282) Adjust Roots
[2019-07-24T17:26:15.406-0300][402.529s][info][gc,phases      ] GC(282) Adjust Roots 1.666ms
[2019-07-24T17:26:15.406-0300][402.529s][info][gc,phases,start] GC(282) Compaction Phase
[2019-07-24T17:26:15.701-0300][402.824s][info][gc,phases      ] GC(282) Compaction Phase 295.133ms
[2019-07-24T17:26:15.701-0300][402.824s][info][gc,phases,start] GC(282) Post Compact
[2019-07-24T17:26:15.702-0300][402.825s][info][gc,phases      ] GC(282) Post Compact 0.908ms
[2019-07-24T17:26:15.702-0300][402.825s][info][gc,heap        ] GC(282) PSYoungGen: 131584K->131584K(153088K)
[2019-07-24T17:26:15.702-0300][402.825s][info][gc,heap        ] GC(282) ParOldGen: 297338K->297333K(349696K)
[2019-07-24T17:26:15.702-0300][402.825s][info][gc,metaspace   ] GC(282) Metaspace: 13279K->13279K(1062912K)
[2019-07-24T17:26:15.702-0300][402.825s][info][gc             ] GC(282) Pause Full (Ergonomics) 418M->418M(491M) 1061.290ms
[2019-07-24T17:26:15.702-0300][402.825s][info][gc,cpu         ] GC(282) User=3.49s Sys=0.02s Real=1.06s
[2019-07-24T17:26:15.702-0300][402.826s][info][gc,start       ] GC(283) Pause Full (Ergonomics)
[2019-07-24T17:26:15.702-0300][402.826s][info][gc,phases,start] GC(283) Marking Phase
[2019-07-24T17:26:16.457-0300][403.580s][info][gc,phases      ] GC(283) Marking Phase 754.723ms
[2019-07-24T17:26:16.457-0300][403.580s][info][gc,phases,start] GC(283) Summary Phase
[2019-07-24T17:26:16.457-0300][403.580s][info][gc,phases      ] GC(283) Summary Phase 0.023ms
[2019-07-24T17:26:16.457-0300][403.580s][info][gc,phases,start] GC(283) Adjust Roots
[2019-07-24T17:26:16.459-0300][403.582s][info][gc,phases      ] GC(283) Adjust Roots 1.546ms
[2019-07-24T17:26:16.459-0300][403.582s][info][gc,phases,start] GC(283) Compaction Phase
[2019-07-24T17:26:16.748-0300][403.871s][info][gc,phases      ] GC(283) Compaction Phase 288.660ms
[2019-07-24T17:26:16.748-0300][403.871s][info][gc,phases,start] GC(283) Post Compact
[2019-07-24T17:26:16.748-0300][403.872s][info][gc,phases      ] GC(283) Post Compact 0.848ms
[2019-07-24T17:26:16.749-0300][403.872s][info][gc,heap        ] GC(283) PSYoungGen: 131584K->131584K(153088K)
[2019-07-24T17:26:16.749-0300][403.872s][info][gc,heap        ] GC(283) ParOldGen: 297334K->297334K(349696K)
[2019-07-24T17:26:16.749-0300][403.872s][info][gc,metaspace   ] GC(283) Metaspace: 13279K->13279K(1062912K)
[2019-07-24T17:26:16.749-0300][403.872s][info][gc             ] GC(283) Pause Full (Ergonomics) 418M->418M(491M) 1046.142ms
[2019-07-24T17:26:16.749-0300][403.872s][info][gc,cpu         ] GC(283) User=3.48s Sys=0.01s Real=1.04s
[2019-07-24T17:26:16.749-0300][403.872s][info][gc,start       ] GC(284) Pause Full (Ergonomics)
[2019-07-24T17:26:16.749-0300][403.872s][info][gc,phases,start] GC(284) Marking Phase
[2019-07-24T17:26:17.510-0300][404.633s][info][gc,phases      ] GC(284) Marking Phase 760.710ms
[2019-07-24T17:26:17.510-0300][404.633s][info][gc,phases,start] GC(284) Summary Phase
[2019-07-24T17:26:17.510-0300][404.633s][info][gc,phases      ] GC(284) Summary Phase 0.024ms
[2019-07-24T17:26:17.510-0300][404.633s][info][gc,phases,start] GC(284) Adjust Roots
[2019-07-24T17:26:17.511-0300][404.635s][info][gc,phases      ] GC(284) Adjust Roots 1.653ms
[2019-07-24T17:26:17.512-0300][404.635s][info][gc,phases,start] GC(284) Compaction Phase
[2019-07-24T17:26:17.802-0300][404.925s][info][gc,phases      ] GC(284) Compaction Phase 290.443ms
[2019-07-24T17:26:17.802-0300][404.925s][info][gc,phases,start] GC(284) Post Compact
[2019-07-24T17:26:17.803-0300][404.926s][info][gc,phases      ] GC(284) Post Compact 0.790ms
[2019-07-24T17:26:17.803-0300][404.926s][info][gc,heap        ] GC(284) PSYoungGen: 131584K->131584K(153088K)
[2019-07-24T17:26:17.803-0300][404.926s][info][gc,heap        ] GC(284) ParOldGen: 297339K->297336K(349696K)
[2019-07-24T17:26:17.803-0300][404.926s][info][gc,metaspace   ] GC(284) Metaspace: 13279K->13279K(1062912K)
[2019-07-24T17:26:17.803-0300][404.926s][info][gc             ] GC(284) Pause Full (Ergonomics) 418M->418M(491M) 1054.000ms
[2019-07-24T17:26:17.803-0300][404.926s][info][gc,cpu         ] GC(284) User=3.51s Sys=0.01s Real=1.06s
[2019-07-24T17:26:17.803-0300][404.926s][info][gc,start       ] GC(285) Pause Full (Ergonomics)
[2019-07-24T17:26:17.803-0300][404.926s][info][gc,phases,start] GC(285) Marking Phase
[2019-07-24T17:26:18.540-0300][405.663s][info][gc,phases      ] GC(285) Marking Phase 736.585ms
[2019-07-24T17:26:18.540-0300][405.663s][info][gc,phases,start] GC(285) Summary Phase
[2019-07-24T17:26:18.540-0300][405.663s][info][gc,phases      ] GC(285) Summary Phase 0.021ms
[2019-07-24T17:26:18.540-0300][405.663s][info][gc,phases,start] GC(285) Adjust Roots
[2019-07-24T17:26:18.542-0300][405.665s][info][gc,phases      ] GC(285) Adjust Roots 1.694ms
[2019-07-24T17:26:18.542-0300][405.665s][info][gc,phases,start] GC(285) Compaction Phase
[2019-07-24T17:26:18.832-0300][405.955s][info][gc,phases      ] GC(285) Compaction Phase 289.911ms
[2019-07-24T17:26:18.832-0300][405.955s][info][gc,phases,start] GC(285) Post Compact
[2019-07-24T17:26:18.832-0300][405.956s][info][gc,phases      ] GC(285) Post Compact 0.767ms
[2019-07-24T17:26:18.833-0300][405.956s][info][gc,heap        ] GC(285) PSYoungGen: 131584K->131584K(153088K)
[2019-07-24T17:26:18.833-0300][405.956s][info][gc,heap        ] GC(285) ParOldGen: 297338K->297338K(349696K)
[2019-07-24T17:26:18.833-0300][405.956s][info][gc,metaspace   ] GC(285) Metaspace: 13279K->13279K(1062912K)
[2019-07-24T17:26:18.833-0300][405.956s][info][gc             ] GC(285) Pause Full (Ergonomics) 418M->418M(491M) 1029.315ms
[2019-07-24T17:26:18.833-0300][405.956s][info][gc,cpu         ] GC(285) User=3.47s Sys=0.02s Real=1.03s
[2019-07-24T17:26:18.833-0300][405.956s][info][gc,start       ] GC(286) Pause Full (Ergonomics)
[2019-07-24T17:26:18.833-0300][405.956s][info][gc,phases,start] GC(286) Marking Phase
[2019-07-24T17:26:19.572-0300][406.695s][info][gc,phases      ] GC(286) Marking Phase 739.091ms
[2019-07-24T17:26:19.572-0300][406.695s][info][gc,phases,start] GC(286) Summary Phase
[2019-07-24T17:26:19.572-0300][406.695s][info][gc,phases      ] GC(286) Summary Phase 0.023ms
[2019-07-24T17:26:19.572-0300][406.695s][info][gc,phases,start] GC(286) Adjust Roots
[2019-07-24T17:26:19.574-0300][406.697s][info][gc,phases      ] GC(286) Adjust Roots 1.654ms
[2019-07-24T17:26:19.574-0300][406.697s][info][gc,phases,start] GC(286) Compaction Phase
[2019-07-24T17:26:19.869-0300][406.992s][info][gc,phases      ] GC(286) Compaction Phase 295.619ms
[2019-07-24T17:26:19.869-0300][406.993s][info][gc,phases,start] GC(286) Post Compact
[2019-07-24T17:26:19.870-0300][406.993s][info][gc,phases      ] GC(286) Post Compact 0.751ms
[2019-07-24T17:26:19.870-0300][406.993s][info][gc,heap        ] GC(286) PSYoungGen: 131584K->131584K(153088K)
[2019-07-24T17:26:19.870-0300][406.993s][info][gc,heap        ] GC(286) ParOldGen: 297340K->297339K(349696K)
[2019-07-24T17:26:19.870-0300][406.993s][info][gc,metaspace   ] GC(286) Metaspace: 13279K->13279K(1062912K)
[2019-07-24T17:26:19.870-0300][406.993s][info][gc             ] GC(286) Pause Full (Ergonomics) 418M->418M(491M) 1037.469ms
[2019-07-24T17:26:19.870-0300][406.993s][info][gc,cpu         ] GC(286) User=3.47s Sys=0.01s Real=1.04s
[2019-07-24T17:26:19.871-0300][406.994s][info][gc,start       ] GC(287) Pause Full (Ergonomics)
[2019-07-24T17:26:19.871-0300][406.994s][info][gc,phases,start] GC(287) Marking Phase
[2019-07-24T17:26:20.673-0300][407.796s][info][gc,phases      ] GC(287) Marking Phase 802.482ms
[2019-07-24T17:26:20.673-0300][407.796s][info][gc,phases,start] GC(287) Summary Phase
[2019-07-24T17:26:20.673-0300][407.796s][info][gc,phases      ] GC(287) Summary Phase 0.023ms
[2019-07-24T17:26:20.673-0300][407.796s][info][gc,phases,start] GC(287) Adjust Roots
[2019-07-24T17:26:20.675-0300][407.798s][info][gc,phases      ] GC(287) Adjust Roots 1.654ms
[2019-07-24T17:26:20.675-0300][407.798s][info][gc,phases,start] GC(287) Compaction Phase
[2019-07-24T17:26:20.966-0300][408.089s][info][gc,phases      ] GC(287) Compaction Phase 290.877ms
[2019-07-24T17:26:20.966-0300][408.089s][info][gc,phases,start] GC(287) Post Compact
[2019-07-24T17:26:20.967-0300][408.090s][info][gc,phases      ] GC(287) Post Compact 0.745ms
[2019-07-24T17:26:20.967-0300][408.090s][info][gc,heap        ] GC(287) PSYoungGen: 131584K->131584K(153088K)
[2019-07-24T17:26:20.967-0300][408.090s][info][gc,heap        ] GC(287) ParOldGen: 297342K->297342K(349696K)
[2019-07-24T17:26:20.967-0300][408.090s][info][gc,metaspace   ] GC(287) Metaspace: 13279K->13279K(1062912K)
[2019-07-24T17:26:20.967-0300][408.090s][info][gc             ] GC(287) Pause Full (Ergonomics) 418M->418M(491M) 1096.091ms
[2019-07-24T17:26:20.967-0300][408.090s][info][gc,cpu         ] GC(287) User=3.52s Sys=0.02s Real=1.09s
[2019-07-24T17:26:20.967-0300][408.090s][info][gc,start       ] GC(288) Pause Full (Ergonomics)
[2019-07-24T17:26:20.967-0300][408.090s][info][gc,phases,start] GC(288) Marking Phase
[2019-07-24T17:26:21.716-0300][408.839s][info][gc,phases      ] GC(288) Marking Phase 749.138ms
[2019-07-24T17:26:21.727-0300][408.850s][info][gc,phases,start] GC(288) Summary Phase
[2019-07-24T17:26:21.741-0300][408.864s][info][gc,phases      ] GC(288) Summary Phase 13.586ms
[2019-07-24T17:26:21.741-0300][408.864s][info][gc,phases,start] GC(288) Adjust Roots
[2019-07-24T17:26:21.743-0300][408.866s][info][gc,phases      ] GC(288) Adjust Roots 1.893ms
[2019-07-24T17:26:21.743-0300][408.866s][info][gc,phases,start] GC(288) Compaction Phase
[2019-07-24T17:26:22.066-0300][409.189s][info][gc,phases      ] GC(288) Compaction Phase 323.445ms
[2019-07-24T17:26:22.069-0300][409.192s][info][gc,phases,start] GC(288) Post Compact
[2019-07-24T17:26:22.070-0300][409.193s][info][gc,phases      ] GC(288) Post Compact 0.764ms
[2019-07-24T17:26:22.070-0300][409.193s][info][gc,heap        ] GC(288) PSYoungGen: 131584K->131584K(153088K)
[2019-07-24T17:26:22.070-0300][409.193s][info][gc,heap        ] GC(288) ParOldGen: 297343K->297337K(349696K)
[2019-07-24T17:26:22.070-0300][409.193s][info][gc,metaspace   ] GC(288) Metaspace: 13282K->13282K(1062912K)
[2019-07-24T17:26:22.070-0300][409.193s][info][gc             ] GC(288) Pause Full (Ergonomics) 418M->418M(491M) 1103.127ms
[2019-07-24T17:26:22.070-0300][409.193s][info][gc,cpu         ] GC(288) User=3.46s Sys=0.01s Real=1.11s
[2019-07-24T17:26:22.071-0300][409.193s][info][gc,start       ] GC(289) Pause Full (Ergonomics)
[2019-07-24T17:26:22.071-0300][409.194s][info][gc,phases,start] GC(289) Marking Phase
[2019-07-24T17:26:22.822-0300][409.945s][info][gc,phases      ] GC(289) Marking Phase 751.191ms
[2019-07-24T17:26:22.822-0300][409.945s][info][gc,phases,start] GC(289) Summary Phase
[2019-07-24T17:26:22.822-0300][409.945s][info][gc,phases      ] GC(289) Summary Phase 0.023ms
[2019-07-24T17:26:22.822-0300][409.945s][info][gc,phases,start] GC(289) Adjust Roots
[2019-07-24T17:26:22.824-0300][409.946s][info][gc,phases      ] GC(289) Adjust Roots 1.636ms
[2019-07-24T17:26:22.824-0300][409.946s][info][gc,phases,start] GC(289) Compaction Phase
[2019-07-24T17:26:23.115-0300][410.238s][info][gc,phases      ] GC(289) Compaction Phase 291.881ms
[2019-07-24T17:26:23.115-0300][410.238s][info][gc,phases,start] GC(289) Post Compact
[2019-07-24T17:26:23.116-0300][410.239s][info][gc,phases      ] GC(289) Post Compact 0.753ms
[2019-07-24T17:26:23.116-0300][410.239s][info][gc,heap        ] GC(289) PSYoungGen: 131584K->131584K(153088K)
[2019-07-24T17:26:23.116-0300][410.239s][info][gc,heap        ] GC(289) ParOldGen: 297340K->297340K(349696K)
[2019-07-24T17:26:23.116-0300][410.239s][info][gc,metaspace   ] GC(289) Metaspace: 13282K->13282K(1062912K)
[2019-07-24T17:26:23.116-0300][410.239s][info][gc             ] GC(289) Pause Full (Ergonomics) 418M->418M(491M) 1045.822ms
[2019-07-24T17:26:23.116-0300][410.239s][info][gc,cpu         ] GC(289) User=3.47s Sys=0.02s Real=1.04s
[2019-07-24T17:26:23.117-0300][410.240s][info][gc,start       ] GC(290) Pause Full (Ergonomics)
[2019-07-24T17:26:23.117-0300][410.240s][info][gc,phases,start] GC(290) Marking Phase
[2019-07-24T17:26:23.850-0300][410.973s][info][gc,phases      ] GC(290) Marking Phase 732.969ms
[2019-07-24T17:26:23.850-0300][410.973s][info][gc,phases,start] GC(290) Summary Phase
[2019-07-24T17:26:23.850-0300][410.973s][info][gc,phases      ] GC(290) Summary Phase 0.024ms
[2019-07-24T17:26:23.850-0300][410.973s][info][gc,phases,start] GC(290) Adjust Roots
[2019-07-24T17:26:23.852-0300][410.974s][info][gc,phases      ] GC(290) Adjust Roots 1.725ms
[2019-07-24T17:26:23.852-0300][410.974s][info][gc,phases,start] GC(290) Compaction Phase
[2019-07-24T17:26:24.140-0300][411.263s][info][gc,phases      ] GC(290) Compaction Phase 288.204ms
[2019-07-24T17:26:24.140-0300][411.263s][info][gc,phases,start] GC(290) Post Compact
[2019-07-24T17:26:24.141-0300][411.264s][info][gc,phases      ] GC(290) Post Compact 0.774ms
[2019-07-24T17:26:24.141-0300][411.264s][info][gc,heap        ] GC(290) PSYoungGen: 131584K->131584K(153088K)
[2019-07-24T17:26:24.141-0300][411.264s][info][gc,heap        ] GC(290) ParOldGen: 297343K->297341K(349696K)
[2019-07-24T17:26:24.141-0300][411.264s][info][gc,metaspace   ] GC(290) Metaspace: 13283K->13283K(1062912K)
[2019-07-24T17:26:24.141-0300][411.264s][info][gc             ] GC(290) Pause Full (Ergonomics) 418M->418M(491M) 1024.058ms
[2019-07-24T17:26:24.141-0300][411.264s][info][gc,cpu         ] GC(290) User=3.47s Sys=0.01s Real=1.03s
[2019-07-24T17:26:24.141-0300][411.264s][info][gc,start       ] GC(291) Pause Full (Ergonomics)
[2019-07-24T17:26:24.141-0300][411.264s][info][gc,phases,start] GC(291) Marking Phase
[2019-07-24T17:26:24.896-0300][412.019s][info][gc,phases      ] GC(291) Marking Phase 754.785ms
[2019-07-24T17:26:24.896-0300][412.019s][info][gc,phases,start] GC(291) Summary Phase
[2019-07-24T17:26:24.896-0300][412.019s][info][gc,phases      ] GC(291) Summary Phase 0.023ms
[2019-07-24T17:26:24.896-0300][412.019s][info][gc,phases,start] GC(291) Adjust Roots
[2019-07-24T17:26:24.898-0300][412.021s][info][gc,phases      ] GC(291) Adjust Roots 1.662ms
[2019-07-24T17:26:24.898-0300][412.021s][info][gc,phases,start] GC(291) Compaction Phase
[2019-07-24T17:26:25.190-0300][412.313s][info][gc,phases      ] GC(291) Compaction Phase 292.168ms
[2019-07-24T17:26:25.190-0300][412.313s][info][gc,phases,start] GC(291) Post Compact
[2019-07-24T17:26:25.191-0300][412.314s][info][gc,phases      ] GC(291) Post Compact 0.769ms
[2019-07-24T17:26:25.191-0300][412.314s][info][gc,heap        ] GC(291) PSYoungGen: 131584K->131584K(153088K)
[2019-07-24T17:26:25.191-0300][412.314s][info][gc,heap        ] GC(291) ParOldGen: 297343K->297341K(349696K)
[2019-07-24T17:26:25.191-0300][412.314s][info][gc,metaspace   ] GC(291) Metaspace: 13283K->13283K(1062912K)
[2019-07-24T17:26:25.191-0300][412.314s][info][gc             ] GC(291) Pause Full (Ergonomics) 418M->418M(491M) 1049.731ms
[2019-07-24T17:26:25.191-0300][412.314s][info][gc,cpu         ] GC(291) User=3.52s Sys=0.01s Real=1.05s
[2019-07-24T17:26:25.191-0300][412.314s][info][gc,start       ] GC(292) Pause Full (Ergonomics)
[2019-07-24T17:26:25.191-0300][412.314s][info][gc,phases,start] GC(292) Marking Phase
[2019-07-24T17:26:25.943-0300][413.066s][info][gc,phases      ] GC(292) Marking Phase 752.317ms
[2019-07-24T17:26:25.944-0300][413.066s][info][gc,phases,start] GC(292) Summary Phase
[2019-07-24T17:26:25.944-0300][413.066s][info][gc,phases      ] GC(292) Summary Phase 0.024ms
[2019-07-24T17:26:25.944-0300][413.066s][info][gc,phases,start] GC(292) Adjust Roots
[2019-07-24T17:26:25.945-0300][413.068s][info][gc,phases      ] GC(292) Adjust Roots 1.560ms
[2019-07-24T17:26:25.945-0300][413.068s][info][gc,phases,start] GC(292) Compaction Phase
[2019-07-24T17:26:26.238-0300][413.360s][info][gc,phases      ] GC(292) Compaction Phase 292.434ms
[2019-07-24T17:26:26.238-0300][413.360s][info][gc,phases,start] GC(292) Post Compact
[2019-07-24T17:26:26.238-0300][413.361s][info][gc,phases      ] GC(292) Post Compact 0.751ms
[2019-07-24T17:26:26.238-0300][413.361s][info][gc,heap        ] GC(292) PSYoungGen: 131584K->131584K(153088K)
[2019-07-24T17:26:26.238-0300][413.361s][info][gc,heap        ] GC(292) ParOldGen: 297342K->297342K(349696K)
[2019-07-24T17:26:26.239-0300][413.361s][info][gc,metaspace   ] GC(292) Metaspace: 13283K->13283K(1062912K)
[2019-07-24T17:26:26.239-0300][413.361s][info][gc             ] GC(292) Pause Full (Ergonomics) 418M->418M(491M) 1047.428ms
[2019-07-24T17:26:26.239-0300][413.361s][info][gc,cpu         ] GC(292) User=3.47s Sys=0.01s Real=1.04s
[2019-07-24T17:26:26.239-0300][413.362s][info][gc,start       ] GC(293) Pause Full (Ergonomics)
[2019-07-24T17:26:26.239-0300][413.362s][info][gc,phases,start] GC(293) Marking Phase
[2019-07-24T17:26:26.975-0300][414.098s][info][gc,phases      ] GC(293) Marking Phase 736.374ms
[2019-07-24T17:26:26.975-0300][414.098s][info][gc,phases,start] GC(293) Summary Phase
[2019-07-24T17:26:26.975-0300][414.098s][info][gc,phases      ] GC(293) Summary Phase 0.027ms
[2019-07-24T17:26:26.975-0300][414.098s][info][gc,phases,start] GC(293) Adjust Roots
[2019-07-24T17:26:26.977-0300][414.100s][info][gc,phases      ] GC(293) Adjust Roots 1.544ms
[2019-07-24T17:26:26.977-0300][414.100s][info][gc,phases,start] GC(293) Compaction Phase
[2019-07-24T17:26:27.266-0300][414.388s][info][gc,phases      ] GC(293) Compaction Phase 288.578ms
[2019-07-24T17:26:27.266-0300][414.388s][info][gc,phases,start] GC(293) Post Compact
[2019-07-24T17:26:27.266-0300][414.389s][info][gc,phases      ] GC(293) Post Compact 0.749ms
[2019-07-24T17:26:27.266-0300][414.389s][info][gc,heap        ] GC(293) PSYoungGen: 131584K->131584K(153088K)
[2019-07-24T17:26:27.266-0300][414.389s][info][gc,heap        ] GC(293) ParOldGen: 297344K->297344K(349696K)
[2019-07-24T17:26:27.266-0300][414.389s][info][gc,metaspace   ] GC(293) Metaspace: 13283K->13283K(1062912K)
[2019-07-24T17:26:27.267-0300][414.389s][info][gc             ] GC(293) Pause Full (Ergonomics) 418M->418M(491M) 1027.610ms
[2019-07-24T17:26:27.267-0300][414.389s][info][gc,cpu         ] GC(293) User=3.47s Sys=0.01s Real=1.03s
[2019-07-24T17:26:27.267-0300][414.390s][info][gc,start       ] GC(294) Pause Full (Ergonomics)
[2019-07-24T17:26:27.267-0300][414.390s][info][gc,phases,start] GC(294) Marking Phase
[2019-07-24T17:26:28.011-0300][415.134s][info][gc,phases      ] GC(294) Marking Phase 744.204ms
[2019-07-24T17:26:28.011-0300][415.134s][info][gc,phases,start] GC(294) Summary Phase
[2019-07-24T17:26:28.011-0300][415.134s][info][gc,phases      ] GC(294) Summary Phase 0.023ms
[2019-07-24T17:26:28.011-0300][415.134s][info][gc,phases,start] GC(294) Adjust Roots
[2019-07-24T17:26:28.013-0300][415.136s][info][gc,phases      ] GC(294) Adjust Roots 1.631ms
[2019-07-24T17:26:28.013-0300][415.136s][info][gc,phases,start] GC(294) Compaction Phase
[2019-07-24T17:26:28.302-0300][415.425s][info][gc,phases      ] GC(294) Compaction Phase 289.447ms
[2019-07-24T17:26:28.302-0300][415.425s][info][gc,phases,start] GC(294) Post Compact
[2019-07-24T17:26:28.303-0300][415.426s][info][gc,phases      ] GC(294) Post Compact 0.789ms
[2019-07-24T17:26:28.303-0300][415.426s][info][gc,heap        ] GC(294) PSYoungGen: 131584K->131584K(153088K)
[2019-07-24T17:26:28.303-0300][415.426s][info][gc,heap        ] GC(294) ParOldGen: 297348K->297344K(349696K)
[2019-07-24T17:26:28.303-0300][415.426s][info][gc,metaspace   ] GC(294) Metaspace: 13283K->13283K(1062912K)
[2019-07-24T17:26:28.303-0300][415.426s][info][gc             ] GC(294) Pause Full (Ergonomics) 418M->418M(491M) 1036.434ms
[2019-07-24T17:26:28.303-0300][415.426s][info][gc,cpu         ] GC(294) User=3.49s Sys=0.02s Real=1.04s
[2019-07-24T17:26:28.304-0300][415.426s][info][gc,start       ] GC(295) Pause Full (Ergonomics)
[2019-07-24T17:26:28.304-0300][415.426s][info][gc,phases,start] GC(295) Marking Phase
[2019-07-24T17:26:29.035-0300][416.158s][info][gc,phases      ] GC(295) Marking Phase 731.905ms
[2019-07-24T17:26:29.036-0300][416.158s][info][gc,phases,start] GC(295) Summary Phase
[2019-07-24T17:26:29.036-0300][416.158s][info][gc,phases      ] GC(295) Summary Phase 0.034ms
[2019-07-24T17:26:29.036-0300][416.158s][info][gc,phases,start] GC(295) Adjust Roots
[2019-07-24T17:26:29.037-0300][416.160s][info][gc,phases      ] GC(295) Adjust Roots 1.778ms
[2019-07-24T17:26:29.037-0300][416.160s][info][gc,phases,start] GC(295) Compaction Phase
[2019-07-24T17:26:29.332-0300][416.455s][info][gc,phases      ] GC(295) Compaction Phase 294.655ms
[2019-07-24T17:26:29.332-0300][416.455s][info][gc,phases,start] GC(295) Post Compact
[2019-07-24T17:26:29.333-0300][416.456s][info][gc,phases      ] GC(295) Post Compact 0.764ms
[2019-07-24T17:26:29.333-0300][416.456s][info][gc,heap        ] GC(295) PSYoungGen: 131584K->131584K(153088K)
[2019-07-24T17:26:29.333-0300][416.456s][info][gc,heap        ] GC(295) ParOldGen: 297346K->297345K(349696K)
[2019-07-24T17:26:29.333-0300][416.456s][info][gc,metaspace   ] GC(295) Metaspace: 13283K->13283K(1062912K)
[2019-07-24T17:26:29.333-0300][416.456s][info][gc             ] GC(295) Pause Full (Ergonomics) 418M->418M(491M) 1029.508ms
[2019-07-24T17:26:29.333-0300][416.456s][info][gc,cpu         ] GC(295) User=3.45s Sys=0.01s Real=1.03s
[2019-07-24T17:26:29.333-0300][416.456s][info][gc,start       ] GC(296) Pause Full (Ergonomics)
[2019-07-24T17:26:29.333-0300][416.456s][info][gc,phases,start] GC(296) Marking Phase
[2019-07-24T17:26:30.147-0300][417.270s][info][gc,phases      ] GC(296) Marking Phase 813.696ms
[2019-07-24T17:26:30.147-0300][417.270s][info][gc,phases,start] GC(296) Summary Phase
[2019-07-24T17:26:30.147-0300][417.270s][info][gc,phases      ] GC(296) Summary Phase 0.023ms
[2019-07-24T17:26:30.147-0300][417.270s][info][gc,phases,start] GC(296) Adjust Roots
[2019-07-24T17:26:30.149-0300][417.272s][info][gc,phases      ] GC(296) Adjust Roots 1.522ms
[2019-07-24T17:26:30.149-0300][417.272s][info][gc,phases,start] GC(296) Compaction Phase
[2019-07-24T17:26:30.450-0300][417.572s][info][gc,phases      ] GC(296) Compaction Phase 300.832ms
[2019-07-24T17:26:30.450-0300][417.572s][info][gc,phases,start] GC(296) Post Compact
[2019-07-24T17:26:30.451-0300][417.573s][info][gc,phases      ] GC(296) Post Compact 0.921ms
[2019-07-24T17:26:30.451-0300][417.574s][info][gc,heap        ] GC(296) PSYoungGen: 131584K->131584K(153088K)
[2019-07-24T17:26:30.451-0300][417.574s][info][gc,heap        ] GC(296) ParOldGen: 297349K->297345K(349696K)
[2019-07-24T17:26:30.451-0300][417.574s][info][gc,metaspace   ] GC(296) Metaspace: 13283K->13283K(1062912K)
[2019-07-24T17:26:30.451-0300][417.574s][info][gc             ] GC(296) Pause Full (Ergonomics) 418M->418M(491M) 1117.430ms
[2019-07-24T17:26:30.451-0300][417.574s][info][gc,cpu         ] GC(296) User=3.48s Sys=0.02s Real=1.12s
[2019-07-24T17:26:30.451-0300][417.574s][info][gc,start       ] GC(297) Pause Full (Ergonomics)
[2019-07-24T17:26:30.451-0300][417.574s][info][gc,phases,start] GC(297) Marking Phase
[2019-07-24T17:26:31.232-0300][418.354s][info][gc,phases      ] GC(297) Marking Phase 780.157ms
[2019-07-24T17:26:31.232-0300][418.354s][info][gc,phases,start] GC(297) Summary Phase
[2019-07-24T17:26:31.232-0300][418.354s][info][gc,phases      ] GC(297) Summary Phase 0.026ms
[2019-07-24T17:26:31.232-0300][418.354s][info][gc,phases,start] GC(297) Adjust Roots
[2019-07-24T17:26:31.233-0300][418.356s][info][gc,phases      ] GC(297) Adjust Roots 1.523ms
[2019-07-24T17:26:31.233-0300][418.356s][info][gc,phases,start] GC(297) Compaction Phase
[2019-07-24T17:26:31.529-0300][418.651s][info][gc,phases      ] GC(297) Compaction Phase 295.474ms
[2019-07-24T17:26:31.529-0300][418.652s][info][gc,phases,start] GC(297) Post Compact
[2019-07-24T17:26:31.530-0300][418.652s][info][gc,phases      ] GC(297) Post Compact 0.754ms
[2019-07-24T17:26:31.530-0300][418.652s][info][gc,heap        ] GC(297) PSYoungGen: 131584K->131584K(153088K)
[2019-07-24T17:26:31.530-0300][418.652s][info][gc,heap        ] GC(297) ParOldGen: 297347K->297329K(349696K)
[2019-07-24T17:26:31.530-0300][418.652s][info][gc,metaspace   ] GC(297) Metaspace: 13283K->13283K(1062912K)
[2019-07-24T17:26:31.530-0300][418.652s][info][gc             ] GC(297) Pause Full (Ergonomics) 418M->418M(491M) 1078.289ms
[2019-07-24T17:26:31.530-0300][418.652s][info][gc,cpu         ] GC(297) User=3.46s Sys=0.01s Real=1.08s
[2019-07-24T17:26:31.530-0300][418.653s][info][gc,start       ] GC(298) Pause Full (Ergonomics)
[2019-07-24T17:26:31.530-0300][418.653s][info][gc,phases,start] GC(298) Marking Phase
[2019-07-24T17:26:32.280-0300][419.403s][info][gc,phases      ] GC(298) Marking Phase 750.161ms
[2019-07-24T17:26:32.280-0300][419.403s][info][gc,phases,start] GC(298) Summary Phase
[2019-07-24T17:26:32.280-0300][419.403s][info][gc,phases      ] GC(298) Summary Phase 0.022ms
[2019-07-24T17:26:32.280-0300][419.403s][info][gc,phases,start] GC(298) Adjust Roots
[2019-07-24T17:26:32.282-0300][419.405s][info][gc,phases      ] GC(298) Adjust Roots 1.642ms
[2019-07-24T17:26:32.282-0300][419.405s][info][gc,phases,start] GC(298) Compaction Phase
[2019-07-24T17:26:32.574-0300][419.697s][info][gc,phases      ] GC(298) Compaction Phase 292.216ms
[2019-07-24T17:26:32.574-0300][419.697s][info][gc,phases,start] GC(298) Post Compact
[2019-07-24T17:26:32.575-0300][419.698s][info][gc,phases      ] GC(298) Post Compact 0.759ms
[2019-07-24T17:26:32.575-0300][419.698s][info][gc,heap        ] GC(298) PSYoungGen: 131584K->131584K(153088K)
[2019-07-24T17:26:32.575-0300][419.698s][info][gc,heap        ] GC(298) ParOldGen: 297331K->297330K(349696K)
[2019-07-24T17:26:32.575-0300][419.698s][info][gc,metaspace   ] GC(298) Metaspace: 13283K->13283K(1062912K)
[2019-07-24T17:26:32.575-0300][419.698s][info][gc             ] GC(298) Pause Full (Ergonomics) 418M->418M(491M) 1045.152ms
[2019-07-24T17:26:32.575-0300][419.698s][info][gc,cpu         ] GC(298) User=3.48s Sys=0.02s Real=1.04s
[2019-07-24T17:26:32.575-0300][419.698s][info][gc,start       ] GC(299) Pause Full (Ergonomics)
[2019-07-24T17:26:32.575-0300][419.698s][info][gc,phases,start] GC(299) Marking Phase
[2019-07-24T17:26:33.312-0300][420.435s][info][gc,phases      ] GC(299) Marking Phase 736.724ms
[2019-07-24T17:26:33.312-0300][420.435s][info][gc,phases,start] GC(299) Summary Phase
[2019-07-24T17:26:33.312-0300][420.435s][info][gc,phases      ] GC(299) Summary Phase 0.023ms
[2019-07-24T17:26:33.312-0300][420.435s][info][gc,phases,start] GC(299) Adjust Roots
[2019-07-24T17:26:33.314-0300][420.437s][info][gc,phases      ] GC(299) Adjust Roots 1.663ms
[2019-07-24T17:26:33.314-0300][420.437s][info][gc,phases,start] GC(299) Compaction Phase
[2019-07-24T17:26:33.606-0300][420.728s][info][gc,phases      ] GC(299) Compaction Phase 291.608ms
[2019-07-24T17:26:33.606-0300][420.728s][info][gc,phases,start] GC(299) Post Compact
[2019-07-24T17:26:33.606-0300][420.729s][info][gc,phases      ] GC(299) Post Compact 0.747ms
[2019-07-24T17:26:33.606-0300][420.729s][info][gc,heap        ] GC(299) PSYoungGen: 131584K->131584K(153088K)
[2019-07-24T17:26:33.606-0300][420.729s][info][gc,heap        ] GC(299) ParOldGen: 297332K->297332K(349696K)
[2019-07-24T17:26:33.606-0300][420.729s][info][gc,metaspace   ] GC(299) Metaspace: 13283K->13283K(1062912K)
[2019-07-24T17:26:33.607-0300][420.729s][info][gc             ] GC(299) Pause Full (Ergonomics) 418M->418M(491M) 1031.096ms
[2019-07-24T17:26:33.607-0300][420.729s][info][gc,cpu         ] GC(299) User=3.46s Sys=0.01s Real=1.03s
[2019-07-24T17:26:33.607-0300][420.729s][info][gc,start       ] GC(300) Pause Full (Ergonomics)
[2019-07-24T17:26:33.607-0300][420.729s][info][gc,phases,start] GC(300) Marking Phase
[2019-07-24T17:26:34.359-0300][421.481s][info][gc,phases      ] GC(300) Marking Phase 751.994ms
[2019-07-24T17:26:34.359-0300][421.482s][info][gc,phases,start] GC(300) Summary Phase
[2019-07-24T17:26:34.359-0300][421.482s][info][gc,phases      ] GC(300) Summary Phase 0.023ms
[2019-07-24T17:26:34.359-0300][421.482s][info][gc,phases,start] GC(300) Adjust Roots
[2019-07-24T17:26:34.361-0300][421.483s][info][gc,phases      ] GC(300) Adjust Roots 1.617ms
[2019-07-24T17:26:34.361-0300][421.483s][info][gc,phases,start] GC(300) Compaction Phase
[2019-07-24T17:26:34.649-0300][421.772s][info][gc,phases      ] GC(300) Compaction Phase 288.662ms
[2019-07-24T17:26:34.649-0300][421.772s][info][gc,phases,start] GC(300) Post Compact
[2019-07-24T17:26:34.650-0300][421.773s][info][gc,phases      ] GC(300) Post Compact 0.750ms
[2019-07-24T17:26:34.650-0300][421.773s][info][gc,heap        ] GC(300) PSYoungGen: 131584K->131584K(153088K)
[2019-07-24T17:26:34.650-0300][421.773s][info][gc,heap        ] GC(300) ParOldGen: 297335K->297332K(349696K)
[2019-07-24T17:26:34.650-0300][421.773s][info][gc,metaspace   ] GC(300) Metaspace: 13283K->13283K(1062912K)
[2019-07-24T17:26:34.650-0300][421.773s][info][gc             ] GC(300) Pause Full (Ergonomics) 418M->418M(491M) 1043.353ms
[2019-07-24T17:26:34.650-0300][421.773s][info][gc,cpu         ] GC(300) User=3.53s Sys=0.01s Real=1.05s
[2019-07-24T17:26:34.650-0300][421.773s][info][gc,start       ] GC(301) Pause Full (Ergonomics)
[2019-07-24T17:26:34.650-0300][421.773s][info][gc,phases,start] GC(301) Marking Phase
[2019-07-24T17:26:35.424-0300][422.547s][info][gc,phases      ] GC(301) Marking Phase 773.454ms
[2019-07-24T17:26:35.424-0300][422.547s][info][gc,phases,start] GC(301) Summary Phase
[2019-07-24T17:26:35.424-0300][422.547s][info][gc,phases      ] GC(301) Summary Phase 0.030ms
[2019-07-24T17:26:35.424-0300][422.547s][info][gc,phases,start] GC(301) Adjust Roots
[2019-07-24T17:26:35.426-0300][422.548s][info][gc,phases      ] GC(301) Adjust Roots 1.867ms
[2019-07-24T17:26:35.426-0300][422.549s][info][gc,phases,start] GC(301) Compaction Phase
[2019-07-24T17:26:35.721-0300][422.844s][info][gc,phases      ] GC(301) Compaction Phase 295.492ms
[2019-07-24T17:26:35.722-0300][422.844s][info][gc,phases,start] GC(301) Post Compact
[2019-07-24T17:26:35.722-0300][422.845s][info][gc,phases      ] GC(301) Post Compact 0.741ms
[2019-07-24T17:26:35.722-0300][422.845s][info][gc,heap        ] GC(301) PSYoungGen: 131584K->131584K(153088K)
[2019-07-24T17:26:35.722-0300][422.845s][info][gc,heap        ] GC(301) ParOldGen: 297333K->297333K(349696K)
[2019-07-24T17:26:35.722-0300][422.845s][info][gc,metaspace   ] GC(301) Metaspace: 13283K->13283K(1062912K)
[2019-07-24T17:26:35.722-0300][422.845s][info][gc             ] GC(301) Pause Full (Ergonomics) 418M->418M(491M) 1071.926ms
[2019-07-24T17:26:35.722-0300][422.845s][info][gc,cpu         ] GC(301) User=3.51s Sys=0.02s Real=1.07s
[2019-07-24T17:26:35.723-0300][422.845s][info][gc,start       ] GC(302) Pause Full (Ergonomics)
[2019-07-24T17:26:35.723-0300][422.845s][info][gc,phases,start] GC(302) Marking Phase
[2019-07-24T17:26:36.471-0300][423.594s][info][gc,phases      ] GC(302) Marking Phase 748.548ms
[2019-07-24T17:26:36.472-0300][423.594s][info][gc,phases,start] GC(302) Summary Phase
[2019-07-24T17:26:36.472-0300][423.594s][info][gc,phases      ] GC(302) Summary Phase 0.120ms
[2019-07-24T17:26:36.472-0300][423.594s][info][gc,phases,start] GC(302) Adjust Roots
[2019-07-24T17:26:36.474-0300][423.597s][info][gc,phases      ] GC(302) Adjust Roots 2.670ms
[2019-07-24T17:26:36.474-0300][423.597s][info][gc,phases,start] GC(302) Compaction Phase
[2019-07-24T17:26:36.763-0300][423.886s][info][gc,phases      ] GC(302) Compaction Phase 288.627ms
[2019-07-24T17:26:36.763-0300][423.886s][info][gc,phases,start] GC(302) Post Compact
[2019-07-24T17:26:36.764-0300][423.886s][info][gc,phases      ] GC(302) Post Compact 0.784ms
[2019-07-24T17:26:36.764-0300][423.886s][info][gc,heap        ] GC(302) PSYoungGen: 131584K->131584K(153088K)
[2019-07-24T17:26:36.764-0300][423.886s][info][gc,heap        ] GC(302) ParOldGen: 297335K->297334K(349696K)
[2019-07-24T17:26:36.764-0300][423.886s][info][gc,metaspace   ] GC(302) Metaspace: 13284K->13284K(1062912K)
[2019-07-24T17:26:36.764-0300][423.887s][info][gc             ] GC(302) Pause Full (Ergonomics) 418M->418M(491M) 1041.297ms
[2019-07-24T17:26:36.764-0300][423.887s][info][gc,cpu         ] GC(302) User=3.49s Sys=0.01s Real=1.04s
[2019-07-24T17:26:36.764-0300][423.887s][info][gc,start       ] GC(303) Pause Full (Ergonomics)
[2019-07-24T17:26:36.764-0300][423.887s][info][gc,phases,start] GC(303) Marking Phase
[2019-07-24T17:26:37.508-0300][424.631s][info][gc,phases      ] GC(303) Marking Phase 743.698ms
[2019-07-24T17:26:37.508-0300][424.631s][info][gc,phases,start] GC(303) Summary Phase
[2019-07-24T17:26:37.508-0300][424.631s][info][gc,phases      ] GC(303) Summary Phase 0.019ms
[2019-07-24T17:26:37.508-0300][424.631s][info][gc,phases,start] GC(303) Adjust Roots
[2019-07-24T17:26:37.510-0300][424.632s][info][gc,phases      ] GC(303) Adjust Roots 1.685ms
[2019-07-24T17:26:37.510-0300][424.632s][info][gc,phases,start] GC(303) Compaction Phase
[2019-07-24T17:26:37.798-0300][424.920s][info][gc,phases      ] GC(303) Compaction Phase 288.089ms
[2019-07-24T17:26:37.798-0300][424.920s][info][gc,phases,start] GC(303) Post Compact
[2019-07-24T17:26:37.799-0300][424.921s][info][gc,phases      ] GC(303) Post Compact 0.766ms
[2019-07-24T17:26:37.799-0300][424.921s][info][gc,heap        ] GC(303) PSYoungGen: 131584K->131584K(153088K)
[2019-07-24T17:26:37.799-0300][424.921s][info][gc,heap        ] GC(303) ParOldGen: 297336K->297336K(349696K)
[2019-07-24T17:26:37.799-0300][424.921s][info][gc,metaspace   ] GC(303) Metaspace: 13284K->13284K(1062912K)
[2019-07-24T17:26:37.799-0300][424.921s][info][gc             ] GC(303) Pause Full (Ergonomics) 418M->418M(491M) 1034.529ms
[2019-07-24T17:26:37.799-0300][424.921s][info][gc,cpu         ] GC(303) User=3.49s Sys=0.01s Real=1.03s
[2019-07-24T17:26:37.799-0300][424.922s][info][gc,start       ] GC(304) Pause Full (Ergonomics)
[2019-07-24T17:26:37.799-0300][424.922s][info][gc,phases,start] GC(304) Marking Phase
[2019-07-24T17:26:38.551-0300][425.673s][info][gc,phases      ] GC(304) Marking Phase 751.713ms
[2019-07-24T17:26:38.551-0300][425.673s][info][gc,phases,start] GC(304) Summary Phase
[2019-07-24T17:26:38.551-0300][425.673s][info][gc,phases      ] GC(304) Summary Phase 0.027ms
[2019-07-24T17:26:38.551-0300][425.673s][info][gc,phases,start] GC(304) Adjust Roots
[2019-07-24T17:26:38.553-0300][425.676s][info][gc,phases      ] GC(304) Adjust Roots 2.155ms
[2019-07-24T17:26:38.553-0300][425.676s][info][gc,phases,start] GC(304) Compaction Phase
[2019-07-24T17:26:39.000-0300][426.122s][info][gc,phases      ] GC(304) Compaction Phase 446.782ms
[2019-07-24T17:26:39.000-0300][426.122s][info][gc,phases,start] GC(304) Post Compact
[2019-07-24T17:26:39.001-0300][426.123s][info][gc,phases      ] GC(304) Post Compact 0.844ms
[2019-07-24T17:26:39.001-0300][426.124s][info][gc,heap        ] GC(304) PSYoungGen: 131584K->131584K(153088K)
[2019-07-24T17:26:39.001-0300][426.124s][info][gc,heap        ] GC(304) ParOldGen: 297338K->297337K(349696K)
[2019-07-24T17:26:39.001-0300][426.124s][info][gc,metaspace   ] GC(304) Metaspace: 13284K->13284K(1062912K)
[2019-07-24T17:26:39.001-0300][426.124s][info][gc             ] GC(304) Pause Full (Ergonomics) 418M->418M(491M) 1202.055ms
[2019-07-24T17:26:39.001-0300][426.124s][info][gc,cpu         ] GC(304) User=4.04s Sys=0.02s Real=1.21s
[2019-07-24T17:26:39.002-0300][426.124s][info][gc,start       ] GC(305) Pause Full (Ergonomics)
[2019-07-24T17:26:39.002-0300][426.124s][info][gc,phases,start] GC(305) Marking Phase
[2019-07-24T17:26:39.746-0300][426.869s][info][gc,phases      ] GC(305) Marking Phase 744.241ms
[2019-07-24T17:26:39.746-0300][426.869s][info][gc,phases,start] GC(305) Summary Phase
[2019-07-24T17:26:39.746-0300][426.869s][info][gc,phases      ] GC(305) Summary Phase 0.019ms
[2019-07-24T17:26:39.746-0300][426.869s][info][gc,phases,start] GC(305) Adjust Roots
[2019-07-24T17:26:39.748-0300][426.870s][info][gc,phases      ] GC(305) Adjust Roots 1.720ms
[2019-07-24T17:26:39.748-0300][426.870s][info][gc,phases,start] GC(305) Compaction Phase
[2019-07-24T17:26:40.042-0300][427.165s][info][gc,phases      ] GC(305) Compaction Phase 294.285ms
[2019-07-24T17:26:40.042-0300][427.165s][info][gc,phases,start] GC(305) Post Compact
[2019-07-24T17:26:40.043-0300][427.166s][info][gc,phases      ] GC(305) Post Compact 0.828ms
[2019-07-24T17:26:40.043-0300][427.166s][info][gc,heap        ] GC(305) PSYoungGen: 131584K->131584K(153088K)
[2019-07-24T17:26:40.043-0300][427.166s][info][gc,heap        ] GC(305) ParOldGen: 297342K->297334K(349696K)
[2019-07-24T17:26:40.043-0300][427.166s][info][gc,metaspace   ] GC(305) Metaspace: 13284K->13284K(1062912K)
[2019-07-24T17:26:40.043-0300][427.166s][info][gc             ] GC(305) Pause Full (Ergonomics) 418M->418M(491M) 1041.447ms
[2019-07-24T17:26:40.043-0300][427.166s][info][gc,cpu         ] GC(305) User=3.50s Sys=0.02s Real=1.04s
[2019-07-24T17:26:40.043-0300][427.166s][info][gc,start       ] GC(306) Pause Full (Ergonomics)
[2019-07-24T17:26:40.044-0300][427.166s][info][gc,phases,start] GC(306) Marking Phase
[2019-07-24T17:26:40.785-0300][427.908s][info][gc,phases      ] GC(306) Marking Phase 741.777ms
[2019-07-24T17:26:40.785-0300][427.908s][info][gc,phases,start] GC(306) Summary Phase
[2019-07-24T17:26:40.785-0300][427.908s][info][gc,phases      ] GC(306) Summary Phase 0.044ms
[2019-07-24T17:26:40.785-0300][427.908s][info][gc,phases,start] GC(306) Adjust Roots
[2019-07-24T17:26:40.787-0300][427.910s][info][gc,phases      ] GC(306) Adjust Roots 1.850ms
[2019-07-24T17:26:40.787-0300][427.910s][info][gc,phases,start] GC(306) Compaction Phase
[2019-07-24T17:26:41.103-0300][428.226s][info][gc,phases      ] GC(306) Compaction Phase 315.784ms
[2019-07-24T17:26:41.103-0300][428.226s][info][gc,phases,start] GC(306) Post Compact
[2019-07-24T17:26:41.104-0300][428.227s][info][gc,phases      ] GC(306) Post Compact 1.024ms
[2019-07-24T17:26:41.104-0300][428.227s][info][gc,heap        ] GC(306) PSYoungGen: 131584K->131584K(153088K)
[2019-07-24T17:26:41.104-0300][428.227s][info][gc,heap        ] GC(306) ParOldGen: 297335K->297335K(349696K)
[2019-07-24T17:26:41.104-0300][428.227s][info][gc,metaspace   ] GC(306) Metaspace: 13284K->13284K(1062912K)
[2019-07-24T17:26:41.104-0300][428.227s][info][gc             ] GC(306) Pause Full (Ergonomics) 418M->418M(491M) 1060.812ms
[2019-07-24T17:26:41.104-0300][428.227s][info][gc,cpu         ] GC(306) User=3.45s Sys=0.02s Real=1.06s
[2019-07-24T17:26:41.105-0300][428.227s][info][gc,start       ] GC(307) Pause Full (Ergonomics)
[2019-07-24T17:26:41.105-0300][428.227s][info][gc,phases,start] GC(307) Marking Phase
[2019-07-24T17:26:41.868-0300][428.990s][info][gc,phases      ] GC(307) Marking Phase 762.732ms
[2019-07-24T17:26:41.868-0300][428.990s][info][gc,phases,start] GC(307) Summary Phase
[2019-07-24T17:26:41.868-0300][428.990s][info][gc,phases      ] GC(307) Summary Phase 0.029ms
[2019-07-24T17:26:41.868-0300][428.990s][info][gc,phases,start] GC(307) Adjust Roots
[2019-07-24T17:26:41.870-0300][428.992s][info][gc,phases      ] GC(307) Adjust Roots 2.266ms
[2019-07-24T17:26:41.870-0300][428.992s][info][gc,phases,start] GC(307) Compaction Phase
[2019-07-24T17:26:42.175-0300][429.297s][info][gc,phases      ] GC(307) Compaction Phase 304.770ms
[2019-07-24T17:26:42.175-0300][429.297s][info][gc,phases,start] GC(307) Post Compact
[2019-07-24T17:26:42.176-0300][429.298s][info][gc,phases      ] GC(307) Post Compact 0.758ms
[2019-07-24T17:26:42.176-0300][429.298s][info][gc,heap        ] GC(307) PSYoungGen: 131584K->131584K(153088K)
[2019-07-24T17:26:42.176-0300][429.298s][info][gc,heap        ] GC(307) ParOldGen: 297338K->297337K(349696K)
[2019-07-24T17:26:42.176-0300][429.298s][info][gc,metaspace   ] GC(307) Metaspace: 13284K->13284K(1062912K)
[2019-07-24T17:26:42.176-0300][429.298s][info][gc             ] GC(307) Pause Full (Ergonomics) 418M->418M(491M) 1070.903ms
[2019-07-24T17:26:42.176-0300][429.298s][info][gc,cpu         ] GC(307) User=3.42s Sys=0.01s Real=1.07s
[2019-07-24T17:26:42.176-0300][429.298s][info][gc,start       ] GC(308) Pause Full (Ergonomics)
[2019-07-24T17:26:42.176-0300][429.298s][info][gc,phases,start] GC(308) Marking Phase
[2019-07-24T17:26:42.934-0300][430.056s][info][gc,phases      ] GC(308) Marking Phase 757.740ms
[2019-07-24T17:26:42.934-0300][430.056s][info][gc,phases,start] GC(308) Summary Phase
[2019-07-24T17:26:42.934-0300][430.056s][info][gc,phases      ] GC(308) Summary Phase 0.018ms
[2019-07-24T17:26:42.934-0300][430.056s][info][gc,phases,start] GC(308) Adjust Roots
[2019-07-24T17:26:42.936-0300][430.058s][info][gc,phases      ] GC(308) Adjust Roots 2.137ms
[2019-07-24T17:26:42.936-0300][430.058s][info][gc,phases,start] GC(308) Compaction Phase
[2019-07-24T17:26:43.371-0300][430.494s][info][gc,phases      ] GC(308) Compaction Phase 435.386ms
[2019-07-24T17:26:43.371-0300][430.494s][info][gc,phases,start] GC(308) Post Compact
[2019-07-24T17:26:43.372-0300][430.495s][info][gc,phases      ] GC(308) Post Compact 0.752ms
[2019-07-24T17:26:43.372-0300][430.495s][info][gc,heap        ] GC(308) PSYoungGen: 131584K->131584K(153088K)
[2019-07-24T17:26:43.372-0300][430.495s][info][gc,heap        ] GC(308) ParOldGen: 297339K->297339K(349696K)
[2019-07-24T17:26:43.372-0300][430.495s][info][gc,metaspace   ] GC(308) Metaspace: 13284K->13284K(1062912K)
[2019-07-24T17:26:43.372-0300][430.495s][info][gc             ] GC(308) Pause Full (Ergonomics) 418M->418M(491M) 1196.387ms
[2019-07-24T17:26:43.372-0300][430.495s][info][gc,cpu         ] GC(308) User=4.05s Sys=0.02s Real=1.20s
[2019-07-24T17:26:43.373-0300][430.495s][info][gc,start       ] GC(309) Pause Full (Ergonomics)
[2019-07-24T17:26:43.373-0300][430.495s][info][gc,phases,start] GC(309) Marking Phase
[2019-07-24T17:26:44.124-0300][431.247s][info][gc,phases      ] GC(309) Marking Phase 751.567ms
[2019-07-24T17:26:44.124-0300][431.247s][info][gc,phases,start] GC(309) Summary Phase
[2019-07-24T17:26:44.124-0300][431.247s][info][gc,phases      ] GC(309) Summary Phase 0.019ms
[2019-07-24T17:26:44.124-0300][431.247s][info][gc,phases,start] GC(309) Adjust Roots
[2019-07-24T17:26:44.126-0300][431.248s][info][gc,phases      ] GC(309) Adjust Roots 1.846ms
[2019-07-24T17:26:44.126-0300][431.248s][info][gc,phases,start] GC(309) Compaction Phase
[2019-07-24T17:26:44.416-0300][431.538s][info][gc,phases      ] GC(309) Compaction Phase 289.861ms
[2019-07-24T17:26:44.416-0300][431.538s][info][gc,phases,start] GC(309) Post Compact
[2019-07-24T17:26:44.417-0300][431.539s][info][gc,phases      ] GC(309) Post Compact 0.739ms
[2019-07-24T17:26:44.417-0300][431.539s][info][gc,heap        ] GC(309) PSYoungGen: 131584K->131584K(153088K)
[2019-07-24T17:26:44.417-0300][431.539s][info][gc,heap        ] GC(309) ParOldGen: 297341K->297340K(349696K)
[2019-07-24T17:26:44.417-0300][431.539s][info][gc,metaspace   ] GC(309) Metaspace: 13284K->13284K(1062912K)
[2019-07-24T17:26:44.417-0300][431.539s][info][gc             ] GC(309) Pause Full (Ergonomics) 418M->418M(491M) 1044.330ms
[2019-07-24T17:26:44.417-0300][431.539s][info][gc,cpu         ] GC(309) User=3.50s Sys=0.01s Real=1.04s
[2019-07-24T17:26:44.417-0300][431.540s][info][gc,start       ] GC(310) Pause Full (Ergonomics)
[2019-07-24T17:26:44.417-0300][431.540s][info][gc,phases,start] GC(310) Marking Phase
[2019-07-24T17:26:45.188-0300][432.310s][info][gc,phases      ] GC(310) Marking Phase 770.781ms
[2019-07-24T17:26:45.188-0300][432.311s][info][gc,phases,start] GC(310) Summary Phase
[2019-07-24T17:26:45.188-0300][432.311s][info][gc,phases      ] GC(310) Summary Phase 0.019ms
[2019-07-24T17:26:45.188-0300][432.311s][info][gc,phases,start] GC(310) Adjust Roots
[2019-07-24T17:26:45.190-0300][432.312s][info][gc,phases      ] GC(310) Adjust Roots 1.887ms
[2019-07-24T17:26:45.190-0300][432.312s][info][gc,phases,start] GC(310) Compaction Phase
[2019-07-24T17:26:45.643-0300][432.765s][info][gc,phases      ] GC(310) Compaction Phase 452.516ms
[2019-07-24T17:26:45.643-0300][432.765s][info][gc,phases,start] GC(310) Post Compact
[2019-07-24T17:26:45.644-0300][432.766s][info][gc,phases      ] GC(310) Post Compact 0.763ms
[2019-07-24T17:26:45.644-0300][432.766s][info][gc,heap        ] GC(310) PSYoungGen: 131584K->131584K(153088K)
[2019-07-24T17:26:45.644-0300][432.766s][info][gc,heap        ] GC(310) ParOldGen: 297343K->297342K(349696K)
[2019-07-24T17:26:45.644-0300][432.766s][info][gc,metaspace   ] GC(310) Metaspace: 13284K->13284K(1062912K)
[2019-07-24T17:26:45.644-0300][432.766s][info][gc             ] GC(310) Pause Full (Ergonomics) 418M->418M(491M) 1226.271ms
[2019-07-24T17:26:45.644-0300][432.766s][info][gc,cpu         ] GC(310) User=4.05s Sys=0.02s Real=1.23s
[2019-07-24T17:26:45.644-0300][432.766s][info][gc,start       ] GC(311) Pause Full (Ergonomics)
[2019-07-24T17:26:45.644-0300][432.766s][info][gc,phases,start] GC(311) Marking Phase
[2019-07-24T17:26:46.397-0300][433.520s][info][gc,phases      ] GC(311) Marking Phase 753.375ms
[2019-07-24T17:26:46.397-0300][433.520s][info][gc,phases,start] GC(311) Summary Phase
[2019-07-24T17:26:46.397-0300][433.520s][info][gc,phases      ] GC(311) Summary Phase 0.021ms
[2019-07-24T17:26:46.397-0300][433.520s][info][gc,phases,start] GC(311) Adjust Roots
[2019-07-24T17:26:46.399-0300][433.521s][info][gc,phases      ] GC(311) Adjust Roots 1.532ms
[2019-07-24T17:26:46.399-0300][433.521s][info][gc,phases,start] GC(311) Compaction Phase
[2019-07-24T17:26:46.687-0300][433.810s][info][gc,phases      ] GC(311) Compaction Phase 288.382ms
[2019-07-24T17:26:46.687-0300][433.810s][info][gc,phases,start] GC(311) Post Compact
[2019-07-24T17:26:46.688-0300][433.810s][info][gc,phases      ] GC(311) Post Compact 0.750ms
[2019-07-24T17:26:46.688-0300][433.810s][info][gc,heap        ] GC(311) PSYoungGen: 131584K->131584K(153088K)
[2019-07-24T17:26:46.688-0300][433.810s][info][gc,heap        ] GC(311) ParOldGen: 297344K->297343K(349696K)
[2019-07-24T17:26:46.688-0300][433.810s][info][gc,metaspace   ] GC(311) Metaspace: 13284K->13284K(1062912K)
[2019-07-24T17:26:46.688-0300][433.810s][info][gc             ] GC(311) Pause Full (Ergonomics) 418M->418M(491M) 1044.338ms
[2019-07-24T17:26:46.688-0300][433.811s][info][gc,cpu         ] GC(311) User=3.47s Sys=0.01s Real=1.04s
[2019-07-24T17:26:46.688-0300][433.811s][info][gc,start       ] GC(312) Pause Full (Ergonomics)
[2019-07-24T17:26:46.689-0300][433.811s][info][gc,phases,start] GC(312) Marking Phase
[2019-07-24T17:26:47.431-0300][434.553s][info][gc,phases      ] GC(312) Marking Phase 742.289ms
[2019-07-24T17:26:47.431-0300][434.553s][info][gc,phases,start] GC(312) Summary Phase
[2019-07-24T17:26:47.431-0300][434.553s][info][gc,phases      ] GC(312) Summary Phase 0.019ms
[2019-07-24T17:26:47.431-0300][434.553s][info][gc,phases,start] GC(312) Adjust Roots
[2019-07-24T17:26:47.432-0300][434.555s][info][gc,phases      ] GC(312) Adjust Roots 1.575ms
[2019-07-24T17:26:47.433-0300][434.555s][info][gc,phases,start] GC(312) Compaction Phase
[2019-07-24T17:26:47.719-0300][434.842s][info][gc,phases      ] GC(312) Compaction Phase 286.917ms
[2019-07-24T17:26:47.719-0300][434.842s][info][gc,phases,start] GC(312) Post Compact
[2019-07-24T17:26:47.720-0300][434.842s][info][gc,phases      ] GC(312) Post Compact 0.750ms
[2019-07-24T17:26:47.720-0300][434.842s][info][gc,heap        ] GC(312) PSYoungGen: 131584K->131584K(153088K)
[2019-07-24T17:26:47.720-0300][434.843s][info][gc,heap        ] GC(312) ParOldGen: 297344K->297344K(349696K)
[2019-07-24T17:26:47.720-0300][434.843s][info][gc,metaspace   ] GC(312) Metaspace: 13284K->13284K(1062912K)
[2019-07-24T17:26:47.720-0300][434.843s][info][gc             ] GC(312) Pause Full (Ergonomics) 418M->418M(491M) 1031.820ms
[2019-07-24T17:26:47.720-0300][434.843s][info][gc,cpu         ] GC(312) User=3.45s Sys=0.02s Real=1.04s
[2019-07-24T17:26:47.721-0300][434.843s][info][gc,start       ] GC(313) Pause Full (Ergonomics)
[2019-07-24T17:26:47.721-0300][434.843s][info][gc,phases,start] GC(313) Marking Phase
[2019-07-24T17:26:48.459-0300][435.582s][info][gc,phases      ] GC(313) Marking Phase 738.164ms
[2019-07-24T17:26:48.460-0300][435.582s][info][gc,phases,start] GC(313) Summary Phase
[2019-07-24T17:26:48.460-0300][435.582s][info][gc,phases      ] GC(313) Summary Phase 0.019ms
[2019-07-24T17:26:48.460-0300][435.582s][info][gc,phases,start] GC(313) Adjust Roots
[2019-07-24T17:26:48.461-0300][435.584s][info][gc,phases      ] GC(313) Adjust Roots 1.802ms
[2019-07-24T17:26:48.461-0300][435.584s][info][gc,phases,start] GC(313) Compaction Phase
[2019-07-24T17:26:48.901-0300][436.024s][info][gc,phases      ] GC(313) Compaction Phase 440.005ms
[2019-07-24T17:26:48.902-0300][436.024s][info][gc,phases,start] GC(313) Post Compact
[2019-07-24T17:26:48.902-0300][436.025s][info][gc,phases      ] GC(313) Post Compact 0.938ms
[2019-07-24T17:26:48.903-0300][436.025s][info][gc,heap        ] GC(313) PSYoungGen: 131584K->131584K(153088K)
[2019-07-24T17:26:48.903-0300][436.025s][info][gc,heap        ] GC(313) ParOldGen: 297346K->297345K(349696K)
[2019-07-24T17:26:48.903-0300][436.025s][info][gc,metaspace   ] GC(313) Metaspace: 13284K->13284K(1062912K)
[2019-07-24T17:26:48.903-0300][436.025s][info][gc             ] GC(313) Pause Full (Ergonomics) 418M->418M(491M) 1181.774ms
[2019-07-24T17:26:48.903-0300][436.025s][info][gc,cpu         ] GC(313) User=4.00s Sys=0.01s Real=1.18s
[2019-07-24T17:26:48.904-0300][436.026s][info][gc,start       ] GC(314) Pause Full (Ergonomics)
[2019-07-24T17:26:48.904-0300][436.026s][info][gc,phases,start] GC(314) Marking Phase
[2019-07-24T17:26:49.632-0300][436.754s][info][gc,phases      ] GC(314) Marking Phase 728.217ms
[2019-07-24T17:26:49.632-0300][436.754s][info][gc,phases,start] GC(314) Summary Phase
[2019-07-24T17:26:49.632-0300][436.754s][info][gc,phases      ] GC(314) Summary Phase 0.018ms
[2019-07-24T17:26:49.632-0300][436.754s][info][gc,phases,start] GC(314) Adjust Roots
[2019-07-24T17:26:49.633-0300][436.756s][info][gc,phases      ] GC(314) Adjust Roots 1.529ms
[2019-07-24T17:26:49.634-0300][436.756s][info][gc,phases,start] GC(314) Compaction Phase
[2019-07-24T17:26:49.927-0300][437.049s][info][gc,phases      ] GC(314) Compaction Phase 293.540ms
[2019-07-24T17:26:49.927-0300][437.049s][info][gc,phases,start] GC(314) Post Compact
[2019-07-24T17:26:49.928-0300][437.050s][info][gc,phases      ] GC(314) Post Compact 0.749ms
[2019-07-24T17:26:49.928-0300][437.050s][info][gc,heap        ] GC(314) PSYoungGen: 131584K->131584K(153088K)
[2019-07-24T17:26:49.928-0300][437.050s][info][gc,heap        ] GC(314) ParOldGen: 297346K->297346K(349696K)
[2019-07-24T17:26:49.928-0300][437.050s][info][gc,metaspace   ] GC(314) Metaspace: 13285K->13285K(1062912K)
[2019-07-24T17:26:49.928-0300][437.050s][info][gc             ] GC(314) Pause Full (Ergonomics) 418M->418M(491M) 1024.387ms
[2019-07-24T17:26:49.928-0300][437.050s][info][gc,cpu         ] GC(314) User=3.45s Sys=0.02s Real=1.02s
[2019-07-24T17:26:49.928-0300][437.050s][info][gc,start       ] GC(315) Pause Full (Ergonomics)
[2019-07-24T17:26:49.928-0300][437.050s][info][gc,phases,start] GC(315) Marking Phase
[2019-07-24T17:26:50.678-0300][437.800s][info][gc,phases      ] GC(315) Marking Phase 749.552ms
[2019-07-24T17:26:50.678-0300][437.800s][info][gc,phases,start] GC(315) Summary Phase
[2019-07-24T17:26:50.678-0300][437.800s][info][gc,phases      ] GC(315) Summary Phase 0.019ms
[2019-07-24T17:26:50.678-0300][437.800s][info][gc,phases,start] GC(315) Adjust Roots
[2019-07-24T17:26:50.680-0300][437.802s][info][gc,phases      ] GC(315) Adjust Roots 1.664ms
[2019-07-24T17:26:50.680-0300][437.802s][info][gc,phases,start] GC(315) Compaction Phase
[2019-07-24T17:26:50.989-0300][438.111s][info][gc,phases      ] GC(315) Compaction Phase 309.461ms
[2019-07-24T17:26:50.989-0300][438.111s][info][gc,phases,start] GC(315) Post Compact
[2019-07-24T17:26:50.990-0300][438.112s][info][gc,phases      ] GC(315) Post Compact 0.750ms
[2019-07-24T17:26:50.990-0300][438.112s][info][gc,heap        ] GC(315) PSYoungGen: 131584K->131584K(153088K)
[2019-07-24T17:26:50.990-0300][438.112s][info][gc,heap        ] GC(315) ParOldGen: 297350K->297350K(349696K)
[2019-07-24T17:26:50.990-0300][438.112s][info][gc,metaspace   ] GC(315) Metaspace: 13285K->13285K(1062912K)
[2019-07-24T17:26:50.990-0300][438.112s][info][gc             ] GC(315) Pause Full (Ergonomics) 418M->418M(491M) 1061.728ms
[2019-07-24T17:26:50.990-0300][438.112s][info][gc,cpu         ] GC(315) User=3.47s Sys=0.01s Real=1.07s
[2019-07-24T17:26:50.990-0300][438.112s][info][gc,start       ] GC(316) Pause Full (Ergonomics)
[2019-07-24T17:26:50.990-0300][438.112s][info][gc,phases,start] GC(316) Marking Phase
[2019-07-24T17:26:51.792-0300][438.914s][info][gc,phases      ] GC(316) Marking Phase 801.341ms
[2019-07-24T17:26:51.793-0300][438.916s][info][gc,phases,start] GC(316) Summary Phase
[2019-07-24T17:26:51.794-0300][438.916s][info][gc,phases      ] GC(316) Summary Phase 0.058ms
[2019-07-24T17:26:51.794-0300][438.916s][info][gc,phases,start] GC(316) Adjust Roots
[2019-07-24T17:26:51.796-0300][438.918s][info][gc,phases      ] GC(316) Adjust Roots 1.985ms
[2019-07-24T17:26:51.796-0300][438.918s][info][gc,phases,start] GC(316) Compaction Phase
[2019-07-24T17:26:52.242-0300][439.364s][info][gc,phases      ] GC(316) Compaction Phase 446.701ms
[2019-07-24T17:26:52.242-0300][439.364s][info][gc,phases,start] GC(316) Post Compact
[2019-07-24T17:26:52.243-0300][439.365s][info][gc,phases      ] GC(316) Post Compact 0.772ms
[2019-07-24T17:26:52.243-0300][439.365s][info][gc,heap        ] GC(316) PSYoungGen: 131584K->131584K(153088K)
[2019-07-24T17:26:52.243-0300][439.365s][info][gc,heap        ] GC(316) ParOldGen: 297351K->297351K(349696K)
[2019-07-24T17:26:52.243-0300][439.365s][info][gc,metaspace   ] GC(316) Metaspace: 13285K->13285K(1062912K)
[2019-07-24T17:26:52.243-0300][439.365s][info][gc             ] GC(316) Pause Full (Ergonomics) 418M->418M(491M) 1253.019ms
[2019-07-24T17:26:52.243-0300][439.365s][info][gc,cpu         ] GC(316) User=3.97s Sys=0.02s Real=1.25s
[2019-07-24T17:26:52.244-0300][439.366s][info][gc,start       ] GC(317) Pause Full (Ergonomics)
[2019-07-24T17:26:52.244-0300][439.366s][info][gc,phases,start] GC(317) Marking Phase
[2019-07-24T17:26:53.017-0300][440.139s][info][gc,phases      ] GC(317) Marking Phase 773.187ms
[2019-07-24T17:26:53.017-0300][440.139s][info][gc,phases,start] GC(317) Summary Phase
[2019-07-24T17:26:53.017-0300][440.139s][info][gc,phases      ] GC(317) Summary Phase 0.021ms
[2019-07-24T17:26:53.017-0300][440.139s][info][gc,phases,start] GC(317) Adjust Roots
[2019-07-24T17:26:53.019-0300][440.141s][info][gc,phases      ] GC(317) Adjust Roots 1.831ms
[2019-07-24T17:26:53.019-0300][440.141s][info][gc,phases,start] GC(317) Compaction Phase
[2019-07-24T17:26:53.460-0300][440.582s][info][gc,phases      ] GC(317) Compaction Phase 440.761ms
[2019-07-24T17:26:53.460-0300][440.582s][info][gc,phases,start] GC(317) Post Compact
[2019-07-24T17:26:53.460-0300][440.582s][info][gc,phases      ] GC(317) Post Compact 0.761ms
[2019-07-24T17:26:53.461-0300][440.583s][info][gc,heap        ] GC(317) PSYoungGen: 131584K->131584K(153088K)
[2019-07-24T17:26:53.461-0300][440.583s][info][gc,heap        ] GC(317) ParOldGen: 297353K->297352K(349696K)
[2019-07-24T17:26:53.461-0300][440.583s][info][gc,metaspace   ] GC(317) Metaspace: 13285K->13285K(1062912K)
[2019-07-24T17:26:53.461-0300][440.583s][info][gc             ] GC(317) Pause Full (Ergonomics) 418M->418M(491M) 1216.909ms
[2019-07-24T17:26:53.461-0300][440.583s][info][gc,cpu         ] GC(317) User=4.12s Sys=0.02s Real=1.22s
[2019-07-24T17:26:53.461-0300][440.583s][info][gc,start       ] GC(318) Pause Full (Ergonomics)
[2019-07-24T17:26:53.461-0300][440.583s][info][gc,phases,start] GC(318) Marking Phase
[2019-07-24T17:26:54.211-0300][441.333s][info][gc,phases      ] GC(318) Marking Phase 750.080ms
[2019-07-24T17:26:54.211-0300][441.333s][info][gc,phases,start] GC(318) Summary Phase
[2019-07-24T17:26:54.211-0300][441.333s][info][gc,phases      ] GC(318) Summary Phase 0.022ms
[2019-07-24T17:26:54.211-0300][441.333s][info][gc,phases,start] GC(318) Adjust Roots
[2019-07-24T17:26:54.213-0300][441.335s][info][gc,phases      ] GC(318) Adjust Roots 1.642ms
[2019-07-24T17:26:54.213-0300][441.335s][info][gc,phases,start] GC(318) Compaction Phase
[2019-07-24T17:26:54.509-0300][441.631s][info][gc,phases      ] GC(318) Compaction Phase 296.477ms
[2019-07-24T17:26:54.509-0300][441.631s][info][gc,phases,start] GC(318) Post Compact
[2019-07-24T17:26:54.510-0300][441.632s][info][gc,phases      ] GC(318) Post Compact 0.799ms
[2019-07-24T17:26:54.510-0300][441.632s][info][gc,heap        ] GC(318) PSYoungGen: 131584K->131584K(153088K)
[2019-07-24T17:26:54.510-0300][441.632s][info][gc,heap        ] GC(318) ParOldGen: 297355K->297348K(349696K)
[2019-07-24T17:26:54.510-0300][441.632s][info][gc,metaspace   ] GC(318) Metaspace: 13285K->13285K(1062912K)
[2019-07-24T17:26:54.510-0300][441.632s][info][gc             ] GC(318) Pause Full (Ergonomics) 418M->418M(491M) 1049.364ms
[2019-07-24T17:26:54.510-0300][441.632s][info][gc,cpu         ] GC(318) User=3.52s Sys=0.01s Real=1.05s
[2019-07-24T17:26:54.510-0300][441.632s][info][gc,start       ] GC(319) Pause Full (Ergonomics)
[2019-07-24T17:26:54.510-0300][441.632s][info][gc,phases,start] GC(319) Marking Phase
[2019-07-24T17:26:55.257-0300][442.379s][info][gc,phases      ] GC(319) Marking Phase 746.737ms
[2019-07-24T17:26:55.257-0300][442.379s][info][gc,phases,start] GC(319) Summary Phase
[2019-07-24T17:26:55.257-0300][442.379s][info][gc,phases      ] GC(319) Summary Phase 0.023ms
[2019-07-24T17:26:55.257-0300][442.379s][info][gc,phases,start] GC(319) Adjust Roots
[2019-07-24T17:26:55.260-0300][442.382s][info][gc,phases      ] GC(319) Adjust Roots 2.208ms
[2019-07-24T17:26:55.260-0300][442.382s][info][gc,phases,start] GC(319) Compaction Phase
[2019-07-24T17:26:55.565-0300][442.687s][info][gc,phases      ] GC(319) Compaction Phase 305.741ms
[2019-07-24T17:26:55.565-0300][442.687s][info][gc,phases,start] GC(319) Post Compact
[2019-07-24T17:26:55.566-0300][442.688s][info][gc,phases      ] GC(319) Post Compact 0.926ms
[2019-07-24T17:26:55.566-0300][442.688s][info][gc,heap        ] GC(319) PSYoungGen: 131584K->131584K(153088K)
[2019-07-24T17:26:55.566-0300][442.688s][info][gc,heap        ] GC(319) ParOldGen: 297350K->297350K(349696K)
[2019-07-24T17:26:55.566-0300][442.688s][info][gc,metaspace   ] GC(319) Metaspace: 13285K->13285K(1062912K)
[2019-07-24T17:26:55.567-0300][442.688s][info][gc             ] GC(319) Pause Full (Ergonomics) 418M->418M(491M) 1056.033ms
[2019-07-24T17:26:55.567-0300][442.689s][info][gc,cpu         ] GC(319) User=3.49s Sys=0.02s Real=1.05s
[2019-07-24T17:26:55.567-0300][442.689s][info][gc,start       ] GC(320) Pause Full (Ergonomics)
[2019-07-24T17:26:55.567-0300][442.689s][info][gc,phases,start] GC(320) Marking Phase
[2019-07-24T17:26:56.304-0300][443.426s][info][gc,phases      ] GC(320) Marking Phase 737.272ms
[2019-07-24T17:26:56.304-0300][443.426s][info][gc,phases,start] GC(320) Summary Phase
[2019-07-24T17:26:56.304-0300][443.426s][info][gc,phases      ] GC(320) Summary Phase 0.023ms
[2019-07-24T17:26:56.304-0300][443.426s][info][gc,phases,start] GC(320) Adjust Roots
[2019-07-24T17:26:56.306-0300][443.428s][info][gc,phases      ] GC(320) Adjust Roots 1.698ms
[2019-07-24T17:26:56.306-0300][443.428s][info][gc,phases,start] GC(320) Compaction Phase
[2019-07-24T17:26:56.599-0300][443.721s][info][gc,phases      ] GC(320) Compaction Phase 292.859ms
[2019-07-24T17:26:56.599-0300][443.721s][info][gc,phases,start] GC(320) Post Compact
[2019-07-24T17:26:56.600-0300][443.722s][info][gc,phases      ] GC(320) Post Compact 0.759ms
[2019-07-24T17:26:56.600-0300][443.722s][info][gc,heap        ] GC(320) PSYoungGen: 131584K->131584K(153088K)
[2019-07-24T17:26:56.600-0300][443.722s][info][gc,heap        ] GC(320) ParOldGen: 297351K->297351K(349696K)
[2019-07-24T17:26:56.600-0300][443.722s][info][gc,metaspace   ] GC(320) Metaspace: 13285K->13285K(1062912K)
[2019-07-24T17:26:56.600-0300][443.722s][info][gc             ] GC(320) Pause Full (Ergonomics) 418M->418M(491M) 1032.944ms
[2019-07-24T17:26:56.600-0300][443.722s][info][gc,cpu         ] GC(320) User=3.46s Sys=0.01s Real=1.04s
[2019-07-24T17:26:56.600-0300][443.722s][info][gc,start       ] GC(321) Pause Full (Ergonomics)
[2019-07-24T17:26:56.600-0300][443.722s][info][gc,phases,start] GC(321) Marking Phase
[2019-07-24T17:26:57.332-0300][444.454s][info][gc,phases      ] GC(321) Marking Phase 732.047ms
[2019-07-24T17:26:57.332-0300][444.454s][info][gc,phases,start] GC(321) Summary Phase
[2019-07-24T17:26:57.332-0300][444.454s][info][gc,phases      ] GC(321) Summary Phase 0.027ms
[2019-07-24T17:26:57.332-0300][444.454s][info][gc,phases,start] GC(321) Adjust Roots
[2019-07-24T17:26:57.334-0300][444.456s][info][gc,phases      ] GC(321) Adjust Roots 1.525ms
[2019-07-24T17:26:57.334-0300][444.456s][info][gc,phases,start] GC(321) Compaction Phase
[2019-07-24T17:26:57.628-0300][444.750s][info][gc,phases      ] GC(321) Compaction Phase 294.180ms
[2019-07-24T17:26:57.628-0300][444.750s][info][gc,phases,start] GC(321) Post Compact
[2019-07-24T17:26:57.629-0300][444.751s][info][gc,phases      ] GC(321) Post Compact 0.762ms
[2019-07-24T17:26:57.629-0300][444.751s][info][gc,heap        ] GC(321) PSYoungGen: 131584K->131584K(153088K)
[2019-07-24T17:26:57.629-0300][444.751s][info][gc,heap        ] GC(321) ParOldGen: 297355K->297354K(349696K)
[2019-07-24T17:26:57.629-0300][444.751s][info][gc,metaspace   ] GC(321) Metaspace: 13285K->13285K(1062912K)
[2019-07-24T17:26:57.629-0300][444.751s][info][gc             ] GC(321) Pause Full (Ergonomics) 418M->418M(491M) 1028.888ms
[2019-07-24T17:26:57.629-0300][444.751s][info][gc,cpu         ] GC(321) User=3.46s Sys=0.01s Real=1.02s
[2019-07-24T17:26:57.629-0300][444.751s][info][gc,start       ] GC(322) Pause Full (Ergonomics)
[2019-07-24T17:26:57.629-0300][444.751s][info][gc,phases,start] GC(322) Marking Phase
[2019-07-24T17:26:58.366-0300][445.488s][info][gc,phases      ] GC(322) Marking Phase 736.592ms
[2019-07-24T17:26:58.366-0300][445.488s][info][gc,phases,start] GC(322) Summary Phase
[2019-07-24T17:26:58.366-0300][445.488s][info][gc,phases      ] GC(322) Summary Phase 0.030ms
[2019-07-24T17:26:58.366-0300][445.488s][info][gc,phases,start] GC(322) Adjust Roots
[2019-07-24T17:26:58.368-0300][445.490s][info][gc,phases      ] GC(322) Adjust Roots 1.682ms
[2019-07-24T17:26:58.368-0300][445.490s][info][gc,phases,start] GC(322) Compaction Phase
[2019-07-24T17:26:58.661-0300][445.783s][info][gc,phases      ] GC(322) Compaction Phase 292.821ms
[2019-07-24T17:26:58.661-0300][445.783s][info][gc,phases,start] GC(322) Post Compact
[2019-07-24T17:26:58.662-0300][445.784s][info][gc,phases      ] GC(322) Post Compact 0.871ms
[2019-07-24T17:26:58.662-0300][445.784s][info][gc,heap        ] GC(322) PSYoungGen: 131584K->131584K(153088K)
[2019-07-24T17:26:58.662-0300][445.784s][info][gc,heap        ] GC(322) ParOldGen: 297357K->297356K(349696K)
[2019-07-24T17:26:58.662-0300][445.784s][info][gc,metaspace   ] GC(322) Metaspace: 13285K->13285K(1062912K)
[2019-07-24T17:26:58.662-0300][445.784s][info][gc             ] GC(322) Pause Full (Ergonomics) 418M->418M(491M) 1032.353ms
[2019-07-24T17:26:58.662-0300][445.784s][info][gc,cpu         ] GC(322) User=3.47s Sys=0.02s Real=1.04s
[2019-07-24T17:26:58.662-0300][445.784s][info][gc,start       ] GC(323) Pause Full (Ergonomics)
[2019-07-24T17:26:58.662-0300][445.784s][info][gc,phases,start] GC(323) Marking Phase
[2019-07-24T17:26:59.413-0300][446.535s][info][gc,phases      ] GC(323) Marking Phase 750.737ms
[2019-07-24T17:26:59.413-0300][446.535s][info][gc,phases,start] GC(323) Summary Phase
[2019-07-24T17:26:59.413-0300][446.535s][info][gc,phases      ] GC(323) Summary Phase 0.023ms
[2019-07-24T17:26:59.413-0300][446.535s][info][gc,phases,start] GC(323) Adjust Roots
[2019-07-24T17:26:59.415-0300][446.536s][info][gc,phases      ] GC(323) Adjust Roots 1.651ms
[2019-07-24T17:26:59.415-0300][446.536s][info][gc,phases,start] GC(323) Compaction Phase
[2019-07-24T17:26:59.703-0300][446.825s][info][gc,phases      ] GC(323) Compaction Phase 288.458ms
[2019-07-24T17:26:59.703-0300][446.825s][info][gc,phases,start] GC(323) Post Compact
[2019-07-24T17:26:59.704-0300][446.826s][info][gc,phases      ] GC(323) Post Compact 0.750ms
[2019-07-24T17:26:59.704-0300][446.826s][info][gc,heap        ] GC(323) PSYoungGen: 131584K->131584K(153088K)
[2019-07-24T17:26:59.704-0300][446.826s][info][gc,heap        ] GC(323) ParOldGen: 297361K->297358K(349696K)
[2019-07-24T17:26:59.704-0300][446.826s][info][gc,metaspace   ] GC(323) Metaspace: 13285K->13285K(1062912K)
[2019-07-24T17:26:59.704-0300][446.826s][info][gc             ] GC(323) Pause Full (Ergonomics) 418M->418M(491M) 1041.933ms
[2019-07-24T17:26:59.704-0300][446.826s][info][gc,cpu         ] GC(323) User=3.46s Sys=0.01s Real=1.04s
[2019-07-24T17:26:59.704-0300][446.826s][info][gc,start       ] GC(324) Pause Full (Ergonomics)
[2019-07-24T17:26:59.704-0300][446.826s][info][gc,phases,start] GC(324) Marking Phase
[2019-07-24T17:27:00.447-0300][447.569s][info][gc,phases      ] GC(324) Marking Phase 742.376ms
[2019-07-24T17:27:00.447-0300][447.569s][info][gc,phases,start] GC(324) Summary Phase
[2019-07-24T17:27:00.447-0300][447.569s][info][gc,phases      ] GC(324) Summary Phase 0.026ms
[2019-07-24T17:27:00.447-0300][447.569s][info][gc,phases,start] GC(324) Adjust Roots
[2019-07-24T17:27:00.448-0300][447.570s][info][gc,phases      ] GC(324) Adjust Roots 1.535ms
[2019-07-24T17:27:00.448-0300][447.570s][info][gc,phases,start] GC(324) Compaction Phase
[2019-07-24T17:27:00.741-0300][447.863s][info][gc,phases      ] GC(324) Compaction Phase 292.544ms
[2019-07-24T17:27:00.741-0300][447.863s][info][gc,phases,start] GC(324) Post Compact
[2019-07-24T17:27:00.742-0300][447.864s][info][gc,phases      ] GC(324) Post Compact 0.764ms
[2019-07-24T17:27:00.742-0300][447.864s][info][gc,heap        ] GC(324) PSYoungGen: 131584K->131584K(153088K)
[2019-07-24T17:27:00.742-0300][447.864s][info][gc,heap        ] GC(324) ParOldGen: 297361K->297358K(349696K)
[2019-07-24T17:27:00.742-0300][447.864s][info][gc,metaspace   ] GC(324) Metaspace: 13287K->13287K(1062912K)
[2019-07-24T17:27:00.742-0300][447.864s][info][gc             ] GC(324) Pause Full (Ergonomics) 418M->418M(491M) 1037.576ms
[2019-07-24T17:27:00.742-0300][447.864s][info][gc,cpu         ] GC(324) User=3.46s Sys=0.01s Real=1.04s
[2019-07-24T17:27:00.742-0300][447.864s][info][gc,start       ] GC(325) Pause Full (Ergonomics)
[2019-07-24T17:27:00.742-0300][447.864s][info][gc,phases,start] GC(325) Marking Phase
[2019-07-24T17:27:01.491-0300][448.613s][info][gc,phases      ] GC(325) Marking Phase 748.959ms
[2019-07-24T17:27:01.491-0300][448.613s][info][gc,phases,start] GC(325) Summary Phase
[2019-07-24T17:27:01.491-0300][448.613s][info][gc,phases      ] GC(325) Summary Phase 0.023ms
[2019-07-24T17:27:01.491-0300][448.613s][info][gc,phases,start] GC(325) Adjust Roots
[2019-07-24T17:27:01.493-0300][448.615s][info][gc,phases      ] GC(325) Adjust Roots 1.619ms
[2019-07-24T17:27:01.493-0300][448.615s][info][gc,phases,start] GC(325) Compaction Phase
[2019-07-24T17:27:01.780-0300][448.902s][info][gc,phases      ] GC(325) Compaction Phase 286.901ms
[2019-07-24T17:27:01.780-0300][448.902s][info][gc,phases,start] GC(325) Post Compact
[2019-07-24T17:27:01.781-0300][448.903s][info][gc,phases      ] GC(325) Post Compact 0.770ms
[2019-07-24T17:27:01.781-0300][448.903s][info][gc,heap        ] GC(325) PSYoungGen: 131584K->131584K(153088K)
[2019-07-24T17:27:01.781-0300][448.903s][info][gc,heap        ] GC(325) ParOldGen: 297359K->297359K(349696K)
[2019-07-24T17:27:01.781-0300][448.903s][info][gc,metaspace   ] GC(325) Metaspace: 13287K->13287K(1062912K)
[2019-07-24T17:27:01.781-0300][448.903s][info][gc             ] GC(325) Pause Full (Ergonomics) 418M->418M(491M) 1038.617ms
[2019-07-24T17:27:01.781-0300][448.903s][info][gc,cpu         ] GC(325) User=3.50s Sys=0.02s Real=1.04s
[2019-07-24T17:27:01.781-0300][448.903s][info][gc,start       ] GC(326) Pause Full (Ergonomics)
[2019-07-24T17:27:01.781-0300][448.903s][info][gc,phases,start] GC(326) Marking Phase
[2019-07-24T17:27:02.527-0300][449.649s][info][gc,phases      ] GC(326) Marking Phase 745.708ms
[2019-07-24T17:27:02.527-0300][449.649s][info][gc,phases,start] GC(326) Summary Phase
[2019-07-24T17:27:02.527-0300][449.649s][info][gc,phases      ] GC(326) Summary Phase 0.023ms
[2019-07-24T17:27:02.527-0300][449.649s][info][gc,phases,start] GC(326) Adjust Roots
[2019-07-24T17:27:02.529-0300][449.651s][info][gc,phases      ] GC(326) Adjust Roots 1.603ms
[2019-07-24T17:27:02.529-0300][449.651s][info][gc,phases,start] GC(326) Compaction Phase
[2019-07-24T17:27:02.816-0300][449.938s][info][gc,phases      ] GC(326) Compaction Phase 287.561ms
[2019-07-24T17:27:02.817-0300][449.938s][info][gc,phases,start] GC(326) Post Compact
[2019-07-24T17:27:02.817-0300][449.939s][info][gc,phases      ] GC(326) Post Compact 0.769ms
[2019-07-24T17:27:02.817-0300][449.939s][info][gc,heap        ] GC(326) PSYoungGen: 131584K->131584K(153088K)
[2019-07-24T17:27:02.817-0300][449.939s][info][gc,heap        ] GC(326) ParOldGen: 297362K->297361K(349696K)
[2019-07-24T17:27:02.817-0300][449.939s][info][gc,metaspace   ] GC(326) Metaspace: 13290K->13290K(1062912K)
[2019-07-24T17:27:02.817-0300][449.939s][info][gc             ] GC(326) Pause Full (Ergonomics) 418M->418M(491M) 1035.999ms
[2019-07-24T17:27:02.817-0300][449.939s][info][gc,cpu         ] GC(326) User=3.46s Sys=0.01s Real=1.03s
[2019-07-24T17:27:02.818-0300][449.940s][info][gc,start       ] GC(327) Pause Full (Ergonomics)
[2019-07-24T17:27:02.818-0300][449.940s][info][gc,phases,start] GC(327) Marking Phase
[2019-07-24T17:27:03.560-0300][450.681s][info][gc,phases      ] GC(327) Marking Phase 741.794ms
[2019-07-24T17:27:03.560-0300][450.681s][info][gc,phases,start] GC(327) Summary Phase
[2019-07-24T17:27:03.560-0300][450.681s][info][gc,phases      ] GC(327) Summary Phase 0.022ms
[2019-07-24T17:27:03.560-0300][450.681s][info][gc,phases,start] GC(327) Adjust Roots
[2019-07-24T17:27:03.561-0300][450.683s][info][gc,phases      ] GC(327) Adjust Roots 1.648ms
[2019-07-24T17:27:03.561-0300][450.683s][info][gc,phases,start] GC(327) Compaction Phase
[2019-07-24T17:27:03.849-0300][450.971s][info][gc,phases      ] GC(327) Compaction Phase 288.014ms
[2019-07-24T17:27:03.850-0300][450.971s][info][gc,phases,start] GC(327) Post Compact
[2019-07-24T17:27:03.850-0300][450.972s][info][gc,phases      ] GC(327) Post Compact 0.774ms
[2019-07-24T17:27:03.850-0300][450.972s][info][gc,heap        ] GC(327) PSYoungGen: 131584K->131584K(153088K)
[2019-07-24T17:27:03.850-0300][450.972s][info][gc,heap        ] GC(327) ParOldGen: 297366K->297362K(349696K)
[2019-07-24T17:27:03.850-0300][450.972s][info][gc,metaspace   ] GC(327) Metaspace: 13290K->13290K(1062912K)
[2019-07-24T17:27:03.850-0300][450.972s][info][gc             ] GC(327) Pause Full (Ergonomics) 418M->418M(491M) 1032.615ms
[2019-07-24T17:27:03.850-0300][450.972s][info][gc,cpu         ] GC(327) User=3.46s Sys=0.01s Real=1.04s
[2019-07-24T17:27:03.851-0300][450.973s][info][gc,start       ] GC(328) Pause Full (Ergonomics)
[2019-07-24T17:27:03.851-0300][450.973s][info][gc,phases,start] GC(328) Marking Phase
[2019-07-24T17:27:04.597-0300][451.719s][info][gc,phases      ] GC(328) Marking Phase 746.361ms
[2019-07-24T17:27:04.597-0300][451.719s][info][gc,phases,start] GC(328) Summary Phase
[2019-07-24T17:27:04.597-0300][451.719s][info][gc,phases      ] GC(328) Summary Phase 0.071ms
[2019-07-24T17:27:04.597-0300][451.719s][info][gc,phases,start] GC(328) Adjust Roots
[2019-07-24T17:27:04.599-0300][451.721s][info][gc,phases      ] GC(328) Adjust Roots 1.460ms
[2019-07-24T17:27:04.599-0300][451.721s][info][gc,phases,start] GC(328) Compaction Phase
[2019-07-24T17:27:04.888-0300][452.009s][info][gc,phases      ] GC(328) Compaction Phase 288.766ms
[2019-07-24T17:27:04.888-0300][452.009s][info][gc,phases,start] GC(328) Post Compact
[2019-07-24T17:27:04.890-0300][452.012s][info][gc,phases      ] GC(328) Post Compact 2.185ms
[2019-07-24T17:27:04.890-0300][452.012s][info][gc,heap        ] GC(328) PSYoungGen: 131584K->131584K(153088K)
[2019-07-24T17:27:04.890-0300][452.012s][info][gc,heap        ] GC(328) ParOldGen: 297365K->297363K(349696K)
[2019-07-24T17:27:04.890-0300][452.012s][info][gc,metaspace   ] GC(328) Metaspace: 13291K->13291K(1062912K)
[2019-07-24T17:27:04.890-0300][452.012s][info][gc             ] GC(328) Pause Full (Ergonomics) 418M->418M(491M) 1039.211ms
[2019-07-24T17:27:04.890-0300][452.012s][info][gc,cpu         ] GC(328) User=3.48s Sys=0.02s Real=1.04s
[2019-07-24T17:27:04.890-0300][452.012s][info][gc,start       ] GC(329) Pause Full (Ergonomics)
[2019-07-24T17:27:04.890-0300][452.012s][info][gc,phases,start] GC(329) Marking Phase
[2019-07-24T17:27:05.644-0300][452.766s][info][gc,phases      ] GC(329) Marking Phase 753.823ms
[2019-07-24T17:27:05.644-0300][452.766s][info][gc,phases,start] GC(329) Summary Phase
[2019-07-24T17:27:05.644-0300][452.766s][info][gc,phases      ] GC(329) Summary Phase 0.023ms
[2019-07-24T17:27:05.644-0300][452.766s][info][gc,phases,start] GC(329) Adjust Roots
[2019-07-24T17:27:05.646-0300][452.768s][info][gc,phases      ] GC(329) Adjust Roots 1.568ms
[2019-07-24T17:27:05.646-0300][452.768s][info][gc,phases,start] GC(329) Compaction Phase
[2019-07-24T17:27:05.935-0300][453.057s][info][gc,phases      ] GC(329) Compaction Phase 289.038ms
[2019-07-24T17:27:05.935-0300][453.057s][info][gc,phases,start] GC(329) Post Compact
[2019-07-24T17:27:05.936-0300][453.058s][info][gc,phases      ] GC(329) Post Compact 0.951ms
[2019-07-24T17:27:05.936-0300][453.058s][info][gc,heap        ] GC(329) PSYoungGen: 131584K->131584K(153088K)
[2019-07-24T17:27:05.936-0300][453.058s][info][gc,heap        ] GC(329) ParOldGen: 297364K->297364K(349696K)
[2019-07-24T17:27:05.936-0300][453.058s][info][gc,metaspace   ] GC(329) Metaspace: 13291K->13291K(1062912K)
[2019-07-24T17:27:05.936-0300][453.058s][info][gc             ] GC(329) Pause Full (Ergonomics) 418M->418M(491M) 1045.804ms
[2019-07-24T17:27:05.936-0300][453.058s][info][gc,cpu         ] GC(329) User=3.49s Sys=0.01s Real=1.04s
[2019-07-24T17:27:05.937-0300][453.058s][info][gc,start       ] GC(330) Pause Full (Ergonomics)
[2019-07-24T17:27:05.937-0300][453.058s][info][gc,phases,start] GC(330) Marking Phase
[2019-07-24T17:27:06.672-0300][453.794s][info][gc,phases      ] GC(330) Marking Phase 735.180ms
[2019-07-24T17:27:06.672-0300][453.794s][info][gc,phases,start] GC(330) Summary Phase
[2019-07-24T17:27:06.672-0300][453.794s][info][gc,phases      ] GC(330) Summary Phase 0.022ms
[2019-07-24T17:27:06.672-0300][453.794s][info][gc,phases,start] GC(330) Adjust Roots
[2019-07-24T17:27:06.674-0300][453.795s][info][gc,phases      ] GC(330) Adjust Roots 1.560ms
[2019-07-24T17:27:06.674-0300][453.795s][info][gc,phases,start] GC(330) Compaction Phase
[2019-07-24T17:27:06.964-0300][454.086s][info][gc,phases      ] GC(330) Compaction Phase 290.319ms
[2019-07-24T17:27:06.964-0300][454.086s][info][gc,phases,start] GC(330) Post Compact
[2019-07-24T17:27:06.965-0300][454.087s][info][gc,phases      ] GC(330) Post Compact 1.147ms
[2019-07-24T17:27:06.965-0300][454.087s][info][gc,heap        ] GC(330) PSYoungGen: 131584K->131584K(153088K)
[2019-07-24T17:27:06.965-0300][454.087s][info][gc,heap        ] GC(330) ParOldGen: 297366K->297366K(349696K)
[2019-07-24T17:27:06.965-0300][454.087s][info][gc,metaspace   ] GC(330) Metaspace: 13291K->13291K(1062912K)
[2019-07-24T17:27:06.965-0300][454.087s][info][gc             ] GC(330) Pause Full (Ergonomics) 418M->418M(491M) 1028.623ms
[2019-07-24T17:27:06.965-0300][454.087s][info][gc,cpu         ] GC(330) User=3.46s Sys=0.01s Real=1.03s
[2019-07-24T17:27:06.966-0300][454.087s][info][gc,start       ] GC(331) Pause Full (Ergonomics)
[2019-07-24T17:27:06.966-0300][454.087s][info][gc,phases,start] GC(331) Marking Phase
[2019-07-24T17:27:07.723-0300][454.845s][info][gc,phases      ] GC(331) Marking Phase 757.631ms
[2019-07-24T17:27:07.723-0300][454.845s][info][gc,phases,start] GC(331) Summary Phase
[2019-07-24T17:27:07.723-0300][454.845s][info][gc,phases      ] GC(331) Summary Phase 0.024ms
[2019-07-24T17:27:07.723-0300][454.845s][info][gc,phases,start] GC(331) Adjust Roots
[2019-07-24T17:27:07.725-0300][454.847s][info][gc,phases      ] GC(331) Adjust Roots 1.555ms
[2019-07-24T17:27:07.725-0300][454.847s][info][gc,phases,start] GC(331) Compaction Phase
[2019-07-24T17:27:08.020-0300][455.142s][info][gc,phases      ] GC(331) Compaction Phase 294.959ms
[2019-07-24T17:27:08.020-0300][455.142s][info][gc,phases,start] GC(331) Post Compact
[2019-07-24T17:27:08.021-0300][455.142s][info][gc,phases      ] GC(331) Post Compact 0.774ms
[2019-07-24T17:27:08.021-0300][455.142s][info][gc,heap        ] GC(331) PSYoungGen: 131584K->131584K(153088K)
[2019-07-24T17:27:08.021-0300][455.143s][info][gc,heap        ] GC(331) ParOldGen: 297367K->297367K(349696K)
[2019-07-24T17:27:08.021-0300][455.143s][info][gc,metaspace   ] GC(331) Metaspace: 13291K->13291K(1062912K)
[2019-07-24T17:27:08.021-0300][455.143s][info][gc             ] GC(331) Pause Full (Ergonomics) 418M->418M(491M) 1055.325ms
[2019-07-24T17:27:08.021-0300][455.143s][info][gc,cpu         ] GC(331) User=3.50s Sys=0.02s Real=1.06s
[2019-07-24T17:27:08.021-0300][455.143s][info][gc,start       ] GC(332) Pause Full (Ergonomics)
[2019-07-24T17:27:08.021-0300][455.143s][info][gc,phases,start] GC(332) Marking Phase
[2019-07-24T17:27:08.787-0300][455.909s][info][gc,phases      ] GC(332) Marking Phase 766.131ms
[2019-07-24T17:27:08.787-0300][455.909s][info][gc,phases,start] GC(332) Summary Phase
[2019-07-24T17:27:08.788-0300][455.909s][info][gc,phases      ] GC(332) Summary Phase 0.023ms
[2019-07-24T17:27:08.788-0300][455.909s][info][gc,phases,start] GC(332) Adjust Roots
[2019-07-24T17:27:08.789-0300][455.911s][info][gc,phases      ] GC(332) Adjust Roots 1.546ms
[2019-07-24T17:27:08.789-0300][455.911s][info][gc,phases,start] GC(332) Compaction Phase
[2019-07-24T17:27:09.082-0300][456.203s][info][gc,phases      ] GC(332) Compaction Phase 292.749ms
[2019-07-24T17:27:09.082-0300][456.203s][info][gc,phases,start] GC(332) Post Compact
[2019-07-24T17:27:09.083-0300][456.204s][info][gc,phases      ] GC(332) Post Compact 0.778ms
[2019-07-24T17:27:09.083-0300][456.204s][info][gc,heap        ] GC(332) PSYoungGen: 131584K->131584K(153088K)
[2019-07-24T17:27:09.083-0300][456.204s][info][gc,heap        ] GC(332) ParOldGen: 297369K->297369K(349696K)
[2019-07-24T17:27:09.083-0300][456.204s][info][gc,metaspace   ] GC(332) Metaspace: 13291K->13291K(1062912K)
[2019-07-24T17:27:09.083-0300][456.204s][info][gc             ] GC(332) Pause Full (Ergonomics) 418M->418M(491M) 1061.632ms
[2019-07-24T17:27:09.083-0300][456.204s][info][gc,cpu         ] GC(332) User=3.50s Sys=0.01s Real=1.06s
[2019-07-24T17:27:09.083-0300][456.205s][info][gc,start       ] GC(333) Pause Full (Ergonomics)
[2019-07-24T17:27:09.083-0300][456.205s][info][gc,phases,start] GC(333) Marking Phase
[2019-07-24T17:27:09.827-0300][456.948s][info][gc,phases      ] GC(333) Marking Phase 743.720ms
[2019-07-24T17:27:09.827-0300][456.948s][info][gc,phases,start] GC(333) Summary Phase
[2019-07-24T17:27:09.827-0300][456.948s][info][gc,phases      ] GC(333) Summary Phase 0.023ms
[2019-07-24T17:27:09.827-0300][456.949s][info][gc,phases,start] GC(333) Adjust Roots
[2019-07-24T17:27:09.828-0300][456.950s][info][gc,phases      ] GC(333) Adjust Roots 1.527ms
[2019-07-24T17:27:09.829-0300][456.950s][info][gc,phases,start] GC(333) Compaction Phase
[2019-07-24T17:27:10.120-0300][457.241s][info][gc,phases      ] GC(333) Compaction Phase 291.042ms
[2019-07-24T17:27:10.120-0300][457.241s][info][gc,phases,start] GC(333) Post Compact
[2019-07-24T17:27:10.121-0300][457.242s][info][gc,phases      ] GC(333) Post Compact 1.016ms
[2019-07-24T17:27:10.121-0300][457.242s][info][gc,heap        ] GC(333) PSYoungGen: 131584K->131584K(153088K)
[2019-07-24T17:27:10.121-0300][457.242s][info][gc,heap        ] GC(333) ParOldGen: 297371K->297370K(349696K)
[2019-07-24T17:27:10.121-0300][457.242s][info][gc,metaspace   ] GC(333) Metaspace: 13291K->13291K(1062912K)
[2019-07-24T17:27:10.121-0300][457.242s][info][gc             ] GC(333) Pause Full (Ergonomics) 418M->418M(491M) 1037.722ms
[2019-07-24T17:27:10.121-0300][457.242s][info][gc,cpu         ] GC(333) User=3.46s Sys=0.01s Real=1.04s
[2019-07-24T17:27:10.121-0300][457.243s][info][gc,start       ] GC(334) Pause Full (Ergonomics)
[2019-07-24T17:27:10.121-0300][457.243s][info][gc,phases,start] GC(334) Marking Phase
[2019-07-24T17:27:10.871-0300][457.992s][info][gc,phases      ] GC(334) Marking Phase 749.470ms
[2019-07-24T17:27:10.871-0300][457.992s][info][gc,phases,start] GC(334) Summary Phase
[2019-07-24T17:27:10.871-0300][457.992s][info][gc,phases      ] GC(334) Summary Phase 0.027ms
[2019-07-24T17:27:10.871-0300][457.992s][info][gc,phases,start] GC(334) Adjust Roots
[2019-07-24T17:27:10.872-0300][457.994s][info][gc,phases      ] GC(334) Adjust Roots 1.451ms
[2019-07-24T17:27:10.872-0300][457.994s][info][gc,phases,start] GC(334) Compaction Phase
[2019-07-24T17:27:11.169-0300][458.290s][info][gc,phases      ] GC(334) Compaction Phase 296.187ms
[2019-07-24T17:27:11.169-0300][458.290s][info][gc,phases,start] GC(334) Post Compact
[2019-07-24T17:27:11.170-0300][458.291s][info][gc,phases      ] GC(334) Post Compact 0.914ms
[2019-07-24T17:27:11.170-0300][458.291s][info][gc,heap        ] GC(334) PSYoungGen: 131584K->131584K(153088K)
[2019-07-24T17:27:11.170-0300][458.291s][info][gc,heap        ] GC(334) ParOldGen: 297372K->297372K(349696K)
[2019-07-24T17:27:11.170-0300][458.291s][info][gc,metaspace   ] GC(334) Metaspace: 13291K->13291K(1062912K)
[2019-07-24T17:27:11.170-0300][458.291s][info][gc             ] GC(334) Pause Full (Ergonomics) 418M->418M(491M) 1048.434ms
[2019-07-24T17:27:11.170-0300][458.291s][info][gc,cpu         ] GC(334) User=3.45s Sys=0.02s Real=1.05s
[2019-07-24T17:27:11.170-0300][458.292s][info][gc,start       ] GC(335) Pause Full (Ergonomics)
[2019-07-24T17:27:11.170-0300][458.292s][info][gc,phases,start] GC(335) Marking Phase
[2019-07-24T17:27:11.913-0300][459.035s][info][gc,phases      ] GC(335) Marking Phase 742.888ms
[2019-07-24T17:27:11.913-0300][459.035s][info][gc,phases,start] GC(335) Summary Phase
[2019-07-24T17:27:11.913-0300][459.035s][info][gc,phases      ] GC(335) Summary Phase 0.021ms
[2019-07-24T17:27:11.913-0300][459.035s][info][gc,phases,start] GC(335) Adjust Roots
[2019-07-24T17:27:11.915-0300][459.036s][info][gc,phases      ] GC(335) Adjust Roots 1.409ms
[2019-07-24T17:27:11.915-0300][459.036s][info][gc,phases,start] GC(335) Compaction Phase
[2019-07-24T17:27:12.205-0300][459.326s][info][gc,phases      ] GC(335) Compaction Phase 289.998ms
[2019-07-24T17:27:12.205-0300][459.326s][info][gc,phases,start] GC(335) Post Compact
[2019-07-24T17:27:12.206-0300][459.327s][info][gc,phases      ] GC(335) Post Compact 0.749ms
[2019-07-24T17:27:12.206-0300][459.327s][info][gc,heap        ] GC(335) PSYoungGen: 131584K->131584K(153088K)
[2019-07-24T17:27:12.206-0300][459.327s][info][gc,heap        ] GC(335) ParOldGen: 297373K->297373K(349696K)
[2019-07-24T17:27:12.206-0300][459.327s][info][gc,metaspace   ] GC(335) Metaspace: 13291K->13291K(1062912K)
[2019-07-24T17:27:12.206-0300][459.327s][info][gc             ] GC(335) Pause Full (Ergonomics) 418M->418M(491M) 1035.492ms
[2019-07-24T17:27:12.206-0300][459.327s][info][gc,cpu         ] GC(335) User=3.49s Sys=0.01s Real=1.03s
[2019-07-24T17:27:12.206-0300][459.328s][info][gc,start       ] GC(336) Pause Full (Ergonomics)
[2019-07-24T17:27:12.206-0300][459.328s][info][gc,phases,start] GC(336) Marking Phase
[2019-07-24T17:27:13.035-0300][460.156s][info][gc,phases      ] GC(336) Marking Phase 828.365ms
[2019-07-24T17:27:13.035-0300][460.156s][info][gc,phases,start] GC(336) Summary Phase
[2019-07-24T17:27:13.035-0300][460.156s][info][gc,phases      ] GC(336) Summary Phase 0.021ms
[2019-07-24T17:27:13.035-0300][460.156s][info][gc,phases,start] GC(336) Adjust Roots
[2019-07-24T17:27:13.037-0300][460.158s][info][gc,phases      ] GC(336) Adjust Roots 1.698ms
[2019-07-24T17:27:13.037-0300][460.158s][info][gc,phases,start] GC(336) Compaction Phase
[2019-07-24T17:27:13.331-0300][460.452s][info][gc,phases      ] GC(336) Compaction Phase 293.983ms
[2019-07-24T17:27:13.331-0300][460.452s][info][gc,phases,start] GC(336) Post Compact
[2019-07-24T17:27:13.332-0300][460.453s][info][gc,phases      ] GC(336) Post Compact 0.792ms
[2019-07-24T17:27:13.332-0300][460.453s][info][gc,heap        ] GC(336) PSYoungGen: 131584K->131584K(153088K)
[2019-07-24T17:27:13.332-0300][460.453s][info][gc,heap        ] GC(336) ParOldGen: 297378K->297369K(349696K)
[2019-07-24T17:27:13.332-0300][460.453s][info][gc,metaspace   ] GC(336) Metaspace: 13294K->13294K(1062912K)
[2019-07-24T17:27:13.332-0300][460.453s][info][gc             ] GC(336) Pause Full (Ergonomics) 418M->418M(491M) 1125.328ms
[2019-07-24T17:27:13.332-0300][460.453s][info][gc,cpu         ] GC(336) User=3.52s Sys=0.02s Real=1.13s
[2019-07-24T17:27:13.332-0300][460.453s][info][gc,start       ] GC(337) Pause Full (Ergonomics)
[2019-07-24T17:27:13.332-0300][460.453s][info][gc,phases,start] GC(337) Marking Phase
[2019-07-24T17:27:14.083-0300][461.205s][info][gc,phases      ] GC(337) Marking Phase 751.240ms
[2019-07-24T17:27:14.083-0300][461.205s][info][gc,phases,start] GC(337) Summary Phase
[2019-07-24T17:27:14.083-0300][461.205s][info][gc,phases      ] GC(337) Summary Phase 0.021ms
[2019-07-24T17:27:14.083-0300][461.205s][info][gc,phases,start] GC(337) Adjust Roots
[2019-07-24T17:27:14.085-0300][461.206s][info][gc,phases      ] GC(337) Adjust Roots 1.397ms
[2019-07-24T17:27:14.085-0300][461.206s][info][gc,phases,start] GC(337) Compaction Phase
[2019-07-24T17:27:14.375-0300][461.497s][info][gc,phases      ] GC(337) Compaction Phase 290.381ms
[2019-07-24T17:27:14.375-0300][461.497s][info][gc,phases,start] GC(337) Post Compact
[2019-07-24T17:27:14.376-0300][461.497s][info][gc,phases      ] GC(337) Post Compact 0.768ms
[2019-07-24T17:27:14.376-0300][461.497s][info][gc,heap        ] GC(337) PSYoungGen: 131584K->131584K(153088K)
[2019-07-24T17:27:14.376-0300][461.497s][info][gc,heap        ] GC(337) ParOldGen: 297372K->297372K(349696K)
[2019-07-24T17:27:14.376-0300][461.498s][info][gc,metaspace   ] GC(337) Metaspace: 13294K->13294K(1062912K)
[2019-07-24T17:27:14.376-0300][461.498s][info][gc             ] GC(337) Pause Full (Ergonomics) 418M->418M(491M) 1044.120ms
[2019-07-24T17:27:14.376-0300][461.498s][info][gc,cpu         ] GC(337) User=3.51s Sys=0.01s Real=1.04s
[2019-07-24T17:27:14.376-0300][461.498s][info][gc,start       ] GC(338) Pause Full (Ergonomics)
[2019-07-24T17:27:14.376-0300][461.498s][info][gc,phases,start] GC(338) Marking Phase
[2019-07-24T17:27:15.116-0300][462.237s][info][gc,phases      ] GC(338) Marking Phase 739.337ms
[2019-07-24T17:27:15.116-0300][462.237s][info][gc,phases,start] GC(338) Summary Phase
[2019-07-24T17:27:15.116-0300][462.237s][info][gc,phases      ] GC(338) Summary Phase 0.038ms
[2019-07-24T17:27:15.116-0300][462.237s][info][gc,phases,start] GC(338) Adjust Roots
[2019-07-24T17:27:15.118-0300][462.239s][info][gc,phases      ] GC(338) Adjust Roots 2.007ms
[2019-07-24T17:27:15.118-0300][462.239s][info][gc,phases,start] GC(338) Compaction Phase
[2019-07-24T17:27:15.410-0300][462.531s][info][gc,phases      ] GC(338) Compaction Phase 291.489ms
[2019-07-24T17:27:15.410-0300][462.531s][info][gc,phases,start] GC(338) Post Compact
[2019-07-24T17:27:15.410-0300][462.532s][info][gc,phases      ] GC(338) Post Compact 0.768ms
[2019-07-24T17:27:15.410-0300][462.532s][info][gc,heap        ] GC(338) PSYoungGen: 131584K->131584K(153088K)
[2019-07-24T17:27:15.410-0300][462.532s][info][gc,heap        ] GC(338) ParOldGen: 297376K->297373K(349696K)
[2019-07-24T17:27:15.410-0300][462.532s][info][gc,metaspace   ] GC(338) Metaspace: 13295K->13295K(1062912K)
[2019-07-24T17:27:15.411-0300][462.532s][info][gc             ] GC(338) Pause Full (Ergonomics) 418M->418M(491M) 1034.032ms
[2019-07-24T17:27:15.411-0300][462.532s][info][gc,cpu         ] GC(338) User=3.48s Sys=0.02s Real=1.04s
[2019-07-24T17:27:15.411-0300][462.532s][info][gc,start       ] GC(339) Pause Full (Ergonomics)
[2019-07-24T17:27:15.411-0300][462.532s][info][gc,phases,start] GC(339) Marking Phase
[2019-07-24T17:27:16.149-0300][463.271s][info][gc,phases      ] GC(339) Marking Phase 738.284ms
[2019-07-24T17:27:16.149-0300][463.271s][info][gc,phases,start] GC(339) Summary Phase
[2019-07-24T17:27:16.149-0300][463.271s][info][gc,phases      ] GC(339) Summary Phase 0.023ms
[2019-07-24T17:27:16.149-0300][463.271s][info][gc,phases,start] GC(339) Adjust Roots
[2019-07-24T17:27:16.151-0300][463.272s][info][gc,phases      ] GC(339) Adjust Roots 1.439ms
[2019-07-24T17:27:16.151-0300][463.272s][info][gc,phases,start] GC(339) Compaction Phase
[2019-07-24T17:27:16.444-0300][463.566s][info][gc,phases      ] GC(339) Compaction Phase 293.696ms
[2019-07-24T17:27:16.445-0300][463.566s][info][gc,phases,start] GC(339) Post Compact
[2019-07-24T17:27:16.445-0300][463.567s][info][gc,phases      ] GC(339) Post Compact 0.795ms
[2019-07-24T17:27:16.445-0300][463.567s][info][gc,heap        ] GC(339) PSYoungGen: 131584K->131584K(153088K)
[2019-07-24T17:27:16.445-0300][463.567s][info][gc,heap        ] GC(339) ParOldGen: 297377K->297374K(349696K)
[2019-07-24T17:27:16.445-0300][463.567s][info][gc,metaspace   ] GC(339) Metaspace: 13295K->13295K(1062912K)
[2019-07-24T17:27:16.446-0300][463.567s][info][gc             ] GC(339) Pause Full (Ergonomics) 418M->418M(491M) 1034.611ms
[2019-07-24T17:27:16.446-0300][463.567s][info][gc,cpu         ] GC(339) User=3.46s Sys=0.01s Real=1.03s
[2019-07-24T17:27:16.446-0300][463.567s][info][gc,start       ] GC(340) Pause Full (Ergonomics)
[2019-07-24T17:27:16.446-0300][463.567s][info][gc,phases,start] GC(340) Marking Phase
[2019-07-24T17:27:17.184-0300][464.306s][info][gc,phases      ] GC(340) Marking Phase 738.558ms
[2019-07-24T17:27:17.184-0300][464.306s][info][gc,phases,start] GC(340) Summary Phase
[2019-07-24T17:27:17.185-0300][464.306s][info][gc,phases      ] GC(340) Summary Phase 0.023ms
[2019-07-24T17:27:17.185-0300][464.306s][info][gc,phases,start] GC(340) Adjust Roots
[2019-07-24T17:27:17.186-0300][464.307s][info][gc,phases      ] GC(340) Adjust Roots 1.527ms
[2019-07-24T17:27:17.186-0300][464.307s][info][gc,phases,start] GC(340) Compaction Phase
[2019-07-24T17:27:17.478-0300][464.599s][info][gc,phases      ] GC(340) Compaction Phase 291.469ms
[2019-07-24T17:27:17.478-0300][464.599s][info][gc,phases,start] GC(340) Post Compact
[2019-07-24T17:27:17.478-0300][464.600s][info][gc,phases      ] GC(340) Post Compact 0.772ms
[2019-07-24T17:27:17.478-0300][464.600s][info][gc,heap        ] GC(340) PSYoungGen: 131584K->131584K(153088K)
[2019-07-24T17:27:17.478-0300][464.600s][info][gc,heap        ] GC(340) ParOldGen: 297377K->297372K(349696K)
[2019-07-24T17:27:17.478-0300][464.600s][info][gc,metaspace   ] GC(340) Metaspace: 13295K->13295K(1062912K)
[2019-07-24T17:27:17.479-0300][464.600s][info][gc             ] GC(340) Pause Full (Ergonomics) 418M->418M(491M) 1032.701ms
[2019-07-24T17:27:17.479-0300][464.600s][info][gc,cpu         ] GC(340) User=3.47s Sys=0.01s Real=1.03s
[2019-07-24T17:27:17.479-0300][464.600s][info][gc,start       ] GC(341) Pause Full (Ergonomics)
[2019-07-24T17:27:17.479-0300][464.600s][info][gc,phases,start] GC(341) Marking Phase
[2019-07-24T17:27:18.213-0300][465.335s][info][gc,phases      ] GC(341) Marking Phase 734.460ms
[2019-07-24T17:27:18.213-0300][465.335s][info][gc,phases,start] GC(341) Summary Phase
[2019-07-24T17:27:18.213-0300][465.335s][info][gc,phases      ] GC(341) Summary Phase 0.023ms
[2019-07-24T17:27:18.213-0300][465.335s][info][gc,phases,start] GC(341) Adjust Roots
[2019-07-24T17:27:18.215-0300][465.336s][info][gc,phases      ] GC(341) Adjust Roots 1.579ms
[2019-07-24T17:27:18.215-0300][465.336s][info][gc,phases,start] GC(341) Compaction Phase
[2019-07-24T17:27:18.505-0300][465.626s][info][gc,phases      ] GC(341) Compaction Phase 290.144ms
[2019-07-24T17:27:18.505-0300][465.626s][info][gc,phases,start] GC(341) Post Compact
[2019-07-24T17:27:18.506-0300][465.627s][info][gc,phases      ] GC(341) Post Compact 0.986ms
[2019-07-24T17:27:18.506-0300][465.628s][info][gc,heap        ] GC(341) PSYoungGen: 131584K->131584K(153088K)
[2019-07-24T17:27:18.506-0300][465.628s][info][gc,heap        ] GC(341) ParOldGen: 297374K->297373K(349696K)
[2019-07-24T17:27:18.506-0300][465.628s][info][gc,metaspace   ] GC(341) Metaspace: 13295K->13295K(1062912K)
[2019-07-24T17:27:18.506-0300][465.628s][info][gc             ] GC(341) Pause Full (Ergonomics) 418M->418M(491M) 1027.534ms
[2019-07-24T17:27:18.506-0300][465.628s][info][gc,cpu         ] GC(341) User=3.47s Sys=0.02s Real=1.03s
[2019-07-24T17:27:18.507-0300][465.628s][info][gc,start       ] GC(342) Pause Full (Ergonomics)
[2019-07-24T17:27:18.507-0300][465.628s][info][gc,phases,start] GC(342) Marking Phase
[2019-07-24T17:27:19.246-0300][466.367s][info][gc,phases      ] GC(342) Marking Phase 739.053ms
[2019-07-24T17:27:19.246-0300][466.367s][info][gc,phases,start] GC(342) Summary Phase
[2019-07-24T17:27:19.246-0300][466.367s][info][gc,phases      ] GC(342) Summary Phase 0.022ms
[2019-07-24T17:27:19.246-0300][466.367s][info][gc,phases,start] GC(342) Adjust Roots
[2019-07-24T17:27:19.247-0300][466.369s][info][gc,phases      ] GC(342) Adjust Roots 1.631ms
[2019-07-24T17:27:19.247-0300][466.369s][info][gc,phases,start] GC(342) Compaction Phase
[2019-07-24T17:27:19.538-0300][466.659s][info][gc,phases      ] GC(342) Compaction Phase 290.780ms
[2019-07-24T17:27:19.538-0300][466.660s][info][gc,phases,start] GC(342) Post Compact
[2019-07-24T17:27:19.539-0300][466.660s][info][gc,phases      ] GC(342) Post Compact 0.739ms
[2019-07-24T17:27:19.539-0300][466.660s][info][gc,heap        ] GC(342) PSYoungGen: 131584K->131584K(153088K)
[2019-07-24T17:27:19.539-0300][466.660s][info][gc,heap        ] GC(342) ParOldGen: 297375K->297374K(349696K)
[2019-07-24T17:27:19.539-0300][466.660s][info][gc,metaspace   ] GC(342) Metaspace: 13295K->13295K(1062912K)
[2019-07-24T17:27:19.539-0300][466.660s][info][gc             ] GC(342) Pause Full (Ergonomics) 418M->418M(491M) 1032.557ms
[2019-07-24T17:27:19.539-0300][466.660s][info][gc,cpu         ] GC(342) User=3.48s Sys=0.01s Real=1.03s
[2019-07-24T17:27:19.539-0300][466.661s][info][gc,start       ] GC(343) Pause Full (Ergonomics)
[2019-07-24T17:27:19.539-0300][466.661s][info][gc,phases,start] GC(343) Marking Phase
[2019-07-24T17:27:20.281-0300][467.402s][info][gc,phases      ] GC(343) Marking Phase 741.651ms
[2019-07-24T17:27:20.281-0300][467.402s][info][gc,phases,start] GC(343) Summary Phase
[2019-07-24T17:27:20.281-0300][467.402s][info][gc,phases      ] GC(343) Summary Phase 0.020ms
[2019-07-24T17:27:20.281-0300][467.402s][info][gc,phases,start] GC(343) Adjust Roots
[2019-07-24T17:27:20.283-0300][467.404s][info][gc,phases      ] GC(343) Adjust Roots 1.803ms
[2019-07-24T17:27:20.283-0300][467.404s][info][gc,phases,start] GC(343) Compaction Phase
[2019-07-24T17:27:20.719-0300][467.841s][info][gc,phases      ] GC(343) Compaction Phase 436.296ms
[2019-07-24T17:27:20.719-0300][467.841s][info][gc,phases,start] GC(343) Post Compact
[2019-07-24T17:27:20.721-0300][467.842s][info][gc,phases      ] GC(343) Post Compact 1.135ms
[2019-07-24T17:27:20.721-0300][467.842s][info][gc,heap        ] GC(343) PSYoungGen: 131584K->131584K(153088K)
[2019-07-24T17:27:20.721-0300][467.842s][info][gc,heap        ] GC(343) ParOldGen: 297377K->297376K(349696K)
[2019-07-24T17:27:20.721-0300][467.842s][info][gc,metaspace   ] GC(343) Metaspace: 13295K->13295K(1062912K)
[2019-07-24T17:27:20.721-0300][467.842s][info][gc             ] GC(343) Pause Full (Ergonomics) 418M->418M(491M) 1181.446ms
[2019-07-24T17:27:20.721-0300][467.842s][info][gc,cpu         ] GC(343) User=4.00s Sys=0.02s Real=1.19s
[2019-07-24T17:27:20.721-0300][467.842s][info][gc,start       ] GC(344) Pause Full (Ergonomics)
[2019-07-24T17:27:20.721-0300][467.842s][info][gc,phases,start] GC(344) Marking Phase
[2019-07-24T17:27:21.462-0300][468.583s][info][gc,phases      ] GC(344) Marking Phase 740.585ms
[2019-07-24T17:27:21.462-0300][468.583s][info][gc,phases,start] GC(344) Summary Phase
[2019-07-24T17:27:21.462-0300][468.583s][info][gc,phases      ] GC(344) Summary Phase 0.019ms
[2019-07-24T17:27:21.462-0300][468.583s][info][gc,phases,start] GC(344) Adjust Roots
[2019-07-24T17:27:21.463-0300][468.585s][info][gc,phases      ] GC(344) Adjust Roots 1.569ms
[2019-07-24T17:27:21.463-0300][468.585s][info][gc,phases,start] GC(344) Compaction Phase
[2019-07-24T17:27:21.759-0300][468.881s][info][gc,phases      ] GC(344) Compaction Phase 295.904ms
[2019-07-24T17:27:21.759-0300][468.881s][info][gc,phases,start] GC(344) Post Compact
[2019-07-24T17:27:21.760-0300][468.882s][info][gc,phases      ] GC(344) Post Compact 0.878ms
[2019-07-24T17:27:21.760-0300][468.882s][info][gc,heap        ] GC(344) PSYoungGen: 131584K->131584K(153088K)
[2019-07-24T17:27:21.760-0300][468.882s][info][gc,heap        ] GC(344) ParOldGen: 297379K->297376K(349696K)
[2019-07-24T17:27:21.760-0300][468.882s][info][gc,metaspace   ] GC(344) Metaspace: 13295K->13295K(1062912K)
[2019-07-24T17:27:21.761-0300][468.882s][info][gc             ] GC(344) Pause Full (Ergonomics) 418M->418M(491M) 1039.344ms
[2019-07-24T17:27:21.761-0300][468.882s][info][gc,cpu         ] GC(344) User=3.47s Sys=0.01s Real=1.04s
[2019-07-24T17:27:21.761-0300][468.882s][info][gc,start       ] GC(345) Pause Full (Ergonomics)
[2019-07-24T17:27:21.761-0300][468.882s][info][gc,phases,start] GC(345) Marking Phase
[2019-07-24T17:27:22.506-0300][469.627s][info][gc,phases      ] GC(345) Marking Phase 745.223ms
[2019-07-24T17:27:22.509-0300][469.630s][info][gc,phases,start] GC(345) Summary Phase
[2019-07-24T17:27:22.509-0300][469.630s][info][gc,phases      ] GC(345) Summary Phase 0.053ms
[2019-07-24T17:27:22.509-0300][469.630s][info][gc,phases,start] GC(345) Adjust Roots
[2019-07-24T17:27:22.511-0300][469.632s][info][gc,phases      ] GC(345) Adjust Roots 1.471ms
[2019-07-24T17:27:22.511-0300][469.632s][info][gc,phases,start] GC(345) Compaction Phase
[2019-07-24T17:27:22.797-0300][469.919s][info][gc,phases      ] GC(345) Compaction Phase 286.916ms
[2019-07-24T17:27:22.798-0300][469.919s][info][gc,phases,start] GC(345) Post Compact
[2019-07-24T17:27:22.798-0300][469.919s][info][gc,phases      ] GC(345) Post Compact 0.775ms
[2019-07-24T17:27:22.798-0300][469.920s][info][gc,heap        ] GC(345) PSYoungGen: 131584K->131584K(153088K)
[2019-07-24T17:27:22.798-0300][469.920s][info][gc,heap        ] GC(345) ParOldGen: 297378K->297377K(349696K)
[2019-07-24T17:27:22.798-0300][469.920s][info][gc,metaspace   ] GC(345) Metaspace: 13295K->13295K(1062912K)
[2019-07-24T17:27:22.798-0300][469.920s][info][gc             ] GC(345) Pause Full (Ergonomics) 418M->418M(491M) 1037.596ms
[2019-07-24T17:27:22.798-0300][469.920s][info][gc,cpu         ] GC(345) User=3.48s Sys=0.01s Real=1.03s
[2019-07-24T17:27:22.799-0300][469.920s][info][gc,start       ] GC(346) Pause Full (Ergonomics)
[2019-07-24T17:27:22.799-0300][469.920s][info][gc,phases,start] GC(346) Marking Phase
[2019-07-24T17:27:23.540-0300][470.661s][info][gc,phases      ] GC(346) Marking Phase 741.360ms
[2019-07-24T17:27:23.540-0300][470.661s][info][gc,phases,start] GC(346) Summary Phase
[2019-07-24T17:27:23.540-0300][470.661s][info][gc,phases      ] GC(346) Summary Phase 0.023ms
[2019-07-24T17:27:23.540-0300][470.661s][info][gc,phases,start] GC(346) Adjust Roots
[2019-07-24T17:27:23.542-0300][470.663s][info][gc,phases      ] GC(346) Adjust Roots 1.505ms
[2019-07-24T17:27:23.542-0300][470.663s][info][gc,phases,start] GC(346) Compaction Phase
[2019-07-24T17:27:23.844-0300][470.965s][info][gc,phases      ] GC(346) Compaction Phase 302.296ms
[2019-07-24T17:27:23.844-0300][470.965s][info][gc,phases,start] GC(346) Post Compact
[2019-07-24T17:27:23.845-0300][470.966s][info][gc,phases      ] GC(346) Post Compact 0.755ms
[2019-07-24T17:27:23.845-0300][470.966s][info][gc,heap        ] GC(346) PSYoungGen: 131584K->131584K(153088K)
[2019-07-24T17:27:23.845-0300][470.966s][info][gc,heap        ] GC(346) ParOldGen: 297379K->297378K(349696K)
[2019-07-24T17:27:23.845-0300][470.966s][info][gc,metaspace   ] GC(346) Metaspace: 13295K->13295K(1062912K)
[2019-07-24T17:27:23.845-0300][470.966s][info][gc             ] GC(346) Pause Full (Ergonomics) 418M->418M(491M) 1046.328ms
[2019-07-24T17:27:23.845-0300][470.966s][info][gc,cpu         ] GC(346) User=3.45s Sys=0.02s Real=1.05s
[2019-07-24T17:27:23.845-0300][470.966s][info][gc,start       ] GC(347) Pause Full (Ergonomics)
[2019-07-24T17:27:23.845-0300][470.966s][info][gc,phases,start] GC(347) Marking Phase
[2019-07-24T17:27:24.585-0300][471.706s][info][gc,phases      ] GC(347) Marking Phase 739.367ms
[2019-07-24T17:27:24.585-0300][471.706s][info][gc,phases,start] GC(347) Summary Phase
[2019-07-24T17:27:24.585-0300][471.706s][info][gc,phases      ] GC(347) Summary Phase 0.022ms
[2019-07-24T17:27:24.585-0300][471.706s][info][gc,phases,start] GC(347) Adjust Roots
[2019-07-24T17:27:24.586-0300][471.708s][info][gc,phases      ] GC(347) Adjust Roots 1.652ms
[2019-07-24T17:27:24.587-0300][471.708s][info][gc,phases,start] GC(347) Compaction Phase
[2019-07-24T17:27:24.875-0300][471.996s][info][gc,phases      ] GC(347) Compaction Phase 288.739ms
[2019-07-24T17:27:24.875-0300][471.996s][info][gc,phases,start] GC(347) Post Compact
[2019-07-24T17:27:24.876-0300][471.997s][info][gc,phases      ] GC(347) Post Compact 0.763ms
[2019-07-24T17:27:24.876-0300][471.997s][info][gc,heap        ] GC(347) PSYoungGen: 131584K->131584K(153088K)
[2019-07-24T17:27:24.876-0300][471.997s][info][gc,heap        ] GC(347) ParOldGen: 297380K->297380K(349696K)
[2019-07-24T17:27:24.876-0300][471.997s][info][gc,metaspace   ] GC(347) Metaspace: 13295K->13295K(1062912K)
[2019-07-24T17:27:24.876-0300][471.997s][info][gc             ] GC(347) Pause Full (Ergonomics) 418M->418M(491M) 1030.916ms
[2019-07-24T17:27:24.876-0300][471.997s][info][gc,cpu         ] GC(347) User=3.46s Sys=0.01s Real=1.03s
[2019-07-24T17:27:24.877-0300][471.998s][info][gc,start       ] GC(348) Pause Full (Ergonomics)
[2019-07-24T17:27:24.877-0300][471.998s][info][gc,phases,start] GC(348) Marking Phase
[2019-07-24T17:27:25.634-0300][472.755s][info][gc,phases      ] GC(348) Marking Phase 757.677ms
[2019-07-24T17:27:25.634-0300][472.755s][info][gc,phases,start] GC(348) Summary Phase
[2019-07-24T17:27:25.634-0300][472.755s][info][gc,phases      ] GC(348) Summary Phase 0.020ms
[2019-07-24T17:27:25.634-0300][472.755s][info][gc,phases,start] GC(348) Adjust Roots
[2019-07-24T17:27:25.636-0300][472.757s][info][gc,phases      ] GC(348) Adjust Roots 1.467ms
[2019-07-24T17:27:25.636-0300][472.757s][info][gc,phases,start] GC(348) Compaction Phase
[2019-07-24T17:27:25.925-0300][473.046s][info][gc,phases      ] GC(348) Compaction Phase 289.215ms
[2019-07-24T17:27:25.925-0300][473.046s][info][gc,phases,start] GC(348) Post Compact
[2019-07-24T17:27:25.926-0300][473.047s][info][gc,phases      ] GC(348) Post Compact 0.809ms
[2019-07-24T17:27:25.926-0300][473.047s][info][gc,heap        ] GC(348) PSYoungGen: 131584K->131584K(153088K)
[2019-07-24T17:27:25.926-0300][473.047s][info][gc,heap        ] GC(348) ParOldGen: 297382K->297381K(349696K)
[2019-07-24T17:27:25.926-0300][473.047s][info][gc,metaspace   ] GC(348) Metaspace: 13295K->13295K(1062912K)
[2019-07-24T17:27:25.926-0300][473.047s][info][gc             ] GC(348) Pause Full (Ergonomics) 418M->418M(491M) 1049.513ms
[2019-07-24T17:27:25.926-0300][473.047s][info][gc,cpu         ] GC(348) User=3.52s Sys=0.02s Real=1.05s
[2019-07-24T17:27:25.926-0300][473.047s][info][gc,start       ] GC(349) Pause Full (Ergonomics)
[2019-07-24T17:27:25.926-0300][473.047s][info][gc,phases,start] GC(349) Marking Phase
[2019-07-24T17:27:26.681-0300][473.802s][info][gc,phases      ] GC(349) Marking Phase 754.150ms
[2019-07-24T17:27:26.681-0300][473.802s][info][gc,phases,start] GC(349) Summary Phase
[2019-07-24T17:27:26.681-0300][473.802s][info][gc,phases      ] GC(349) Summary Phase 0.022ms
[2019-07-24T17:27:26.681-0300][473.802s][info][gc,phases,start] GC(349) Adjust Roots
[2019-07-24T17:27:26.682-0300][473.803s][info][gc,phases      ] GC(349) Adjust Roots 1.528ms
[2019-07-24T17:27:26.682-0300][473.803s][info][gc,phases,start] GC(349) Compaction Phase
[2019-07-24T17:27:26.974-0300][474.095s][info][gc,phases      ] GC(349) Compaction Phase 291.439ms
[2019-07-24T17:27:26.974-0300][474.095s][info][gc,phases,start] GC(349) Post Compact
[2019-07-24T17:27:26.974-0300][474.096s][info][gc,phases      ] GC(349) Post Compact 0.743ms
[2019-07-24T17:27:26.975-0300][474.096s][info][gc,heap        ] GC(349) PSYoungGen: 131584K->131584K(153088K)
[2019-07-24T17:27:26.975-0300][474.096s][info][gc,heap        ] GC(349) ParOldGen: 297383K->297382K(349696K)
[2019-07-24T17:27:26.975-0300][474.096s][info][gc,metaspace   ] GC(349) Metaspace: 13295K->13295K(1062912K)
[2019-07-24T17:27:26.975-0300][474.096s][info][gc             ] GC(349) Pause Full (Ergonomics) 418M->418M(491M) 1048.204ms
[2019-07-24T17:27:26.975-0300][474.096s][info][gc,cpu         ] GC(349) User=3.52s Sys=0.01s Real=1.05s
[2019-07-24T17:27:26.975-0300][474.096s][info][gc,start       ] GC(350) Pause Full (Ergonomics)
[2019-07-24T17:27:26.975-0300][474.096s][info][gc,phases,start] GC(350) Marking Phase
[2019-07-24T17:27:27.733-0300][474.854s][info][gc,phases      ] GC(350) Marking Phase 757.725ms
[2019-07-24T17:27:27.733-0300][474.854s][info][gc,phases,start] GC(350) Summary Phase
[2019-07-24T17:27:27.733-0300][474.854s][info][gc,phases      ] GC(350) Summary Phase 0.021ms
[2019-07-24T17:27:27.733-0300][474.854s][info][gc,phases,start] GC(350) Adjust Roots
[2019-07-24T17:27:27.734-0300][474.855s][info][gc,phases      ] GC(350) Adjust Roots 1.425ms
[2019-07-24T17:27:27.734-0300][474.855s][info][gc,phases,start] GC(350) Compaction Phase
[2019-07-24T17:27:28.024-0300][475.145s][info][gc,phases      ] GC(350) Compaction Phase 290.174ms
[2019-07-24T17:27:28.024-0300][475.145s][info][gc,phases,start] GC(350) Post Compact
[2019-07-24T17:27:28.025-0300][475.146s][info][gc,phases      ] GC(350) Post Compact 0.745ms
[2019-07-24T17:27:28.025-0300][475.146s][info][gc,heap        ] GC(350) PSYoungGen: 131584K->131584K(153088K)
[2019-07-24T17:27:28.025-0300][475.146s][info][gc,heap        ] GC(350) ParOldGen: 297384K->297384K(349696K)
[2019-07-24T17:27:28.025-0300][475.146s][info][gc,metaspace   ] GC(350) Metaspace: 13295K->13295K(1062912K)
[2019-07-24T17:27:28.025-0300][475.146s][info][gc             ] GC(350) Pause Full (Ergonomics) 418M->418M(491M) 1050.417ms
[2019-07-24T17:27:28.025-0300][475.146s][info][gc,cpu         ] GC(350) User=3.52s Sys=0.01s Real=1.05s
[2019-07-24T17:27:28.026-0300][475.147s][info][gc,start       ] GC(351) Pause Full (Ergonomics)
[2019-07-24T17:27:28.026-0300][475.147s][info][gc,phases,start] GC(351) Marking Phase
[2019-07-24T17:27:28.766-0300][475.887s][info][gc,phases      ] GC(351) Marking Phase 740.264ms
[2019-07-24T17:27:28.766-0300][475.887s][info][gc,phases,start] GC(351) Summary Phase
[2019-07-24T17:27:28.766-0300][475.887s][info][gc,phases      ] GC(351) Summary Phase 0.023ms
[2019-07-24T17:27:28.766-0300][475.887s][info][gc,phases,start] GC(351) Adjust Roots
[2019-07-24T17:27:28.768-0300][475.889s][info][gc,phases      ] GC(351) Adjust Roots 1.621ms
[2019-07-24T17:27:28.768-0300][475.889s][info][gc,phases,start] GC(351) Compaction Phase
[2019-07-24T17:27:29.063-0300][476.184s][info][gc,phases      ] GC(351) Compaction Phase 295.617ms
[2019-07-24T17:27:29.063-0300][476.184s][info][gc,phases,start] GC(351) Post Compact
[2019-07-24T17:27:29.064-0300][476.185s][info][gc,phases      ] GC(351) Post Compact 0.750ms
[2019-07-24T17:27:29.064-0300][476.185s][info][gc,heap        ] GC(351) PSYoungGen: 131584K->131584K(153088K)
[2019-07-24T17:27:29.064-0300][476.185s][info][gc,heap        ] GC(351) ParOldGen: 297386K->297386K(349696K)
[2019-07-24T17:27:29.064-0300][476.185s][info][gc,metaspace   ] GC(351) Metaspace: 13295K->13295K(1062912K)
[2019-07-24T17:27:29.064-0300][476.185s][info][gc             ] GC(351) Pause Full (Ergonomics) 418M->418M(491M) 1038.609ms
[2019-07-24T17:27:29.064-0300][476.185s][info][gc,cpu         ] GC(351) User=3.50s Sys=0.02s Real=1.04s
[2019-07-24T17:27:29.064-0300][476.185s][info][gc,start       ] GC(352) Pause Full (Ergonomics)
[2019-07-24T17:27:29.064-0300][476.185s][info][gc,phases,start] GC(352) Marking Phase
[2019-07-24T17:27:29.809-0300][476.930s][info][gc,phases      ] GC(352) Marking Phase 744.587ms
[2019-07-24T17:27:29.809-0300][476.930s][info][gc,phases,start] GC(352) Summary Phase
[2019-07-24T17:27:29.809-0300][476.930s][info][gc,phases      ] GC(352) Summary Phase 0.023ms
[2019-07-24T17:27:29.809-0300][476.930s][info][gc,phases,start] GC(352) Adjust Roots
[2019-07-24T17:27:29.811-0300][476.932s][info][gc,phases      ] GC(352) Adjust Roots 1.521ms
[2019-07-24T17:27:29.811-0300][476.932s][info][gc,phases,start] GC(352) Compaction Phase
[2019-07-24T17:27:30.105-0300][477.226s][info][gc,phases      ] GC(352) Compaction Phase 293.847ms
[2019-07-24T17:27:30.105-0300][477.226s][info][gc,phases,start] GC(352) Post Compact
[2019-07-24T17:27:30.106-0300][477.226s][info][gc,phases      ] GC(352) Post Compact 0.831ms
[2019-07-24T17:27:30.106-0300][477.227s][info][gc,heap        ] GC(352) PSYoungGen: 131584K->131584K(153088K)
[2019-07-24T17:27:30.106-0300][477.227s][info][gc,heap        ] GC(352) ParOldGen: 297387K->297386K(349696K)
[2019-07-24T17:27:30.106-0300][477.227s][info][gc,metaspace   ] GC(352) Metaspace: 13296K->13296K(1062912K)
[2019-07-24T17:27:30.106-0300][477.227s][info][gc             ] GC(352) Pause Full (Ergonomics) 418M->418M(491M) 1041.170ms
[2019-07-24T17:27:30.106-0300][477.227s][info][gc,cpu         ] GC(352) User=3.50s Sys=0.01s Real=1.04s
[2019-07-24T17:27:30.106-0300][477.227s][info][gc,start       ] GC(353) Pause Full (Ergonomics)
[2019-07-24T17:27:30.106-0300][477.227s][info][gc,phases,start] GC(353) Marking Phase
[2019-07-24T17:27:30.852-0300][477.973s][info][gc,phases      ] GC(353) Marking Phase 746.132ms
[2019-07-24T17:27:30.852-0300][477.973s][info][gc,phases,start] GC(353) Summary Phase
[2019-07-24T17:27:30.852-0300][477.973s][info][gc,phases      ] GC(353) Summary Phase 0.026ms
[2019-07-24T17:27:30.852-0300][477.973s][info][gc,phases,start] GC(353) Adjust Roots
[2019-07-24T17:27:30.854-0300][477.975s][info][gc,phases      ] GC(353) Adjust Roots 1.890ms
[2019-07-24T17:27:30.854-0300][477.975s][info][gc,phases,start] GC(353) Compaction Phase
[2019-07-24T17:27:31.147-0300][478.268s][info][gc,phases      ] GC(353) Compaction Phase 293.253ms
[2019-07-24T17:27:31.147-0300][478.268s][info][gc,phases,start] GC(353) Post Compact
[2019-07-24T17:27:31.148-0300][478.269s][info][gc,phases      ] GC(353) Post Compact 0.784ms
[2019-07-24T17:27:31.148-0300][478.269s][info][gc,heap        ] GC(353) PSYoungGen: 131584K->131584K(153088K)
[2019-07-24T17:27:31.148-0300][478.269s][info][gc,heap        ] GC(353) ParOldGen: 297388K->297388K(349696K)
[2019-07-24T17:27:31.148-0300][478.269s][info][gc,metaspace   ] GC(353) Metaspace: 13297K->13297K(1062912K)
[2019-07-24T17:27:31.148-0300][478.269s][info][gc             ] GC(353) Pause Full (Ergonomics) 418M->418M(491M) 1042.489ms
[2019-07-24T17:27:31.148-0300][478.269s][info][gc,cpu         ] GC(353) User=3.47s Sys=0.01s Real=1.04s
[2019-07-24T17:27:31.149-0300][478.270s][info][gc,start       ] GC(354) Pause Full (Ergonomics)
[2019-07-24T17:27:31.149-0300][478.270s][info][gc,phases,start] GC(354) Marking Phase
[2019-07-24T17:27:31.897-0300][479.017s][info][gc,phases      ] GC(354) Marking Phase 747.777ms
[2019-07-24T17:27:31.897-0300][479.018s][info][gc,phases,start] GC(354) Summary Phase
[2019-07-24T17:27:31.897-0300][479.018s][info][gc,phases      ] GC(354) Summary Phase 0.030ms
[2019-07-24T17:27:31.897-0300][479.018s][info][gc,phases,start] GC(354) Adjust Roots
[2019-07-24T17:27:31.898-0300][479.019s][info][gc,phases      ] GC(354) Adjust Roots 1.659ms
[2019-07-24T17:27:31.898-0300][479.019s][info][gc,phases,start] GC(354) Compaction Phase
[2019-07-24T17:27:32.200-0300][479.321s][info][gc,phases      ] GC(354) Compaction Phase 301.814ms
[2019-07-24T17:27:32.200-0300][479.321s][info][gc,phases,start] GC(354) Post Compact
[2019-07-24T17:27:32.201-0300][479.322s][info][gc,phases      ] GC(354) Post Compact 0.798ms
[2019-07-24T17:27:32.201-0300][479.322s][info][gc,heap        ] GC(354) PSYoungGen: 131584K->131583K(153088K)
[2019-07-24T17:27:32.201-0300][479.322s][info][gc,heap        ] GC(354) ParOldGen: 297389K->297389K(349696K)
[2019-07-24T17:27:32.201-0300][479.322s][info][gc,metaspace   ] GC(354) Metaspace: 13297K->13297K(1062912K)
[2019-07-24T17:27:32.201-0300][479.322s][info][gc             ] GC(354) Pause Full (Ergonomics) 418M->418M(491M) 1052.421ms
[2019-07-24T17:27:32.201-0300][479.322s][info][gc,cpu         ] GC(354) User=3.51s Sys=0.02s Real=1.06s
[2019-07-24T17:27:32.201-0300][479.322s][info][gc,start       ] GC(355) Pause Full (Ergonomics)
[2019-07-24T17:27:32.201-0300][479.322s][info][gc,phases,start] GC(355) Marking Phase
[2019-07-24T17:27:32.938-0300][480.059s][info][gc,phases      ] GC(355) Marking Phase 736.642ms
[2019-07-24T17:27:32.938-0300][480.059s][info][gc,phases,start] GC(355) Summary Phase
[2019-07-24T17:27:32.938-0300][480.059s][info][gc,phases      ] GC(355) Summary Phase 0.023ms
[2019-07-24T17:27:32.938-0300][480.059s][info][gc,phases,start] GC(355) Adjust Roots
[2019-07-24T17:27:32.940-0300][480.061s][info][gc,phases      ] GC(355) Adjust Roots 1.619ms
[2019-07-24T17:27:32.940-0300][480.061s][info][gc,phases,start] GC(355) Compaction Phase
[2019-07-24T17:27:33.231-0300][480.352s][info][gc,phases      ] GC(355) Compaction Phase 291.305ms
[2019-07-24T17:27:33.231-0300][480.352s][info][gc,phases,start] GC(355) Post Compact
[2019-07-24T17:27:33.232-0300][480.353s][info][gc,phases      ] GC(355) Post Compact 0.779ms
[2019-07-24T17:27:33.232-0300][480.353s][info][gc,heap        ] GC(355) PSYoungGen: 131583K->131583K(153088K)
[2019-07-24T17:27:33.232-0300][480.353s][info][gc,heap        ] GC(355) ParOldGen: 297389K->297389K(349696K)
[2019-07-24T17:27:33.232-0300][480.353s][info][gc,metaspace   ] GC(355) Metaspace: 13297K->13297K(1062912K)
[2019-07-24T17:27:33.232-0300][480.353s][info][gc             ] GC(355) Pause Full (Ergonomics) 418M->418M(491M) 1030.693ms
[2019-07-24T17:27:33.232-0300][480.353s][info][gc,cpu         ] GC(355) User=3.47s Sys=0.01s Real=1.03s
[2019-07-24T17:27:33.232-0300][480.353s][info][gc,start       ] GC(356) Pause Full (Ergonomics)
[2019-07-24T17:27:33.232-0300][480.353s][info][gc,phases,start] GC(356) Marking Phase
[2019-07-24T17:27:33.969-0300][481.090s][info][gc,phases      ] GC(356) Marking Phase 736.486ms
[2019-07-24T17:27:33.969-0300][481.090s][info][gc,phases,start] GC(356) Summary Phase
[2019-07-24T17:27:33.969-0300][481.090s][info][gc,phases      ] GC(356) Summary Phase 0.026ms
[2019-07-24T17:27:33.969-0300][481.090s][info][gc,phases,start] GC(356) Adjust Roots
[2019-07-24T17:27:33.971-0300][481.092s][info][gc,phases      ] GC(356) Adjust Roots 2.228ms
[2019-07-24T17:27:33.972-0300][481.092s][info][gc,phases,start] GC(356) Compaction Phase
[2019-07-24T17:27:34.260-0300][481.381s][info][gc,phases      ] GC(356) Compaction Phase 288.499ms
[2019-07-24T17:27:34.260-0300][481.381s][info][gc,phases,start] GC(356) Post Compact
[2019-07-24T17:27:34.261-0300][481.382s][info][gc,phases      ] GC(356) Post Compact 0.760ms
[2019-07-24T17:27:34.261-0300][481.382s][info][gc,heap        ] GC(356) PSYoungGen: 131584K->131584K(153088K)
[2019-07-24T17:27:34.261-0300][481.382s][info][gc,heap        ] GC(356) ParOldGen: 297389K->297389K(349696K)
[2019-07-24T17:27:34.261-0300][481.382s][info][gc,metaspace   ] GC(356) Metaspace: 13297K->13297K(1062912K)
[2019-07-24T17:27:34.261-0300][481.382s][info][gc             ] GC(356) Pause Full (Ergonomics) 418M->418M(491M) 1028.605ms
[2019-07-24T17:27:34.261-0300][481.382s][info][gc,cpu         ] GC(356) User=3.48s Sys=0.01s Real=1.03s
[2019-07-24T17:27:34.261-0300][481.382s][info][gc,start       ] GC(357) Pause Full (Ergonomics)
[2019-07-24T17:27:34.261-0300][481.382s][info][gc,phases,start] GC(357) Marking Phase
[2019-07-24T17:27:35.010-0300][482.131s][info][gc,phases      ] GC(357) Marking Phase 749.066ms
[2019-07-24T17:27:35.010-0300][482.131s][info][gc,phases,start] GC(357) Summary Phase
[2019-07-24T17:27:35.010-0300][482.131s][info][gc,phases      ] GC(357) Summary Phase 0.023ms
[2019-07-24T17:27:35.010-0300][482.131s][info][gc,phases,start] GC(357) Adjust Roots
[2019-07-24T17:27:35.012-0300][482.133s][info][gc,phases      ] GC(357) Adjust Roots 1.764ms
[2019-07-24T17:27:35.012-0300][482.133s][info][gc,phases,start] GC(357) Compaction Phase
[2019-07-24T17:27:35.459-0300][482.580s][info][gc,phases      ] GC(357) Compaction Phase 446.983ms
[2019-07-24T17:27:35.459-0300][482.580s][info][gc,phases,start] GC(357) Post Compact
[2019-07-24T17:27:35.460-0300][482.581s][info][gc,phases      ] GC(357) Post Compact 0.817ms
[2019-07-24T17:27:35.460-0300][482.581s][info][gc,heap        ] GC(357) PSYoungGen: 131584K->131584K(153088K)
[2019-07-24T17:27:35.460-0300][482.581s][info][gc,heap        ] GC(357) ParOldGen: 297392K->297392K(349696K)
[2019-07-24T17:27:35.460-0300][482.581s][info][gc,metaspace   ] GC(357) Metaspace: 13297K->13297K(1062912K)
[2019-07-24T17:27:35.460-0300][482.581s][info][gc             ] GC(357) Pause Full (Ergonomics) 418M->418M(491M) 1199.025ms
[2019-07-24T17:27:35.460-0300][482.581s][info][gc,cpu         ] GC(357) User=3.96s Sys=0.02s Real=1.20s
[2019-07-24T17:27:35.461-0300][482.581s][info][gc,start       ] GC(358) Pause Full (Ergonomics)
[2019-07-24T17:27:35.461-0300][482.581s][info][gc,phases,start] GC(358) Marking Phase
[2019-07-24T17:27:36.203-0300][483.324s][info][gc,phases      ] GC(358) Marking Phase 742.167ms
[2019-07-24T17:27:36.203-0300][483.324s][info][gc,phases,start] GC(358) Summary Phase
[2019-07-24T17:27:36.203-0300][483.324s][info][gc,phases      ] GC(358) Summary Phase 0.024ms
[2019-07-24T17:27:36.203-0300][483.324s][info][gc,phases,start] GC(358) Adjust Roots
[2019-07-24T17:27:36.205-0300][483.325s][info][gc,phases      ] GC(358) Adjust Roots 1.835ms
[2019-07-24T17:27:36.205-0300][483.326s][info][gc,phases,start] GC(358) Compaction Phase
[2019-07-24T17:27:36.498-0300][483.619s][info][gc,phases      ] GC(358) Compaction Phase 293.109ms
[2019-07-24T17:27:36.498-0300][483.619s][info][gc,phases,start] GC(358) Post Compact
[2019-07-24T17:27:36.499-0300][483.619s][info][gc,phases      ] GC(358) Post Compact 0.750ms
[2019-07-24T17:27:36.499-0300][483.620s][info][gc,heap        ] GC(358) PSYoungGen: 131584K->131583K(153088K)
[2019-07-24T17:27:36.499-0300][483.620s][info][gc,heap        ] GC(358) ParOldGen: 297394K->297393K(349696K)
[2019-07-24T17:27:36.499-0300][483.620s][info][gc,metaspace   ] GC(358) Metaspace: 13297K->13297K(1062912K)
[2019-07-24T17:27:36.499-0300][483.620s][info][gc             ] GC(358) Pause Full (Ergonomics) 418M->418M(491M) 1038.265ms
[2019-07-24T17:27:36.499-0300][483.620s][info][gc,cpu         ] GC(358) User=3.50s Sys=0.02s Real=1.03s
[2019-07-24T17:27:36.499-0300][483.620s][info][gc,start       ] GC(359) Pause Full (Ergonomics)
[2019-07-24T17:27:36.499-0300][483.620s][info][gc,phases,start] GC(359) Marking Phase
[2019-07-24T17:27:37.243-0300][484.364s][info][gc,phases      ] GC(359) Marking Phase 743.818ms
[2019-07-24T17:27:37.243-0300][484.364s][info][gc,phases,start] GC(359) Summary Phase
[2019-07-24T17:27:37.243-0300][484.364s][info][gc,phases      ] GC(359) Summary Phase 0.023ms
[2019-07-24T17:27:37.243-0300][484.364s][info][gc,phases,start] GC(359) Adjust Roots
[2019-07-24T17:27:37.245-0300][484.365s][info][gc,phases      ] GC(359) Adjust Roots 1.527ms
[2019-07-24T17:27:37.245-0300][484.365s][info][gc,phases,start] GC(359) Compaction Phase
[2019-07-24T17:27:37.534-0300][484.655s][info][gc,phases      ] GC(359) Compaction Phase 289.700ms
[2019-07-24T17:27:37.534-0300][484.655s][info][gc,phases,start] GC(359) Post Compact
[2019-07-24T17:27:37.535-0300][484.656s][info][gc,phases      ] GC(359) Post Compact 0.754ms
[2019-07-24T17:27:37.535-0300][484.656s][info][gc,heap        ] GC(359) PSYoungGen: 131584K->131584K(153088K)
[2019-07-24T17:27:37.535-0300][484.656s][info][gc,heap        ] GC(359) ParOldGen: 297393K->297393K(349696K)
[2019-07-24T17:27:37.535-0300][484.656s][info][gc,metaspace   ] GC(359) Metaspace: 13297K->13297K(1062912K)
[2019-07-24T17:27:37.535-0300][484.656s][info][gc             ] GC(359) Pause Full (Ergonomics) 418M->418M(491M) 1036.140ms
[2019-07-24T17:27:37.535-0300][484.656s][info][gc,cpu         ] GC(359) User=3.47s Sys=0.01s Real=1.04s
[2019-07-24T17:27:37.536-0300][484.657s][info][gc,start       ] GC(360) Pause Full (Ergonomics)
[2019-07-24T17:27:37.536-0300][484.657s][info][gc,phases,start] GC(360) Marking Phase
[2019-07-24T17:27:38.281-0300][485.402s][info][gc,phases      ] GC(360) Marking Phase 744.934ms
[2019-07-24T17:27:38.281-0300][485.402s][info][gc,phases,start] GC(360) Summary Phase
[2019-07-24T17:27:38.281-0300][485.402s][info][gc,phases      ] GC(360) Summary Phase 0.028ms
[2019-07-24T17:27:38.281-0300][485.402s][info][gc,phases,start] GC(360) Adjust Roots
[2019-07-24T17:27:38.283-0300][485.404s][info][gc,phases      ] GC(360) Adjust Roots 1.627ms
[2019-07-24T17:27:38.283-0300][485.404s][info][gc,phases,start] GC(360) Compaction Phase
[2019-07-24T17:27:38.576-0300][485.696s][info][gc,phases      ] GC(360) Compaction Phase 292.667ms
[2019-07-24T17:27:38.576-0300][485.696s][info][gc,phases,start] GC(360) Post Compact
[2019-07-24T17:27:38.577-0300][485.697s][info][gc,phases      ] GC(360) Post Compact 0.752ms
[2019-07-24T17:27:38.577-0300][485.697s][info][gc,heap        ] GC(360) PSYoungGen: 131584K->131583K(153088K)
[2019-07-24T17:27:38.577-0300][485.697s][info][gc,heap        ] GC(360) ParOldGen: 297395K->297372K(349696K)
[2019-07-24T17:27:38.577-0300][485.697s][info][gc,metaspace   ] GC(360) Metaspace: 13297K->13297K(1062912K)
[2019-07-24T17:27:38.577-0300][485.697s][info][gc             ] GC(360) Pause Full (Ergonomics) 418M->418M(491M) 1040.414ms
[2019-07-24T17:27:38.577-0300][485.697s][info][gc,cpu         ] GC(360) User=3.49s Sys=0.01s Real=1.04s
[2019-07-24T17:27:38.577-0300][485.698s][info][gc,start       ] GC(361) Pause Full (Ergonomics)
[2019-07-24T17:27:38.577-0300][485.698s][info][gc,phases,start] GC(361) Marking Phase
[2019-07-24T17:27:39.309-0300][486.430s][info][gc,phases      ] GC(361) Marking Phase 732.477ms
[2019-07-24T17:27:39.310-0300][486.430s][info][gc,phases,start] GC(361) Summary Phase
[2019-07-24T17:27:39.310-0300][486.430s][info][gc,phases      ] GC(361) Summary Phase 0.021ms
[2019-07-24T17:27:39.310-0300][486.430s][info][gc,phases,start] GC(361) Adjust Roots
[2019-07-24T17:27:39.311-0300][486.432s][info][gc,phases      ] GC(361) Adjust Roots 1.575ms
[2019-07-24T17:27:39.311-0300][486.432s][info][gc,phases,start] GC(361) Compaction Phase
[2019-07-24T17:27:39.750-0300][486.871s][info][gc,phases      ] GC(361) Compaction Phase 439.175ms
[2019-07-24T17:27:39.750-0300][486.871s][info][gc,phases,start] GC(361) Post Compact
[2019-07-24T17:27:39.751-0300][486.872s][info][gc,phases      ] GC(361) Post Compact 0.754ms
[2019-07-24T17:27:39.751-0300][486.872s][info][gc,heap        ] GC(361) PSYoungGen: 131584K->131584K(153088K)
[2019-07-24T17:27:39.751-0300][486.872s][info][gc,heap        ] GC(361) ParOldGen: 297372K->297372K(349696K)
[2019-07-24T17:27:39.751-0300][486.872s][info][gc,metaspace   ] GC(361) Metaspace: 13297K->13297K(1062912K)
[2019-07-24T17:27:39.751-0300][486.872s][info][gc             ] GC(361) Pause Full (Ergonomics) 418M->418M(491M) 1174.324ms
[2019-07-24T17:27:39.751-0300][486.872s][info][gc,cpu         ] GC(361) User=3.98s Sys=0.02s Real=1.18s
[2019-07-24T17:27:39.752-0300][486.872s][info][gc,start       ] GC(362) Pause Full (Ergonomics)
[2019-07-24T17:27:39.752-0300][486.872s][info][gc,phases,start] GC(362) Marking Phase
[2019-07-24T17:27:40.527-0300][487.648s][info][gc,phases      ] GC(362) Marking Phase 775.804ms
[2019-07-24T17:27:40.527-0300][487.648s][info][gc,phases,start] GC(362) Summary Phase
[2019-07-24T17:27:40.528-0300][487.648s][info][gc,phases      ] GC(362) Summary Phase 0.022ms
[2019-07-24T17:27:40.528-0300][487.648s][info][gc,phases,start] GC(362) Adjust Roots
[2019-07-24T17:27:40.529-0300][487.650s][info][gc,phases      ] GC(362) Adjust Roots 1.589ms
[2019-07-24T17:27:40.529-0300][487.650s][info][gc,phases,start] GC(362) Compaction Phase
[2019-07-24T17:27:40.817-0300][487.938s][info][gc,phases      ] GC(362) Compaction Phase 288.191ms
[2019-07-24T17:27:40.817-0300][487.938s][info][gc,phases,start] GC(362) Post Compact
[2019-07-24T17:27:40.818-0300][487.939s][info][gc,phases      ] GC(362) Post Compact 0.753ms
[2019-07-24T17:27:40.818-0300][487.939s][info][gc,heap        ] GC(362) PSYoungGen: 131584K->131584K(153088K)
[2019-07-24T17:27:40.818-0300][487.939s][info][gc,heap        ] GC(362) ParOldGen: 297376K->297376K(349696K)
[2019-07-24T17:27:40.818-0300][487.939s][info][gc,metaspace   ] GC(362) Metaspace: 13297K->13297K(1062912K)
[2019-07-24T17:27:40.818-0300][487.939s][info][gc             ] GC(362) Pause Full (Ergonomics) 418M->418M(491M) 1066.701ms
[2019-07-24T17:27:40.818-0300][487.939s][info][gc,cpu         ] GC(362) User=3.55s Sys=0.02s Real=1.06s
[2019-07-24T17:27:40.819-0300][487.939s][info][gc,start       ] GC(363) Pause Full (Ergonomics)
[2019-07-24T17:27:40.819-0300][487.939s][info][gc,phases,start] GC(363) Marking Phase
[2019-07-24T17:27:41.558-0300][488.678s][info][gc,phases      ] GC(363) Marking Phase 739.095ms
[2019-07-24T17:27:41.558-0300][488.678s][info][gc,phases,start] GC(363) Summary Phase
[2019-07-24T17:27:41.558-0300][488.678s][info][gc,phases      ] GC(363) Summary Phase 0.023ms
[2019-07-24T17:27:41.558-0300][488.678s][info][gc,phases,start] GC(363) Adjust Roots
[2019-07-24T17:27:41.559-0300][488.680s][info][gc,phases      ] GC(363) Adjust Roots 1.504ms
[2019-07-24T17:27:41.559-0300][488.680s][info][gc,phases,start] GC(363) Compaction Phase
[2019-07-24T17:27:41.846-0300][488.967s][info][gc,phases      ] GC(363) Compaction Phase 286.913ms
[2019-07-24T17:27:41.846-0300][488.967s][info][gc,phases,start] GC(363) Post Compact
[2019-07-24T17:27:41.847-0300][488.968s][info][gc,phases      ] GC(363) Post Compact 0.760ms
[2019-07-24T17:27:41.847-0300][488.968s][info][gc,heap        ] GC(363) PSYoungGen: 131584K->131584K(153088K)
[2019-07-24T17:27:41.847-0300][488.968s][info][gc,heap        ] GC(363) ParOldGen: 297378K->297377K(349696K)
[2019-07-24T17:27:41.847-0300][488.968s][info][gc,metaspace   ] GC(363) Metaspace: 13297K->13297K(1062912K)
[2019-07-24T17:27:41.847-0300][488.968s][info][gc             ] GC(363) Pause Full (Ergonomics) 418M->418M(491M) 1028.649ms
[2019-07-24T17:27:41.847-0300][488.968s][info][gc,cpu         ] GC(363) User=3.47s Sys=0.01s Real=1.03s
[2019-07-24T17:27:41.848-0300][488.968s][info][gc,start       ] GC(364) Pause Full (Ergonomics)
[2019-07-24T17:27:41.848-0300][488.968s][info][gc,phases,start] GC(364) Marking Phase
[2019-07-24T17:27:42.595-0300][489.715s][info][gc,phases      ] GC(364) Marking Phase 747.349ms
[2019-07-24T17:27:42.595-0300][489.716s][info][gc,phases,start] GC(364) Summary Phase
[2019-07-24T17:27:42.595-0300][489.716s][info][gc,phases      ] GC(364) Summary Phase 0.022ms
[2019-07-24T17:27:42.595-0300][489.716s][info][gc,phases,start] GC(364) Adjust Roots
[2019-07-24T17:27:42.597-0300][489.717s][info][gc,phases      ] GC(364) Adjust Roots 1.580ms
[2019-07-24T17:27:42.597-0300][489.717s][info][gc,phases,start] GC(364) Compaction Phase
[2019-07-24T17:27:42.890-0300][490.010s][info][gc,phases      ] GC(364) Compaction Phase 293.076ms
[2019-07-24T17:27:42.890-0300][490.010s][info][gc,phases,start] GC(364) Post Compact
[2019-07-24T17:27:42.891-0300][490.011s][info][gc,phases      ] GC(364) Post Compact 0.766ms
[2019-07-24T17:27:42.891-0300][490.011s][info][gc,heap        ] GC(364) PSYoungGen: 131584K->131584K(153088K)
[2019-07-24T17:27:42.891-0300][490.011s][info][gc,heap        ] GC(364) ParOldGen: 297379K->297378K(349696K)
[2019-07-24T17:27:42.891-0300][490.011s][info][gc,metaspace   ] GC(364) Metaspace: 13297K->13297K(1062912K)
[2019-07-24T17:27:42.891-0300][490.011s][info][gc             ] GC(364) Pause Full (Ergonomics) 418M->418M(491M) 1043.136ms
[2019-07-24T17:27:42.891-0300][490.011s][info][gc,cpu         ] GC(364) User=3.47s Sys=0.01s Real=1.05s
[2019-07-24T17:27:42.891-0300][490.011s][info][gc,start       ] GC(365) Pause Full (Ergonomics)
[2019-07-24T17:27:42.891-0300][490.012s][info][gc,phases,start] GC(365) Marking Phase
[2019-07-24T17:27:43.625-0300][490.745s][info][gc,phases      ] GC(365) Marking Phase 733.858ms
[2019-07-24T17:27:43.625-0300][490.745s][info][gc,phases,start] GC(365) Summary Phase
[2019-07-24T17:27:43.625-0300][490.745s][info][gc,phases      ] GC(365) Summary Phase 0.023ms
[2019-07-24T17:27:43.625-0300][490.745s][info][gc,phases,start] GC(365) Adjust Roots
[2019-07-24T17:27:43.627-0300][490.747s][info][gc,phases      ] GC(365) Adjust Roots 1.767ms
[2019-07-24T17:27:43.627-0300][490.747s][info][gc,phases,start] GC(365) Compaction Phase
[2019-07-24T17:27:44.065-0300][491.186s][info][gc,phases      ] GC(365) Compaction Phase 438.559ms
[2019-07-24T17:27:44.065-0300][491.186s][info][gc,phases,start] GC(365) Post Compact
[2019-07-24T17:27:44.066-0300][491.187s][info][gc,phases      ] GC(365) Post Compact 0.753ms
[2019-07-24T17:27:44.066-0300][491.187s][info][gc,heap        ] GC(365) PSYoungGen: 131584K->131584K(153088K)
[2019-07-24T17:27:44.066-0300][491.187s][info][gc,heap        ] GC(365) ParOldGen: 297379K->297379K(349696K)
[2019-07-24T17:27:44.066-0300][491.187s][info][gc,metaspace   ] GC(365) Metaspace: 13297K->13297K(1062912K)
[2019-07-24T17:27:44.066-0300][491.187s][info][gc             ] GC(365) Pause Full (Ergonomics) 418M->418M(491M) 1175.311ms
[2019-07-24T17:27:44.066-0300][491.187s][info][gc,cpu         ] GC(365) User=3.97s Sys=0.02s Real=1.17s
[2019-07-24T17:27:44.067-0300][491.187s][info][gc,start       ] GC(366) Pause Full (Ergonomics)
[2019-07-24T17:27:44.067-0300][491.187s][info][gc,phases,start] GC(366) Marking Phase
[2019-07-24T17:27:44.812-0300][491.932s][info][gc,phases      ] GC(366) Marking Phase 745.224ms
[2019-07-24T17:27:44.812-0300][491.933s][info][gc,phases,start] GC(366) Summary Phase
[2019-07-24T17:27:44.812-0300][491.933s][info][gc,phases      ] GC(366) Summary Phase 0.026ms
[2019-07-24T17:27:44.812-0300][491.933s][info][gc,phases,start] GC(366) Adjust Roots
[2019-07-24T17:27:44.814-0300][491.934s][info][gc,phases      ] GC(366) Adjust Roots 1.587ms
[2019-07-24T17:27:44.814-0300][491.934s][info][gc,phases,start] GC(366) Compaction Phase
[2019-07-24T17:27:45.105-0300][492.226s][info][gc,phases      ] GC(366) Compaction Phase 291.393ms
[2019-07-24T17:27:45.105-0300][492.226s][info][gc,phases,start] GC(366) Post Compact
[2019-07-24T17:27:45.106-0300][492.227s][info][gc,phases      ] GC(366) Post Compact 0.940ms
[2019-07-24T17:27:45.106-0300][492.227s][info][gc,heap        ] GC(366) PSYoungGen: 131584K->131584K(153088K)
[2019-07-24T17:27:45.106-0300][492.227s][info][gc,heap        ] GC(366) ParOldGen: 297389K->297389K(349696K)
[2019-07-24T17:27:45.106-0300][492.227s][info][gc,metaspace   ] GC(366) Metaspace: 13297K->13297K(1062912K)
[2019-07-24T17:27:45.106-0300][492.227s][info][gc             ] GC(366) Pause Full (Ergonomics) 418M->418M(491M) 1039.540ms
[2019-07-24T17:27:45.106-0300][492.227s][info][gc,cpu         ] GC(366) User=3.48s Sys=0.01s Real=1.04s
[2019-07-24T17:27:45.107-0300][492.227s][info][gc,start       ] GC(367) Pause Full (Ergonomics)
[2019-07-24T17:27:45.107-0300][492.227s][info][gc,phases,start] GC(367) Marking Phase
[2019-07-24T17:27:45.901-0300][493.022s][info][gc,phases      ] GC(367) Marking Phase 794.628ms
[2019-07-24T17:27:45.901-0300][493.022s][info][gc,phases,start] GC(367) Summary Phase
[2019-07-24T17:27:45.901-0300][493.022s][info][gc,phases      ] GC(367) Summary Phase 0.022ms
[2019-07-24T17:27:45.901-0300][493.022s][info][gc,phases,start] GC(367) Adjust Roots
[2019-07-24T17:27:45.903-0300][493.023s][info][gc,phases      ] GC(367) Adjust Roots 1.473ms
[2019-07-24T17:27:45.903-0300][493.023s][info][gc,phases,start] GC(367) Compaction Phase
[2019-07-24T17:27:46.195-0300][493.316s][info][gc,phases      ] GC(367) Compaction Phase 292.378ms
[2019-07-24T17:27:46.195-0300][493.316s][info][gc,phases,start] GC(367) Post Compact
[2019-07-24T17:27:46.196-0300][493.316s][info][gc,phases      ] GC(367) Post Compact 0.757ms
[2019-07-24T17:27:46.196-0300][493.317s][info][gc,heap        ] GC(367) PSYoungGen: 131584K->131584K(153088K)
[2019-07-24T17:27:46.196-0300][493.317s][info][gc,heap        ] GC(367) ParOldGen: 297390K->297390K(349696K)
[2019-07-24T17:27:46.196-0300][493.317s][info][gc,metaspace   ] GC(367) Metaspace: 13297K->13297K(1062912K)
[2019-07-24T17:27:46.196-0300][493.317s][info][gc             ] GC(367) Pause Full (Ergonomics) 418M->418M(491M) 1089.588ms
[2019-07-24T17:27:46.196-0300][493.317s][info][gc,cpu         ] GC(367) User=3.51s Sys=0.02s Real=1.09s
[2019-07-24T17:27:46.196-0300][493.317s][info][gc,start       ] GC(368) Pause Full (Ergonomics)
[2019-07-24T17:27:46.196-0300][493.317s][info][gc,phases,start] GC(368) Marking Phase
[2019-07-24T17:27:46.932-0300][494.052s][info][gc,phases      ] GC(368) Marking Phase 735.452ms
[2019-07-24T17:27:46.932-0300][494.052s][info][gc,phases,start] GC(368) Summary Phase
[2019-07-24T17:27:46.932-0300][494.052s][info][gc,phases      ] GC(368) Summary Phase 0.023ms
[2019-07-24T17:27:46.932-0300][494.052s][info][gc,phases,start] GC(368) Adjust Roots
[2019-07-24T17:27:46.934-0300][494.054s][info][gc,phases      ] GC(368) Adjust Roots 1.894ms
[2019-07-24T17:27:46.934-0300][494.054s][info][gc,phases,start] GC(368) Compaction Phase
[2019-07-24T17:27:47.383-0300][494.503s][info][gc,phases      ] GC(368) Compaction Phase 448.653ms
[2019-07-24T17:27:47.383-0300][494.503s][info][gc,phases,start] GC(368) Post Compact
[2019-07-24T17:27:47.383-0300][494.504s][info][gc,phases      ] GC(368) Post Compact 0.754ms
[2019-07-24T17:27:47.384-0300][494.504s][info][gc,heap        ] GC(368) PSYoungGen: 131584K->131584K(153088K)
[2019-07-24T17:27:47.384-0300][494.504s][info][gc,heap        ] GC(368) ParOldGen: 297393K->297392K(349696K)
[2019-07-24T17:27:47.384-0300][494.504s][info][gc,metaspace   ] GC(368) Metaspace: 13297K->13297K(1062912K)
[2019-07-24T17:27:47.384-0300][494.504s][info][gc             ] GC(368) Pause Full (Ergonomics) 418M->418M(491M) 1187.113ms
[2019-07-24T17:27:47.384-0300][494.504s][info][gc,cpu         ] GC(368) User=4.02s Sys=0.01s Real=1.19s
[2019-07-24T17:27:47.384-0300][494.504s][info][gc,start       ] GC(369) Pause Full (Ergonomics)
[2019-07-24T17:27:47.384-0300][494.504s][info][gc,phases,start] GC(369) Marking Phase
[2019-07-24T17:27:48.118-0300][495.238s][info][gc,phases      ] GC(369) Marking Phase 734.235ms
[2019-07-24T17:27:48.118-0300][495.239s][info][gc,phases,start] GC(369) Summary Phase
[2019-07-24T17:27:48.118-0300][495.239s][info][gc,phases      ] GC(369) Summary Phase 0.021ms
[2019-07-24T17:27:48.118-0300][495.239s][info][gc,phases,start] GC(369) Adjust Roots
[2019-07-24T17:27:48.120-0300][495.240s][info][gc,phases      ] GC(369) Adjust Roots 1.570ms
[2019-07-24T17:27:48.120-0300][495.240s][info][gc,phases,start] GC(369) Compaction Phase
[2019-07-24T17:27:48.409-0300][495.529s][info][gc,phases      ] GC(369) Compaction Phase 288.781ms
[2019-07-24T17:27:48.409-0300][495.529s][info][gc,phases,start] GC(369) Post Compact
[2019-07-24T17:27:48.409-0300][495.530s][info][gc,phases      ] GC(369) Post Compact 0.748ms
[2019-07-24T17:27:48.409-0300][495.530s][info][gc,heap        ] GC(369) PSYoungGen: 131584K->131584K(153088K)
[2019-07-24T17:27:48.409-0300][495.530s][info][gc,heap        ] GC(369) ParOldGen: 297394K->297393K(349696K)
[2019-07-24T17:27:48.409-0300][495.530s][info][gc,metaspace   ] GC(369) Metaspace: 13297K->13297K(1062912K)
[2019-07-24T17:27:48.410-0300][495.530s][info][gc             ] GC(369) Pause Full (Ergonomics) 418M->418M(491M) 1025.673ms
[2019-07-24T17:27:48.410-0300][495.530s][info][gc,cpu         ] GC(369) User=3.47s Sys=0.02s Real=1.03s
[2019-07-24T17:27:48.410-0300][495.530s][info][gc,start       ] GC(370) Pause Full (Ergonomics)
[2019-07-24T17:27:48.410-0300][495.530s][info][gc,phases,start] GC(370) Marking Phase
[2019-07-24T17:27:49.156-0300][496.277s][info][gc,phases      ] GC(370) Marking Phase 746.575ms
[2019-07-24T17:27:49.156-0300][496.277s][info][gc,phases,start] GC(370) Summary Phase
[2019-07-24T17:27:49.156-0300][496.277s][info][gc,phases      ] GC(370) Summary Phase 0.027ms
[2019-07-24T17:27:49.157-0300][496.277s][info][gc,phases,start] GC(370) Adjust Roots
[2019-07-24T17:27:49.158-0300][496.279s][info][gc,phases      ] GC(370) Adjust Roots 1.660ms
[2019-07-24T17:27:49.158-0300][496.279s][info][gc,phases,start] GC(370) Compaction Phase
[2019-07-24T17:27:49.446-0300][496.566s][info][gc,phases      ] GC(370) Compaction Phase 287.744ms
[2019-07-24T17:27:49.446-0300][496.566s][info][gc,phases,start] GC(370) Post Compact
[2019-07-24T17:27:49.447-0300][496.567s][info][gc,phases      ] GC(370) Post Compact 0.945ms
[2019-07-24T17:27:49.447-0300][496.567s][info][gc,heap        ] GC(370) PSYoungGen: 131584K->131584K(153088K)
[2019-07-24T17:27:49.447-0300][496.567s][info][gc,heap        ] GC(370) ParOldGen: 297403K->297402K(349696K)
[2019-07-24T17:27:49.447-0300][496.567s][info][gc,metaspace   ] GC(370) Metaspace: 13297K->13297K(1062912K)
[2019-07-24T17:27:49.447-0300][496.567s][info][gc             ] GC(370) Pause Full (Ergonomics) 418M->418M(491M) 1037.325ms
[2019-07-24T17:27:49.447-0300][496.567s][info][gc,cpu         ] GC(370) User=3.47s Sys=0.01s Real=1.03s
[2019-07-24T17:27:49.447-0300][496.568s][info][gc,start       ] GC(371) Pause Full (Ergonomics)
[2019-07-24T17:27:49.447-0300][496.568s][info][gc,phases,start] GC(371) Marking Phase
[2019-07-24T17:27:50.187-0300][497.307s][info][gc,phases      ] GC(371) Marking Phase 739.102ms
[2019-07-24T17:27:50.187-0300][497.307s][info][gc,phases,start] GC(371) Summary Phase
[2019-07-24T17:27:50.187-0300][497.307s][info][gc,phases      ] GC(371) Summary Phase 0.034ms
[2019-07-24T17:27:50.187-0300][497.307s][info][gc,phases,start] GC(371) Adjust Roots
[2019-07-24T17:27:50.189-0300][497.309s][info][gc,phases      ] GC(371) Adjust Roots 1.894ms
[2019-07-24T17:27:50.189-0300][497.309s][info][gc,phases,start] GC(371) Compaction Phase
[2019-07-24T17:27:50.483-0300][497.603s][info][gc,phases      ] GC(371) Compaction Phase 293.883ms
[2019-07-24T17:27:50.483-0300][497.603s][info][gc,phases,start] GC(371) Post Compact
[2019-07-24T17:27:50.483-0300][497.604s][info][gc,phases      ] GC(371) Post Compact 0.754ms
[2019-07-24T17:27:50.483-0300][497.604s][info][gc,heap        ] GC(371) PSYoungGen: 131584K->131583K(153088K)
[2019-07-24T17:27:50.483-0300][497.604s][info][gc,heap        ] GC(371) ParOldGen: 297404K->297403K(349696K)
[2019-07-24T17:27:50.483-0300][497.604s][info][gc,metaspace   ] GC(371) Metaspace: 13297K->13297K(1062912K)
[2019-07-24T17:27:50.483-0300][497.604s][info][gc             ] GC(371) Pause Full (Ergonomics) 418M->418M(491M) 1036.039ms
[2019-07-24T17:27:50.483-0300][497.604s][info][gc,cpu         ] GC(371) User=3.46s Sys=0.02s Real=1.04s
[2019-07-24T17:27:50.484-0300][497.604s][info][gc,start       ] GC(372) Pause Full (Ergonomics)
[2019-07-24T17:27:50.484-0300][497.604s][info][gc,phases,start] GC(372) Marking Phase
[2019-07-24T17:27:51.232-0300][498.352s][info][gc,phases      ] GC(372) Marking Phase 747.921ms
[2019-07-24T17:27:51.232-0300][498.352s][info][gc,phases,start] GC(372) Summary Phase
[2019-07-24T17:27:51.232-0300][498.352s][info][gc,phases      ] GC(372) Summary Phase 0.022ms
[2019-07-24T17:27:51.232-0300][498.352s][info][gc,phases,start] GC(372) Adjust Roots
[2019-07-24T17:27:51.233-0300][498.354s][info][gc,phases      ] GC(372) Adjust Roots 1.448ms
[2019-07-24T17:27:51.233-0300][498.354s][info][gc,phases,start] GC(372) Compaction Phase
[2019-07-24T17:27:51.524-0300][498.644s][info][gc,phases      ] GC(372) Compaction Phase 290.420ms
[2019-07-24T17:27:51.525-0300][498.645s][info][gc,phases,start] GC(372) Post Compact
[2019-07-24T17:27:51.527-0300][498.647s][info][gc,phases      ] GC(372) Post Compact 1.977ms
[2019-07-24T17:27:51.527-0300][498.647s][info][gc,heap        ] GC(372) PSYoungGen: 131584K->131584K(153088K)
[2019-07-24T17:27:51.527-0300][498.647s][info][gc,heap        ] GC(372) ParOldGen: 297403K->297403K(349696K)
[2019-07-24T17:27:51.527-0300][498.647s][info][gc,metaspace   ] GC(372) Metaspace: 13297K->13297K(1062912K)
[2019-07-24T17:27:51.527-0300][498.647s][info][gc             ] GC(372) Pause Full (Ergonomics) 418M->418M(491M) 1043.102ms
[2019-07-24T17:27:51.527-0300][498.647s][info][gc,cpu         ] GC(372) User=3.50s Sys=0.01s Real=1.04s
[2019-07-24T17:27:51.527-0300][498.648s][info][gc,start       ] GC(373) Pause Full (Ergonomics)
[2019-07-24T17:27:51.527-0300][498.648s][info][gc,phases,start] GC(373) Marking Phase
[2019-07-24T17:27:52.303-0300][499.423s][info][gc,phases      ] GC(373) Marking Phase 775.075ms
[2019-07-24T17:27:52.303-0300][499.423s][info][gc,phases,start] GC(373) Summary Phase
[2019-07-24T17:27:52.303-0300][499.423s][info][gc,phases      ] GC(373) Summary Phase 0.026ms
[2019-07-24T17:27:52.303-0300][499.423s][info][gc,phases,start] GC(373) Adjust Roots
[2019-07-24T17:27:52.305-0300][499.425s][info][gc,phases      ] GC(373) Adjust Roots 2.175ms
[2019-07-24T17:27:52.305-0300][499.425s][info][gc,phases,start] GC(373) Compaction Phase
[2019-07-24T17:27:52.742-0300][499.863s][info][gc,phases      ] GC(373) Compaction Phase 437.288ms
[2019-07-24T17:27:52.742-0300][499.863s][info][gc,phases,start] GC(373) Post Compact
[2019-07-24T17:27:52.743-0300][499.863s][info][gc,phases      ] GC(373) Post Compact 0.746ms
[2019-07-24T17:27:52.743-0300][499.863s][info][gc,heap        ] GC(373) PSYoungGen: 131584K->131584K(153088K)
[2019-07-24T17:27:52.743-0300][499.863s][info][gc,heap        ] GC(373) ParOldGen: 297407K->297407K(349696K)
[2019-07-24T17:27:52.743-0300][499.863s][info][gc,metaspace   ] GC(373) Metaspace: 13297K->13297K(1062912K)
[2019-07-24T17:27:52.743-0300][499.863s][info][gc             ] GC(373) Pause Full (Ergonomics) 418M->418M(491M) 1215.711ms
[2019-07-24T17:27:52.743-0300][499.863s][info][gc,cpu         ] GC(373) User=3.97s Sys=0.02s Real=1.22s
[2019-07-24T17:27:52.743-0300][499.864s][info][gc,start       ] GC(374) Pause Full (Ergonomics)
[2019-07-24T17:27:52.743-0300][499.864s][info][gc,phases,start] GC(374) Marking Phase
[2019-07-24T17:27:53.492-0300][500.612s][info][gc,phases      ] GC(374) Marking Phase 748.631ms
[2019-07-24T17:27:53.492-0300][500.612s][info][gc,phases,start] GC(374) Summary Phase
[2019-07-24T17:27:53.492-0300][500.612s][info][gc,phases      ] GC(374) Summary Phase 0.024ms
[2019-07-24T17:27:53.492-0300][500.612s][info][gc,phases,start] GC(374) Adjust Roots
[2019-07-24T17:27:53.494-0300][500.614s][info][gc,phases      ] GC(374) Adjust Roots 1.534ms
[2019-07-24T17:27:53.494-0300][500.614s][info][gc,phases,start] GC(374) Compaction Phase
[2019-07-24T17:27:53.785-0300][500.905s][info][gc,phases      ] GC(374) Compaction Phase 290.852ms
[2019-07-24T17:27:53.785-0300][500.905s][info][gc,phases,start] GC(374) Post Compact
[2019-07-24T17:27:53.785-0300][500.906s][info][gc,phases      ] GC(374) Post Compact 0.770ms
[2019-07-24T17:27:53.786-0300][500.906s][info][gc,heap        ] GC(374) PSYoungGen: 131584K->131584K(153088K)
[2019-07-24T17:27:53.786-0300][500.906s][info][gc,heap        ] GC(374) ParOldGen: 297408K->297408K(349696K)
[2019-07-24T17:27:53.786-0300][500.906s][info][gc,metaspace   ] GC(374) Metaspace: 13298K->13298K(1062912K)
[2019-07-24T17:27:53.786-0300][500.906s][info][gc             ] GC(374) Pause Full (Ergonomics) 418M->418M(491M) 1042.148ms
[2019-07-24T17:27:53.786-0300][500.906s][info][gc,cpu         ] GC(374) User=3.49s Sys=0.01s Real=1.04s
[2019-07-24T17:27:53.786-0300][500.906s][info][gc,start       ] GC(375) Pause Full (Ergonomics)
[2019-07-24T17:27:53.786-0300][500.906s][info][gc,phases,start] GC(375) Marking Phase
[2019-07-24T17:27:54.546-0300][501.666s][info][gc,phases      ] GC(375) Marking Phase 759.467ms
[2019-07-24T17:27:54.546-0300][501.666s][info][gc,phases,start] GC(375) Summary Phase
[2019-07-24T17:27:54.546-0300][501.666s][info][gc,phases      ] GC(375) Summary Phase 0.024ms
[2019-07-24T17:27:54.546-0300][501.666s][info][gc,phases,start] GC(375) Adjust Roots
[2019-07-24T17:27:54.547-0300][501.668s][info][gc,phases      ] GC(375) Adjust Roots 1.619ms
[2019-07-24T17:27:54.547-0300][501.668s][info][gc,phases,start] GC(375) Compaction Phase
[2019-07-24T17:27:54.841-0300][501.961s][info][gc,phases      ] GC(375) Compaction Phase 293.501ms
[2019-07-24T17:27:54.841-0300][501.961s][info][gc,phases,start] GC(375) Post Compact
[2019-07-24T17:27:54.842-0300][501.962s][info][gc,phases      ] GC(375) Post Compact 0.743ms
[2019-07-24T17:27:54.842-0300][501.962s][info][gc,heap        ] GC(375) PSYoungGen: 131584K->131583K(153088K)
[2019-07-24T17:27:54.842-0300][501.962s][info][gc,heap        ] GC(375) ParOldGen: 297412K->297410K(349696K)
[2019-07-24T17:27:54.842-0300][501.962s][info][gc,metaspace   ] GC(375) Metaspace: 13298K->13298K(1062912K)
[2019-07-24T17:27:54.842-0300][501.962s][info][gc             ] GC(375) Pause Full (Ergonomics) 418M->418M(491M) 1055.703ms
[2019-07-24T17:27:54.842-0300][501.962s][info][gc,cpu         ] GC(375) User=3.47s Sys=0.01s Real=1.06s
[2019-07-24T17:27:54.842-0300][501.963s][info][gc,start       ] GC(376) Pause Full (Ergonomics)
[2019-07-24T17:27:54.842-0300][501.963s][info][gc,phases,start] GC(376) Marking Phase
[2019-07-24T17:27:55.588-0300][502.708s][info][gc,phases      ] GC(376) Marking Phase 745.217ms
[2019-07-24T17:27:55.588-0300][502.708s][info][gc,phases,start] GC(376) Summary Phase
[2019-07-24T17:27:55.588-0300][502.708s][info][gc,phases      ] GC(376) Summary Phase 0.049ms
[2019-07-24T17:27:55.588-0300][502.708s][info][gc,phases,start] GC(376) Adjust Roots
[2019-07-24T17:27:55.590-0300][502.710s][info][gc,phases      ] GC(376) Adjust Roots 1.904ms
[2019-07-24T17:27:55.590-0300][502.710s][info][gc,phases,start] GC(376) Compaction Phase
[2019-07-24T17:27:56.026-0300][503.146s][info][gc,phases      ] GC(376) Compaction Phase 435.971ms
[2019-07-24T17:27:56.026-0300][503.146s][info][gc,phases,start] GC(376) Post Compact
[2019-07-24T17:27:56.027-0300][503.147s][info][gc,phases      ] GC(376) Post Compact 0.753ms
[2019-07-24T17:27:56.027-0300][503.147s][info][gc,heap        ] GC(376) PSYoungGen: 131584K->131583K(153088K)
[2019-07-24T17:27:56.027-0300][503.147s][info][gc,heap        ] GC(376) ParOldGen: 297415K->297407K(349696K)
[2019-07-24T17:27:56.027-0300][503.147s][info][gc,metaspace   ] GC(376) Metaspace: 13299K->13299K(1062912K)
[2019-07-24T17:27:56.027-0300][503.147s][info][gc             ] GC(376) Pause Full (Ergonomics) 418M->418M(491M) 1184.319ms
[2019-07-24T17:27:56.027-0300][503.147s][info][gc,cpu         ] GC(376) User=3.97s Sys=0.02s Real=1.18s
[2019-07-24T17:27:56.027-0300][503.147s][info][gc,start       ] GC(377) Pause Full (Ergonomics)
[2019-07-24T17:27:56.027-0300][503.147s][info][gc,phases,start] GC(377) Marking Phase
[2019-07-24T17:27:56.765-0300][503.885s][info][gc,phases      ] GC(377) Marking Phase 737.611ms
[2019-07-24T17:27:56.765-0300][503.885s][info][gc,phases,start] GC(377) Summary Phase
[2019-07-24T17:27:56.765-0300][503.885s][info][gc,phases      ] GC(377) Summary Phase 0.023ms
[2019-07-24T17:27:56.765-0300][503.885s][info][gc,phases,start] GC(377) Adjust Roots
[2019-07-24T17:27:56.766-0300][503.887s][info][gc,phases      ] GC(377) Adjust Roots 1.530ms
[2019-07-24T17:27:56.766-0300][503.887s][info][gc,phases,start] GC(377) Compaction Phase
[2019-07-24T17:27:57.057-0300][504.177s][info][gc,phases      ] GC(377) Compaction Phase 290.809ms
[2019-07-24T17:27:57.057-0300][504.177s][info][gc,phases,start] GC(377) Post Compact
[2019-07-24T17:27:57.058-0300][504.178s][info][gc,phases      ] GC(377) Post Compact 0.773ms
[2019-07-24T17:27:57.058-0300][504.178s][info][gc,heap        ] GC(377) PSYoungGen: 131584K->131584K(153088K)
[2019-07-24T17:27:57.058-0300][504.178s][info][gc,heap        ] GC(377) ParOldGen: 297409K->297409K(349696K)
[2019-07-24T17:27:57.058-0300][504.178s][info][gc,metaspace   ] GC(377) Metaspace: 13299K->13299K(1062912K)
[2019-07-24T17:27:57.058-0300][504.178s][info][gc             ] GC(377) Pause Full (Ergonomics) 418M->418M(491M) 1031.057ms
[2019-07-24T17:27:57.058-0300][504.178s][info][gc,cpu         ] GC(377) User=3.47s Sys=0.02s Real=1.03s
[2019-07-24T17:27:57.058-0300][504.179s][info][gc,start       ] GC(378) Pause Full (Ergonomics)
[2019-07-24T17:27:57.058-0300][504.179s][info][gc,phases,start] GC(378) Marking Phase
[2019-07-24T17:27:57.799-0300][504.919s][info][gc,phases      ] GC(378) Marking Phase 740.017ms
[2019-07-24T17:27:57.799-0300][504.919s][info][gc,phases,start] GC(378) Summary Phase
[2019-07-24T17:27:57.799-0300][504.919s][info][gc,phases      ] GC(378) Summary Phase 0.022ms
[2019-07-24T17:27:57.799-0300][504.919s][info][gc,phases,start] GC(378) Adjust Roots
[2019-07-24T17:27:57.800-0300][504.920s][info][gc,phases      ] GC(378) Adjust Roots 1.544ms
[2019-07-24T17:27:57.800-0300][504.920s][info][gc,phases,start] GC(378) Compaction Phase
[2019-07-24T17:27:58.092-0300][505.213s][info][gc,phases      ] GC(378) Compaction Phase 292.205ms
[2019-07-24T17:27:58.092-0300][505.213s][info][gc,phases,start] GC(378) Post Compact
[2019-07-24T17:27:58.093-0300][505.213s][info][gc,phases      ] GC(378) Post Compact 0.747ms
[2019-07-24T17:27:58.093-0300][505.213s][info][gc,heap        ] GC(378) PSYoungGen: 131584K->131584K(153088K)
[2019-07-24T17:27:58.093-0300][505.213s][info][gc,heap        ] GC(378) ParOldGen: 297410K->297410K(349696K)
[2019-07-24T17:27:58.093-0300][505.213s][info][gc,metaspace   ] GC(378) Metaspace: 13299K->13299K(1062912K)
[2019-07-24T17:27:58.093-0300][505.213s][info][gc             ] GC(378) Pause Full (Ergonomics) 418M->418M(491M) 1034.871ms
[2019-07-24T17:27:58.093-0300][505.213s][info][gc,cpu         ] GC(378) User=3.48s Sys=0.01s Real=1.04s
[2019-07-24T17:27:58.094-0300][505.214s][info][gc,start       ] GC(379) Pause Full (Ergonomics)
[2019-07-24T17:27:58.094-0300][505.214s][info][gc,phases,start] GC(379) Marking Phase
[2019-07-24T17:27:58.825-0300][505.945s][info][gc,phases      ] GC(379) Marking Phase 730.998ms
[2019-07-24T17:27:58.825-0300][505.945s][info][gc,phases,start] GC(379) Summary Phase
[2019-07-24T17:27:58.825-0300][505.945s][info][gc,phases      ] GC(379) Summary Phase 0.023ms
[2019-07-24T17:27:58.825-0300][505.945s][info][gc,phases,start] GC(379) Adjust Roots
[2019-07-24T17:27:58.826-0300][505.946s][info][gc,phases      ] GC(379) Adjust Roots 1.649ms
[2019-07-24T17:27:58.826-0300][505.947s][info][gc,phases,start] GC(379) Compaction Phase
[2019-07-24T17:27:59.122-0300][506.242s][info][gc,phases      ] GC(379) Compaction Phase 295.784ms
[2019-07-24T17:27:59.122-0300][506.242s][info][gc,phases,start] GC(379) Post Compact
[2019-07-24T17:27:59.123-0300][506.243s][info][gc,phases      ] GC(379) Post Compact 0.753ms
[2019-07-24T17:27:59.123-0300][506.243s][info][gc,heap        ] GC(379) PSYoungGen: 131584K->131584K(153088K)
[2019-07-24T17:27:59.123-0300][506.243s][info][gc,heap        ] GC(379) ParOldGen: 297412K->297412K(349696K)
[2019-07-24T17:27:59.123-0300][506.243s][info][gc,metaspace   ] GC(379) Metaspace: 13299K->13299K(1062912K)
[2019-07-24T17:27:59.123-0300][506.243s][info][gc             ] GC(379) Pause Full (Ergonomics) 418M->418M(491M) 1029.546ms
[2019-07-24T17:27:59.123-0300][506.243s][info][gc,cpu         ] GC(379) User=3.44s Sys=0.01s Real=1.03s
[2019-07-24T17:27:59.124-0300][506.244s][info][gc,start       ] GC(380) Pause Full (Ergonomics)
[2019-07-24T17:27:59.124-0300][506.244s][info][gc,phases,start] GC(380) Marking Phase
[2019-07-24T17:27:59.866-0300][506.986s][info][gc,phases      ] GC(380) Marking Phase 742.545ms
[2019-07-24T17:27:59.866-0300][506.986s][info][gc,phases,start] GC(380) Summary Phase
[2019-07-24T17:27:59.866-0300][506.986s][info][gc,phases      ] GC(380) Summary Phase 0.021ms
[2019-07-24T17:27:59.866-0300][506.986s][info][gc,phases,start] GC(380) Adjust Roots
[2019-07-24T17:27:59.868-0300][506.988s][info][gc,phases      ] GC(380) Adjust Roots 1.535ms
[2019-07-24T17:27:59.868-0300][506.988s][info][gc,phases,start] GC(380) Compaction Phase
[2019-07-24T17:28:00.164-0300][507.284s][info][gc,phases      ] GC(380) Compaction Phase 296.129ms
[2019-07-24T17:28:00.164-0300][507.284s][info][gc,phases,start] GC(380) Post Compact
[2019-07-24T17:28:00.165-0300][507.285s][info][gc,phases      ] GC(380) Post Compact 0.749ms
[2019-07-24T17:28:00.165-0300][507.285s][info][gc,heap        ] GC(380) PSYoungGen: 131584K->131584K(153088K)
[2019-07-24T17:28:00.165-0300][507.285s][info][gc,heap        ] GC(380) ParOldGen: 297415K->297413K(349696K)
[2019-07-24T17:28:00.165-0300][507.285s][info][gc,metaspace   ] GC(380) Metaspace: 13299K->13299K(1062912K)
[2019-07-24T17:28:00.165-0300][507.285s][info][gc             ] GC(380) Pause Full (Ergonomics) 418M->418M(491M) 1041.311ms
[2019-07-24T17:28:00.165-0300][507.285s][info][gc,cpu         ] GC(380) User=3.49s Sys=0.02s Real=1.04s
[2019-07-24T17:28:00.165-0300][507.285s][info][gc,start       ] GC(381) Pause Full (Ergonomics)
[2019-07-24T17:28:00.165-0300][507.285s][info][gc,phases,start] GC(381) Marking Phase
[2019-07-24T17:28:00.910-0300][508.030s][info][gc,phases      ] GC(381) Marking Phase 744.689ms
[2019-07-24T17:28:00.910-0300][508.030s][info][gc,phases,start] GC(381) Summary Phase
[2019-07-24T17:28:00.910-0300][508.030s][info][gc,phases      ] GC(381) Summary Phase 0.022ms
[2019-07-24T17:28:00.910-0300][508.030s][info][gc,phases,start] GC(381) Adjust Roots
[2019-07-24T17:28:00.912-0300][508.032s][info][gc,phases      ] GC(381) Adjust Roots 1.537ms
[2019-07-24T17:28:00.912-0300][508.032s][info][gc,phases,start] GC(381) Compaction Phase
[2019-07-24T17:28:01.204-0300][508.324s][info][gc,phases      ] GC(381) Compaction Phase 292.404ms
[2019-07-24T17:28:01.204-0300][508.324s][info][gc,phases,start] GC(381) Post Compact
[2019-07-24T17:28:01.205-0300][508.325s][info][gc,phases      ] GC(381) Post Compact 0.924ms
[2019-07-24T17:28:01.205-0300][508.325s][info][gc,heap        ] GC(381) PSYoungGen: 131584K->131584K(153088K)
[2019-07-24T17:28:01.205-0300][508.325s][info][gc,heap        ] GC(381) ParOldGen: 297416K->297414K(349696K)
[2019-07-24T17:28:01.205-0300][508.325s][info][gc,metaspace   ] GC(381) Metaspace: 13299K->13299K(1062912K)
[2019-07-24T17:28:01.205-0300][508.325s][info][gc             ] GC(381) Pause Full (Ergonomics) 418M->418M(491M) 1039.935ms
[2019-07-24T17:28:01.205-0300][508.325s][info][gc,cpu         ] GC(381) User=3.49s Sys=0.01s Real=1.04s
[2019-07-24T17:28:01.205-0300][508.325s][info][gc,start       ] GC(382) Pause Full (Ergonomics)
[2019-07-24T17:28:01.205-0300][508.325s][info][gc,phases,start] GC(382) Marking Phase
[2019-07-24T17:28:01.932-0300][509.052s][info][gc,phases      ] GC(382) Marking Phase 726.325ms
[2019-07-24T17:28:01.932-0300][509.052s][info][gc,phases,start] GC(382) Summary Phase
[2019-07-24T17:28:01.932-0300][509.052s][info][gc,phases      ] GC(382) Summary Phase 0.025ms
[2019-07-24T17:28:01.932-0300][509.052s][info][gc,phases,start] GC(382) Adjust Roots
[2019-07-24T17:28:01.934-0300][509.054s][info][gc,phases      ] GC(382) Adjust Roots 1.842ms
[2019-07-24T17:28:01.934-0300][509.054s][info][gc,phases,start] GC(382) Compaction Phase
[2019-07-24T17:28:02.236-0300][509.356s][info][gc,phases      ] GC(382) Compaction Phase 302.397ms
[2019-07-24T17:28:02.236-0300][509.356s][info][gc,phases,start] GC(382) Post Compact
[2019-07-24T17:28:02.237-0300][509.357s][info][gc,phases      ] GC(382) Post Compact 0.901ms
[2019-07-24T17:28:02.237-0300][509.357s][info][gc,heap        ] GC(382) PSYoungGen: 131584K->131583K(153088K)
[2019-07-24T17:28:02.237-0300][509.357s][info][gc,heap        ] GC(382) ParOldGen: 297416K->297416K(349696K)
[2019-07-24T17:28:02.237-0300][509.357s][info][gc,metaspace   ] GC(382) Metaspace: 13299K->13299K(1062912K)
[2019-07-24T17:28:02.237-0300][509.357s][info][gc             ] GC(382) Pause Full (Ergonomics) 418M->418M(491M) 1031.848ms
[2019-07-24T17:28:02.237-0300][509.357s][info][gc,cpu         ] GC(382) User=3.45s Sys=0.01s Real=1.03s
[2019-07-24T17:28:02.238-0300][509.358s][info][gc,start       ] GC(383) Pause Full (Ergonomics)
[2019-07-24T17:28:02.238-0300][509.358s][info][gc,phases,start] GC(383) Marking Phase
[2019-07-24T17:28:02.972-0300][510.092s][info][gc,phases      ] GC(383) Marking Phase 733.930ms
[2019-07-24T17:28:02.972-0300][510.092s][info][gc,phases,start] GC(383) Summary Phase
[2019-07-24T17:28:02.972-0300][510.092s][info][gc,phases      ] GC(383) Summary Phase 0.022ms
[2019-07-24T17:28:02.972-0300][510.092s][info][gc,phases,start] GC(383) Adjust Roots
[2019-07-24T17:28:02.974-0300][510.094s][info][gc,phases      ] GC(383) Adjust Roots 1.544ms
[2019-07-24T17:28:02.974-0300][510.094s][info][gc,phases,start] GC(383) Compaction Phase
[2019-07-24T17:28:03.268-0300][510.388s][info][gc,phases      ] GC(383) Compaction Phase 294.441ms
[2019-07-24T17:28:03.268-0300][510.388s][info][gc,phases,start] GC(383) Post Compact
[2019-07-24T17:28:03.269-0300][510.389s][info][gc,phases      ] GC(383) Post Compact 0.761ms
[2019-07-24T17:28:03.269-0300][510.389s][info][gc,heap        ] GC(383) PSYoungGen: 131584K->131583K(153088K)
[2019-07-24T17:28:03.269-0300][510.389s][info][gc,heap        ] GC(383) ParOldGen: 297421K->297413K(349696K)
[2019-07-24T17:28:03.269-0300][510.389s][info][gc,metaspace   ] GC(383) Metaspace: 13302K->13302K(1062912K)
[2019-07-24T17:28:03.269-0300][510.389s][info][gc             ] GC(383) Pause Full (Ergonomics) 418M->418M(491M) 1031.096ms
[2019-07-24T17:28:03.269-0300][510.389s][info][gc,cpu         ] GC(383) User=3.47s Sys=0.02s Real=1.03s
[2019-07-24T17:28:03.270-0300][510.389s][info][gc,start       ] GC(384) Pause Full (Ergonomics)
[2019-07-24T17:28:03.270-0300][510.389s][info][gc,phases,start] GC(384) Marking Phase
[2019-07-24T17:28:04.003-0300][511.123s][info][gc,phases      ] GC(384) Marking Phase 733.154ms
[2019-07-24T17:28:04.003-0300][511.123s][info][gc,phases,start] GC(384) Summary Phase
[2019-07-24T17:28:04.003-0300][511.123s][info][gc,phases      ] GC(384) Summary Phase 0.023ms
[2019-07-24T17:28:04.003-0300][511.123s][info][gc,phases,start] GC(384) Adjust Roots
[2019-07-24T17:28:04.004-0300][511.124s][info][gc,phases      ] GC(384) Adjust Roots 1.602ms
[2019-07-24T17:28:04.004-0300][511.124s][info][gc,phases,start] GC(384) Compaction Phase
[2019-07-24T17:28:04.297-0300][511.417s][info][gc,phases      ] GC(384) Compaction Phase 292.566ms
[2019-07-24T17:28:04.297-0300][511.417s][info][gc,phases,start] GC(384) Post Compact
[2019-07-24T17:28:04.298-0300][511.418s][info][gc,phases      ] GC(384) Post Compact 0.767ms
[2019-07-24T17:28:04.298-0300][511.418s][info][gc,heap        ] GC(384) PSYoungGen: 131584K->131584K(153088K)
[2019-07-24T17:28:04.298-0300][511.418s][info][gc,heap        ] GC(384) ParOldGen: 297413K->297413K(349696K)
[2019-07-24T17:28:04.298-0300][511.418s][info][gc,metaspace   ] GC(384) Metaspace: 13302K->13302K(1062912K)
[2019-07-24T17:28:04.298-0300][511.418s][info][gc             ] GC(384) Pause Full (Ergonomics) 418M->418M(491M) 1028.506ms
[2019-07-24T17:28:04.298-0300][511.418s][info][gc,cpu         ] GC(384) User=3.48s Sys=0.01s Real=1.02s
[2019-07-24T17:28:04.298-0300][511.418s][info][gc,start       ] GC(385) Pause Full (Ergonomics)
[2019-07-24T17:28:04.298-0300][511.418s][info][gc,phases,start] GC(385) Marking Phase
[2019-07-24T17:28:05.030-0300][512.149s][info][gc,phases      ] GC(385) Marking Phase 731.181ms
[2019-07-24T17:28:05.030-0300][512.149s][info][gc,phases,start] GC(385) Summary Phase
[2019-07-24T17:28:05.030-0300][512.149s][info][gc,phases      ] GC(385) Summary Phase 0.020ms
[2019-07-24T17:28:05.030-0300][512.149s][info][gc,phases,start] GC(385) Adjust Roots
[2019-07-24T17:28:05.031-0300][512.151s][info][gc,phases      ] GC(385) Adjust Roots 1.527ms
[2019-07-24T17:28:05.031-0300][512.151s][info][gc,phases,start] GC(385) Compaction Phase
[2019-07-24T17:28:05.333-0300][512.453s][info][gc,phases      ] GC(385) Compaction Phase 301.986ms
[2019-07-24T17:28:05.333-0300][512.453s][info][gc,phases,start] GC(385) Post Compact
[2019-07-24T17:28:05.334-0300][512.454s][info][gc,phases      ] GC(385) Post Compact 0.768ms
[2019-07-24T17:28:05.334-0300][512.454s][info][gc,heap        ] GC(385) PSYoungGen: 131584K->131584K(153088K)
[2019-07-24T17:28:05.334-0300][512.454s][info][gc,heap        ] GC(385) ParOldGen: 297416K->297414K(349696K)
[2019-07-24T17:28:05.334-0300][512.454s][info][gc,metaspace   ] GC(385) Metaspace: 13302K->13302K(1062912K)
[2019-07-24T17:28:05.334-0300][512.454s][info][gc             ] GC(385) Pause Full (Ergonomics) 418M->418M(491M) 1035.775ms
[2019-07-24T17:28:05.334-0300][512.454s][info][gc,cpu         ] GC(385) User=3.47s Sys=0.01s Real=1.04s
[2019-07-24T17:28:05.334-0300][512.454s][info][gc,start       ] GC(386) Pause Full (Ergonomics)
[2019-07-24T17:28:05.334-0300][512.454s][info][gc,phases,start] GC(386) Marking Phase
[2019-07-24T17:28:06.068-0300][513.188s][info][gc,phases      ] GC(386) Marking Phase 733.908ms
[2019-07-24T17:28:06.068-0300][513.188s][info][gc,phases,start] GC(386) Summary Phase
[2019-07-24T17:28:06.068-0300][513.188s][info][gc,phases      ] GC(386) Summary Phase 0.022ms
[2019-07-24T17:28:06.068-0300][513.188s][info][gc,phases,start] GC(386) Adjust Roots
[2019-07-24T17:28:06.070-0300][513.190s][info][gc,phases      ] GC(386) Adjust Roots 1.700ms
[2019-07-24T17:28:06.070-0300][513.190s][info][gc,phases,start] GC(386) Compaction Phase
[2019-07-24T17:28:06.361-0300][513.481s][info][gc,phases      ] GC(386) Compaction Phase 291.134ms
[2019-07-24T17:28:06.361-0300][513.481s][info][gc,phases,start] GC(386) Post Compact
[2019-07-24T17:28:06.362-0300][513.482s][info][gc,phases      ] GC(386) Post Compact 0.780ms
[2019-07-24T17:28:06.362-0300][513.482s][info][gc,heap        ] GC(386) PSYoungGen: 131584K->131584K(153088K)
[2019-07-24T17:28:06.362-0300][513.482s][info][gc,heap        ] GC(386) ParOldGen: 297416K->297416K(349696K)
[2019-07-24T17:28:06.362-0300][513.482s][info][gc,metaspace   ] GC(386) Metaspace: 13302K->13302K(1062912K)
[2019-07-24T17:28:06.362-0300][513.482s][info][gc             ] GC(386) Pause Full (Ergonomics) 418M->418M(491M) 1027.855ms
[2019-07-24T17:28:06.362-0300][513.482s][info][gc,cpu         ] GC(386) User=3.47s Sys=0.02s Real=1.03s
[2019-07-24T17:28:06.363-0300][513.482s][info][gc,start       ] GC(387) Pause Full (Ergonomics)
[2019-07-24T17:28:06.363-0300][513.482s][info][gc,phases,start] GC(387) Marking Phase
[2019-07-24T17:28:07.109-0300][514.228s][info][gc,phases      ] GC(387) Marking Phase 745.943ms
[2019-07-24T17:28:07.109-0300][514.228s][info][gc,phases,start] GC(387) Summary Phase
[2019-07-24T17:28:07.109-0300][514.228s][info][gc,phases      ] GC(387) Summary Phase 0.019ms
[2019-07-24T17:28:07.109-0300][514.228s][info][gc,phases,start] GC(387) Adjust Roots
[2019-07-24T17:28:07.110-0300][514.230s][info][gc,phases      ] GC(387) Adjust Roots 1.780ms
[2019-07-24T17:28:07.110-0300][514.230s][info][gc,phases,start] GC(387) Compaction Phase
[2019-07-24T17:28:07.559-0300][514.679s][info][gc,phases      ] GC(387) Compaction Phase 448.349ms
[2019-07-24T17:28:07.559-0300][514.679s][info][gc,phases,start] GC(387) Post Compact
[2019-07-24T17:28:07.560-0300][514.680s][info][gc,phases      ] GC(387) Post Compact 0.869ms
[2019-07-24T17:28:07.560-0300][514.680s][info][gc,heap        ] GC(387) PSYoungGen: 131584K->131584K(153088K)
[2019-07-24T17:28:07.560-0300][514.680s][info][gc,heap        ] GC(387) ParOldGen: 297417K->297417K(349696K)
[2019-07-24T17:28:07.560-0300][514.680s][info][gc,metaspace   ] GC(387) Metaspace: 13302K->13302K(1062912K)
[2019-07-24T17:28:07.560-0300][514.680s][info][gc             ] GC(387) Pause Full (Ergonomics) 418M->418M(491M) 1197.341ms
[2019-07-24T17:28:07.560-0300][514.680s][info][gc,cpu         ] GC(387) User=4.05s Sys=0.01s Real=1.20s
[2019-07-24T17:28:07.560-0300][514.680s][info][gc,start       ] GC(388) Pause Full (Ergonomics)
[2019-07-24T17:28:07.560-0300][514.680s][info][gc,phases,start] GC(388) Marking Phase
[2019-07-24T17:28:08.308-0300][515.428s][info][gc,phases      ] GC(388) Marking Phase 748.200ms
[2019-07-24T17:28:08.308-0300][515.428s][info][gc,phases,start] GC(388) Summary Phase
[2019-07-24T17:28:08.308-0300][515.428s][info][gc,phases      ] GC(388) Summary Phase 0.019ms
[2019-07-24T17:28:08.308-0300][515.428s][info][gc,phases,start] GC(388) Adjust Roots
[2019-07-24T17:28:08.310-0300][515.430s][info][gc,phases      ] GC(388) Adjust Roots 1.695ms
[2019-07-24T17:28:08.310-0300][515.430s][info][gc,phases,start] GC(388) Compaction Phase
[2019-07-24T17:28:08.614-0300][515.734s][info][gc,phases      ] GC(388) Compaction Phase 303.806ms
[2019-07-24T17:28:08.614-0300][515.734s][info][gc,phases,start] GC(388) Post Compact
[2019-07-24T17:28:08.615-0300][515.735s][info][gc,phases      ] GC(388) Post Compact 0.981ms
[2019-07-24T17:28:08.615-0300][515.735s][info][gc,heap        ] GC(388) PSYoungGen: 131584K->131583K(153088K)
[2019-07-24T17:28:08.615-0300][515.735s][info][gc,heap        ] GC(388) ParOldGen: 297418K->297404K(349696K)
[2019-07-24T17:28:08.615-0300][515.735s][info][gc,metaspace   ] GC(388) Metaspace: 13303K->13303K(1062912K)
[2019-07-24T17:28:08.615-0300][515.735s][info][gc             ] GC(388) Pause Full (Ergonomics) 418M->418M(491M) 1055.074ms
[2019-07-24T17:28:08.615-0300][515.735s][info][gc,cpu         ] GC(388) User=3.49s Sys=0.02s Real=1.05s
[2019-07-24T17:28:08.616-0300][515.735s][info][gc,start       ] GC(389) Pause Full (Ergonomics)
[2019-07-24T17:28:08.616-0300][515.735s][info][gc,phases,start] GC(389) Marking Phase
[2019-07-24T17:28:09.379-0300][516.499s][info][gc,phases      ] GC(389) Marking Phase 763.305ms
[2019-07-24T17:28:09.379-0300][516.499s][info][gc,phases,start] GC(389) Summary Phase
[2019-07-24T17:28:09.379-0300][516.499s][info][gc,phases      ] GC(389) Summary Phase 0.020ms
[2019-07-24T17:28:09.379-0300][516.499s][info][gc,phases,start] GC(389) Adjust Roots
[2019-07-24T17:28:09.381-0300][516.500s][info][gc,phases      ] GC(389) Adjust Roots 1.695ms
[2019-07-24T17:28:09.381-0300][516.500s][info][gc,phases,start] GC(389) Compaction Phase
[2019-07-24T17:28:09.680-0300][516.800s][info][gc,phases      ] GC(389) Compaction Phase 299.218ms
[2019-07-24T17:28:09.680-0300][516.800s][info][gc,phases,start] GC(389) Post Compact
[2019-07-24T17:28:09.681-0300][516.801s][info][gc,phases      ] GC(389) Post Compact 0.776ms
[2019-07-24T17:28:09.681-0300][516.801s][info][gc,heap        ] GC(389) PSYoungGen: 131583K->131583K(153088K)
[2019-07-24T17:28:09.681-0300][516.801s][info][gc,heap        ] GC(389) ParOldGen: 297404K->297404K(349696K)
[2019-07-24T17:28:09.681-0300][516.801s][info][gc,metaspace   ] GC(389) Metaspace: 13303K->13303K(1062912K)
[2019-07-24T17:28:09.681-0300][516.801s][info][gc             ] GC(389) Pause Full (Ergonomics) 418M->418M(491M) 1065.332ms
[2019-07-24T17:28:09.681-0300][516.801s][info][gc,cpu         ] GC(389) User=3.51s Sys=0.01s Real=1.07s
[2019-07-24T17:28:09.681-0300][516.801s][info][gc,start       ] GC(390) Pause Full (Ergonomics)
[2019-07-24T17:28:09.681-0300][516.801s][info][gc,phases,start] GC(390) Marking Phase
[2019-07-24T17:28:10.417-0300][517.537s][info][gc,phases      ] GC(390) Marking Phase 735.584ms
[2019-07-24T17:28:10.417-0300][517.537s][info][gc,phases,start] GC(390) Summary Phase
[2019-07-24T17:28:10.417-0300][517.537s][info][gc,phases      ] GC(390) Summary Phase 0.019ms
[2019-07-24T17:28:10.417-0300][517.537s][info][gc,phases,start] GC(390) Adjust Roots
[2019-07-24T17:28:10.419-0300][517.538s][info][gc,phases      ] GC(390) Adjust Roots 1.624ms
[2019-07-24T17:28:10.419-0300][517.538s][info][gc,phases,start] GC(390) Compaction Phase
[2019-07-24T17:28:10.716-0300][517.836s][info][gc,phases      ] GC(390) Compaction Phase 297.446ms
[2019-07-24T17:28:10.716-0300][517.836s][info][gc,phases,start] GC(390) Post Compact
[2019-07-24T17:28:10.717-0300][517.837s][info][gc,phases      ] GC(390) Post Compact 0.748ms
[2019-07-24T17:28:10.717-0300][517.837s][info][gc,heap        ] GC(390) PSYoungGen: 131583K->131583K(153088K)
[2019-07-24T17:28:10.717-0300][517.837s][info][gc,heap        ] GC(390) ParOldGen: 297406K->297403K(349696K)
[2019-07-24T17:28:10.717-0300][517.837s][info][gc,metaspace   ] GC(390) Metaspace: 13303K->13303K(1062912K)
[2019-07-24T17:28:10.717-0300][517.837s][info][gc             ] GC(390) Pause Full (Ergonomics) 418M->418M(491M) 1035.702ms
[2019-07-24T17:28:10.717-0300][517.837s][info][gc,cpu         ] GC(390) User=3.48s Sys=0.02s Real=1.03s
[2019-07-24T17:28:10.717-0300][517.837s][info][gc,start       ] GC(391) Pause Full (Ergonomics)
[2019-07-24T17:28:10.717-0300][517.837s][info][gc,phases,start] GC(391) Marking Phase
[2019-07-24T17:28:11.465-0300][518.585s][info][gc,phases      ] GC(391) Marking Phase 747.841ms
[2019-07-24T17:28:11.465-0300][518.585s][info][gc,phases,start] GC(391) Summary Phase
[2019-07-24T17:28:11.465-0300][518.585s][info][gc,phases      ] GC(391) Summary Phase 0.020ms
[2019-07-24T17:28:11.465-0300][518.585s][info][gc,phases,start] GC(391) Adjust Roots
[2019-07-24T17:28:11.467-0300][518.587s][info][gc,phases      ] GC(391) Adjust Roots 1.633ms
[2019-07-24T17:28:11.467-0300][518.587s][info][gc,phases,start] GC(391) Compaction Phase
[2019-07-24T17:28:11.760-0300][518.880s][info][gc,phases      ] GC(391) Compaction Phase 293.452ms
[2019-07-24T17:28:11.760-0300][518.880s][info][gc,phases,start] GC(391) Post Compact
[2019-07-24T17:28:11.761-0300][518.881s][info][gc,phases      ] GC(391) Post Compact 0.742ms
[2019-07-24T17:28:11.761-0300][518.881s][info][gc,heap        ] GC(391) PSYoungGen: 131583K->131583K(153088K)
[2019-07-24T17:28:11.761-0300][518.881s][info][gc,heap        ] GC(391) ParOldGen: 297405K->297387K(349696K)
[2019-07-24T17:28:11.761-0300][518.881s][info][gc,metaspace   ] GC(391) Metaspace: 13303K->13303K(1062912K)
[2019-07-24T17:28:11.761-0300][518.881s][info][gc             ] GC(391) Pause Full (Ergonomics) 418M->418M(491M) 1043.960ms
[2019-07-24T17:28:11.761-0300][518.881s][info][gc,cpu         ] GC(391) User=3.50s Sys=0.01s Real=1.05s
[2019-07-24T17:28:11.763-0300][518.882s][info][gc,start       ] GC(392) Pause Full (Ergonomics)
[2019-07-24T17:28:11.763-0300][518.882s][info][gc,phases,start] GC(392) Marking Phase
[2019-07-24T17:28:12.503-0300][519.622s][info][gc,phases      ] GC(392) Marking Phase 740.155ms
[2019-07-24T17:28:12.503-0300][519.623s][info][gc,phases,start] GC(392) Summary Phase
[2019-07-24T17:28:12.503-0300][519.623s][info][gc,phases      ] GC(392) Summary Phase 0.019ms
[2019-07-24T17:28:12.503-0300][519.623s][info][gc,phases,start] GC(392) Adjust Roots
[2019-07-24T17:28:12.505-0300][519.624s][info][gc,phases      ] GC(392) Adjust Roots 1.695ms
[2019-07-24T17:28:12.505-0300][519.624s][info][gc,phases,start] GC(392) Compaction Phase
[2019-07-24T17:28:12.802-0300][519.922s][info][gc,phases      ] GC(392) Compaction Phase 297.558ms
[2019-07-24T17:28:12.802-0300][519.922s][info][gc,phases,start] GC(392) Post Compact
[2019-07-24T17:28:12.803-0300][519.923s][info][gc,phases      ] GC(392) Post Compact 0.733ms
[2019-07-24T17:28:12.803-0300][519.923s][info][gc,heap        ] GC(392) PSYoungGen: 131583K->131583K(153088K)
[2019-07-24T17:28:12.803-0300][519.923s][info][gc,heap        ] GC(392) ParOldGen: 297389K->297389K(349696K)
[2019-07-24T17:28:12.803-0300][519.923s][info][gc,metaspace   ] GC(392) Metaspace: 13303K->13303K(1062912K)
[2019-07-24T17:28:12.803-0300][519.923s][info][gc             ] GC(392) Pause Full (Ergonomics) 418M->418M(491M) 1040.481ms
[2019-07-24T17:28:12.803-0300][519.923s][info][gc,cpu         ] GC(392) User=3.48s Sys=0.01s Real=1.04s
[2019-07-24T17:28:12.803-0300][519.923s][info][gc,start       ] GC(393) Pause Full (Ergonomics)
[2019-07-24T17:28:12.803-0300][519.923s][info][gc,phases,start] GC(393) Marking Phase
[2019-07-24T17:28:13.557-0300][520.677s][info][gc,phases      ] GC(393) Marking Phase 753.594ms
[2019-07-24T17:28:13.557-0300][520.677s][info][gc,phases,start] GC(393) Summary Phase
[2019-07-24T17:28:13.557-0300][520.677s][info][gc,phases      ] GC(393) Summary Phase 0.020ms
[2019-07-24T17:28:13.557-0300][520.677s][info][gc,phases,start] GC(393) Adjust Roots
[2019-07-24T17:28:13.559-0300][520.678s][info][gc,phases      ] GC(393) Adjust Roots 1.639ms
[2019-07-24T17:28:13.559-0300][520.678s][info][gc,phases,start] GC(393) Compaction Phase
[2019-07-24T17:28:13.850-0300][520.970s][info][gc,phases      ] GC(393) Compaction Phase 291.375ms
[2019-07-24T17:28:13.850-0300][520.970s][info][gc,phases,start] GC(393) Post Compact
[2019-07-24T17:28:13.851-0300][520.971s][info][gc,phases      ] GC(393) Post Compact 0.752ms
[2019-07-24T17:28:13.851-0300][520.971s][info][gc,heap        ] GC(393) PSYoungGen: 131583K->131583K(153088K)
[2019-07-24T17:28:13.851-0300][520.971s][info][gc,heap        ] GC(393) ParOldGen: 297390K->297387K(349696K)
[2019-07-24T17:28:13.851-0300][520.971s][info][gc,metaspace   ] GC(393) Metaspace: 13303K->13303K(1062912K)
[2019-07-24T17:28:13.851-0300][520.971s][info][gc             ] GC(393) Pause Full (Ergonomics) 418M->418M(491M) 1047.674ms
[2019-07-24T17:28:13.851-0300][520.971s][info][gc,cpu         ] GC(393) User=3.52s Sys=0.02s Real=1.05s
[2019-07-24T17:28:13.851-0300][520.971s][info][gc,start       ] GC(394) Pause Full (Ergonomics)
[2019-07-24T17:28:13.851-0300][520.971s][info][gc,phases,start] GC(394) Marking Phase
[2019-07-24T17:28:14.602-0300][521.721s][info][gc,phases      ] GC(394) Marking Phase 750.383ms
[2019-07-24T17:28:14.602-0300][521.721s][info][gc,phases,start] GC(394) Summary Phase
[2019-07-24T17:28:14.602-0300][521.721s][info][gc,phases      ] GC(394) Summary Phase 0.018ms
[2019-07-24T17:28:14.602-0300][521.721s][info][gc,phases,start] GC(394) Adjust Roots
[2019-07-24T17:28:14.603-0300][521.723s][info][gc,phases      ] GC(394) Adjust Roots 1.570ms
[2019-07-24T17:28:14.603-0300][521.723s][info][gc,phases,start] GC(394) Compaction Phase
[2019-07-24T17:28:14.893-0300][522.012s][info][gc,phases      ] GC(394) Compaction Phase 289.075ms
[2019-07-24T17:28:14.893-0300][522.012s][info][gc,phases,start] GC(394) Post Compact
[2019-07-24T17:28:14.893-0300][522.013s][info][gc,phases      ] GC(394) Post Compact 0.744ms
[2019-07-24T17:28:14.893-0300][522.013s][info][gc,heap        ] GC(394) PSYoungGen: 131583K->131583K(153088K)
[2019-07-24T17:28:14.893-0300][522.013s][info][gc,heap        ] GC(394) ParOldGen: 297389K->297388K(349696K)
[2019-07-24T17:28:14.893-0300][522.013s][info][gc,metaspace   ] GC(394) Metaspace: 13303K->13303K(1062912K)
[2019-07-24T17:28:14.893-0300][522.013s][info][gc             ] GC(394) Pause Full (Ergonomics) 418M->418M(491M) 1042.097ms
[2019-07-24T17:28:14.893-0300][522.013s][info][gc,cpu         ] GC(394) User=3.50s Sys=0.01s Real=1.04s
[2019-07-24T17:28:14.894-0300][522.013s][info][gc,start       ] GC(395) Pause Full (Ergonomics)
[2019-07-24T17:28:14.894-0300][522.013s][info][gc,phases,start] GC(395) Marking Phase
[2019-07-24T17:28:15.644-0300][522.764s][info][gc,phases      ] GC(395) Marking Phase 750.672ms
[2019-07-24T17:28:15.644-0300][522.764s][info][gc,phases,start] GC(395) Summary Phase
[2019-07-24T17:28:15.645-0300][522.764s][info][gc,phases      ] GC(395) Summary Phase 0.018ms
[2019-07-24T17:28:15.645-0300][522.764s][info][gc,phases,start] GC(395) Adjust Roots
[2019-07-24T17:28:15.646-0300][522.766s][info][gc,phases      ] GC(395) Adjust Roots 1.501ms
[2019-07-24T17:28:15.646-0300][522.766s][info][gc,phases,start] GC(395) Compaction Phase
[2019-07-24T17:28:15.933-0300][523.053s][info][gc,phases      ] GC(395) Compaction Phase 287.330ms
[2019-07-24T17:28:15.933-0300][523.053s][info][gc,phases,start] GC(395) Post Compact
[2019-07-24T17:28:15.934-0300][523.054s][info][gc,phases      ] GC(395) Post Compact 0.748ms
[2019-07-24T17:28:15.934-0300][523.054s][info][gc,heap        ] GC(395) PSYoungGen: 131583K->131583K(153088K)
[2019-07-24T17:28:15.934-0300][523.054s][info][gc,heap        ] GC(395) ParOldGen: 297389K->297389K(349696K)
[2019-07-24T17:28:15.934-0300][523.054s][info][gc,metaspace   ] GC(395) Metaspace: 13303K->13303K(1062912K)
[2019-07-24T17:28:15.934-0300][523.054s][info][gc             ] GC(395) Pause Full (Ergonomics) 418M->418M(491M) 1040.573ms
[2019-07-24T17:28:15.934-0300][523.054s][info][gc,cpu         ] GC(395) User=3.49s Sys=0.01s Real=1.04s
[2019-07-24T17:28:15.935-0300][523.054s][info][gc,start       ] GC(396) Pause Full (Ergonomics)
[2019-07-24T17:28:15.935-0300][523.054s][info][gc,phases,start] GC(396) Marking Phase
[2019-07-24T17:28:16.676-0300][523.796s][info][gc,phases      ] GC(396) Marking Phase 741.803ms
[2019-07-24T17:28:16.677-0300][523.796s][info][gc,phases,start] GC(396) Summary Phase
[2019-07-24T17:28:16.677-0300][523.796s][info][gc,phases      ] GC(396) Summary Phase 0.020ms
[2019-07-24T17:28:16.677-0300][523.796s][info][gc,phases,start] GC(396) Adjust Roots
[2019-07-24T17:28:16.678-0300][523.798s][info][gc,phases      ] GC(396) Adjust Roots 1.610ms
[2019-07-24T17:28:16.678-0300][523.798s][info][gc,phases,start] GC(396) Compaction Phase
[2019-07-24T17:28:16.968-0300][524.088s][info][gc,phases      ] GC(396) Compaction Phase 290.048ms
[2019-07-24T17:28:16.968-0300][524.088s][info][gc,phases,start] GC(396) Post Compact
[2019-07-24T17:28:16.969-0300][524.089s][info][gc,phases      ] GC(396) Post Compact 0.756ms
[2019-07-24T17:28:16.969-0300][524.089s][info][gc,heap        ] GC(396) PSYoungGen: 131583K->131583K(153088K)
[2019-07-24T17:28:16.969-0300][524.089s][info][gc,heap        ] GC(396) ParOldGen: 297391K->297391K(349696K)
[2019-07-24T17:28:16.969-0300][524.089s][info][gc,metaspace   ] GC(396) Metaspace: 13303K->13303K(1062912K)
[2019-07-24T17:28:16.969-0300][524.089s][info][gc             ] GC(396) Pause Full (Ergonomics) 418M->418M(491M) 1034.527ms
[2019-07-24T17:28:16.969-0300][524.089s][info][gc,cpu         ] GC(396) User=3.47s Sys=0.02s Real=1.03s
[2019-07-24T17:28:16.969-0300][524.089s][info][gc,start       ] GC(397) Pause Full (Ergonomics)
[2019-07-24T17:28:16.969-0300][524.089s][info][gc,phases,start] GC(397) Marking Phase
[2019-07-24T17:28:17.714-0300][524.833s][info][gc,phases      ] GC(397) Marking Phase 744.459ms
[2019-07-24T17:28:17.714-0300][524.834s][info][gc,phases,start] GC(397) Summary Phase
[2019-07-24T17:28:17.714-0300][524.834s][info][gc,phases      ] GC(397) Summary Phase 0.020ms
[2019-07-24T17:28:17.714-0300][524.834s][info][gc,phases,start] GC(397) Adjust Roots
[2019-07-24T17:28:17.716-0300][524.836s][info][gc,phases      ] GC(397) Adjust Roots 2.127ms
[2019-07-24T17:28:17.716-0300][524.836s][info][gc,phases,start] GC(397) Compaction Phase
[2019-07-24T17:28:18.156-0300][525.275s][info][gc,phases      ] GC(397) Compaction Phase 439.459ms
[2019-07-24T17:28:18.156-0300][525.275s][info][gc,phases,start] GC(397) Post Compact
[2019-07-24T17:28:18.157-0300][525.276s][info][gc,phases      ] GC(397) Post Compact 0.814ms
[2019-07-24T17:28:18.157-0300][525.276s][info][gc,heap        ] GC(397) PSYoungGen: 131583K->131583K(153088K)
[2019-07-24T17:28:18.157-0300][525.276s][info][gc,heap        ] GC(397) ParOldGen: 297394K->297393K(349696K)
[2019-07-24T17:28:18.157-0300][525.276s][info][gc,metaspace   ] GC(397) Metaspace: 13303K->13303K(1062912K)
[2019-07-24T17:28:18.157-0300][525.276s][info][gc             ] GC(397) Pause Full (Ergonomics) 418M->418M(491M) 1187.216ms
[2019-07-24T17:28:18.157-0300][525.276s][info][gc,cpu         ] GC(397) User=4.03s Sys=0.01s Real=1.19s
[2019-07-24T17:28:18.157-0300][525.276s][info][gc,start       ] GC(398) Pause Full (Ergonomics)
[2019-07-24T17:28:18.157-0300][525.276s][info][gc,phases,start] GC(398) Marking Phase
[2019-07-24T17:28:18.908-0300][526.027s][info][gc,phases      ] GC(398) Marking Phase 750.963ms
[2019-07-24T17:28:18.908-0300][526.028s][info][gc,phases,start] GC(398) Summary Phase
[2019-07-24T17:28:18.908-0300][526.028s][info][gc,phases      ] GC(398) Summary Phase 0.019ms
[2019-07-24T17:28:18.908-0300][526.028s][info][gc,phases,start] GC(398) Adjust Roots
[2019-07-24T17:28:18.910-0300][526.029s][info][gc,phases      ] GC(398) Adjust Roots 1.642ms
[2019-07-24T17:28:18.910-0300][526.029s][info][gc,phases,start] GC(398) Compaction Phase
[2019-07-24T17:28:19.202-0300][526.322s][info][gc,phases      ] GC(398) Compaction Phase 292.606ms
[2019-07-24T17:28:19.202-0300][526.322s][info][gc,phases,start] GC(398) Post Compact
[2019-07-24T17:28:19.203-0300][526.323s][info][gc,phases      ] GC(398) Post Compact 0.751ms
[2019-07-24T17:28:19.203-0300][526.323s][info][gc,heap        ] GC(398) PSYoungGen: 131583K->131583K(153088K)
[2019-07-24T17:28:19.203-0300][526.323s][info][gc,heap        ] GC(398) ParOldGen: 297395K->297395K(349696K)
[2019-07-24T17:28:19.203-0300][526.323s][info][gc,metaspace   ] GC(398) Metaspace: 13303K->13303K(1062912K)
[2019-07-24T17:28:19.203-0300][526.323s][info][gc             ] GC(398) Pause Full (Ergonomics) 418M->418M(491M) 1046.272ms
[2019-07-24T17:28:19.203-0300][526.323s][info][gc,cpu         ] GC(398) User=3.53s Sys=0.02s Real=1.05s
[2019-07-24T17:28:19.204-0300][526.323s][info][gc,start       ] GC(399) Pause Full (Ergonomics)
[2019-07-24T17:28:19.204-0300][526.323s][info][gc,phases,start] GC(399) Marking Phase
[2019-07-24T17:28:19.940-0300][527.059s][info][gc,phases      ] GC(399) Marking Phase 736.054ms
[2019-07-24T17:28:19.940-0300][527.059s][info][gc,phases,start] GC(399) Summary Phase
[2019-07-24T17:28:19.940-0300][527.059s][info][gc,phases      ] GC(399) Summary Phase 0.021ms
[2019-07-24T17:28:19.940-0300][527.059s][info][gc,phases,start] GC(399) Adjust Roots
[2019-07-24T17:28:19.941-0300][527.061s][info][gc,phases      ] GC(399) Adjust Roots 1.647ms
[2019-07-24T17:28:19.941-0300][527.061s][info][gc,phases,start] GC(399) Compaction Phase
[2019-07-24T17:28:20.236-0300][527.355s][info][gc,phases      ] GC(399) Compaction Phase 294.406ms
[2019-07-24T17:28:20.236-0300][527.355s][info][gc,phases,start] GC(399) Post Compact
[2019-07-24T17:28:20.237-0300][527.356s][info][gc,phases      ] GC(399) Post Compact 0.774ms
[2019-07-24T17:28:20.237-0300][527.356s][info][gc,heap        ] GC(399) PSYoungGen: 131583K->131583K(153088K)
[2019-07-24T17:28:20.237-0300][527.356s][info][gc,heap        ] GC(399) ParOldGen: 297396K->297396K(349696K)
[2019-07-24T17:28:20.237-0300][527.356s][info][gc,metaspace   ] GC(399) Metaspace: 13303K->13303K(1062912K)
[2019-07-24T17:28:20.237-0300][527.356s][info][gc             ] GC(399) Pause Full (Ergonomics) 418M->418M(491M) 1033.205ms
[2019-07-24T17:28:20.237-0300][527.356s][info][gc,cpu         ] GC(399) User=3.48s Sys=0.01s Real=1.03s
[2019-07-24T17:28:20.237-0300][527.357s][info][gc,start       ] GC(400) Pause Full (Ergonomics)
[2019-07-24T17:28:20.237-0300][527.357s][info][gc,phases,start] GC(400) Marking Phase
[2019-07-24T17:28:20.994-0300][528.114s][info][gc,phases      ] GC(400) Marking Phase 757.122ms
[2019-07-24T17:28:20.994-0300][528.114s][info][gc,phases,start] GC(400) Summary Phase
[2019-07-24T17:28:20.994-0300][528.114s][info][gc,phases      ] GC(400) Summary Phase 0.019ms
[2019-07-24T17:28:20.994-0300][528.114s][info][gc,phases,start] GC(400) Adjust Roots
[2019-07-24T17:28:20.996-0300][528.115s][info][gc,phases      ] GC(400) Adjust Roots 1.664ms
[2019-07-24T17:28:20.996-0300][528.115s][info][gc,phases,start] GC(400) Compaction Phase
[2019-07-24T17:28:21.293-0300][528.413s][info][gc,phases      ] GC(400) Compaction Phase 297.312ms
[2019-07-24T17:28:21.293-0300][528.413s][info][gc,phases,start] GC(400) Post Compact
[2019-07-24T17:28:21.294-0300][528.414s][info][gc,phases      ] GC(400) Post Compact 0.809ms
[2019-07-24T17:28:21.294-0300][528.414s][info][gc,heap        ] GC(400) PSYoungGen: 131583K->131583K(153088K)
[2019-07-24T17:28:21.294-0300][528.414s][info][gc,heap        ] GC(400) ParOldGen: 297398K->297398K(349696K)
[2019-07-24T17:28:21.294-0300][528.414s][info][gc,metaspace   ] GC(400) Metaspace: 13303K->13303K(1062912K)
[2019-07-24T17:28:21.294-0300][528.414s][info][gc             ] GC(400) Pause Full (Ergonomics) 418M->418M(491M) 1057.220ms
[2019-07-24T17:28:21.294-0300][528.414s][info][gc,cpu         ] GC(400) User=3.56s Sys=0.01s Real=1.06s
[2019-07-24T17:28:21.295-0300][528.414s][info][gc,start       ] GC(401) Pause Full (Ergonomics)
[2019-07-24T17:28:21.295-0300][528.414s][info][gc,phases,start] GC(401) Marking Phase
[2019-07-24T17:28:22.077-0300][529.196s][info][gc,phases      ] GC(401) Marking Phase 782.350ms
[2019-07-24T17:28:22.079-0300][529.198s][info][gc,phases,start] GC(401) Summary Phase
[2019-07-24T17:28:22.079-0300][529.198s][info][gc,phases      ] GC(401) Summary Phase 0.053ms
[2019-07-24T17:28:22.079-0300][529.198s][info][gc,phases,start] GC(401) Adjust Roots
[2019-07-24T17:28:22.081-0300][529.200s][info][gc,phases      ] GC(401) Adjust Roots 1.735ms
[2019-07-24T17:28:22.081-0300][529.200s][info][gc,phases,start] GC(401) Compaction Phase
[2019-07-24T17:28:22.381-0300][529.500s][info][gc,phases      ] GC(401) Compaction Phase 299.935ms
[2019-07-24T17:28:22.381-0300][529.500s][info][gc,phases,start] GC(401) Post Compact
[2019-07-24T17:28:22.381-0300][529.501s][info][gc,phases      ] GC(401) Post Compact 0.740ms
[2019-07-24T17:28:22.382-0300][529.501s][info][gc,heap        ] GC(401) PSYoungGen: 131583K->131583K(153088K)
[2019-07-24T17:28:22.382-0300][529.501s][info][gc,heap        ] GC(401) ParOldGen: 297400K->297400K(349696K)
[2019-07-24T17:28:22.382-0300][529.501s][info][gc,metaspace   ] GC(401) Metaspace: 13303K->13303K(1062912K)
[2019-07-24T17:28:22.382-0300][529.501s][info][gc             ] GC(401) Pause Full (Ergonomics) 418M->418M(491M) 1086.810ms
[2019-07-24T17:28:22.382-0300][529.501s][info][gc,cpu         ] GC(401) User=3.50s Sys=0.02s Real=1.09s
[2019-07-24T17:28:22.382-0300][529.501s][info][gc,start       ] GC(402) Pause Full (Ergonomics)
[2019-07-24T17:28:22.382-0300][529.501s][info][gc,phases,start] GC(402) Marking Phase
[2019-07-24T17:28:23.120-0300][530.239s][info][gc,phases      ] GC(402) Marking Phase 737.949ms
[2019-07-24T17:28:23.120-0300][530.239s][info][gc,phases,start] GC(402) Summary Phase
[2019-07-24T17:28:23.120-0300][530.239s][info][gc,phases      ] GC(402) Summary Phase 0.023ms
[2019-07-24T17:28:23.120-0300][530.239s][info][gc,phases,start] GC(402) Adjust Roots
[2019-07-24T17:28:23.123-0300][530.242s][info][gc,phases      ] GC(402) Adjust Roots 3.088ms
[2019-07-24T17:28:23.123-0300][530.243s][info][gc,phases,start] GC(402) Compaction Phase
[2019-07-24T17:28:23.415-0300][530.535s][info][gc,phases      ] GC(402) Compaction Phase 292.090ms
[2019-07-24T17:28:23.415-0300][530.535s][info][gc,phases,start] GC(402) Post Compact
[2019-07-24T17:28:23.416-0300][530.536s][info][gc,phases      ] GC(402) Post Compact 0.752ms
[2019-07-24T17:28:23.416-0300][530.536s][info][gc,heap        ] GC(402) PSYoungGen: 131583K->131583K(153088K)
[2019-07-24T17:28:23.416-0300][530.536s][info][gc,heap        ] GC(402) ParOldGen: 297401K->297401K(349696K)
[2019-07-24T17:28:23.416-0300][530.536s][info][gc,metaspace   ] GC(402) Metaspace: 13303K->13303K(1062912K)
[2019-07-24T17:28:23.416-0300][530.536s][info][gc             ] GC(402) Pause Full (Ergonomics) 418M->418M(491M) 1034.497ms
[2019-07-24T17:28:23.416-0300][530.536s][info][gc,cpu         ] GC(402) User=3.50s Sys=0.01s Real=1.03s
[2019-07-24T17:28:23.417-0300][530.536s][info][gc,start       ] GC(403) Pause Full (Ergonomics)
[2019-07-24T17:28:23.417-0300][530.536s][info][gc,phases,start] GC(403) Marking Phase
[2019-07-24T17:28:24.179-0300][531.298s][info][gc,phases      ] GC(403) Marking Phase 762.149ms
[2019-07-24T17:28:24.179-0300][531.298s][info][gc,phases,start] GC(403) Summary Phase
[2019-07-24T17:28:24.179-0300][531.298s][info][gc,phases      ] GC(403) Summary Phase 0.023ms
[2019-07-24T17:28:24.179-0300][531.298s][info][gc,phases,start] GC(403) Adjust Roots
[2019-07-24T17:28:24.181-0300][531.300s][info][gc,phases      ] GC(403) Adjust Roots 1.631ms
[2019-07-24T17:28:24.181-0300][531.300s][info][gc,phases,start] GC(403) Compaction Phase
[2019-07-24T17:28:24.470-0300][531.589s][info][gc,phases      ] GC(403) Compaction Phase 289.412ms
[2019-07-24T17:28:24.470-0300][531.589s][info][gc,phases,start] GC(403) Post Compact
[2019-07-24T17:28:24.471-0300][531.590s][info][gc,phases      ] GC(403) Post Compact 0.886ms
[2019-07-24T17:28:24.471-0300][531.590s][info][gc,heap        ] GC(403) PSYoungGen: 131583K->131583K(153088K)
[2019-07-24T17:28:24.471-0300][531.590s][info][gc,heap        ] GC(403) ParOldGen: 297404K->297404K(349696K)
[2019-07-24T17:28:24.471-0300][531.590s][info][gc,metaspace   ] GC(403) Metaspace: 13303K->13303K(1062912K)
[2019-07-24T17:28:24.471-0300][531.590s][info][gc             ] GC(403) Pause Full (Ergonomics) 418M->418M(491M) 1054.485ms
[2019-07-24T17:28:24.471-0300][531.590s][info][gc,cpu         ] GC(403) User=3.57s Sys=0.01s Real=1.06s
[2019-07-24T17:28:24.472-0300][531.591s][info][gc,start       ] GC(404) Pause Full (Ergonomics)
[2019-07-24T17:28:24.472-0300][531.591s][info][gc,phases,start] GC(404) Marking Phase
[2019-07-24T17:28:25.220-0300][532.339s][info][gc,phases      ] GC(404) Marking Phase 748.020ms
[2019-07-24T17:28:25.220-0300][532.339s][info][gc,phases,start] GC(404) Summary Phase
[2019-07-24T17:28:25.220-0300][532.339s][info][gc,phases      ] GC(404) Summary Phase 0.029ms
[2019-07-24T17:28:25.220-0300][532.339s][info][gc,phases,start] GC(404) Adjust Roots
[2019-07-24T17:28:25.222-0300][532.342s][info][gc,phases      ] GC(404) Adjust Roots 2.384ms
[2019-07-24T17:28:25.223-0300][532.342s][info][gc,phases,start] GC(404) Compaction Phase
[2019-07-24T17:28:25.527-0300][532.647s][info][gc,phases      ] GC(404) Compaction Phase 304.917ms
[2019-07-24T17:28:25.528-0300][532.647s][info][gc,phases,start] GC(404) Post Compact
[2019-07-24T17:28:25.528-0300][532.648s][info][gc,phases      ] GC(404) Post Compact 0.761ms
[2019-07-24T17:28:25.528-0300][532.648s][info][gc,heap        ] GC(404) PSYoungGen: 131583K->131583K(153088K)
[2019-07-24T17:28:25.528-0300][532.648s][info][gc,heap        ] GC(404) ParOldGen: 297409K->297406K(349696K)
[2019-07-24T17:28:25.528-0300][532.648s][info][gc,metaspace   ] GC(404) Metaspace: 13305K->13305K(1062912K)
[2019-07-24T17:28:25.528-0300][532.648s][info][gc             ] GC(404) Pause Full (Ergonomics) 418M->418M(491M) 1056.564ms
[2019-07-24T17:28:25.528-0300][532.648s][info][gc,cpu         ] GC(404) User=3.51s Sys=0.02s Real=1.05s
[2019-07-24T17:28:25.529-0300][532.648s][info][gc,start       ] GC(405) Pause Full (Ergonomics)
[2019-07-24T17:28:25.529-0300][532.648s][info][gc,phases,start] GC(405) Marking Phase
[2019-07-24T17:28:26.342-0300][533.461s][info][gc,phases      ] GC(405) Marking Phase 813.147ms
[2019-07-24T17:28:26.342-0300][533.461s][info][gc,phases,start] GC(405) Summary Phase
[2019-07-24T17:28:26.342-0300][533.461s][info][gc,phases      ] GC(405) Summary Phase 0.022ms
[2019-07-24T17:28:26.342-0300][533.461s][info][gc,phases,start] GC(405) Adjust Roots
[2019-07-24T17:28:26.344-0300][533.463s][info][gc,phases      ] GC(405) Adjust Roots 1.522ms
[2019-07-24T17:28:26.344-0300][533.463s][info][gc,phases,start] GC(405) Compaction Phase
[2019-07-24T17:28:26.633-0300][533.752s][info][gc,phases      ] GC(405) Compaction Phase 289.433ms
[2019-07-24T17:28:26.633-0300][533.752s][info][gc,phases,start] GC(405) Post Compact
[2019-07-24T17:28:26.634-0300][533.753s][info][gc,phases      ] GC(405) Post Compact 0.866ms
[2019-07-24T17:28:26.634-0300][533.753s][info][gc,heap        ] GC(405) PSYoungGen: 131583K->131583K(153088K)
[2019-07-24T17:28:26.634-0300][533.753s][info][gc,heap        ] GC(405) ParOldGen: 297407K->297402K(349696K)
[2019-07-24T17:28:26.634-0300][533.753s][info][gc,metaspace   ] GC(405) Metaspace: 13305K->13305K(1062912K)
[2019-07-24T17:28:26.634-0300][533.753s][info][gc             ] GC(405) Pause Full (Ergonomics) 418M->418M(491M) 1105.347ms
[2019-07-24T17:28:26.634-0300][533.753s][info][gc,cpu         ] GC(405) User=3.54s Sys=0.02s Real=1.11s
[2019-07-24T17:28:26.634-0300][533.754s][info][gc,start       ] GC(406) Pause Full (Ergonomics)
[2019-07-24T17:28:26.635-0300][533.754s][info][gc,phases,start] GC(406) Marking Phase
[2019-07-24T17:28:27.383-0300][534.502s][info][gc,phases      ] GC(406) Marking Phase 748.175ms
[2019-07-24T17:28:27.383-0300][534.502s][info][gc,phases,start] GC(406) Summary Phase
[2019-07-24T17:28:27.383-0300][534.502s][info][gc,phases      ] GC(406) Summary Phase 0.024ms
[2019-07-24T17:28:27.383-0300][534.502s][info][gc,phases,start] GC(406) Adjust Roots
[2019-07-24T17:28:27.384-0300][534.504s][info][gc,phases      ] GC(406) Adjust Roots 1.645ms
[2019-07-24T17:28:27.384-0300][534.504s][info][gc,phases,start] GC(406) Compaction Phase
[2019-07-24T17:28:27.681-0300][534.800s][info][gc,phases      ] GC(406) Compaction Phase 296.641ms
[2019-07-24T17:28:27.681-0300][534.800s][info][gc,phases,start] GC(406) Post Compact
[2019-07-24T17:28:27.682-0300][534.801s][info][gc,phases      ] GC(406) Post Compact 0.763ms
[2019-07-24T17:28:27.682-0300][534.801s][info][gc,heap        ] GC(406) PSYoungGen: 131583K->131583K(153088K)
[2019-07-24T17:28:27.682-0300][534.801s][info][gc,heap        ] GC(406) ParOldGen: 297404K->297404K(349696K)
[2019-07-24T17:28:27.682-0300][534.801s][info][gc,metaspace   ] GC(406) Metaspace: 13305K->13305K(1062912K)
[2019-07-24T17:28:27.682-0300][534.801s][info][gc             ] GC(406) Pause Full (Ergonomics) 418M->418M(491M) 1047.579ms
[2019-07-24T17:28:27.682-0300][534.801s][info][gc,cpu         ] GC(406) User=3.50s Sys=0.01s Real=1.05s
[2019-07-24T17:28:27.682-0300][534.802s][info][gc,start       ] GC(407) Pause Full (Ergonomics)
[2019-07-24T17:28:27.682-0300][534.802s][info][gc,phases,start] GC(407) Marking Phase
[2019-07-24T17:28:28.421-0300][535.541s][info][gc,phases      ] GC(407) Marking Phase 739.022ms
[2019-07-24T17:28:28.421-0300][535.541s][info][gc,phases,start] GC(407) Summary Phase
[2019-07-24T17:28:28.422-0300][535.541s][info][gc,phases      ] GC(407) Summary Phase 0.031ms
[2019-07-24T17:28:28.422-0300][535.541s][info][gc,phases,start] GC(407) Adjust Roots
[2019-07-24T17:28:28.423-0300][535.543s][info][gc,phases      ] GC(407) Adjust Roots 1.890ms
[2019-07-24T17:28:28.423-0300][535.543s][info][gc,phases,start] GC(407) Compaction Phase
[2019-07-24T17:28:28.714-0300][535.833s][info][gc,phases      ] GC(407) Compaction Phase 290.735ms
[2019-07-24T17:28:28.714-0300][535.833s][info][gc,phases,start] GC(407) Post Compact
[2019-07-24T17:28:28.715-0300][535.834s][info][gc,phases      ] GC(407) Post Compact 0.808ms
[2019-07-24T17:28:28.715-0300][535.834s][info][gc,heap        ] GC(407) PSYoungGen: 131583K->131583K(153088K)
[2019-07-24T17:28:28.715-0300][535.834s][info][gc,heap        ] GC(407) ParOldGen: 297405K->297405K(349696K)
[2019-07-24T17:28:28.715-0300][535.834s][info][gc,metaspace   ] GC(407) Metaspace: 13305K->13305K(1062912K)
[2019-07-24T17:28:28.715-0300][535.834s][info][gc             ] GC(407) Pause Full (Ergonomics) 418M->418M(491M) 1032.848ms
[2019-07-24T17:28:28.715-0300][535.834s][info][gc,cpu         ] GC(407) User=3.50s Sys=0.01s Real=1.03s
[2019-07-24T17:28:28.716-0300][535.835s][info][gc,start       ] GC(408) Pause Full (Ergonomics)
[2019-07-24T17:28:28.716-0300][535.835s][info][gc,phases,start] GC(408) Marking Phase
[2019-07-24T17:28:29.458-0300][536.577s][info][gc,phases      ] GC(408) Marking Phase 741.938ms
[2019-07-24T17:28:29.458-0300][536.577s][info][gc,phases,start] GC(408) Summary Phase
[2019-07-24T17:28:29.458-0300][536.577s][info][gc,phases      ] GC(408) Summary Phase 0.022ms
[2019-07-24T17:28:29.458-0300][536.577s][info][gc,phases,start] GC(408) Adjust Roots
[2019-07-24T17:28:29.459-0300][536.578s][info][gc,phases      ] GC(408) Adjust Roots 1.601ms
[2019-07-24T17:28:29.459-0300][536.578s][info][gc,phases,start] GC(408) Compaction Phase
[2019-07-24T17:28:29.751-0300][536.870s][info][gc,phases      ] GC(408) Compaction Phase 291.868ms
[2019-07-24T17:28:29.751-0300][536.870s][info][gc,phases,start] GC(408) Post Compact
[2019-07-24T17:28:29.752-0300][536.871s][info][gc,phases      ] GC(408) Post Compact 0.832ms
[2019-07-24T17:28:29.752-0300][536.871s][info][gc,heap        ] GC(408) PSYoungGen: 131583K->131583K(153088K)
[2019-07-24T17:28:29.752-0300][536.871s][info][gc,heap        ] GC(408) ParOldGen: 297408K->297408K(349696K)
[2019-07-24T17:28:29.752-0300][536.871s][info][gc,metaspace   ] GC(408) Metaspace: 13305K->13305K(1062912K)
[2019-07-24T17:28:29.752-0300][536.871s][info][gc             ] GC(408) Pause Full (Ergonomics) 418M->418M(491M) 1036.616ms
[2019-07-24T17:28:29.752-0300][536.871s][info][gc,cpu         ] GC(408) User=3.50s Sys=0.01s Real=1.04s
[2019-07-24T17:28:29.752-0300][536.872s][info][gc,start       ] GC(409) Pause Full (Ergonomics)
[2019-07-24T17:28:29.752-0300][536.872s][info][gc,phases,start] GC(409) Marking Phase
[2019-07-24T17:28:30.493-0300][537.612s][info][gc,phases      ] GC(409) Marking Phase 740.398ms
[2019-07-24T17:28:30.493-0300][537.612s][info][gc,phases,start] GC(409) Summary Phase
[2019-07-24T17:28:30.493-0300][537.612s][info][gc,phases      ] GC(409) Summary Phase 0.021ms
[2019-07-24T17:28:30.493-0300][537.612s][info][gc,phases,start] GC(409) Adjust Roots
[2019-07-24T17:28:30.494-0300][537.614s][info][gc,phases      ] GC(409) Adjust Roots 1.519ms
[2019-07-24T17:28:30.495-0300][537.614s][info][gc,phases,start] GC(409) Compaction Phase
[2019-07-24T17:28:30.794-0300][537.914s][info][gc,phases      ] GC(409) Compaction Phase 299.916ms
[2019-07-24T17:28:30.795-0300][537.914s][info][gc,phases,start] GC(409) Post Compact
[2019-07-24T17:28:30.795-0300][537.914s][info][gc,phases      ] GC(409) Post Compact 0.759ms
[2019-07-24T17:28:30.795-0300][537.914s][info][gc,heap        ] GC(409) PSYoungGen: 131583K->131583K(153088K)
[2019-07-24T17:28:30.795-0300][537.914s][info][gc,heap        ] GC(409) ParOldGen: 297410K->297410K(349696K)
[2019-07-24T17:28:30.795-0300][537.914s][info][gc,metaspace   ] GC(409) Metaspace: 13306K->13306K(1062912K)
[2019-07-24T17:28:30.795-0300][537.914s][info][gc             ] GC(409) Pause Full (Ergonomics) 418M->418M(491M) 1042.947ms
[2019-07-24T17:28:30.795-0300][537.915s][info][gc,cpu         ] GC(409) User=3.49s Sys=0.02s Real=1.04s
[2019-07-24T17:28:30.796-0300][537.915s][info][gc,start       ] GC(410) Pause Full (Ergonomics)
[2019-07-24T17:28:30.796-0300][537.915s][info][gc,phases,start] GC(410) Marking Phase
[2019-07-24T17:28:31.536-0300][538.655s][info][gc,phases      ] GC(410) Marking Phase 740.433ms
[2019-07-24T17:28:31.536-0300][538.655s][info][gc,phases,start] GC(410) Summary Phase
[2019-07-24T17:28:31.536-0300][538.655s][info][gc,phases      ] GC(410) Summary Phase 0.023ms
[2019-07-24T17:28:31.536-0300][538.655s][info][gc,phases,start] GC(410) Adjust Roots
[2019-07-24T17:28:31.538-0300][538.657s][info][gc,phases      ] GC(410) Adjust Roots 1.894ms
[2019-07-24T17:28:31.538-0300][538.657s][info][gc,phases,start] GC(410) Compaction Phase
[2019-07-24T17:28:31.829-0300][538.948s][info][gc,phases      ] GC(410) Compaction Phase 290.784ms
[2019-07-24T17:28:31.829-0300][538.948s][info][gc,phases,start] GC(410) Post Compact
[2019-07-24T17:28:31.830-0300][538.949s][info][gc,phases      ] GC(410) Post Compact 0.761ms
[2019-07-24T17:28:31.830-0300][538.949s][info][gc,heap        ] GC(410) PSYoungGen: 131583K->131583K(153088K)
[2019-07-24T17:28:31.830-0300][538.949s][info][gc,heap        ] GC(410) ParOldGen: 297412K->297411K(349696K)
[2019-07-24T17:28:31.830-0300][538.949s][info][gc,metaspace   ] GC(410) Metaspace: 13307K->13307K(1062912K)
[2019-07-24T17:28:31.830-0300][538.949s][info][gc             ] GC(410) Pause Full (Ergonomics) 418M->418M(491M) 1034.289ms
[2019-07-24T17:28:31.830-0300][538.949s][info][gc,cpu         ] GC(410) User=3.50s Sys=0.01s Real=1.04s
[2019-07-24T17:28:31.830-0300][538.949s][info][gc,start       ] GC(411) Pause Full (Ergonomics)
[2019-07-24T17:28:31.830-0300][538.949s][info][gc,phases,start] GC(411) Marking Phase
[2019-07-24T17:28:32.574-0300][539.693s][info][gc,phases      ] GC(411) Marking Phase 743.421ms
[2019-07-24T17:28:32.574-0300][539.693s][info][gc,phases,start] GC(411) Summary Phase
[2019-07-24T17:28:32.574-0300][539.693s][info][gc,phases      ] GC(411) Summary Phase 0.028ms
[2019-07-24T17:28:32.574-0300][539.693s][info][gc,phases,start] GC(411) Adjust Roots
[2019-07-24T17:28:32.575-0300][539.694s][info][gc,phases      ] GC(411) Adjust Roots 1.640ms
[2019-07-24T17:28:32.575-0300][539.695s][info][gc,phases,start] GC(411) Compaction Phase
[2019-07-24T17:28:32.866-0300][539.985s][info][gc,phases      ] GC(411) Compaction Phase 290.895ms
[2019-07-24T17:28:32.866-0300][539.985s][info][gc,phases,start] GC(411) Post Compact
[2019-07-24T17:28:32.867-0300][539.986s][info][gc,phases      ] GC(411) Post Compact 0.758ms
[2019-07-24T17:28:32.867-0300][539.986s][info][gc,heap        ] GC(411) PSYoungGen: 131583K->131583K(153088K)
[2019-07-24T17:28:32.867-0300][539.986s][info][gc,heap        ] GC(411) ParOldGen: 297416K->297413K(349696K)
[2019-07-24T17:28:32.867-0300][539.986s][info][gc,metaspace   ] GC(411) Metaspace: 13307K->13307K(1062912K)
[2019-07-24T17:28:32.867-0300][539.986s][info][gc             ] GC(411) Pause Full (Ergonomics) 418M->418M(491M) 1037.073ms
[2019-07-24T17:28:32.867-0300][539.986s][info][gc,cpu         ] GC(411) User=3.47s Sys=0.01s Real=1.03s
[2019-07-24T17:28:32.868-0300][539.987s][info][gc,start       ] GC(412) Pause Full (Ergonomics)
[2019-07-24T17:28:32.868-0300][539.987s][info][gc,phases,start] GC(412) Marking Phase
[2019-07-24T17:28:33.602-0300][540.721s][info][gc,phases      ] GC(412) Marking Phase 734.098ms
[2019-07-24T17:28:33.602-0300][540.721s][info][gc,phases,start] GC(412) Summary Phase
[2019-07-24T17:28:33.602-0300][540.721s][info][gc,phases      ] GC(412) Summary Phase 0.023ms
[2019-07-24T17:28:33.602-0300][540.721s][info][gc,phases,start] GC(412) Adjust Roots
[2019-07-24T17:28:33.603-0300][540.722s][info][gc,phases      ] GC(412) Adjust Roots 1.579ms
[2019-07-24T17:28:33.603-0300][540.722s][info][gc,phases,start] GC(412) Compaction Phase
[2019-07-24T17:28:33.898-0300][541.018s][info][gc,phases      ] GC(412) Compaction Phase 295.053ms
[2019-07-24T17:28:33.899-0300][541.018s][info][gc,phases,start] GC(412) Post Compact
[2019-07-24T17:28:33.899-0300][541.018s][info][gc,phases      ] GC(412) Post Compact 0.785ms
[2019-07-24T17:28:33.899-0300][541.018s][info][gc,heap        ] GC(412) PSYoungGen: 131583K->131583K(153088K)
[2019-07-24T17:28:33.899-0300][541.018s][info][gc,heap        ] GC(412) ParOldGen: 297415K->297415K(349696K)
[2019-07-24T17:28:33.899-0300][541.018s][info][gc,metaspace   ] GC(412) Metaspace: 13308K->13308K(1062912K)
[2019-07-24T17:28:33.899-0300][541.018s][info][gc             ] GC(412) Pause Full (Ergonomics) 418M->418M(491M) 1031.864ms
[2019-07-24T17:28:33.900-0300][541.019s][info][gc,cpu         ] GC(412) User=3.48s Sys=0.02s Real=1.04s
[2019-07-24T17:28:33.900-0300][541.019s][info][gc,start       ] GC(413) Pause Full (Ergonomics)
[2019-07-24T17:28:33.900-0300][541.019s][info][gc,phases,start] GC(413) Marking Phase
[2019-07-24T17:28:34.630-0300][541.749s][info][gc,phases      ] GC(413) Marking Phase 730.071ms
[2019-07-24T17:28:34.630-0300][541.749s][info][gc,phases,start] GC(413) Summary Phase
[2019-07-24T17:28:34.630-0300][541.749s][info][gc,phases      ] GC(413) Summary Phase 0.022ms
[2019-07-24T17:28:34.630-0300][541.749s][info][gc,phases,start] GC(413) Adjust Roots
[2019-07-24T17:28:34.632-0300][541.751s][info][gc,phases      ] GC(413) Adjust Roots 1.545ms
[2019-07-24T17:28:34.632-0300][541.751s][info][gc,phases,start] GC(413) Compaction Phase
[2019-07-24T17:28:34.923-0300][542.042s][info][gc,phases      ] GC(413) Compaction Phase 291.010ms
[2019-07-24T17:28:34.923-0300][542.042s][info][gc,phases,start] GC(413) Post Compact
[2019-07-24T17:28:34.923-0300][542.042s][info][gc,phases      ] GC(413) Post Compact 0.781ms
[2019-07-24T17:28:34.924-0300][542.042s][info][gc,heap        ] GC(413) PSYoungGen: 131583K->131583K(153088K)
[2019-07-24T17:28:34.924-0300][542.043s][info][gc,heap        ] GC(413) ParOldGen: 297417K->297417K(349696K)
[2019-07-24T17:28:34.924-0300][542.043s][info][gc,metaspace   ] GC(413) Metaspace: 13308K->13308K(1062912K)
[2019-07-24T17:28:34.924-0300][542.043s][info][gc             ] GC(413) Pause Full (Ergonomics) 418M->418M(491M) 1023.773ms
[2019-07-24T17:28:34.924-0300][542.043s][info][gc,cpu         ] GC(413) User=3.46s Sys=0.01s Real=1.02s
[2019-07-24T17:28:34.924-0300][542.043s][info][gc,start       ] GC(414) Pause Full (Ergonomics)
[2019-07-24T17:28:34.924-0300][542.043s][info][gc,phases,start] GC(414) Marking Phase
[2019-07-24T17:28:35.677-0300][542.796s][info][gc,phases      ] GC(414) Marking Phase 753.374ms
[2019-07-24T17:28:35.677-0300][542.796s][info][gc,phases,start] GC(414) Summary Phase
[2019-07-24T17:28:35.677-0300][542.796s][info][gc,phases      ] GC(414) Summary Phase 0.031ms
[2019-07-24T17:28:35.677-0300][542.796s][info][gc,phases,start] GC(414) Adjust Roots
[2019-07-24T17:28:35.679-0300][542.798s][info][gc,phases      ] GC(414) Adjust Roots 1.614ms
[2019-07-24T17:28:35.679-0300][542.798s][info][gc,phases,start] GC(414) Compaction Phase
[2019-07-24T17:28:35.977-0300][543.096s][info][gc,phases      ] GC(414) Compaction Phase 298.375ms
[2019-07-24T17:28:35.978-0300][543.097s][info][gc,phases,start] GC(414) Post Compact
[2019-07-24T17:28:35.978-0300][543.097s][info][gc,phases      ] GC(414) Post Compact 0.750ms
[2019-07-24T17:28:35.978-0300][543.097s][info][gc,heap        ] GC(414) PSYoungGen: 131583K->131583K(153088K)
[2019-07-24T17:28:35.978-0300][543.097s][info][gc,heap        ] GC(414) ParOldGen: 297422K->297418K(349696K)
[2019-07-24T17:28:35.978-0300][543.097s][info][gc,metaspace   ] GC(414) Metaspace: 13310K->13310K(1062912K)
[2019-07-24T17:28:35.978-0300][543.097s][info][gc             ] GC(414) Pause Full (Ergonomics) 418M->418M(491M) 1054.512ms
[2019-07-24T17:28:35.978-0300][543.097s][info][gc,cpu         ] GC(414) User=3.51s Sys=0.02s Real=1.05s
[2019-07-24T17:28:35.979-0300][543.098s][info][gc,start       ] GC(415) Pause Full (Ergonomics)
[2019-07-24T17:28:35.979-0300][543.098s][info][gc,phases,start] GC(415) Marking Phase
[2019-07-24T17:28:36.721-0300][543.840s][info][gc,phases      ] GC(415) Marking Phase 742.700ms
[2019-07-24T17:28:36.722-0300][543.840s][info][gc,phases,start] GC(415) Summary Phase
[2019-07-24T17:28:36.722-0300][543.841s][info][gc,phases      ] GC(415) Summary Phase 0.032ms
[2019-07-24T17:28:36.722-0300][543.841s][info][gc,phases,start] GC(415) Adjust Roots
[2019-07-24T17:28:36.724-0300][543.842s][info][gc,phases      ] GC(415) Adjust Roots 1.963ms
[2019-07-24T17:28:36.724-0300][543.843s][info][gc,phases,start] GC(415) Compaction Phase
[2019-07-24T17:28:37.014-0300][544.133s][info][gc,phases      ] GC(415) Compaction Phase 290.397ms
[2019-07-24T17:28:37.014-0300][544.133s][info][gc,phases,start] GC(415) Post Compact
[2019-07-24T17:28:37.015-0300][544.134s][info][gc,phases      ] GC(415) Post Compact 0.757ms
[2019-07-24T17:28:37.015-0300][544.134s][info][gc,heap        ] GC(415) PSYoungGen: 131583K->131583K(153088K)
[2019-07-24T17:28:37.015-0300][544.134s][info][gc,heap        ] GC(415) ParOldGen: 297420K->297420K(349696K)
[2019-07-24T17:28:37.015-0300][544.134s][info][gc,metaspace   ] GC(415) Metaspace: 13310K->13310K(1062912K)
[2019-07-24T17:28:37.015-0300][544.134s][info][gc             ] GC(415) Pause Full (Ergonomics) 418M->418M(491M) 1036.213ms
[2019-07-24T17:28:37.015-0300][544.134s][info][gc,cpu         ] GC(415) User=3.49s Sys=0.01s Real=1.04s
[2019-07-24T17:28:37.015-0300][544.134s][info][gc,start       ] GC(416) Pause Full (Ergonomics)
[2019-07-24T17:28:37.015-0300][544.134s][info][gc,phases,start] GC(416) Marking Phase
[2019-07-24T17:28:37.740-0300][544.859s][info][gc,phases      ] GC(416) Marking Phase 724.323ms
[2019-07-24T17:28:37.740-0300][544.859s][info][gc,phases,start] GC(416) Summary Phase
[2019-07-24T17:28:37.740-0300][544.859s][info][gc,phases      ] GC(416) Summary Phase 0.051ms
[2019-07-24T17:28:37.740-0300][544.859s][info][gc,phases,start] GC(416) Adjust Roots
[2019-07-24T17:28:37.741-0300][544.860s][info][gc,phases      ] GC(416) Adjust Roots 1.652ms
[2019-07-24T17:28:37.741-0300][544.860s][info][gc,phases,start] GC(416) Compaction Phase
[2019-07-24T17:28:38.030-0300][545.149s][info][gc,phases      ] GC(416) Compaction Phase 288.484ms
[2019-07-24T17:28:38.030-0300][545.149s][info][gc,phases,start] GC(416) Post Compact
[2019-07-24T17:28:38.031-0300][545.150s][info][gc,phases      ] GC(416) Post Compact 0.755ms
[2019-07-24T17:28:38.031-0300][545.150s][info][gc,heap        ] GC(416) PSYoungGen: 131583K->131583K(153088K)
[2019-07-24T17:28:38.031-0300][545.150s][info][gc,heap        ] GC(416) ParOldGen: 297422K->297421K(349696K)
[2019-07-24T17:28:38.031-0300][545.150s][info][gc,metaspace   ] GC(416) Metaspace: 13310K->13310K(1062912K)
[2019-07-24T17:28:38.031-0300][545.150s][info][gc             ] GC(416) Pause Full (Ergonomics) 418M->418M(491M) 1015.659ms
[2019-07-24T17:28:38.031-0300][545.150s][info][gc,cpu         ] GC(416) User=3.43s Sys=0.01s Real=1.02s
[2019-07-24T17:28:38.031-0300][545.150s][info][gc,start       ] GC(417) Pause Full (Ergonomics)
[2019-07-24T17:28:38.031-0300][545.150s][info][gc,phases,start] GC(417) Marking Phase
[2019-07-24T17:28:38.768-0300][545.887s][info][gc,phases      ] GC(417) Marking Phase 736.925ms
[2019-07-24T17:28:38.768-0300][545.887s][info][gc,phases,start] GC(417) Summary Phase
[2019-07-24T17:28:38.768-0300][545.887s][info][gc,phases      ] GC(417) Summary Phase 0.022ms
[2019-07-24T17:28:38.768-0300][545.887s][info][gc,phases,start] GC(417) Adjust Roots
[2019-07-24T17:28:38.770-0300][545.889s][info][gc,phases      ] GC(417) Adjust Roots 1.567ms
[2019-07-24T17:28:38.770-0300][545.889s][info][gc,phases,start] GC(417) Compaction Phase
[2019-07-24T17:28:39.058-0300][546.177s][info][gc,phases      ] GC(417) Compaction Phase 288.101ms
[2019-07-24T17:28:39.058-0300][546.177s][info][gc,phases,start] GC(417) Post Compact
[2019-07-24T17:28:39.059-0300][546.178s][info][gc,phases      ] GC(417) Post Compact 0.752ms
[2019-07-24T17:28:39.059-0300][546.178s][info][gc,heap        ] GC(417) PSYoungGen: 131583K->131583K(153088K)
[2019-07-24T17:28:39.059-0300][546.178s][info][gc,heap        ] GC(417) ParOldGen: 297423K->297423K(349696K)
[2019-07-24T17:28:39.059-0300][546.178s][info][gc,metaspace   ] GC(417) Metaspace: 13313K->13313K(1062912K)
[2019-07-24T17:28:39.059-0300][546.178s][info][gc             ] GC(417) Pause Full (Ergonomics) 418M->418M(491M) 1027.694ms
[2019-07-24T17:28:39.059-0300][546.178s][info][gc,cpu         ] GC(417) User=3.46s Sys=0.02s Real=1.02s
[2019-07-24T17:28:39.059-0300][546.178s][info][gc,start       ] GC(418) Pause Full (Ergonomics)
[2019-07-24T17:28:39.059-0300][546.178s][info][gc,phases,start] GC(418) Marking Phase
[2019-07-24T17:28:39.802-0300][546.921s][info][gc,phases      ] GC(418) Marking Phase 743.236ms
[2019-07-24T17:28:39.803-0300][546.921s][info][gc,phases,start] GC(418) Summary Phase
[2019-07-24T17:28:39.803-0300][546.921s][info][gc,phases      ] GC(418) Summary Phase 0.021ms
[2019-07-24T17:28:39.803-0300][546.921s][info][gc,phases,start] GC(418) Adjust Roots
[2019-07-24T17:28:39.804-0300][546.923s][info][gc,phases      ] GC(418) Adjust Roots 1.583ms
[2019-07-24T17:28:39.804-0300][546.923s][info][gc,phases,start] GC(418) Compaction Phase
[2019-07-24T17:28:40.110-0300][547.229s][info][gc,phases      ] GC(418) Compaction Phase 305.533ms
[2019-07-24T17:28:40.110-0300][547.229s][info][gc,phases,start] GC(418) Post Compact
[2019-07-24T17:28:40.111-0300][547.229s][info][gc,phases      ] GC(418) Post Compact 0.805ms
[2019-07-24T17:28:40.111-0300][547.230s][info][gc,heap        ] GC(418) PSYoungGen: 131583K->131583K(153088K)
[2019-07-24T17:28:40.111-0300][547.230s][info][gc,heap        ] GC(418) ParOldGen: 297425K->297423K(349696K)
[2019-07-24T17:28:40.111-0300][547.230s][info][gc,metaspace   ] GC(418) Metaspace: 13313K->13313K(1062912K)
[2019-07-24T17:28:40.111-0300][547.230s][info][gc             ] GC(418) Pause Full (Ergonomics) 418M->418M(491M) 1051.508ms
[2019-07-24T17:28:40.111-0300][547.230s][info][gc,cpu         ] GC(418) User=3.45s Sys=0.01s Real=1.06s
[2019-07-24T17:28:40.111-0300][547.230s][info][gc,start       ] GC(419) Pause Full (Ergonomics)
[2019-07-24T17:28:40.111-0300][547.230s][info][gc,phases,start] GC(419) Marking Phase
[2019-07-24T17:28:40.849-0300][547.968s][info][gc,phases      ] GC(419) Marking Phase 737.758ms
[2019-07-24T17:28:40.849-0300][547.968s][info][gc,phases,start] GC(419) Summary Phase
[2019-07-24T17:28:40.849-0300][547.968s][info][gc,phases      ] GC(419) Summary Phase 0.038ms
[2019-07-24T17:28:40.849-0300][547.968s][info][gc,phases,start] GC(419) Adjust Roots
[2019-07-24T17:28:40.851-0300][547.970s][info][gc,phases      ] GC(419) Adjust Roots 1.789ms
[2019-07-24T17:28:40.851-0300][547.970s][info][gc,phases,start] GC(419) Compaction Phase
[2019-07-24T17:28:41.151-0300][548.270s][info][gc,phases      ] GC(419) Compaction Phase 300.367ms
[2019-07-24T17:28:41.151-0300][548.270s][info][gc,phases,start] GC(419) Post Compact
[2019-07-24T17:28:41.152-0300][548.271s][info][gc,phases      ] GC(419) Post Compact 0.799ms
[2019-07-24T17:28:41.152-0300][548.271s][info][gc,heap        ] GC(419) PSYoungGen: 131583K->131583K(153088K)
[2019-07-24T17:28:41.152-0300][548.271s][info][gc,heap        ] GC(419) ParOldGen: 297426K->297424K(349696K)
[2019-07-24T17:28:41.152-0300][548.271s][info][gc,metaspace   ] GC(419) Metaspace: 13314K->13314K(1062912K)
[2019-07-24T17:28:41.152-0300][548.271s][info][gc             ] GC(419) Pause Full (Ergonomics) 418M->418M(491M) 1041.114ms
[2019-07-24T17:28:41.152-0300][548.271s][info][gc,cpu         ] GC(419) User=3.42s Sys=0.02s Real=1.04s
[2019-07-24T17:28:41.153-0300][548.271s][info][gc,start       ] GC(420) Pause Full (Ergonomics)
[2019-07-24T17:28:41.153-0300][548.271s][info][gc,phases,start] GC(420) Marking Phase
[2019-07-24T17:28:41.888-0300][549.007s][info][gc,phases      ] GC(420) Marking Phase 735.483ms
[2019-07-24T17:28:41.888-0300][549.007s][info][gc,phases,start] GC(420) Summary Phase
[2019-07-24T17:28:41.888-0300][549.007s][info][gc,phases      ] GC(420) Summary Phase 0.024ms
[2019-07-24T17:28:41.888-0300][549.007s][info][gc,phases,start] GC(420) Adjust Roots
[2019-07-24T17:28:41.890-0300][549.009s][info][gc,phases      ] GC(420) Adjust Roots 1.819ms
[2019-07-24T17:28:41.890-0300][549.009s][info][gc,phases,start] GC(420) Compaction Phase
[2019-07-24T17:28:42.183-0300][549.301s][info][gc,phases      ] GC(420) Compaction Phase 292.426ms
[2019-07-24T17:28:42.183-0300][549.301s][info][gc,phases,start] GC(420) Post Compact
[2019-07-24T17:28:42.183-0300][549.302s][info][gc,phases      ] GC(420) Post Compact 0.806ms
[2019-07-24T17:28:42.183-0300][549.302s][info][gc,heap        ] GC(420) PSYoungGen: 131583K->131583K(153088K)
[2019-07-24T17:28:42.183-0300][549.302s][info][gc,heap        ] GC(420) ParOldGen: 297427K->297423K(349696K)
[2019-07-24T17:28:42.183-0300][549.302s][info][gc,metaspace   ] GC(420) Metaspace: 13314K->13314K(1062912K)
[2019-07-24T17:28:42.184-0300][549.302s][info][gc             ] GC(420) Pause Full (Ergonomics) 418M->418M(491M) 1030.900ms
[2019-07-24T17:28:42.184-0300][549.302s][info][gc,cpu         ] GC(420) User=3.48s Sys=0.01s Real=1.03s
[2019-07-24T17:28:42.184-0300][549.303s][info][gc,start       ] GC(421) Pause Full (Ergonomics)
[2019-07-24T17:28:42.184-0300][549.303s][info][gc,phases,start] GC(421) Marking Phase
[2019-07-24T17:28:42.922-0300][550.041s][info][gc,phases      ] GC(421) Marking Phase 738.040ms
[2019-07-24T17:28:42.922-0300][550.041s][info][gc,phases,start] GC(421) Summary Phase
[2019-07-24T17:28:42.922-0300][550.041s][info][gc,phases      ] GC(421) Summary Phase 0.034ms
[2019-07-24T17:28:42.922-0300][550.041s][info][gc,phases,start] GC(421) Adjust Roots
[2019-07-24T17:28:42.924-0300][550.043s][info][gc,phases      ] GC(421) Adjust Roots 1.877ms
[2019-07-24T17:28:42.924-0300][550.043s][info][gc,phases,start] GC(421) Compaction Phase
[2019-07-24T17:28:43.214-0300][550.333s][info][gc,phases      ] GC(421) Compaction Phase 290.249ms
[2019-07-24T17:28:43.214-0300][550.333s][info][gc,phases,start] GC(421) Post Compact
[2019-07-24T17:28:43.215-0300][550.334s][info][gc,phases      ] GC(421) Post Compact 0.801ms
[2019-07-24T17:28:43.215-0300][550.334s][info][gc,heap        ] GC(421) PSYoungGen: 131583K->131583K(153088K)
[2019-07-24T17:28:43.215-0300][550.334s][info][gc,heap        ] GC(421) ParOldGen: 297425K->297424K(349696K)
[2019-07-24T17:28:43.215-0300][550.334s][info][gc,metaspace   ] GC(421) Metaspace: 13314K->13314K(1062912K)
[2019-07-24T17:28:43.215-0300][550.334s][info][gc             ] GC(421) Pause Full (Ergonomics) 418M->418M(491M) 1031.383ms
[2019-07-24T17:28:43.215-0300][550.334s][info][gc,cpu         ] GC(421) User=3.46s Sys=0.01s Real=1.03s
[2019-07-24T17:28:43.215-0300][550.334s][info][gc,start       ] GC(422) Pause Full (Ergonomics)
[2019-07-24T17:28:43.215-0300][550.334s][info][gc,phases,start] GC(422) Marking Phase
[2019-07-24T17:28:43.965-0300][551.083s][info][gc,phases      ] GC(422) Marking Phase 749.023ms
[2019-07-24T17:28:43.965-0300][551.083s][info][gc,phases,start] GC(422) Summary Phase
[2019-07-24T17:28:43.965-0300][551.083s][info][gc,phases      ] GC(422) Summary Phase 0.021ms
[2019-07-24T17:28:43.965-0300][551.083s][info][gc,phases,start] GC(422) Adjust Roots
[2019-07-24T17:28:43.966-0300][551.085s][info][gc,phases      ] GC(422) Adjust Roots 1.510ms
[2019-07-24T17:28:43.966-0300][551.085s][info][gc,phases,start] GC(422) Compaction Phase
[2019-07-24T17:28:44.262-0300][551.380s][info][gc,phases      ] GC(422) Compaction Phase 295.579ms
[2019-07-24T17:28:44.262-0300][551.380s][info][gc,phases,start] GC(422) Post Compact
[2019-07-24T17:28:44.263-0300][551.381s][info][gc,phases      ] GC(422) Post Compact 0.748ms
[2019-07-24T17:28:44.263-0300][551.381s][info][gc,heap        ] GC(422) PSYoungGen: 131583K->131583K(153088K)
[2019-07-24T17:28:44.263-0300][551.381s][info][gc,heap        ] GC(422) ParOldGen: 297426K->297426K(349696K)
[2019-07-24T17:28:44.263-0300][551.381s][info][gc,metaspace   ] GC(422) Metaspace: 13314K->13314K(1062912K)
[2019-07-24T17:28:44.263-0300][551.381s][info][gc             ] GC(422) Pause Full (Ergonomics) 418M->418M(491M) 1047.207ms
[2019-07-24T17:28:44.263-0300][551.381s][info][gc,cpu         ] GC(422) User=3.54s Sys=0.02s Real=1.05s
[2019-07-24T17:28:44.263-0300][551.382s][info][gc,start       ] GC(423) Pause Full (Ergonomics)
[2019-07-24T17:28:44.263-0300][551.382s][info][gc,phases,start] GC(423) Marking Phase
[2019-07-24T17:28:44.981-0300][552.100s][info][gc,phases      ] GC(423) Marking Phase 718.328ms
[2019-07-24T17:28:44.981-0300][552.100s][info][gc,phases,start] GC(423) Summary Phase
[2019-07-24T17:28:44.981-0300][552.100s][info][gc,phases      ] GC(423) Summary Phase 0.023ms
[2019-07-24T17:28:44.981-0300][552.100s][info][gc,phases,start] GC(423) Adjust Roots
[2019-07-24T17:28:44.983-0300][552.102s][info][gc,phases      ] GC(423) Adjust Roots 1.615ms
[2019-07-24T17:28:44.983-0300][552.102s][info][gc,phases,start] GC(423) Compaction Phase
[2019-07-24T17:28:45.283-0300][552.402s][info][gc,phases      ] GC(423) Compaction Phase 299.908ms
[2019-07-24T17:28:45.283-0300][552.402s][info][gc,phases,start] GC(423) Post Compact
[2019-07-24T17:28:45.284-0300][552.402s][info][gc,phases      ] GC(423) Post Compact 0.769ms
[2019-07-24T17:28:45.284-0300][552.403s][info][gc,heap        ] GC(423) PSYoungGen: 131583K->131583K(153088K)
[2019-07-24T17:28:45.284-0300][552.403s][info][gc,heap        ] GC(423) ParOldGen: 297428K->297427K(349696K)
[2019-07-24T17:28:45.284-0300][552.403s][info][gc,metaspace   ] GC(423) Metaspace: 13314K->13314K(1062912K)
[2019-07-24T17:28:45.284-0300][552.403s][info][gc             ] GC(423) Pause Full (Ergonomics) 418M->418M(491M) 1020.993ms
[2019-07-24T17:28:45.284-0300][552.403s][info][gc,cpu         ] GC(423) User=3.42s Sys=0.01s Real=1.02s
[2019-07-24T17:28:45.284-0300][552.403s][info][gc,start       ] GC(424) Pause Full (Ergonomics)
[2019-07-24T17:28:45.284-0300][552.403s][info][gc,phases,start] GC(424) Marking Phase
[2019-07-24T17:28:46.012-0300][553.131s][info][gc,phases      ] GC(424) Marking Phase 727.570ms
[2019-07-24T17:28:46.012-0300][553.131s][info][gc,phases,start] GC(424) Summary Phase
[2019-07-24T17:28:46.012-0300][553.131s][info][gc,phases      ] GC(424) Summary Phase 0.021ms
[2019-07-24T17:28:46.012-0300][553.131s][info][gc,phases,start] GC(424) Adjust Roots
[2019-07-24T17:28:46.013-0300][553.132s][info][gc,phases      ] GC(424) Adjust Roots 1.525ms
[2019-07-24T17:28:46.014-0300][553.132s][info][gc,phases,start] GC(424) Compaction Phase
[2019-07-24T17:28:46.308-0300][553.426s][info][gc,phases      ] GC(424) Compaction Phase 294.271ms
[2019-07-24T17:28:46.308-0300][553.427s][info][gc,phases,start] GC(424) Post Compact
[2019-07-24T17:28:46.309-0300][553.427s][info][gc,phases      ] GC(424) Post Compact 0.741ms
[2019-07-24T17:28:46.309-0300][553.427s][info][gc,heap        ] GC(424) PSYoungGen: 131583K->131583K(153088K)
[2019-07-24T17:28:46.309-0300][553.427s][info][gc,heap        ] GC(424) ParOldGen: 297429K->297429K(349696K)
[2019-07-24T17:28:46.309-0300][553.427s][info][gc,metaspace   ] GC(424) Metaspace: 13314K->13314K(1062912K)
[2019-07-24T17:28:46.309-0300][553.427s][info][gc             ] GC(424) Pause Full (Ergonomics) 418M->418M(491M) 1024.445ms
[2019-07-24T17:28:46.309-0300][553.427s][info][gc,cpu         ] GC(424) User=3.45s Sys=0.01s Real=1.02s
[2019-07-24T17:28:46.309-0300][553.428s][info][gc,start       ] GC(425) Pause Full (Ergonomics)
[2019-07-24T17:28:46.309-0300][553.428s][info][gc,phases,start] GC(425) Marking Phase
[2019-07-24T17:28:47.023-0300][554.141s][info][gc,phases      ] GC(425) Marking Phase 713.692ms
[2019-07-24T17:28:47.023-0300][554.142s][info][gc,phases,start] GC(425) Summary Phase
[2019-07-24T17:28:47.023-0300][554.142s][info][gc,phases      ] GC(425) Summary Phase 0.023ms
[2019-07-24T17:28:47.023-0300][554.142s][info][gc,phases,start] GC(425) Adjust Roots
[2019-07-24T17:28:47.025-0300][554.143s][info][gc,phases      ] GC(425) Adjust Roots 1.760ms
[2019-07-24T17:28:47.025-0300][554.143s][info][gc,phases,start] GC(425) Compaction Phase
[2019-07-24T17:28:47.323-0300][554.441s][info][gc,phases      ] GC(425) Compaction Phase 297.917ms
[2019-07-24T17:28:47.323-0300][554.441s][info][gc,phases,start] GC(425) Post Compact
[2019-07-24T17:28:47.324-0300][554.442s][info][gc,phases      ] GC(425) Post Compact 0.850ms
[2019-07-24T17:28:47.324-0300][554.442s][info][gc,heap        ] GC(425) PSYoungGen: 131583K->131583K(153088K)
[2019-07-24T17:28:47.324-0300][554.442s][info][gc,heap        ] GC(425) ParOldGen: 297433K->297431K(349696K)
[2019-07-24T17:28:47.324-0300][554.442s][info][gc,metaspace   ] GC(425) Metaspace: 13314K->13314K(1062912K)
[2019-07-24T17:28:47.324-0300][554.442s][info][gc             ] GC(425) Pause Full (Ergonomics) 418M->418M(491M) 1014.633ms
[2019-07-24T17:28:47.324-0300][554.442s][info][gc,cpu         ] GC(425) User=3.43s Sys=0.02s Real=1.02s
[2019-07-24T17:28:47.324-0300][554.443s][info][gc,start       ] GC(426) Pause Full (Ergonomics)
[2019-07-24T17:28:47.324-0300][554.443s][info][gc,phases,start] GC(426) Marking Phase
[2019-07-24T17:28:48.046-0300][555.165s][info][gc,phases      ] GC(426) Marking Phase 721.955ms
[2019-07-24T17:28:48.046-0300][555.165s][info][gc,phases,start] GC(426) Summary Phase
[2019-07-24T17:28:48.046-0300][555.165s][info][gc,phases      ] GC(426) Summary Phase 0.021ms
[2019-07-24T17:28:48.046-0300][555.165s][info][gc,phases,start] GC(426) Adjust Roots
[2019-07-24T17:28:48.048-0300][555.166s][info][gc,phases      ] GC(426) Adjust Roots 1.500ms
[2019-07-24T17:28:48.048-0300][555.166s][info][gc,phases,start] GC(426) Compaction Phase
[2019-07-24T17:28:48.343-0300][555.461s][info][gc,phases      ] GC(426) Compaction Phase 295.064ms
[2019-07-24T17:28:48.343-0300][555.461s][info][gc,phases,start] GC(426) Post Compact
[2019-07-24T17:28:48.344-0300][555.462s][info][gc,phases      ] GC(426) Post Compact 0.744ms
[2019-07-24T17:28:48.344-0300][555.462s][info][gc,heap        ] GC(426) PSYoungGen: 131583K->131583K(153088K)
[2019-07-24T17:28:48.344-0300][555.462s][info][gc,heap        ] GC(426) ParOldGen: 297436K->297432K(349696K)
[2019-07-24T17:28:48.344-0300][555.462s][info][gc,metaspace   ] GC(426) Metaspace: 13314K->13314K(1062912K)
[2019-07-24T17:28:48.344-0300][555.462s][info][gc             ] GC(426) Pause Full (Ergonomics) 418M->418M(491M) 1019.646ms
[2019-07-24T17:28:48.344-0300][555.462s][info][gc,cpu         ] GC(426) User=3.44s Sys=0.01s Real=1.02s
[2019-07-24T17:28:48.344-0300][555.463s][info][gc,start       ] GC(427) Pause Full (Ergonomics)
[2019-07-24T17:28:48.344-0300][555.463s][info][gc,phases,start] GC(427) Marking Phase
[2019-07-24T17:28:49.083-0300][556.201s][info][gc,phases      ] GC(427) Marking Phase 738.519ms
[2019-07-24T17:28:49.083-0300][556.201s][info][gc,phases,start] GC(427) Summary Phase
[2019-07-24T17:28:49.083-0300][556.201s][info][gc,phases      ] GC(427) Summary Phase 0.020ms
[2019-07-24T17:28:49.083-0300][556.201s][info][gc,phases,start] GC(427) Adjust Roots
[2019-07-24T17:28:49.084-0300][556.203s][info][gc,phases      ] GC(427) Adjust Roots 1.584ms
[2019-07-24T17:28:49.084-0300][556.203s][info][gc,phases,start] GC(427) Compaction Phase
[2019-07-24T17:28:49.377-0300][556.496s][info][gc,phases      ] GC(427) Compaction Phase 293.120ms
[2019-07-24T17:28:49.377-0300][556.496s][info][gc,phases,start] GC(427) Post Compact
[2019-07-24T17:28:49.378-0300][556.497s][info][gc,phases      ] GC(427) Post Compact 0.745ms
[2019-07-24T17:28:49.378-0300][556.497s][info][gc,heap        ] GC(427) PSYoungGen: 131583K->131583K(153088K)
[2019-07-24T17:28:49.378-0300][556.497s][info][gc,heap        ] GC(427) ParOldGen: 297438K->297432K(349696K)
[2019-07-24T17:28:49.378-0300][556.497s][info][gc,metaspace   ] GC(427) Metaspace: 13314K->13314K(1062912K)
[2019-07-24T17:28:49.378-0300][556.497s][info][gc             ] GC(427) Pause Full (Ergonomics) 418M->418M(491M) 1034.304ms
[2019-07-24T17:28:49.378-0300][556.497s][info][gc,cpu         ] GC(427) User=3.48s Sys=0.01s Real=1.03s
[2019-07-24T17:28:49.379-0300][556.497s][info][gc,start       ] GC(428) Pause Full (Ergonomics)
[2019-07-24T17:28:49.379-0300][556.497s][info][gc,phases,start] GC(428) Marking Phase
[2019-07-24T17:28:50.120-0300][557.239s][info][gc,phases      ] GC(428) Marking Phase 741.795ms
[2019-07-24T17:28:50.120-0300][557.239s][info][gc,phases,start] GC(428) Summary Phase
[2019-07-24T17:28:50.120-0300][557.239s][info][gc,phases      ] GC(428) Summary Phase 0.020ms
[2019-07-24T17:28:50.120-0300][557.239s][info][gc,phases,start] GC(428) Adjust Roots
[2019-07-24T17:28:50.122-0300][557.241s][info][gc,phases      ] GC(428) Adjust Roots 1.694ms
[2019-07-24T17:28:50.122-0300][557.241s][info][gc,phases,start] GC(428) Compaction Phase
[2019-07-24T17:28:50.421-0300][557.540s][info][gc,phases      ] GC(428) Compaction Phase 298.812ms
[2019-07-24T17:28:50.421-0300][557.540s][info][gc,phases,start] GC(428) Post Compact
[2019-07-24T17:28:50.422-0300][557.541s][info][gc,phases      ] GC(428) Post Compact 0.927ms
[2019-07-24T17:28:50.422-0300][557.541s][info][gc,heap        ] GC(428) PSYoungGen: 131583K->131583K(153088K)
[2019-07-24T17:28:50.422-0300][557.541s][info][gc,heap        ] GC(428) ParOldGen: 297434K->297428K(349696K)
[2019-07-24T17:28:50.422-0300][557.541s][info][gc,metaspace   ] GC(428) Metaspace: 13314K->13314K(1062912K)
[2019-07-24T17:28:50.422-0300][557.541s][info][gc             ] GC(428) Pause Full (Ergonomics) 418M->418M(491M) 1043.596ms
[2019-07-24T17:28:50.422-0300][557.541s][info][gc,cpu         ] GC(428) User=3.52s Sys=0.02s Real=1.05s
[2019-07-24T17:28:50.422-0300][557.541s][info][gc,start       ] GC(429) Pause Full (Ergonomics)
[2019-07-24T17:28:50.422-0300][557.541s][info][gc,phases,start] GC(429) Marking Phase
[2019-07-24T17:28:51.163-0300][558.281s][info][gc,phases      ] GC(429) Marking Phase 739.989ms
[2019-07-24T17:28:51.163-0300][558.281s][info][gc,phases,start] GC(429) Summary Phase
[2019-07-24T17:28:51.163-0300][558.281s][info][gc,phases      ] GC(429) Summary Phase 0.019ms
[2019-07-24T17:28:51.163-0300][558.281s][info][gc,phases,start] GC(429) Adjust Roots
[2019-07-24T17:28:51.164-0300][558.283s][info][gc,phases      ] GC(429) Adjust Roots 1.618ms
[2019-07-24T17:28:51.164-0300][558.283s][info][gc,phases,start] GC(429) Compaction Phase
[2019-07-24T17:28:51.459-0300][558.577s][info][gc,phases      ] GC(429) Compaction Phase 294.456ms
[2019-07-24T17:28:51.459-0300][558.577s][info][gc,phases,start] GC(429) Post Compact
[2019-07-24T17:28:51.460-0300][558.578s][info][gc,phases      ] GC(429) Post Compact 0.778ms
[2019-07-24T17:28:51.460-0300][558.578s][info][gc,heap        ] GC(429) PSYoungGen: 131583K->131583K(153088K)
[2019-07-24T17:28:51.460-0300][558.578s][info][gc,heap        ] GC(429) ParOldGen: 297430K->297428K(349696K)
[2019-07-24T17:28:51.460-0300][558.578s][info][gc,metaspace   ] GC(429) Metaspace: 13314K->13314K(1062912K)
[2019-07-24T17:28:51.460-0300][558.578s][info][gc             ] GC(429) Pause Full (Ergonomics) 418M->418M(491M) 1037.148ms
[2019-07-24T17:28:51.460-0300][558.578s][info][gc,cpu         ] GC(429) User=3.47s Sys=0.01s Real=1.04s
[2019-07-24T17:28:51.460-0300][558.578s][info][gc,start       ] GC(430) Pause Full (Ergonomics)
[2019-07-24T17:28:51.460-0300][558.578s][info][gc,phases,start] GC(430) Marking Phase
[2019-07-24T17:28:52.254-0300][559.372s][info][gc,phases      ] GC(430) Marking Phase 793.946ms
[2019-07-24T17:28:52.257-0300][559.375s][info][gc,phases,start] GC(430) Summary Phase
[2019-07-24T17:28:52.257-0300][559.375s][info][gc,phases      ] GC(430) Summary Phase 0.055ms
[2019-07-24T17:28:52.257-0300][559.375s][info][gc,phases,start] GC(430) Adjust Roots
[2019-07-24T17:28:52.259-0300][559.377s][info][gc,phases      ] GC(430) Adjust Roots 1.711ms
[2019-07-24T17:28:52.259-0300][559.377s][info][gc,phases,start] GC(430) Compaction Phase
[2019-07-24T17:28:52.548-0300][559.666s][info][gc,phases      ] GC(430) Compaction Phase 289.000ms
[2019-07-24T17:28:52.548-0300][559.666s][info][gc,phases,start] GC(430) Post Compact
[2019-07-24T17:28:52.548-0300][559.667s][info][gc,phases      ] GC(430) Post Compact 0.746ms
[2019-07-24T17:28:52.548-0300][559.667s][info][gc,heap        ] GC(430) PSYoungGen: 131583K->131583K(153088K)
[2019-07-24T17:28:52.548-0300][559.667s][info][gc,heap        ] GC(430) ParOldGen: 297432K->297431K(349696K)
[2019-07-24T17:28:52.548-0300][559.667s][info][gc,metaspace   ] GC(430) Metaspace: 13314K->13314K(1062912K)
[2019-07-24T17:28:52.548-0300][559.667s][info][gc             ] GC(430) Pause Full (Ergonomics) 418M->418M(491M) 1088.584ms
[2019-07-24T17:28:52.549-0300][559.667s][info][gc,cpu         ] GC(430) User=3.50s Sys=0.02s Real=1.08s
[2019-07-24T17:28:52.549-0300][559.667s][info][gc,start       ] GC(431) Pause Full (Ergonomics)
[2019-07-24T17:28:52.549-0300][559.667s][info][gc,phases,start] GC(431) Marking Phase
[2019-07-24T17:28:53.288-0300][560.406s][info][gc,phases      ] GC(431) Marking Phase 739.231ms
[2019-07-24T17:28:53.288-0300][560.406s][info][gc,phases,start] GC(431) Summary Phase
[2019-07-24T17:28:53.288-0300][560.407s][info][gc,phases      ] GC(431) Summary Phase 0.023ms
[2019-07-24T17:28:53.288-0300][560.407s][info][gc,phases,start] GC(431) Adjust Roots
[2019-07-24T17:28:53.290-0300][560.408s][info][gc,phases      ] GC(431) Adjust Roots 1.808ms
[2019-07-24T17:28:53.290-0300][560.408s][info][gc,phases,start] GC(431) Compaction Phase
[2019-07-24T17:28:53.580-0300][560.698s][info][gc,phases      ] GC(431) Compaction Phase 289.768ms
[2019-07-24T17:28:53.580-0300][560.698s][info][gc,phases,start] GC(431) Post Compact
[2019-07-24T17:28:53.581-0300][560.699s][info][gc,phases      ] GC(431) Post Compact 0.748ms
[2019-07-24T17:28:53.581-0300][560.699s][info][gc,heap        ] GC(431) PSYoungGen: 131583K->131583K(153088K)
[2019-07-24T17:28:53.581-0300][560.699s][info][gc,heap        ] GC(431) ParOldGen: 297434K->297434K(349696K)
[2019-07-24T17:28:53.581-0300][560.699s][info][gc,metaspace   ] GC(431) Metaspace: 13314K->13314K(1062912K)
[2019-07-24T17:28:53.581-0300][560.699s][info][gc             ] GC(431) Pause Full (Ergonomics) 418M->418M(491M) 1031.942ms
[2019-07-24T17:28:53.581-0300][560.699s][info][gc,cpu         ] GC(431) User=3.44s Sys=0.01s Real=1.04s
[2019-07-24T17:28:53.581-0300][560.699s][info][gc,start       ] GC(432) Pause Full (Ergonomics)
[2019-07-24T17:28:53.581-0300][560.699s][info][gc,phases,start] GC(432) Marking Phase
[2019-07-24T17:28:54.336-0300][561.454s][info][gc,phases      ] GC(432) Marking Phase 754.688ms
[2019-07-24T17:28:54.336-0300][561.454s][info][gc,phases,start] GC(432) Summary Phase
[2019-07-24T17:28:54.336-0300][561.454s][info][gc,phases      ] GC(432) Summary Phase 0.021ms
[2019-07-24T17:28:54.336-0300][561.454s][info][gc,phases,start] GC(432) Adjust Roots
[2019-07-24T17:28:54.337-0300][561.456s][info][gc,phases      ] GC(432) Adjust Roots 1.556ms
[2019-07-24T17:28:54.337-0300][561.456s][info][gc,phases,start] GC(432) Compaction Phase
[2019-07-24T17:28:54.626-0300][561.744s][info][gc,phases      ] GC(432) Compaction Phase 288.166ms
[2019-07-24T17:28:54.626-0300][561.744s][info][gc,phases,start] GC(432) Post Compact
[2019-07-24T17:28:54.626-0300][561.745s][info][gc,phases      ] GC(432) Post Compact 0.742ms
[2019-07-24T17:28:54.626-0300][561.745s][info][gc,heap        ] GC(432) PSYoungGen: 131583K->131583K(153088K)
[2019-07-24T17:28:54.626-0300][561.745s][info][gc,heap        ] GC(432) ParOldGen: 297436K->297433K(349696K)
[2019-07-24T17:28:54.626-0300][561.745s][info][gc,metaspace   ] GC(432) Metaspace: 13314K->13314K(1062912K)
[2019-07-24T17:28:54.626-0300][561.745s][info][gc             ] GC(432) Pause Full (Ergonomics) 418M->418M(491M) 1045.498ms
[2019-07-24T17:28:54.626-0300][561.745s][info][gc,cpu         ] GC(432) User=3.53s Sys=0.01s Real=1.04s
[2019-07-24T17:28:54.627-0300][561.745s][info][gc,start       ] GC(433) Pause Full (Ergonomics)
[2019-07-24T17:28:54.627-0300][561.745s][info][gc,phases,start] GC(433) Marking Phase
[2019-07-24T17:28:55.409-0300][562.527s][info][gc,phases      ] GC(433) Marking Phase 781.783ms
[2019-07-24T17:28:55.409-0300][562.527s][info][gc,phases,start] GC(433) Summary Phase
[2019-07-24T17:28:55.409-0300][562.527s][info][gc,phases      ] GC(433) Summary Phase 0.022ms
[2019-07-24T17:28:55.409-0300][562.527s][info][gc,phases,start] GC(433) Adjust Roots
[2019-07-24T17:28:55.411-0300][562.529s][info][gc,phases      ] GC(433) Adjust Roots 2.044ms
[2019-07-24T17:28:55.411-0300][562.529s][info][gc,phases,start] GC(433) Compaction Phase
[2019-07-24T17:28:55.856-0300][562.975s][info][gc,phases      ] GC(433) Compaction Phase 445.679ms
[2019-07-24T17:28:55.857-0300][562.975s][info][gc,phases,start] GC(433) Post Compact
[2019-07-24T17:28:55.858-0300][562.976s][info][gc,phases      ] GC(433) Post Compact 0.978ms
[2019-07-24T17:28:55.858-0300][562.976s][info][gc,heap        ] GC(433) PSYoungGen: 131583K->131583K(153088K)
[2019-07-24T17:28:55.858-0300][562.976s][info][gc,heap        ] GC(433) ParOldGen: 297436K->297435K(349696K)
[2019-07-24T17:28:55.858-0300][562.976s][info][gc,metaspace   ] GC(433) Metaspace: 13314K->13314K(1062912K)
[2019-07-24T17:28:55.858-0300][562.976s][info][gc             ] GC(433) Pause Full (Ergonomics) 418M->418M(491M) 1230.886ms
[2019-07-24T17:28:55.858-0300][562.976s][info][gc,cpu         ] GC(433) User=4.08s Sys=0.02s Real=1.23s
[2019-07-24T17:28:55.858-0300][562.976s][info][gc,start       ] GC(434) Pause Full (Ergonomics)
[2019-07-24T17:28:55.858-0300][562.976s][info][gc,phases,start] GC(434) Marking Phase
[2019-07-24T17:28:56.624-0300][563.743s][info][gc,phases      ] GC(434) Marking Phase 766.335ms
[2019-07-24T17:28:56.624-0300][563.743s][info][gc,phases,start] GC(434) Summary Phase
[2019-07-24T17:28:56.624-0300][563.743s][info][gc,phases      ] GC(434) Summary Phase 0.028ms
[2019-07-24T17:28:56.624-0300][563.743s][info][gc,phases,start] GC(434) Adjust Roots
[2019-07-24T17:28:56.626-0300][563.744s][info][gc,phases      ] GC(434) Adjust Roots 1.632ms
[2019-07-24T17:28:56.626-0300][563.744s][info][gc,phases,start] GC(434) Compaction Phase
[2019-07-24T17:28:56.919-0300][564.037s][info][gc,phases      ] GC(434) Compaction Phase 292.762ms
[2019-07-24T17:28:56.919-0300][564.037s][info][gc,phases,start] GC(434) Post Compact
[2019-07-24T17:28:56.920-0300][564.038s][info][gc,phases      ] GC(434) Post Compact 0.855ms
[2019-07-24T17:28:56.920-0300][564.038s][info][gc,heap        ] GC(434) PSYoungGen: 131583K->131583K(153088K)
[2019-07-24T17:28:56.920-0300][564.038s][info][gc,heap        ] GC(434) ParOldGen: 297438K->297436K(349696K)
[2019-07-24T17:28:56.920-0300][564.038s][info][gc,metaspace   ] GC(434) Metaspace: 13314K->13314K(1062912K)
[2019-07-24T17:28:56.920-0300][564.038s][info][gc             ] GC(434) Pause Full (Ergonomics) 418M->418M(491M) 1062.038ms
[2019-07-24T17:28:56.920-0300][564.038s][info][gc,cpu         ] GC(434) User=3.57s Sys=0.02s Real=1.07s
[2019-07-24T17:28:56.920-0300][564.039s][info][gc,start       ] GC(435) Pause Full (Ergonomics)
[2019-07-24T17:28:56.920-0300][564.039s][info][gc,phases,start] GC(435) Marking Phase
[2019-07-24T17:28:57.650-0300][564.768s][info][gc,phases      ] GC(435) Marking Phase 729.512ms
[2019-07-24T17:28:57.650-0300][564.768s][info][gc,phases,start] GC(435) Summary Phase
[2019-07-24T17:28:57.650-0300][564.768s][info][gc,phases      ] GC(435) Summary Phase 0.023ms
[2019-07-24T17:28:57.650-0300][564.768s][info][gc,phases,start] GC(435) Adjust Roots
[2019-07-24T17:28:57.652-0300][564.770s][info][gc,phases      ] GC(435) Adjust Roots 1.666ms
[2019-07-24T17:28:57.652-0300][564.770s][info][gc,phases,start] GC(435) Compaction Phase
[2019-07-24T17:28:57.950-0300][565.069s][info][gc,phases      ] GC(435) Compaction Phase 298.837ms
[2019-07-24T17:28:57.951-0300][565.069s][info][gc,phases,start] GC(435) Post Compact
[2019-07-24T17:28:57.951-0300][565.070s][info][gc,phases      ] GC(435) Post Compact 0.750ms
[2019-07-24T17:28:57.951-0300][565.070s][info][gc,heap        ] GC(435) PSYoungGen: 131583K->131583K(153088K)
[2019-07-24T17:28:57.951-0300][565.070s][info][gc,heap        ] GC(435) ParOldGen: 297437K->297437K(349696K)
[2019-07-24T17:28:57.951-0300][565.070s][info][gc,metaspace   ] GC(435) Metaspace: 13314K->13314K(1062912K)
[2019-07-24T17:28:57.951-0300][565.070s][info][gc             ] GC(435) Pause Full (Ergonomics) 418M->418M(491M) 1031.101ms
[2019-07-24T17:28:57.951-0300][565.070s][info][gc,cpu         ] GC(435) User=3.46s Sys=0.01s Real=1.03s
[2019-07-24T17:28:57.952-0300][565.070s][info][gc,start       ] GC(436) Pause Full (Ergonomics)
[2019-07-24T17:28:57.952-0300][565.070s][info][gc,phases,start] GC(436) Marking Phase
[2019-07-24T17:28:58.685-0300][565.803s][info][gc,phases      ] GC(436) Marking Phase 732.913ms
[2019-07-24T17:28:58.685-0300][565.803s][info][gc,phases,start] GC(436) Summary Phase
[2019-07-24T17:28:58.685-0300][565.803s][info][gc,phases      ] GC(436) Summary Phase 0.022ms
[2019-07-24T17:28:58.685-0300][565.803s][info][gc,phases,start] GC(436) Adjust Roots
[2019-07-24T17:28:58.686-0300][565.805s][info][gc,phases      ] GC(436) Adjust Roots 1.711ms
[2019-07-24T17:28:58.687-0300][565.805s][info][gc,phases,start] GC(436) Compaction Phase
[2019-07-24T17:28:58.979-0300][566.097s][info][gc,phases      ] GC(436) Compaction Phase 292.248ms
[2019-07-24T17:28:58.979-0300][566.097s][info][gc,phases,start] GC(436) Post Compact
[2019-07-24T17:28:58.980-0300][566.098s][info][gc,phases      ] GC(436) Post Compact 0.751ms
[2019-07-24T17:28:58.980-0300][566.098s][info][gc,heap        ] GC(436) PSYoungGen: 131583K->131583K(153088K)
[2019-07-24T17:28:58.980-0300][566.098s][info][gc,heap        ] GC(436) ParOldGen: 297439K->297438K(349696K)
[2019-07-24T17:28:58.980-0300][566.098s][info][gc,metaspace   ] GC(436) Metaspace: 13314K->13314K(1062912K)
[2019-07-24T17:28:58.980-0300][566.098s][info][gc             ] GC(436) Pause Full (Ergonomics) 418M->418M(491M) 1027.970ms
[2019-07-24T17:28:58.980-0300][566.098s][info][gc,cpu         ] GC(436) User=3.47s Sys=0.01s Real=1.03s
[2019-07-24T17:28:58.980-0300][566.098s][info][gc,start       ] GC(437) Pause Full (Ergonomics)
[2019-07-24T17:28:58.980-0300][566.098s][info][gc,phases,start] GC(437) Marking Phase
[2019-07-24T17:28:59.719-0300][566.838s][info][gc,phases      ] GC(437) Marking Phase 739.325ms
[2019-07-24T17:28:59.719-0300][566.838s][info][gc,phases,start] GC(437) Summary Phase
[2019-07-24T17:28:59.719-0300][566.838s][info][gc,phases      ] GC(437) Summary Phase 0.027ms
[2019-07-24T17:28:59.719-0300][566.838s][info][gc,phases,start] GC(437) Adjust Roots
[2019-07-24T17:28:59.721-0300][566.839s][info][gc,phases      ] GC(437) Adjust Roots 1.555ms
[2019-07-24T17:28:59.721-0300][566.839s][info][gc,phases,start] GC(437) Compaction Phase
[2019-07-24T17:29:00.015-0300][567.133s][info][gc,phases      ] GC(437) Compaction Phase 293.534ms
[2019-07-24T17:29:00.015-0300][567.133s][info][gc,phases,start] GC(437) Post Compact
[2019-07-24T17:29:00.016-0300][567.134s][info][gc,phases      ] GC(437) Post Compact 0.866ms
[2019-07-24T17:29:00.016-0300][567.134s][info][gc,heap        ] GC(437) PSYoungGen: 131583K->131583K(153088K)
[2019-07-24T17:29:00.016-0300][567.134s][info][gc,heap        ] GC(437) ParOldGen: 297439K->297439K(349696K)
[2019-07-24T17:29:00.016-0300][567.134s][info][gc,metaspace   ] GC(437) Metaspace: 13314K->13314K(1062912K)
[2019-07-24T17:29:00.016-0300][567.134s][info][gc             ] GC(437) Pause Full (Ergonomics) 418M->418M(491M) 1035.689ms
[2019-07-24T17:29:00.016-0300][567.134s][info][gc,cpu         ] GC(437) User=3.49s Sys=0.02s Real=1.03s
[2019-07-24T17:29:00.016-0300][567.134s][info][gc,start       ] GC(438) Pause Full (Ergonomics)
[2019-07-24T17:29:00.016-0300][567.134s][info][gc,phases,start] GC(438) Marking Phase
[2019-07-24T17:29:00.753-0300][567.871s][info][gc,phases      ] GC(438) Marking Phase 736.694ms
[2019-07-24T17:29:00.753-0300][567.871s][info][gc,phases,start] GC(438) Summary Phase
[2019-07-24T17:29:00.753-0300][567.871s][info][gc,phases      ] GC(438) Summary Phase 0.022ms
[2019-07-24T17:29:00.753-0300][567.871s][info][gc,phases,start] GC(438) Adjust Roots
[2019-07-24T17:29:00.755-0300][567.873s][info][gc,phases      ] GC(438) Adjust Roots 2.207ms
[2019-07-24T17:29:00.755-0300][567.873s][info][gc,phases,start] GC(438) Compaction Phase
[2019-07-24T17:29:01.191-0300][568.309s][info][gc,phases      ] GC(438) Compaction Phase 435.489ms
[2019-07-24T17:29:01.191-0300][568.309s][info][gc,phases,start] GC(438) Post Compact
[2019-07-24T17:29:01.192-0300][568.310s][info][gc,phases      ] GC(438) Post Compact 0.766ms
[2019-07-24T17:29:01.192-0300][568.310s][info][gc,heap        ] GC(438) PSYoungGen: 131583K->131583K(153088K)
[2019-07-24T17:29:01.192-0300][568.310s][info][gc,heap        ] GC(438) ParOldGen: 297441K->297430K(349696K)
[2019-07-24T17:29:01.192-0300][568.310s][info][gc,metaspace   ] GC(438) Metaspace: 13314K->13306K(1062912K)
[2019-07-24T17:29:01.192-0300][568.310s][info][gc             ] GC(438) Pause Full (Ergonomics) 418M->418M(491M) 1175.565ms
[2019-07-24T17:29:01.192-0300][568.310s][info][gc,cpu         ] GC(438) User=4.00s Sys=0.02s Real=1.18s
[2019-07-24T17:29:01.192-0300][568.310s][info][gc,start       ] GC(439) Pause Full (Ergonomics)
[2019-07-24T17:29:01.192-0300][568.310s][info][gc,phases,start] GC(439) Marking Phase
[2019-07-24T17:29:01.932-0300][569.050s][info][gc,phases      ] GC(439) Marking Phase 739.975ms
[2019-07-24T17:29:01.932-0300][569.050s][info][gc,phases,start] GC(439) Summary Phase
[2019-07-24T17:29:01.932-0300][569.050s][info][gc,phases      ] GC(439) Summary Phase 0.021ms
[2019-07-24T17:29:01.932-0300][569.050s][info][gc,phases,start] GC(439) Adjust Roots
[2019-07-24T17:29:01.934-0300][569.052s][info][gc,phases      ] GC(439) Adjust Roots 1.465ms
[2019-07-24T17:29:01.934-0300][569.052s][info][gc,phases,start] GC(439) Compaction Phase
[2019-07-24T17:29:02.230-0300][569.348s][info][gc,phases      ] GC(439) Compaction Phase 296.203ms
[2019-07-24T17:29:02.230-0300][569.348s][info][gc,phases,start] GC(439) Post Compact
[2019-07-24T17:29:02.231-0300][569.349s][info][gc,phases      ] GC(439) Post Compact 0.745ms
[2019-07-24T17:29:02.231-0300][569.349s][info][gc,heap        ] GC(439) PSYoungGen: 131584K->131584K(153088K)
[2019-07-24T17:29:02.231-0300][569.349s][info][gc,heap        ] GC(439) ParOldGen: 297430K->297430K(349696K)
[2019-07-24T17:29:02.231-0300][569.349s][info][gc,metaspace   ] GC(439) Metaspace: 13306K->13306K(1062912K)
[2019-07-24T17:29:02.231-0300][569.349s][info][gc             ] GC(439) Pause Full (Ergonomics) 418M->418M(491M) 1038.743ms
[2019-07-24T17:29:02.231-0300][569.349s][info][gc,cpu         ] GC(439) User=3.49s Sys=0.01s Real=1.04s
[2019-07-24T17:29:02.231-0300][569.349s][info][gc,start       ] GC(440) Pause Full (Ergonomics)
[2019-07-24T17:29:02.231-0300][569.349s][info][gc,phases,start] GC(440) Marking Phase
[2019-07-24T17:29:02.974-0300][570.092s][info][gc,phases      ] GC(440) Marking Phase 742.586ms
[2019-07-24T17:29:02.974-0300][570.092s][info][gc,phases,start] GC(440) Summary Phase
[2019-07-24T17:29:02.974-0300][570.092s][info][gc,phases      ] GC(440) Summary Phase 0.095ms
[2019-07-24T17:29:02.974-0300][570.092s][info][gc,phases,start] GC(440) Adjust Roots
[2019-07-24T17:29:02.976-0300][570.094s][info][gc,phases      ] GC(440) Adjust Roots 1.728ms
[2019-07-24T17:29:02.976-0300][570.094s][info][gc,phases,start] GC(440) Compaction Phase
[2019-07-24T17:29:03.272-0300][570.390s][info][gc,phases      ] GC(440) Compaction Phase 295.877ms
[2019-07-24T17:29:03.272-0300][570.390s][info][gc,phases,start] GC(440) Post Compact
[2019-07-24T17:29:03.273-0300][570.391s][info][gc,phases      ] GC(440) Post Compact 1.013ms
[2019-07-24T17:29:03.273-0300][570.391s][info][gc,heap        ] GC(440) PSYoungGen: 131584K->131583K(153088K)
[2019-07-24T17:29:03.273-0300][570.391s][info][gc,heap        ] GC(440) ParOldGen: 297434K->297432K(349696K)
[2019-07-24T17:29:03.273-0300][570.391s][info][gc,metaspace   ] GC(440) Metaspace: 13306K->13306K(1062912K)
[2019-07-24T17:29:03.273-0300][570.391s][info][gc             ] GC(440) Pause Full (Ergonomics) 418M->418M(491M) 1041.801ms
[2019-07-24T17:29:03.273-0300][570.391s][info][gc,cpu         ] GC(440) User=3.51s Sys=0.01s Real=1.04s
[2019-07-24T17:29:03.273-0300][570.391s][info][gc,start       ] GC(441) Pause Full (Ergonomics)
[2019-07-24T17:29:03.273-0300][570.391s][info][gc,phases,start] GC(441) Marking Phase
[2019-07-24T17:29:04.010-0300][571.128s][info][gc,phases      ] GC(441) Marking Phase 736.254ms
[2019-07-24T17:29:04.010-0300][571.128s][info][gc,phases,start] GC(441) Summary Phase
[2019-07-24T17:29:04.010-0300][571.128s][info][gc,phases      ] GC(441) Summary Phase 0.023ms
[2019-07-24T17:29:04.010-0300][571.128s][info][gc,phases,start] GC(441) Adjust Roots
[2019-07-24T17:29:04.011-0300][571.129s][info][gc,phases      ] GC(441) Adjust Roots 1.681ms
[2019-07-24T17:29:04.011-0300][571.129s][info][gc,phases,start] GC(441) Compaction Phase
[2019-07-24T17:29:04.303-0300][571.421s][info][gc,phases      ] GC(441) Compaction Phase 291.425ms
[2019-07-24T17:29:04.303-0300][571.421s][info][gc,phases,start] GC(441) Post Compact
[2019-07-24T17:29:04.304-0300][571.422s][info][gc,phases      ] GC(441) Post Compact 0.764ms
[2019-07-24T17:29:04.304-0300][571.422s][info][gc,heap        ] GC(441) PSYoungGen: 131583K->131583K(153088K)
[2019-07-24T17:29:04.304-0300][571.422s][info][gc,heap        ] GC(441) ParOldGen: 297432K->297432K(349696K)
[2019-07-24T17:29:04.304-0300][571.422s][info][gc,metaspace   ] GC(441) Metaspace: 13306K->13306K(1062912K)
[2019-07-24T17:29:04.304-0300][571.422s][info][gc             ] GC(441) Pause Full (Ergonomics) 418M->418M(491M) 1030.493ms
[2019-07-24T17:29:04.304-0300][571.422s][info][gc,cpu         ] GC(441) User=3.48s Sys=0.02s Real=1.03s
[2019-07-24T17:29:04.304-0300][571.422s][info][gc,start       ] GC(442) Pause Full (Ergonomics)
[2019-07-24T17:29:04.304-0300][571.422s][info][gc,phases,start] GC(442) Marking Phase
[2019-07-24T17:29:05.040-0300][572.158s][info][gc,phases      ] GC(442) Marking Phase 735.463ms
[2019-07-24T17:29:05.040-0300][572.158s][info][gc,phases,start] GC(442) Summary Phase
[2019-07-24T17:29:05.040-0300][572.158s][info][gc,phases      ] GC(442) Summary Phase 0.021ms
[2019-07-24T17:29:05.040-0300][572.158s][info][gc,phases,start] GC(442) Adjust Roots
[2019-07-24T17:29:05.041-0300][572.159s][info][gc,phases      ] GC(442) Adjust Roots 1.701ms
[2019-07-24T17:29:05.041-0300][572.159s][info][gc,phases,start] GC(442) Compaction Phase
[2019-07-24T17:29:05.345-0300][572.463s][info][gc,phases      ] GC(442) Compaction Phase 303.671ms
[2019-07-24T17:29:05.345-0300][572.463s][info][gc,phases,start] GC(442) Post Compact
[2019-07-24T17:29:05.346-0300][572.464s][info][gc,phases      ] GC(442) Post Compact 0.762ms
[2019-07-24T17:29:05.346-0300][572.464s][info][gc,heap        ] GC(442) PSYoungGen: 131584K->131583K(153088K)
[2019-07-24T17:29:05.346-0300][572.464s][info][gc,heap        ] GC(442) ParOldGen: 297436K->297435K(349696K)
[2019-07-24T17:29:05.346-0300][572.464s][info][gc,metaspace   ] GC(442) Metaspace: 13306K->13306K(1062912K)
[2019-07-24T17:29:05.346-0300][572.464s][info][gc             ] GC(442) Pause Full (Ergonomics) 418M->418M(491M) 1041.978ms
[2019-07-24T17:29:05.346-0300][572.464s][info][gc,cpu         ] GC(442) User=3.46s Sys=0.01s Real=1.04s
[2019-07-24T17:29:05.346-0300][572.464s][info][gc,start       ] GC(443) Pause Full (Ergonomics)
[2019-07-24T17:29:05.346-0300][572.464s][info][gc,phases,start] GC(443) Marking Phase
[2019-07-24T17:29:06.081-0300][573.199s][info][gc,phases      ] GC(443) Marking Phase 734.196ms
[2019-07-24T17:29:06.081-0300][573.199s][info][gc,phases,start] GC(443) Summary Phase
[2019-07-24T17:29:06.081-0300][573.199s][info][gc,phases      ] GC(443) Summary Phase 0.022ms
[2019-07-24T17:29:06.081-0300][573.199s][info][gc,phases,start] GC(443) Adjust Roots
[2019-07-24T17:29:06.082-0300][573.200s][info][gc,phases      ] GC(443) Adjust Roots 1.361ms
[2019-07-24T17:29:06.082-0300][573.200s][info][gc,phases,start] GC(443) Compaction Phase
[2019-07-24T17:29:06.374-0300][573.492s][info][gc,phases      ] GC(443) Compaction Phase 292.418ms
[2019-07-24T17:29:06.374-0300][573.493s][info][gc,phases,start] GC(443) Post Compact
[2019-07-24T17:29:06.375-0300][573.493s][info][gc,phases      ] GC(443) Post Compact 0.744ms
[2019-07-24T17:29:06.375-0300][573.493s][info][gc,heap        ] GC(443) PSYoungGen: 131584K->131584K(153088K)
[2019-07-24T17:29:06.375-0300][573.493s][info][gc,heap        ] GC(443) ParOldGen: 297437K->297437K(349696K)
[2019-07-24T17:29:06.375-0300][573.493s][info][gc,metaspace   ] GC(443) Metaspace: 13306K->13306K(1062912K)
[2019-07-24T17:29:06.375-0300][573.493s][info][gc             ] GC(443) Pause Full (Ergonomics) 418M->418M(491M) 1029.080ms
[2019-07-24T17:29:06.375-0300][573.493s][info][gc,cpu         ] GC(443) User=3.49s Sys=0.01s Real=1.03s
[2019-07-24T17:29:06.376-0300][573.494s][info][gc,start       ] GC(444) Pause Full (Ergonomics)
[2019-07-24T17:29:06.376-0300][573.494s][info][gc,phases,start] GC(444) Marking Phase
[2019-07-24T17:29:07.133-0300][574.251s][info][gc,phases      ] GC(444) Marking Phase 756.884ms
[2019-07-24T17:29:07.133-0300][574.251s][info][gc,phases,start] GC(444) Summary Phase
[2019-07-24T17:29:07.133-0300][574.251s][info][gc,phases      ] GC(444) Summary Phase 0.023ms
[2019-07-24T17:29:07.133-0300][574.251s][info][gc,phases,start] GC(444) Adjust Roots
[2019-07-24T17:29:07.134-0300][574.252s][info][gc,phases      ] GC(444) Adjust Roots 1.467ms
[2019-07-24T17:29:07.134-0300][574.252s][info][gc,phases,start] GC(444) Compaction Phase
[2019-07-24T17:29:07.429-0300][574.547s][info][gc,phases      ] GC(444) Compaction Phase 295.185ms
[2019-07-24T17:29:07.429-0300][574.547s][info][gc,phases,start] GC(444) Post Compact
[2019-07-24T17:29:07.430-0300][574.548s][info][gc,phases      ] GC(444) Post Compact 0.747ms
[2019-07-24T17:29:07.430-0300][574.548s][info][gc,heap        ] GC(444) PSYoungGen: 131584K->131584K(153088K)
[2019-07-24T17:29:07.430-0300][574.548s][info][gc,heap        ] GC(444) ParOldGen: 297439K->297439K(349696K)
[2019-07-24T17:29:07.430-0300][574.548s][info][gc,metaspace   ] GC(444) Metaspace: 13306K->13306K(1062912K)
[2019-07-24T17:29:07.430-0300][574.548s][info][gc             ] GC(444) Pause Full (Ergonomics) 418M->418M(491M) 1054.636ms
[2019-07-24T17:29:07.430-0300][574.548s][info][gc,cpu         ] GC(444) User=3.56s Sys=0.02s Real=1.06s
[2019-07-24T17:29:07.431-0300][574.549s][info][gc,start       ] GC(445) Pause Full (Ergonomics)
[2019-07-24T17:29:07.431-0300][574.549s][info][gc,phases,start] GC(445) Marking Phase
[2019-07-24T17:29:08.177-0300][575.295s][info][gc,phases      ] GC(445) Marking Phase 746.579ms
[2019-07-24T17:29:08.177-0300][575.295s][info][gc,phases,start] GC(445) Summary Phase
[2019-07-24T17:29:08.177-0300][575.295s][info][gc,phases      ] GC(445) Summary Phase 0.025ms
[2019-07-24T17:29:08.177-0300][575.295s][info][gc,phases,start] GC(445) Adjust Roots
[2019-07-24T17:29:08.179-0300][575.297s][info][gc,phases      ] GC(445) Adjust Roots 1.471ms
[2019-07-24T17:29:08.179-0300][575.297s][info][gc,phases,start] GC(445) Compaction Phase
[2019-07-24T17:29:08.475-0300][575.593s][info][gc,phases      ] GC(445) Compaction Phase 296.148ms
[2019-07-24T17:29:08.475-0300][575.593s][info][gc,phases,start] GC(445) Post Compact
[2019-07-24T17:29:08.476-0300][575.594s][info][gc,phases      ] GC(445) Post Compact 0.742ms
[2019-07-24T17:29:08.476-0300][575.594s][info][gc,heap        ] GC(445) PSYoungGen: 131584K->131584K(153088K)
[2019-07-24T17:29:08.476-0300][575.594s][info][gc,heap        ] GC(445) ParOldGen: 297440K->297439K(349696K)
[2019-07-24T17:29:08.476-0300][575.594s][info][gc,metaspace   ] GC(445) Metaspace: 13306K->13306K(1062912K)
[2019-07-24T17:29:08.476-0300][575.594s][info][gc             ] GC(445) Pause Full (Ergonomics) 418M->418M(491M) 1045.305ms
[2019-07-24T17:29:08.476-0300][575.594s][info][gc,cpu         ] GC(445) User=3.47s Sys=0.01s Real=1.04s
[2019-07-24T17:29:08.476-0300][575.594s][info][gc,start       ] GC(446) Pause Full (Ergonomics)
[2019-07-24T17:29:08.476-0300][575.594s][info][gc,phases,start] GC(446) Marking Phase
[2019-07-24T17:29:09.235-0300][576.352s][info][gc,phases      ] GC(446) Marking Phase 758.102ms
[2019-07-24T17:29:09.235-0300][576.353s][info][gc,phases,start] GC(446) Summary Phase
[2019-07-24T17:29:09.235-0300][576.353s][info][gc,phases      ] GC(446) Summary Phase 0.021ms
[2019-07-24T17:29:09.235-0300][576.353s][info][gc,phases,start] GC(446) Adjust Roots
[2019-07-24T17:29:09.236-0300][576.354s][info][gc,phases      ] GC(446) Adjust Roots 1.491ms
[2019-07-24T17:29:09.236-0300][576.354s][info][gc,phases,start] GC(446) Compaction Phase
[2019-07-24T17:29:09.533-0300][576.651s][info][gc,phases      ] GC(446) Compaction Phase 297.060ms
[2019-07-24T17:29:09.533-0300][576.651s][info][gc,phases,start] GC(446) Post Compact
[2019-07-24T17:29:09.534-0300][576.652s][info][gc,phases      ] GC(446) Post Compact 0.754ms
[2019-07-24T17:29:09.534-0300][576.652s][info][gc,heap        ] GC(446) PSYoungGen: 131584K->131583K(153088K)
[2019-07-24T17:29:09.534-0300][576.652s][info][gc,heap        ] GC(446) ParOldGen: 297443K->297439K(349696K)
[2019-07-24T17:29:09.534-0300][576.652s][info][gc,metaspace   ] GC(446) Metaspace: 13307K->13307K(1062912K)
[2019-07-24T17:29:09.534-0300][576.652s][info][gc             ] GC(446) Pause Full (Ergonomics) 418M->418M(491M) 1057.769ms
[2019-07-24T17:29:09.534-0300][576.652s][info][gc,cpu         ] GC(446) User=3.49s Sys=0.01s Real=1.06s
[2019-07-24T17:29:09.535-0300][576.653s][info][gc,start       ] GC(447) Pause Full (Ergonomics)
[2019-07-24T17:29:09.535-0300][576.653s][info][gc,phases,start] GC(447) Marking Phase
[2019-07-24T17:29:10.285-0300][577.403s][info][gc,phases      ] GC(447) Marking Phase 750.243ms
[2019-07-24T17:29:10.285-0300][577.403s][info][gc,phases,start] GC(447) Summary Phase
[2019-07-24T17:29:10.285-0300][577.403s][info][gc,phases      ] GC(447) Summary Phase 0.023ms
[2019-07-24T17:29:10.285-0300][577.403s][info][gc,phases,start] GC(447) Adjust Roots
[2019-07-24T17:29:10.287-0300][577.405s][info][gc,phases      ] GC(447) Adjust Roots 1.490ms
[2019-07-24T17:29:10.287-0300][577.405s][info][gc,phases,start] GC(447) Compaction Phase
[2019-07-24T17:29:10.582-0300][577.700s][info][gc,phases      ] GC(447) Compaction Phase 295.487ms
[2019-07-24T17:29:10.582-0300][577.700s][info][gc,phases,start] GC(447) Post Compact
[2019-07-24T17:29:10.583-0300][577.701s][info][gc,phases      ] GC(447) Post Compact 0.751ms
[2019-07-24T17:29:10.583-0300][577.701s][info][gc,heap        ] GC(447) PSYoungGen: 131583K->131583K(153088K)
[2019-07-24T17:29:10.583-0300][577.701s][info][gc,heap        ] GC(447) ParOldGen: 297441K->297435K(349696K)
[2019-07-24T17:29:10.583-0300][577.701s][info][gc,metaspace   ] GC(447) Metaspace: 13307K->13307K(1062912K)
[2019-07-24T17:29:10.583-0300][577.701s][info][gc             ] GC(447) Pause Full (Ergonomics) 418M->418M(491M) 1048.386ms
[2019-07-24T17:29:10.583-0300][577.701s][info][gc,cpu         ] GC(447) User=3.45s Sys=0.02s Real=1.05s
[2019-07-24T17:29:10.583-0300][577.701s][info][gc,start       ] GC(448) Pause Full (Ergonomics)
[2019-07-24T17:29:10.583-0300][577.701s][info][gc,phases,start] GC(448) Marking Phase
[2019-07-24T17:29:11.323-0300][578.441s][info][gc,phases      ] GC(448) Marking Phase 739.455ms
[2019-07-24T17:29:11.323-0300][578.441s][info][gc,phases,start] GC(448) Summary Phase
[2019-07-24T17:29:11.323-0300][578.441s][info][gc,phases      ] GC(448) Summary Phase 0.022ms
[2019-07-24T17:29:11.323-0300][578.441s][info][gc,phases,start] GC(448) Adjust Roots
[2019-07-24T17:29:11.325-0300][578.443s][info][gc,phases      ] GC(448) Adjust Roots 1.770ms
[2019-07-24T17:29:11.325-0300][578.443s][info][gc,phases,start] GC(448) Compaction Phase
[2019-07-24T17:29:11.613-0300][578.731s][info][gc,phases      ] GC(448) Compaction Phase 287.846ms
[2019-07-24T17:29:11.613-0300][578.731s][info][gc,phases,start] GC(448) Post Compact
[2019-07-24T17:29:11.614-0300][578.731s][info][gc,phases      ] GC(448) Post Compact 0.753ms
[2019-07-24T17:29:11.614-0300][578.732s][info][gc,heap        ] GC(448) PSYoungGen: 131584K->131584K(153088K)
[2019-07-24T17:29:11.614-0300][578.732s][info][gc,heap        ] GC(448) ParOldGen: 297435K->297435K(349696K)
[2019-07-24T17:29:11.614-0300][578.732s][info][gc,metaspace   ] GC(448) Metaspace: 13307K->13307K(1062912K)
[2019-07-24T17:29:11.614-0300][578.732s][info][gc             ] GC(448) Pause Full (Ergonomics) 418M->418M(491M) 1030.273ms
[2019-07-24T17:29:11.614-0300][578.732s][info][gc,cpu         ] GC(448) User=3.47s Sys=0.01s Real=1.03s
[2019-07-24T17:29:11.614-0300][578.732s][info][gc,start       ] GC(449) Pause Full (Ergonomics)
[2019-07-24T17:29:11.614-0300][578.732s][info][gc,phases,start] GC(449) Marking Phase
[2019-07-24T17:29:12.356-0300][579.474s][info][gc,phases      ] GC(449) Marking Phase 741.560ms
[2019-07-24T17:29:12.356-0300][579.474s][info][gc,phases,start] GC(449) Summary Phase
[2019-07-24T17:29:12.356-0300][579.474s][info][gc,phases      ] GC(449) Summary Phase 0.021ms
[2019-07-24T17:29:12.356-0300][579.474s][info][gc,phases,start] GC(449) Adjust Roots
[2019-07-24T17:29:12.358-0300][579.476s][info][gc,phases      ] GC(449) Adjust Roots 1.964ms
[2019-07-24T17:29:12.358-0300][579.476s][info][gc,phases,start] GC(449) Compaction Phase
[2019-07-24T17:29:12.651-0300][579.769s][info][gc,phases      ] GC(449) Compaction Phase 292.752ms
[2019-07-24T17:29:12.651-0300][579.769s][info][gc,phases,start] GC(449) Post Compact
[2019-07-24T17:29:12.652-0300][579.769s][info][gc,phases      ] GC(449) Post Compact 0.764ms
[2019-07-24T17:29:12.652-0300][579.769s][info][gc,heap        ] GC(449) PSYoungGen: 131584K->131584K(153088K)
[2019-07-24T17:29:12.652-0300][579.769s][info][gc,heap        ] GC(449) ParOldGen: 297454K->297452K(349696K)
[2019-07-24T17:29:12.652-0300][579.769s][info][gc,metaspace   ] GC(449) Metaspace: 13307K->13307K(1062912K)
[2019-07-24T17:29:12.652-0300][579.769s][info][gc             ] GC(449) Pause Full (Ergonomics) 418M->418M(491M) 1037.455ms
[2019-07-24T17:29:12.652-0300][579.770s][info][gc,cpu         ] GC(449) User=3.49s Sys=0.02s Real=1.04s
[2019-07-24T17:29:12.652-0300][579.770s][info][gc,start       ] GC(450) Pause Full (Ergonomics)
[2019-07-24T17:29:12.652-0300][579.770s][info][gc,phases,start] GC(450) Marking Phase
[2019-07-24T17:29:13.394-0300][580.512s][info][gc,phases      ] GC(450) Marking Phase 741.677ms
[2019-07-24T17:29:13.394-0300][580.512s][info][gc,phases,start] GC(450) Summary Phase
[2019-07-24T17:29:13.394-0300][580.512s][info][gc,phases      ] GC(450) Summary Phase 0.038ms
[2019-07-24T17:29:13.394-0300][580.512s][info][gc,phases,start] GC(450) Adjust Roots
[2019-07-24T17:29:13.395-0300][580.513s][info][gc,phases      ] GC(450) Adjust Roots 1.377ms
[2019-07-24T17:29:13.395-0300][580.513s][info][gc,phases,start] GC(450) Compaction Phase
[2019-07-24T17:29:13.682-0300][580.800s][info][gc,phases      ] GC(450) Compaction Phase 286.898ms
[2019-07-24T17:29:13.682-0300][580.800s][info][gc,phases,start] GC(450) Post Compact
[2019-07-24T17:29:13.683-0300][580.801s][info][gc,phases      ] GC(450) Post Compact 0.776ms
[2019-07-24T17:29:13.683-0300][580.801s][info][gc,heap        ] GC(450) PSYoungGen: 131584K->131584K(153088K)
[2019-07-24T17:29:13.683-0300][580.801s][info][gc,heap        ] GC(450) ParOldGen: 297456K->297455K(349696K)
[2019-07-24T17:29:13.683-0300][580.801s][info][gc,metaspace   ] GC(450) Metaspace: 13307K->13307K(1062912K)
[2019-07-24T17:29:13.683-0300][580.801s][info][gc             ] GC(450) Pause Full (Ergonomics) 418M->418M(491M) 1031.117ms
[2019-07-24T17:29:13.683-0300][580.801s][info][gc,cpu         ] GC(450) User=3.47s Sys=0.01s Real=1.03s
[2019-07-24T17:29:13.683-0300][580.801s][info][gc,start       ] GC(451) Pause Full (Ergonomics)
[2019-07-24T17:29:13.683-0300][580.801s][info][gc,phases,start] GC(451) Marking Phase
[2019-07-24T17:29:14.418-0300][581.535s][info][gc,phases      ] GC(451) Marking Phase 734.020ms
[2019-07-24T17:29:14.418-0300][581.535s][info][gc,phases,start] GC(451) Summary Phase
[2019-07-24T17:29:14.418-0300][581.535s][info][gc,phases      ] GC(451) Summary Phase 0.022ms
[2019-07-24T17:29:14.418-0300][581.535s][info][gc,phases,start] GC(451) Adjust Roots
[2019-07-24T17:29:14.419-0300][581.537s][info][gc,phases      ] GC(451) Adjust Roots 1.485ms
[2019-07-24T17:29:14.419-0300][581.537s][info][gc,phases,start] GC(451) Compaction Phase
[2019-07-24T17:29:14.708-0300][581.826s][info][gc,phases      ] GC(451) Compaction Phase 288.896ms
[2019-07-24T17:29:14.708-0300][581.826s][info][gc,phases,start] GC(451) Post Compact
[2019-07-24T17:29:14.709-0300][581.827s][info][gc,phases      ] GC(451) Post Compact 0.744ms
[2019-07-24T17:29:14.709-0300][581.827s][info][gc,heap        ] GC(451) PSYoungGen: 131584K->131584K(153088K)
[2019-07-24T17:29:14.709-0300][581.827s][info][gc,heap        ] GC(451) ParOldGen: 297458K->297458K(349696K)
[2019-07-24T17:29:14.709-0300][581.827s][info][gc,metaspace   ] GC(451) Metaspace: 13307K->13307K(1062912K)
[2019-07-24T17:29:14.709-0300][581.827s][info][gc             ] GC(451) Pause Full (Ergonomics) 418M->418M(491M) 1025.477ms
[2019-07-24T17:29:14.709-0300][581.827s][info][gc,cpu         ] GC(451) User=3.45s Sys=0.02s Real=1.02s
[2019-07-24T17:29:14.709-0300][581.827s][info][gc,start       ] GC(452) Pause Full (Ergonomics)
[2019-07-24T17:29:14.709-0300][581.827s][info][gc,phases,start] GC(452) Marking Phase
[2019-07-24T17:29:15.468-0300][582.586s][info][gc,phases      ] GC(452) Marking Phase 758.536ms
[2019-07-24T17:29:15.468-0300][582.586s][info][gc,phases,start] GC(452) Summary Phase
[2019-07-24T17:29:15.468-0300][582.586s][info][gc,phases      ] GC(452) Summary Phase 0.023ms
[2019-07-24T17:29:15.468-0300][582.586s][info][gc,phases,start] GC(452) Adjust Roots
[2019-07-24T17:29:15.470-0300][582.587s][info][gc,phases      ] GC(452) Adjust Roots 1.558ms
[2019-07-24T17:29:15.470-0300][582.587s][info][gc,phases,start] GC(452) Compaction Phase
[2019-07-24T17:29:15.764-0300][582.881s][info][gc,phases      ] GC(452) Compaction Phase 293.984ms
[2019-07-24T17:29:15.764-0300][582.882s][info][gc,phases,start] GC(452) Post Compact
[2019-07-24T17:29:15.765-0300][582.882s][info][gc,phases      ] GC(452) Post Compact 0.800ms
[2019-07-24T17:29:15.765-0300][582.882s][info][gc,heap        ] GC(452) PSYoungGen: 131584K->131583K(153088K)
[2019-07-24T17:29:15.765-0300][582.882s][info][gc,heap        ] GC(452) ParOldGen: 297462K->297445K(349696K)
[2019-07-24T17:29:15.765-0300][582.882s][info][gc,metaspace   ] GC(452) Metaspace: 13309K->13309K(1062912K)
[2019-07-24T17:29:15.765-0300][582.882s][info][gc             ] GC(452) Pause Full (Ergonomics) 418M->418M(491M) 1055.227ms
[2019-07-24T17:29:15.765-0300][582.882s][info][gc,cpu         ] GC(452) User=3.52s Sys=0.01s Real=1.06s
[2019-07-24T17:29:15.765-0300][582.883s][info][gc,start       ] GC(453) Pause Full (Ergonomics)
[2019-07-24T17:29:15.765-0300][582.883s][info][gc,phases,start] GC(453) Marking Phase
[2019-07-24T17:29:16.505-0300][583.622s][info][gc,phases      ] GC(453) Marking Phase 739.690ms
[2019-07-24T17:29:16.505-0300][583.622s][info][gc,phases,start] GC(453) Summary Phase
[2019-07-24T17:29:16.505-0300][583.622s][info][gc,phases      ] GC(453) Summary Phase 0.022ms
[2019-07-24T17:29:16.505-0300][583.622s][info][gc,phases,start] GC(453) Adjust Roots
[2019-07-24T17:29:16.506-0300][583.624s][info][gc,phases      ] GC(453) Adjust Roots 1.546ms
[2019-07-24T17:29:16.506-0300][583.624s][info][gc,phases,start] GC(453) Compaction Phase
[2019-07-24T17:29:16.799-0300][583.917s][info][gc,phases      ] GC(453) Compaction Phase 292.940ms
[2019-07-24T17:29:16.799-0300][583.917s][info][gc,phases,start] GC(453) Post Compact
[2019-07-24T17:29:16.800-0300][583.918s][info][gc,phases      ] GC(453) Post Compact 0.760ms
[2019-07-24T17:29:16.800-0300][583.918s][info][gc,heap        ] GC(453) PSYoungGen: 131583K->131583K(153088K)
[2019-07-24T17:29:16.800-0300][583.918s][info][gc,heap        ] GC(453) ParOldGen: 297445K->297445K(349696K)
[2019-07-24T17:29:16.800-0300][583.918s][info][gc,metaspace   ] GC(453) Metaspace: 13309K->13309K(1062912K)
[2019-07-24T17:29:16.800-0300][583.918s][info][gc             ] GC(453) Pause Full (Ergonomics) 418M->418M(491M) 1035.304ms
[2019-07-24T17:29:16.800-0300][583.918s][info][gc,cpu         ] GC(453) User=3.47s Sys=0.01s Real=1.04s
[2019-07-24T17:29:16.801-0300][583.918s][info][gc,start       ] GC(454) Pause Full (Ergonomics)
[2019-07-24T17:29:16.801-0300][583.918s][info][gc,phases,start] GC(454) Marking Phase
[2019-07-24T17:29:17.540-0300][584.658s][info][gc,phases      ] GC(454) Marking Phase 739.559ms
[2019-07-24T17:29:17.540-0300][584.658s][info][gc,phases,start] GC(454) Summary Phase
[2019-07-24T17:29:17.540-0300][584.658s][info][gc,phases      ] GC(454) Summary Phase 0.023ms
[2019-07-24T17:29:17.540-0300][584.658s][info][gc,phases,start] GC(454) Adjust Roots
[2019-07-24T17:29:17.542-0300][584.660s][info][gc,phases      ] GC(454) Adjust Roots 1.692ms
[2019-07-24T17:29:17.542-0300][584.660s][info][gc,phases,start] GC(454) Compaction Phase
[2019-07-24T17:29:17.835-0300][584.952s][info][gc,phases      ] GC(454) Compaction Phase 292.410ms
[2019-07-24T17:29:17.835-0300][584.952s][info][gc,phases,start] GC(454) Post Compact
[2019-07-24T17:29:17.835-0300][584.953s][info][gc,phases      ] GC(454) Post Compact 0.761ms
[2019-07-24T17:29:17.835-0300][584.953s][info][gc,heap        ] GC(454) PSYoungGen: 131583K->131583K(153088K)
[2019-07-24T17:29:17.835-0300][584.953s][info][gc,heap        ] GC(454) ParOldGen: 297448K->297448K(349696K)
[2019-07-24T17:29:17.835-0300][584.953s][info][gc,metaspace   ] GC(454) Metaspace: 13309K->13309K(1062912K)
[2019-07-24T17:29:17.835-0300][584.953s][info][gc             ] GC(454) Pause Full (Ergonomics) 418M->418M(491M) 1034.865ms
[2019-07-24T17:29:17.835-0300][584.953s][info][gc,cpu         ] GC(454) User=3.49s Sys=0.01s Real=1.03s
[2019-07-24T17:29:17.836-0300][584.953s][info][gc,start       ] GC(455) Pause Full (Ergonomics)
[2019-07-24T17:29:17.836-0300][584.953s][info][gc,phases,start] GC(455) Marking Phase
[2019-07-24T17:29:18.566-0300][585.684s][info][gc,phases      ] GC(455) Marking Phase 730.711ms
[2019-07-24T17:29:18.567-0300][585.684s][info][gc,phases,start] GC(455) Summary Phase
[2019-07-24T17:29:18.567-0300][585.684s][info][gc,phases      ] GC(455) Summary Phase 0.021ms
[2019-07-24T17:29:18.567-0300][585.684s][info][gc,phases,start] GC(455) Adjust Roots
[2019-07-24T17:29:18.568-0300][585.686s][info][gc,phases      ] GC(455) Adjust Roots 1.449ms
[2019-07-24T17:29:18.568-0300][585.686s][info][gc,phases,start] GC(455) Compaction Phase
[2019-07-24T17:29:18.864-0300][585.981s][info][gc,phases      ] GC(455) Compaction Phase 295.644ms
[2019-07-24T17:29:18.864-0300][585.981s][info][gc,phases,start] GC(455) Post Compact
[2019-07-24T17:29:18.865-0300][585.982s][info][gc,phases      ] GC(455) Post Compact 0.760ms
[2019-07-24T17:29:18.865-0300][585.982s][info][gc,heap        ] GC(455) PSYoungGen: 131583K->131583K(153088K)
[2019-07-24T17:29:18.865-0300][585.982s][info][gc,heap        ] GC(455) ParOldGen: 297450K->297450K(349696K)
[2019-07-24T17:29:18.865-0300][585.982s][info][gc,metaspace   ] GC(455) Metaspace: 13309K->13309K(1062912K)
[2019-07-24T17:29:18.865-0300][585.982s][info][gc             ] GC(455) Pause Full (Ergonomics) 418M->418M(491M) 1028.925ms
[2019-07-24T17:29:18.865-0300][585.982s][info][gc,cpu         ] GC(455) User=3.46s Sys=0.02s Real=1.03s
[2019-07-24T17:29:18.865-0300][585.983s][info][gc,start       ] GC(456) Pause Full (Ergonomics)
[2019-07-24T17:29:18.865-0300][585.983s][info][gc,phases,start] GC(456) Marking Phase
[2019-07-24T17:29:19.598-0300][586.716s][info][gc,phases      ] GC(456) Marking Phase 732.920ms
[2019-07-24T17:29:19.598-0300][586.716s][info][gc,phases,start] GC(456) Summary Phase
[2019-07-24T17:29:19.598-0300][586.716s][info][gc,phases      ] GC(456) Summary Phase 0.024ms
[2019-07-24T17:29:19.598-0300][586.716s][info][gc,phases,start] GC(456) Adjust Roots
[2019-07-24T17:29:19.600-0300][586.717s][info][gc,phases      ] GC(456) Adjust Roots 1.559ms
[2019-07-24T17:29:19.600-0300][586.717s][info][gc,phases,start] GC(456) Compaction Phase
[2019-07-24T17:29:19.896-0300][587.013s][info][gc,phases      ] GC(456) Compaction Phase 296.044ms
[2019-07-24T17:29:19.896-0300][587.013s][info][gc,phases,start] GC(456) Post Compact
[2019-07-24T17:29:19.897-0300][587.014s][info][gc,phases      ] GC(456) Post Compact 0.843ms
[2019-07-24T17:29:19.897-0300][587.014s][info][gc,heap        ] GC(456) PSYoungGen: 131583K->131583K(153088K)
[2019-07-24T17:29:19.897-0300][587.014s][info][gc,heap        ] GC(456) ParOldGen: 297451K->297451K(349696K)
[2019-07-24T17:29:19.897-0300][587.014s][info][gc,metaspace   ] GC(456) Metaspace: 13309K->13309K(1062912K)
[2019-07-24T17:29:19.897-0300][587.014s][info][gc             ] GC(456) Pause Full (Ergonomics) 418M->418M(491M) 1031.742ms
[2019-07-24T17:29:19.897-0300][587.014s][info][gc,cpu         ] GC(456) User=3.49s Sys=0.01s Real=1.03s
[2019-07-24T17:29:19.897-0300][587.015s][info][gc,start       ] GC(457) Pause Full (Ergonomics)
[2019-07-24T17:29:19.897-0300][587.015s][info][gc,phases,start] GC(457) Marking Phase
[2019-07-24T17:29:20.634-0300][587.752s][info][gc,phases      ] GC(457) Marking Phase 737.228ms
[2019-07-24T17:29:20.634-0300][587.752s][info][gc,phases,start] GC(457) Summary Phase
[2019-07-24T17:29:20.634-0300][587.752s][info][gc,phases      ] GC(457) Summary Phase 0.023ms
[2019-07-24T17:29:20.634-0300][587.752s][info][gc,phases,start] GC(457) Adjust Roots
[2019-07-24T17:29:20.636-0300][587.753s][info][gc,phases      ] GC(457) Adjust Roots 1.475ms
[2019-07-24T17:29:20.636-0300][587.753s][info][gc,phases,start] GC(457) Compaction Phase
[2019-07-24T17:29:20.930-0300][588.048s][info][gc,phases      ] GC(457) Compaction Phase 294.343ms
[2019-07-24T17:29:20.930-0300][588.048s][info][gc,phases,start] GC(457) Post Compact
[2019-07-24T17:29:20.931-0300][588.049s][info][gc,phases      ] GC(457) Post Compact 0.764ms
[2019-07-24T17:29:20.931-0300][588.049s][info][gc,heap        ] GC(457) PSYoungGen: 131583K->131583K(153088K)
[2019-07-24T17:29:20.931-0300][588.049s][info][gc,heap        ] GC(457) ParOldGen: 297453K->297453K(349696K)
[2019-07-24T17:29:20.931-0300][588.049s][info][gc,metaspace   ] GC(457) Metaspace: 13309K->13309K(1062912K)
[2019-07-24T17:29:20.931-0300][588.049s][info][gc             ] GC(457) Pause Full (Ergonomics) 418M->418M(491M) 1034.148ms
[2019-07-24T17:29:20.931-0300][588.049s][info][gc,cpu         ] GC(457) User=3.47s Sys=0.02s Real=1.04s
[2019-07-24T17:29:20.931-0300][588.049s][info][gc,start       ] GC(458) Pause Full (Ergonomics)
[2019-07-24T17:29:20.931-0300][588.049s][info][gc,phases,start] GC(458) Marking Phase
[2019-07-24T17:29:21.668-0300][588.786s][info][gc,phases      ] GC(458) Marking Phase 736.975ms
[2019-07-24T17:29:21.669-0300][588.786s][info][gc,phases,start] GC(458) Summary Phase
[2019-07-24T17:29:21.669-0300][588.786s][info][gc,phases      ] GC(458) Summary Phase 0.034ms
[2019-07-24T17:29:21.669-0300][588.786s][info][gc,phases,start] GC(458) Adjust Roots
[2019-07-24T17:29:21.670-0300][588.788s][info][gc,phases      ] GC(458) Adjust Roots 1.593ms
[2019-07-24T17:29:21.670-0300][588.788s][info][gc,phases,start] GC(458) Compaction Phase
[2019-07-24T17:29:21.997-0300][589.115s][info][gc,phases      ] GC(458) Compaction Phase 327.153ms
[2019-07-24T17:29:22.000-0300][589.118s][info][gc,phases,start] GC(458) Post Compact
[2019-07-24T17:29:22.001-0300][589.118s][info][gc,phases      ] GC(458) Post Compact 0.792ms
[2019-07-24T17:29:22.001-0300][589.118s][info][gc,heap        ] GC(458) PSYoungGen: 131583K->131583K(153088K)
[2019-07-24T17:29:22.001-0300][589.118s][info][gc,heap        ] GC(458) ParOldGen: 297454K->297454K(349696K)
[2019-07-24T17:29:22.001-0300][589.118s][info][gc,metaspace   ] GC(458) Metaspace: 13309K->13309K(1062912K)
[2019-07-24T17:29:22.001-0300][589.118s][info][gc             ] GC(458) Pause Full (Ergonomics) 418M->418M(491M) 1069.477ms
[2019-07-24T17:29:22.001-0300][589.119s][info][gc,cpu         ] GC(458) User=3.44s Sys=0.01s Real=1.07s
[2019-07-24T17:29:22.001-0300][589.119s][info][gc,start       ] GC(459) Pause Full (Ergonomics)
[2019-07-24T17:29:22.001-0300][589.119s][info][gc,phases,start] GC(459) Marking Phase
[2019-07-24T17:29:22.732-0300][589.849s][info][gc,phases      ] GC(459) Marking Phase 730.390ms
[2019-07-24T17:29:22.732-0300][589.849s][info][gc,phases,start] GC(459) Summary Phase
[2019-07-24T17:29:22.732-0300][589.849s][info][gc,phases      ] GC(459) Summary Phase 0.024ms
[2019-07-24T17:29:22.732-0300][589.849s][info][gc,phases,start] GC(459) Adjust Roots
[2019-07-24T17:29:22.734-0300][589.851s][info][gc,phases      ] GC(459) Adjust Roots 1.556ms
[2019-07-24T17:29:22.734-0300][589.851s][info][gc,phases,start] GC(459) Compaction Phase
[2019-07-24T17:29:23.030-0300][590.147s][info][gc,phases      ] GC(459) Compaction Phase 296.243ms
[2019-07-24T17:29:23.030-0300][590.147s][info][gc,phases,start] GC(459) Post Compact
[2019-07-24T17:29:23.031-0300][590.148s][info][gc,phases      ] GC(459) Post Compact 0.757ms
[2019-07-24T17:29:23.031-0300][590.148s][info][gc,heap        ] GC(459) PSYoungGen: 131583K->131583K(153088K)
[2019-07-24T17:29:23.031-0300][590.148s][info][gc,heap        ] GC(459) ParOldGen: 297457K->297452K(349696K)
[2019-07-24T17:29:23.031-0300][590.148s][info][gc,metaspace   ] GC(459) Metaspace: 13309K->13309K(1062912K)
[2019-07-24T17:29:23.031-0300][590.148s][info][gc             ] GC(459) Pause Full (Ergonomics) 418M->418M(491M) 1029.318ms
[2019-07-24T17:29:23.031-0300][590.148s][info][gc,cpu         ] GC(459) User=3.46s Sys=0.01s Real=1.03s
[2019-07-24T17:29:23.031-0300][590.149s][info][gc,start       ] GC(460) Pause Full (Ergonomics)
[2019-07-24T17:29:23.031-0300][590.149s][info][gc,phases,start] GC(460) Marking Phase
[2019-07-24T17:29:23.765-0300][590.883s][info][gc,phases      ] GC(460) Marking Phase 734.194ms
[2019-07-24T17:29:23.765-0300][590.883s][info][gc,phases,start] GC(460) Summary Phase
[2019-07-24T17:29:23.765-0300][590.883s][info][gc,phases      ] GC(460) Summary Phase 0.023ms
[2019-07-24T17:29:23.765-0300][590.883s][info][gc,phases,start] GC(460) Adjust Roots
[2019-07-24T17:29:23.767-0300][590.884s][info][gc,phases      ] GC(460) Adjust Roots 1.560ms
[2019-07-24T17:29:23.767-0300][590.884s][info][gc,phases,start] GC(460) Compaction Phase
[2019-07-24T17:29:24.061-0300][591.179s][info][gc,phases      ] GC(460) Compaction Phase 294.429ms
[2019-07-24T17:29:24.061-0300][591.179s][info][gc,phases,start] GC(460) Post Compact
[2019-07-24T17:29:24.062-0300][591.180s][info][gc,phases      ] GC(460) Post Compact 0.746ms
[2019-07-24T17:29:24.062-0300][591.180s][info][gc,heap        ] GC(460) PSYoungGen: 131583K->131583K(153088K)
[2019-07-24T17:29:24.062-0300][591.180s][info][gc,heap        ] GC(460) ParOldGen: 297453K->297453K(349696K)
[2019-07-24T17:29:24.062-0300][591.180s][info][gc,metaspace   ] GC(460) Metaspace: 13309K->13309K(1062912K)
[2019-07-24T17:29:24.062-0300][591.180s][info][gc             ] GC(460) Pause Full (Ergonomics) 418M->418M(491M) 1031.281ms
[2019-07-24T17:29:24.062-0300][591.180s][info][gc,cpu         ] GC(460) User=3.46s Sys=0.02s Real=1.03s
[2019-07-24T17:29:24.063-0300][591.180s][info][gc,start       ] GC(461) Pause Full (Ergonomics)
[2019-07-24T17:29:24.063-0300][591.180s][info][gc,phases,start] GC(461) Marking Phase
[2019-07-24T17:29:24.798-0300][591.916s][info][gc,phases      ] GC(461) Marking Phase 735.740ms
[2019-07-24T17:29:24.798-0300][591.916s][info][gc,phases,start] GC(461) Summary Phase
[2019-07-24T17:29:24.798-0300][591.916s][info][gc,phases      ] GC(461) Summary Phase 0.027ms
[2019-07-24T17:29:24.798-0300][591.916s][info][gc,phases,start] GC(461) Adjust Roots
[2019-07-24T17:29:24.800-0300][591.918s][info][gc,phases      ] GC(461) Adjust Roots 1.605ms
[2019-07-24T17:29:24.800-0300][591.918s][info][gc,phases,start] GC(461) Compaction Phase
[2019-07-24T17:29:25.090-0300][592.207s][info][gc,phases      ] GC(461) Compaction Phase 289.374ms
[2019-07-24T17:29:25.090-0300][592.207s][info][gc,phases,start] GC(461) Post Compact
[2019-07-24T17:29:25.091-0300][592.208s][info][gc,phases      ] GC(461) Post Compact 0.932ms
[2019-07-24T17:29:25.091-0300][592.208s][info][gc,heap        ] GC(461) PSYoungGen: 131583K->131583K(153088K)
[2019-07-24T17:29:25.091-0300][592.208s][info][gc,heap        ] GC(461) ParOldGen: 297455K->297455K(349696K)
[2019-07-24T17:29:25.091-0300][592.208s][info][gc,metaspace   ] GC(461) Metaspace: 13309K->13309K(1062912K)
[2019-07-24T17:29:25.091-0300][592.208s][info][gc             ] GC(461) Pause Full (Ergonomics) 418M->418M(491M) 1028.061ms
[2019-07-24T17:29:25.091-0300][592.208s][info][gc,cpu         ] GC(461) User=3.46s Sys=0.01s Real=1.03s
[2019-07-24T17:29:25.091-0300][592.209s][info][gc,start       ] GC(462) Pause Full (Ergonomics)
[2019-07-24T17:29:25.091-0300][592.209s][info][gc,phases,start] GC(462) Marking Phase
[2019-07-24T17:29:25.842-0300][592.959s][info][gc,phases      ] GC(462) Marking Phase 750.437ms
[2019-07-24T17:29:25.842-0300][592.959s][info][gc,phases,start] GC(462) Summary Phase
[2019-07-24T17:29:25.842-0300][592.959s][info][gc,phases      ] GC(462) Summary Phase 0.022ms
[2019-07-24T17:29:25.842-0300][592.959s][info][gc,phases,start] GC(462) Adjust Roots
[2019-07-24T17:29:25.843-0300][592.961s][info][gc,phases      ] GC(462) Adjust Roots 1.562ms
[2019-07-24T17:29:25.843-0300][592.961s][info][gc,phases,start] GC(462) Compaction Phase
[2019-07-24T17:29:26.133-0300][593.251s][info][gc,phases      ] GC(462) Compaction Phase 290.093ms
[2019-07-24T17:29:26.133-0300][593.251s][info][gc,phases,start] GC(462) Post Compact
[2019-07-24T17:29:26.134-0300][593.252s][info][gc,phases      ] GC(462) Post Compact 0.777ms
[2019-07-24T17:29:26.134-0300][593.252s][info][gc,heap        ] GC(462) PSYoungGen: 131583K->131574K(153088K)
[2019-07-24T17:29:26.134-0300][593.252s][info][gc,heap        ] GC(462) ParOldGen: 297456K->297448K(349696K)
[2019-07-24T17:29:26.134-0300][593.252s][info][gc,metaspace   ] GC(462) Metaspace: 13309K->13309K(1062912K)
[2019-07-24T17:29:26.134-0300][593.252s][info][gc             ] GC(462) Pause Full (Ergonomics) 418M->418M(491M) 1043.249ms
[2019-07-24T17:29:26.134-0300][593.252s][info][gc,cpu         ] GC(462) User=3.45s Sys=0.02s Real=1.04s
[2019-07-24T17:29:26.135-0300][593.252s][info][gc,start       ] GC(463) Pause Full (Ergonomics)
[2019-07-24T17:29:26.135-0300][593.252s][info][gc,phases,start] GC(463) Marking Phase
[2019-07-24T17:29:26.866-0300][593.984s][info][gc,phases      ] GC(463) Marking Phase 731.722ms
[2019-07-24T17:29:26.866-0300][593.984s][info][gc,phases,start] GC(463) Summary Phase
[2019-07-24T17:29:26.866-0300][593.984s][info][gc,phases      ] GC(463) Summary Phase 0.023ms
[2019-07-24T17:29:26.866-0300][593.984s][info][gc,phases,start] GC(463) Adjust Roots
[2019-07-24T17:29:26.868-0300][593.985s][info][gc,phases      ] GC(463) Adjust Roots 1.546ms
[2019-07-24T17:29:26.868-0300][593.985s][info][gc,phases,start] GC(463) Compaction Phase
[2019-07-24T17:29:27.165-0300][594.282s][info][gc,phases      ] GC(463) Compaction Phase 296.993ms
[2019-07-24T17:29:27.165-0300][594.283s][info][gc,phases,start] GC(463) Post Compact
[2019-07-24T17:29:27.166-0300][594.283s][info][gc,phases      ] GC(463) Post Compact 0.755ms
[2019-07-24T17:29:27.166-0300][594.283s][info][gc,heap        ] GC(463) PSYoungGen: 131584K->131576K(153088K)
[2019-07-24T17:29:27.166-0300][594.283s][info][gc,heap        ] GC(463) ParOldGen: 297448K->297448K(349696K)
[2019-07-24T17:29:27.166-0300][594.283s][info][gc,metaspace   ] GC(463) Metaspace: 13309K->13309K(1062912K)
[2019-07-24T17:29:27.166-0300][594.283s][info][gc             ] GC(463) Pause Full (Ergonomics) 418M->418M(491M) 1031.369ms
[2019-07-24T17:29:27.166-0300][594.283s][info][gc,cpu         ] GC(463) User=3.45s Sys=0.01s Real=1.03s
[2019-07-24T17:29:27.166-0300][594.284s][info][gc,start       ] GC(464) Pause Full (Ergonomics)
[2019-07-24T17:29:27.166-0300][594.284s][info][gc,phases,start] GC(464) Marking Phase
[2019-07-24T17:29:27.956-0300][595.074s][info][gc,phases      ] GC(464) Marking Phase 790.028ms
[2019-07-24T17:29:27.956-0300][595.074s][info][gc,phases,start] GC(464) Summary Phase
[2019-07-24T17:29:27.956-0300][595.074s][info][gc,phases      ] GC(464) Summary Phase 0.025ms
[2019-07-24T17:29:27.956-0300][595.074s][info][gc,phases,start] GC(464) Adjust Roots
[2019-07-24T17:29:27.958-0300][595.076s][info][gc,phases      ] GC(464) Adjust Roots 1.772ms
[2019-07-24T17:29:27.958-0300][595.076s][info][gc,phases,start] GC(464) Compaction Phase
[2019-07-24T17:29:28.250-0300][595.367s][info][gc,phases      ] GC(464) Compaction Phase 291.745ms
[2019-07-24T17:29:28.250-0300][595.367s][info][gc,phases,start] GC(464) Post Compact
[2019-07-24T17:29:28.251-0300][595.368s][info][gc,phases      ] GC(464) Post Compact 1.022ms
[2019-07-24T17:29:28.251-0300][595.369s][info][gc,heap        ] GC(464) PSYoungGen: 131584K->131578K(153088K)
[2019-07-24T17:29:28.251-0300][595.369s][info][gc,heap        ] GC(464) ParOldGen: 297448K->297448K(349696K)
[2019-07-24T17:29:28.251-0300][595.369s][info][gc,metaspace   ] GC(464) Metaspace: 13309K->13309K(1062912K)
[2019-07-24T17:29:28.251-0300][595.369s][info][gc             ] GC(464) Pause Full (Ergonomics) 418M->418M(491M) 1085.029ms
[2019-07-24T17:29:28.251-0300][595.369s][info][gc,cpu         ] GC(464) User=3.44s Sys=0.02s Real=1.09s
[2019-07-24T17:29:28.252-0300][595.369s][info][gc,start       ] GC(465) Pause Full (Ergonomics)
[2019-07-24T17:29:28.252-0300][595.369s][info][gc,phases,start] GC(465) Marking Phase
[2019-07-24T17:29:29.007-0300][596.124s][info][gc,phases      ] GC(465) Marking Phase 754.787ms
[2019-07-24T17:29:29.007-0300][596.124s][info][gc,phases,start] GC(465) Summary Phase
[2019-07-24T17:29:29.007-0300][596.124s][info][gc,phases      ] GC(465) Summary Phase 0.028ms
[2019-07-24T17:29:29.007-0300][596.124s][info][gc,phases,start] GC(465) Adjust Roots
[2019-07-24T17:29:29.008-0300][596.126s][info][gc,phases      ] GC(465) Adjust Roots 1.752ms
[2019-07-24T17:29:29.008-0300][596.126s][info][gc,phases,start] GC(465) Compaction Phase
[2019-07-24T17:29:29.305-0300][596.422s][info][gc,phases      ] GC(465) Compaction Phase 296.233ms
[2019-07-24T17:29:29.305-0300][596.422s][info][gc,phases,start] GC(465) Post Compact
[2019-07-24T17:29:29.306-0300][596.423s][info][gc,phases      ] GC(465) Post Compact 0.796ms
[2019-07-24T17:29:29.306-0300][596.423s][info][gc,heap        ] GC(465) PSYoungGen: 131583K->131580K(153088K)
[2019-07-24T17:29:29.306-0300][596.423s][info][gc,heap        ] GC(465) ParOldGen: 297448K->297448K(349696K)
[2019-07-24T17:29:29.306-0300][596.423s][info][gc,metaspace   ] GC(465) Metaspace: 13309K->13309K(1062912K)
[2019-07-24T17:29:29.306-0300][596.423s][info][gc             ] GC(465) Pause Full (Ergonomics) 418M->418M(491M) 1054.067ms
[2019-07-24T17:29:29.306-0300][596.423s][info][gc,cpu         ] GC(465) User=3.50s Sys=0.01s Real=1.05s
[2019-07-24T17:29:29.315-0300][596.432s][info][gc,start       ] GC(466) Pause Full (Ergonomics)
[2019-07-24T17:29:29.315-0300][596.432s][info][gc,phases,start] GC(466) Marking Phase
[2019-07-24T17:29:30.335-0300][597.452s][info][gc,phases      ] GC(466) Marking Phase 1019.553ms
[2019-07-24T17:29:30.335-0300][597.452s][info][gc,phases,start] GC(466) Summary Phase
[2019-07-24T17:29:30.335-0300][597.452s][info][gc,phases      ] GC(466) Summary Phase 0.036ms
[2019-07-24T17:29:30.335-0300][597.452s][info][gc,phases,start] GC(466) Adjust Roots
[2019-07-24T17:29:30.336-0300][597.454s][info][gc,phases      ] GC(466) Adjust Roots 1.673ms
[2019-07-24T17:29:30.337-0300][597.454s][info][gc,phases,start] GC(466) Compaction Phase
[2019-07-24T17:29:30.696-0300][597.813s][info][gc,phases      ] GC(466) Compaction Phase 359.523ms
[2019-07-24T17:29:30.696-0300][597.813s][info][gc,phases,start] GC(466) Post Compact
[2019-07-24T17:29:30.697-0300][597.814s][info][gc,phases      ] GC(466) Post Compact 0.764ms
[2019-07-24T17:29:30.697-0300][597.814s][info][gc,heap        ] GC(466) PSYoungGen: 131584K->131580K(153088K)
[2019-07-24T17:29:30.697-0300][597.814s][info][gc,heap        ] GC(466) ParOldGen: 297448K->297445K(349696K)
[2019-07-24T17:29:30.697-0300][597.814s][info][gc,metaspace   ] GC(466) Metaspace: 13311K->13311K(1062912K)
[2019-07-24T17:29:30.697-0300][597.814s][info][gc             ] GC(466) Pause Full (Ergonomics) 418M->418M(491M) 1382.040ms
[2019-07-24T17:29:30.697-0300][597.814s][info][gc,cpu         ] GC(466) User=3.50s Sys=0.02s Real=1.38s
[2019-07-24T17:29:30.697-0300][597.815s][info][gc,start       ] GC(467) Pause Full (Ergonomics)
[2019-07-24T17:29:30.697-0300][597.815s][info][gc,phases,start] GC(467) Marking Phase
[2019-07-24T17:29:31.468-0300][598.586s][info][gc,phases      ] GC(467) Marking Phase 771.140ms
[2019-07-24T17:29:31.469-0300][598.586s][info][gc,phases,start] GC(467) Summary Phase
[2019-07-24T17:29:31.469-0300][598.586s][info][gc,phases      ] GC(467) Summary Phase 0.021ms
[2019-07-24T17:29:31.469-0300][598.586s][info][gc,phases,start] GC(467) Adjust Roots
[2019-07-24T17:29:31.470-0300][598.587s][info][gc,phases      ] GC(467) Adjust Roots 1.478ms
[2019-07-24T17:29:31.470-0300][598.587s][info][gc,phases,start] GC(467) Compaction Phase
[2019-07-24T17:29:31.762-0300][598.879s][info][gc,phases      ] GC(467) Compaction Phase 291.598ms
[2019-07-24T17:29:31.762-0300][598.879s][info][gc,phases,start] GC(467) Post Compact
[2019-07-24T17:29:31.763-0300][598.880s][info][gc,phases      ] GC(467) Post Compact 0.790ms
[2019-07-24T17:29:31.763-0300][598.880s][info][gc,heap        ] GC(467) PSYoungGen: 131583K->131583K(153088K)
[2019-07-24T17:29:31.763-0300][598.880s][info][gc,heap        ] GC(467) ParOldGen: 297445K->297445K(349696K)
[2019-07-24T17:29:31.763-0300][598.880s][info][gc,metaspace   ] GC(467) Metaspace: 13311K->13311K(1062912K)
[2019-07-24T17:29:31.763-0300][598.880s][info][gc             ] GC(467) Pause Full (Ergonomics) 418M->418M(491M) 1065.369ms
[2019-07-24T17:29:31.763-0300][598.880s][info][gc,cpu         ] GC(467) User=3.46s Sys=0.02s Real=1.07s
[2019-07-24T17:29:31.763-0300][598.880s][info][gc,start       ] GC(468) Pause Full (Ergonomics)
[2019-07-24T17:29:31.763-0300][598.880s][info][gc,phases,start] GC(468) Marking Phase
[2019-07-24T17:29:32.516-0300][599.633s][info][gc,phases      ] GC(468) Marking Phase 752.742ms
[2019-07-24T17:29:32.516-0300][599.633s][info][gc,phases,start] GC(468) Summary Phase
[2019-07-24T17:29:32.516-0300][599.633s][info][gc,phases      ] GC(468) Summary Phase 0.022ms
[2019-07-24T17:29:32.516-0300][599.633s][info][gc,phases,start] GC(468) Adjust Roots
[2019-07-24T17:29:32.517-0300][599.635s][info][gc,phases      ] GC(468) Adjust Roots 1.570ms
[2019-07-24T17:29:32.517-0300][599.635s][info][gc,phases,start] GC(468) Compaction Phase
[2019-07-24T17:29:32.807-0300][599.924s][info][gc,phases      ] GC(468) Compaction Phase 289.472ms
[2019-07-24T17:29:32.807-0300][599.924s][info][gc,phases,start] GC(468) Post Compact
[2019-07-24T17:29:32.808-0300][599.925s][info][gc,phases      ] GC(468) Post Compact 0.908ms
[2019-07-24T17:29:32.808-0300][599.925s][info][gc,heap        ] GC(468) PSYoungGen: 131583K->131583K(153088K)
[2019-07-24T17:29:32.808-0300][599.925s][info][gc,heap        ] GC(468) ParOldGen: 297448K->297448K(349696K)
[2019-07-24T17:29:32.808-0300][599.925s][info][gc,metaspace   ] GC(468) Metaspace: 13311K->13311K(1062912K)
[2019-07-24T17:29:32.808-0300][599.925s][info][gc             ] GC(468) Pause Full (Ergonomics) 418M->418M(491M) 1045.087ms
[2019-07-24T17:29:32.808-0300][599.925s][info][gc,cpu         ] GC(468) User=3.47s Sys=0.01s Real=1.04s
[2019-07-24T17:29:32.808-0300][599.926s][info][gc,start       ] GC(469) Pause Full (Ergonomics)
[2019-07-24T17:29:32.808-0300][599.926s][info][gc,phases,start] GC(469) Marking Phase
[2019-07-24T17:29:33.562-0300][600.679s][info][gc,phases      ] GC(469) Marking Phase 753.855ms
[2019-07-24T17:29:33.562-0300][600.680s][info][gc,phases,start] GC(469) Summary Phase
[2019-07-24T17:29:33.562-0300][600.680s][info][gc,phases      ] GC(469) Summary Phase 0.034ms
[2019-07-24T17:29:33.562-0300][600.680s][info][gc,phases,start] GC(469) Adjust Roots
[2019-07-24T17:29:33.565-0300][600.682s][info][gc,phases      ] GC(469) Adjust Roots 2.347ms
[2019-07-24T17:29:33.565-0300][600.682s][info][gc,phases,start] GC(469) Compaction Phase
[2019-07-24T17:29:33.872-0300][600.989s][info][gc,phases      ] GC(469) Compaction Phase 307.504ms
[2019-07-24T17:29:33.872-0300][600.990s][info][gc,phases,start] GC(469) Post Compact
[2019-07-24T17:29:33.873-0300][600.990s][info][gc,phases      ] GC(469) Post Compact 0.891ms
[2019-07-24T17:29:33.873-0300][600.991s][info][gc,heap        ] GC(469) PSYoungGen: 131583K->131583K(153088K)
[2019-07-24T17:29:33.873-0300][600.991s][info][gc,heap        ] GC(469) ParOldGen: 297450K->297450K(349696K)
[2019-07-24T17:29:33.873-0300][600.991s][info][gc,metaspace   ] GC(469) Metaspace: 13311K->13311K(1062912K)
[2019-07-24T17:29:33.873-0300][600.991s][info][gc             ] GC(469) Pause Full (Ergonomics) 418M->418M(491M) 1065.017ms
[2019-07-24T17:29:33.873-0300][600.991s][info][gc,cpu         ] GC(469) User=3.48s Sys=0.02s Real=1.07s
[2019-07-24T17:29:33.874-0300][600.991s][info][gc,start       ] GC(470) Pause Full (Ergonomics)
[2019-07-24T17:29:33.874-0300][600.991s][info][gc,phases,start] GC(470) Marking Phase
[2019-07-24T17:29:34.628-0300][601.745s][info][gc,phases      ] GC(470) Marking Phase 754.196ms
[2019-07-24T17:29:34.628-0300][601.745s][info][gc,phases,start] GC(470) Summary Phase
[2019-07-24T17:29:34.628-0300][601.745s][info][gc,phases      ] GC(470) Summary Phase 0.019ms
[2019-07-24T17:29:34.628-0300][601.745s][info][gc,phases,start] GC(470) Adjust Roots
[2019-07-24T17:29:34.630-0300][601.747s][info][gc,phases      ] GC(470) Adjust Roots 1.571ms
[2019-07-24T17:29:34.630-0300][601.747s][info][gc,phases,start] GC(470) Compaction Phase
[2019-07-24T17:29:34.935-0300][602.052s][info][gc,phases      ] GC(470) Compaction Phase 305.042ms
[2019-07-24T17:29:34.935-0300][602.052s][info][gc,phases,start] GC(470) Post Compact
[2019-07-24T17:29:34.936-0300][602.053s][info][gc,phases      ] GC(470) Post Compact 0.747ms
[2019-07-24T17:29:34.936-0300][602.053s][info][gc,heap        ] GC(470) PSYoungGen: 131583K->131583K(153088K)
[2019-07-24T17:29:34.936-0300][602.053s][info][gc,heap        ] GC(470) ParOldGen: 297451K->297451K(349696K)
[2019-07-24T17:29:34.936-0300][602.053s][info][gc,metaspace   ] GC(470) Metaspace: 13311K->13311K(1062912K)
[2019-07-24T17:29:34.936-0300][602.053s][info][gc             ] GC(470) Pause Full (Ergonomics) 418M->418M(491M) 1061.894ms
[2019-07-24T17:29:34.936-0300][602.053s][info][gc,cpu         ] GC(470) User=3.47s Sys=0.01s Real=1.06s
[2019-07-24T17:29:34.936-0300][602.053s][info][gc,start       ] GC(471) Pause Full (Ergonomics)
[2019-07-24T17:29:34.936-0300][602.053s][info][gc,phases,start] GC(471) Marking Phase
[2019-07-24T17:29:35.705-0300][602.822s][info][gc,phases      ] GC(471) Marking Phase 768.523ms
[2019-07-24T17:29:35.705-0300][602.822s][info][gc,phases,start] GC(471) Summary Phase
[2019-07-24T17:29:35.705-0300][602.822s][info][gc,phases      ] GC(471) Summary Phase 0.018ms
[2019-07-24T17:29:35.705-0300][602.822s][info][gc,phases,start] GC(471) Adjust Roots
[2019-07-24T17:29:35.706-0300][602.823s][info][gc,phases      ] GC(471) Adjust Roots 1.572ms
[2019-07-24T17:29:35.706-0300][602.823s][info][gc,phases,start] GC(471) Compaction Phase
[2019-07-24T17:29:36.008-0300][603.126s][info][gc,phases      ] GC(471) Compaction Phase 302.235ms
[2019-07-24T17:29:36.009-0300][603.126s][info][gc,phases,start] GC(471) Post Compact
[2019-07-24T17:29:36.009-0300][603.126s][info][gc,phases      ] GC(471) Post Compact 0.760ms
[2019-07-24T17:29:36.009-0300][603.127s][info][gc,heap        ] GC(471) PSYoungGen: 131583K->131583K(153088K)
[2019-07-24T17:29:36.009-0300][603.127s][info][gc,heap        ] GC(471) ParOldGen: 297453K->297453K(349696K)
[2019-07-24T17:29:36.009-0300][603.127s][info][gc,metaspace   ] GC(471) Metaspace: 13311K->13311K(1062912K)
[2019-07-24T17:29:36.009-0300][603.127s][info][gc             ] GC(471) Pause Full (Ergonomics) 418M->418M(491M) 1073.380ms
[2019-07-24T17:29:36.009-0300][603.127s][info][gc,cpu         ] GC(471) User=3.47s Sys=0.02s Real=1.07s
[2019-07-24T17:29:36.010-0300][603.127s][info][gc,start       ] GC(472) Pause Full (Ergonomics)
[2019-07-24T17:29:36.010-0300][603.127s][info][gc,phases,start] GC(472) Marking Phase
[2019-07-24T17:29:36.775-0300][603.892s][info][gc,phases      ] GC(472) Marking Phase 765.294ms
[2019-07-24T17:29:36.775-0300][603.892s][info][gc,phases,start] GC(472) Summary Phase
[2019-07-24T17:29:36.775-0300][603.892s][info][gc,phases      ] GC(472) Summary Phase 0.020ms
[2019-07-24T17:29:36.775-0300][603.892s][info][gc,phases,start] GC(472) Adjust Roots
[2019-07-24T17:29:36.777-0300][603.894s][info][gc,phases      ] GC(472) Adjust Roots 1.582ms
[2019-07-24T17:29:36.777-0300][603.894s][info][gc,phases,start] GC(472) Compaction Phase
[2019-07-24T17:29:37.081-0300][604.198s][info][gc,phases      ] GC(472) Compaction Phase 304.552ms
[2019-07-24T17:29:37.081-0300][604.198s][info][gc,phases,start] GC(472) Post Compact
[2019-07-24T17:29:37.082-0300][604.199s][info][gc,phases      ] GC(472) Post Compact 0.833ms
[2019-07-24T17:29:37.082-0300][604.199s][info][gc,heap        ] GC(472) PSYoungGen: 131583K->131583K(153088K)
[2019-07-24T17:29:37.082-0300][604.199s][info][gc,heap        ] GC(472) ParOldGen: 297462K->297462K(349696K)
[2019-07-24T17:29:37.082-0300][604.199s][info][gc,metaspace   ] GC(472) Metaspace: 13311K->13311K(1062912K)
[2019-07-24T17:29:37.082-0300][604.199s][info][gc             ] GC(472) Pause Full (Ergonomics) 418M->418M(491M) 1072.579ms
[2019-07-24T17:29:37.082-0300][604.199s][info][gc,cpu         ] GC(472) User=3.51s Sys=0.01s Real=1.07s
[2019-07-24T17:29:37.082-0300][604.200s][info][gc,start       ] GC(473) Pause Full (Ergonomics)
[2019-07-24T17:29:37.082-0300][604.200s][info][gc,phases,start] GC(473) Marking Phase
[2019-07-24T17:29:37.827-0300][604.945s][info][gc,phases      ] GC(473) Marking Phase 744.954ms
[2019-07-24T17:29:37.827-0300][604.945s][info][gc,phases,start] GC(473) Summary Phase
[2019-07-24T17:29:37.828-0300][604.945s][info][gc,phases      ] GC(473) Summary Phase 0.022ms
[2019-07-24T17:29:37.828-0300][604.945s][info][gc,phases,start] GC(473) Adjust Roots
[2019-07-24T17:29:37.829-0300][604.946s][info][gc,phases      ] GC(473) Adjust Roots 1.515ms
[2019-07-24T17:29:37.829-0300][604.946s][info][gc,phases,start] GC(473) Compaction Phase
[2019-07-24T17:29:38.123-0300][605.240s][info][gc,phases      ] GC(473) Compaction Phase 293.854ms
[2019-07-24T17:29:38.123-0300][605.240s][info][gc,phases,start] GC(473) Post Compact
[2019-07-24T17:29:38.124-0300][605.241s][info][gc,phases      ] GC(473) Post Compact 0.931ms
[2019-07-24T17:29:38.124-0300][605.241s][info][gc,heap        ] GC(473) PSYoungGen: 131583K->131583K(153088K)
[2019-07-24T17:29:38.124-0300][605.241s][info][gc,heap        ] GC(473) ParOldGen: 297464K->297464K(349696K)
[2019-07-24T17:29:38.124-0300][605.241s][info][gc,metaspace   ] GC(473) Metaspace: 13311K->13311K(1062912K)
[2019-07-24T17:29:38.124-0300][605.241s][info][gc             ] GC(473) Pause Full (Ergonomics) 418M->418M(491M) 1041.637ms
[2019-07-24T17:29:38.124-0300][605.241s][info][gc,cpu         ] GC(473) User=3.48s Sys=0.02s Real=1.04s
[2019-07-24T17:29:38.124-0300][605.241s][info][gc,start       ] GC(474) Pause Full (Ergonomics)
[2019-07-24T17:29:38.124-0300][605.241s][info][gc,phases,start] GC(474) Marking Phase
[2019-07-24T17:29:38.856-0300][605.973s][info][gc,phases      ] GC(474) Marking Phase 731.127ms
[2019-07-24T17:29:38.856-0300][605.973s][info][gc,phases,start] GC(474) Summary Phase
[2019-07-24T17:29:38.856-0300][605.973s][info][gc,phases      ] GC(474) Summary Phase 0.027ms
[2019-07-24T17:29:38.856-0300][605.973s][info][gc,phases,start] GC(474) Adjust Roots
[2019-07-24T17:29:38.858-0300][605.975s][info][gc,phases      ] GC(474) Adjust Roots 2.060ms
[2019-07-24T17:29:38.858-0300][605.975s][info][gc,phases,start] GC(474) Compaction Phase
[2019-07-24T17:29:39.165-0300][606.283s][info][gc,phases      ] GC(474) Compaction Phase 307.764ms
[2019-07-24T17:29:39.166-0300][606.283s][info][gc,phases,start] GC(474) Post Compact
[2019-07-24T17:29:39.166-0300][606.283s][info][gc,phases      ] GC(474) Post Compact 0.750ms
[2019-07-24T17:29:39.166-0300][606.283s][info][gc,heap        ] GC(474) PSYoungGen: 131583K->131583K(153088K)
[2019-07-24T17:29:39.166-0300][606.283s][info][gc,heap        ] GC(474) ParOldGen: 297474K->297474K(349696K)
[2019-07-24T17:29:39.166-0300][606.283s][info][gc,metaspace   ] GC(474) Metaspace: 13311K->13311K(1062912K)
[2019-07-24T17:29:39.166-0300][606.283s][info][gc             ] GC(474) Pause Full (Ergonomics) 419M->419M(491M) 1042.058ms
[2019-07-24T17:29:39.166-0300][606.283s][info][gc,cpu         ] GC(474) User=3.42s Sys=0.01s Real=1.04s
[2019-07-24T17:29:39.167-0300][606.284s][info][gc,start       ] GC(475) Pause Full (Ergonomics)
[2019-07-24T17:29:39.167-0300][606.284s][info][gc,phases,start] GC(475) Marking Phase
[2019-07-24T17:29:39.976-0300][607.093s][info][gc,phases      ] GC(475) Marking Phase 809.597ms
[2019-07-24T17:29:39.976-0300][607.093s][info][gc,phases,start] GC(475) Summary Phase
[2019-07-24T17:29:39.976-0300][607.093s][info][gc,phases      ] GC(475) Summary Phase 0.020ms
[2019-07-24T17:29:39.976-0300][607.093s][info][gc,phases,start] GC(475) Adjust Roots
[2019-07-24T17:29:39.978-0300][607.095s][info][gc,phases      ] GC(475) Adjust Roots 1.460ms
[2019-07-24T17:29:39.978-0300][607.095s][info][gc,phases,start] GC(475) Compaction Phase
[2019-07-24T17:29:40.289-0300][607.406s][info][gc,phases      ] GC(475) Compaction Phase 311.415ms
[2019-07-24T17:29:40.289-0300][607.406s][info][gc,phases,start] GC(475) Post Compact
[2019-07-24T17:29:40.290-0300][607.407s][info][gc,phases      ] GC(475) Post Compact 0.935ms
[2019-07-24T17:29:40.290-0300][607.407s][info][gc,heap        ] GC(475) PSYoungGen: 131583K->131583K(153088K)
[2019-07-24T17:29:40.290-0300][607.407s][info][gc,heap        ] GC(475) ParOldGen: 297475K->297475K(349696K)
[2019-07-24T17:29:40.290-0300][607.407s][info][gc,metaspace   ] GC(475) Metaspace: 13311K->13311K(1062912K)
[2019-07-24T17:29:40.291-0300][607.408s][info][gc             ] GC(475) Pause Full (Ergonomics) 419M->419M(491M) 1123.782ms
[2019-07-24T17:29:40.291-0300][607.408s][info][gc,cpu         ] GC(475) User=3.43s Sys=0.02s Real=1.13s
[2019-07-24T17:29:40.291-0300][607.408s][info][gc,start       ] GC(476) Pause Full (Ergonomics)
[2019-07-24T17:29:40.291-0300][607.408s][info][gc,phases,start] GC(476) Marking Phase
[2019-07-24T17:29:41.058-0300][608.175s][info][gc,phases      ] GC(476) Marking Phase 767.427ms
[2019-07-24T17:29:41.058-0300][608.175s][info][gc,phases,start] GC(476) Summary Phase
[2019-07-24T17:29:41.059-0300][608.175s][info][gc,phases      ] GC(476) Summary Phase 0.018ms
[2019-07-24T17:29:41.059-0300][608.176s][info][gc,phases,start] GC(476) Adjust Roots
[2019-07-24T17:29:41.060-0300][608.177s][info][gc,phases      ] GC(476) Adjust Roots 1.725ms
[2019-07-24T17:29:41.060-0300][608.177s][info][gc,phases,start] GC(476) Compaction Phase
[2019-07-24T17:29:41.501-0300][608.618s][info][gc,phases      ] GC(476) Compaction Phase 440.617ms
[2019-07-24T17:29:41.501-0300][608.618s][info][gc,phases,start] GC(476) Post Compact
[2019-07-24T17:29:41.502-0300][608.619s][info][gc,phases      ] GC(476) Post Compact 0.774ms
[2019-07-24T17:29:41.502-0300][608.619s][info][gc,heap        ] GC(476) PSYoungGen: 131583K->131583K(153088K)
[2019-07-24T17:29:41.502-0300][608.619s][info][gc,heap        ] GC(476) ParOldGen: 297479K->297460K(349696K)
[2019-07-24T17:29:41.502-0300][608.619s][info][gc,metaspace   ] GC(476) Metaspace: 13311K->13311K(1062912K)
[2019-07-24T17:29:41.502-0300][608.619s][info][gc             ] GC(476) Pause Full (Ergonomics) 419M->418M(491M) 1210.878ms
[2019-07-24T17:29:41.502-0300][608.619s][info][gc,cpu         ] GC(476) User=3.46s Sys=0.02s Real=1.21s
[2019-07-24T17:29:41.502-0300][608.619s][info][gc,start       ] GC(477) Pause Full (Ergonomics)
[2019-07-24T17:29:41.502-0300][608.619s][info][gc,phases,start] GC(477) Marking Phase
[2019-07-24T17:29:42.246-0300][609.363s][info][gc,phases      ] GC(477) Marking Phase 743.881ms
[2019-07-24T17:29:42.246-0300][609.363s][info][gc,phases,start] GC(477) Summary Phase
[2019-07-24T17:29:42.246-0300][609.363s][info][gc,phases      ] GC(477) Summary Phase 0.018ms
[2019-07-24T17:29:42.246-0300][609.363s][info][gc,phases,start] GC(477) Adjust Roots
[2019-07-24T17:29:42.248-0300][609.365s][info][gc,phases      ] GC(477) Adjust Roots 1.472ms
[2019-07-24T17:29:42.248-0300][609.365s][info][gc,phases,start] GC(477) Compaction Phase
[2019-07-24T17:29:42.547-0300][609.664s][info][gc,phases      ] GC(477) Compaction Phase 299.459ms
[2019-07-24T17:29:42.547-0300][609.664s][info][gc,phases,start] GC(477) Post Compact
[2019-07-24T17:29:42.548-0300][609.665s][info][gc,phases      ] GC(477) Post Compact 0.742ms
[2019-07-24T17:29:42.548-0300][609.665s][info][gc,heap        ] GC(477) PSYoungGen: 131583K->131583K(153088K)
[2019-07-24T17:29:42.548-0300][609.665s][info][gc,heap        ] GC(477) ParOldGen: 297463K->297445K(349696K)
[2019-07-24T17:29:42.548-0300][609.665s][info][gc,metaspace   ] GC(477) Metaspace: 13314K->13314K(1062912K)
[2019-07-24T17:29:42.548-0300][609.665s][info][gc             ] GC(477) Pause Full (Ergonomics) 418M->418M(491M) 1045.869ms
[2019-07-24T17:29:42.548-0300][609.665s][info][gc,cpu         ] GC(477) User=3.52s Sys=0.01s Real=1.04s
[2019-07-24T17:29:42.548-0300][609.665s][info][gc,start       ] GC(478) Pause Full (Ergonomics)
[2019-07-24T17:29:42.549-0300][609.665s][info][gc,phases,start] GC(478) Marking Phase
[2019-07-24T17:29:43.296-0300][610.413s][info][gc,phases      ] GC(478) Marking Phase 747.499ms
[2019-07-24T17:29:43.296-0300][610.413s][info][gc,phases,start] GC(478) Summary Phase
[2019-07-24T17:29:43.296-0300][610.413s][info][gc,phases      ] GC(478) Summary Phase 0.019ms
[2019-07-24T17:29:43.296-0300][610.413s][info][gc,phases,start] GC(478) Adjust Roots
[2019-07-24T17:29:43.298-0300][610.415s][info][gc,phases      ] GC(478) Adjust Roots 1.531ms
[2019-07-24T17:29:43.298-0300][610.415s][info][gc,phases,start] GC(478) Compaction Phase
[2019-07-24T17:29:43.608-0300][610.725s][info][gc,phases      ] GC(478) Compaction Phase 310.439ms
[2019-07-24T17:29:43.608-0300][610.725s][info][gc,phases,start] GC(478) Post Compact
[2019-07-24T17:29:43.609-0300][610.726s][info][gc,phases      ] GC(478) Post Compact 0.763ms
[2019-07-24T17:29:43.609-0300][610.726s][info][gc,heap        ] GC(478) PSYoungGen: 131583K->131583K(153088K)
[2019-07-24T17:29:43.609-0300][610.726s][info][gc,heap        ] GC(478) ParOldGen: 297447K->297447K(349696K)
[2019-07-24T17:29:43.609-0300][610.726s][info][gc,metaspace   ] GC(478) Metaspace: 13314K->13314K(1062912K)
[2019-07-24T17:29:43.609-0300][610.726s][info][gc             ] GC(478) Pause Full (Ergonomics) 418M->418M(491M) 1060.526ms
[2019-07-24T17:29:43.609-0300][610.726s][info][gc,cpu         ] GC(478) User=3.47s Sys=0.02s Real=1.06s
[2019-07-24T17:29:43.609-0300][610.726s][info][gc,start       ] GC(479) Pause Full (Ergonomics)
[2019-07-24T17:29:43.609-0300][610.726s][info][gc,phases,start] GC(479) Marking Phase
[2019-07-24T17:29:44.376-0300][611.493s][info][gc,phases      ] GC(479) Marking Phase 766.634ms
[2019-07-24T17:29:44.376-0300][611.493s][info][gc,phases,start] GC(479) Summary Phase
[2019-07-24T17:29:44.376-0300][611.493s][info][gc,phases      ] GC(479) Summary Phase 0.020ms
[2019-07-24T17:29:44.376-0300][611.493s][info][gc,phases,start] GC(479) Adjust Roots
[2019-07-24T17:29:44.378-0300][611.495s][info][gc,phases      ] GC(479) Adjust Roots 1.595ms
[2019-07-24T17:29:44.378-0300][611.495s][info][gc,phases,start] GC(479) Compaction Phase
[2019-07-24T17:29:44.666-0300][611.783s][info][gc,phases      ] GC(479) Compaction Phase 288.530ms
[2019-07-24T17:29:44.666-0300][611.783s][info][gc,phases,start] GC(479) Post Compact
[2019-07-24T17:29:44.667-0300][611.784s][info][gc,phases      ] GC(479) Post Compact 0.763ms
[2019-07-24T17:29:44.667-0300][611.784s][info][gc,heap        ] GC(479) PSYoungGen: 131583K->131583K(153088K)
[2019-07-24T17:29:44.667-0300][611.784s][info][gc,heap        ] GC(479) ParOldGen: 297448K->297448K(349696K)
[2019-07-24T17:29:44.667-0300][611.784s][info][gc,metaspace   ] GC(479) Metaspace: 13315K->13315K(1062912K)
[2019-07-24T17:29:44.667-0300][611.784s][info][gc             ] GC(479) Pause Full (Ergonomics) 418M->418M(491M) 1057.835ms
[2019-07-24T17:29:44.667-0300][611.784s][info][gc,cpu         ] GC(479) User=3.53s Sys=0.01s Real=1.06s
[2019-07-24T17:29:44.668-0300][611.784s][info][gc,start       ] GC(480) Pause Full (Ergonomics)
[2019-07-24T17:29:44.668-0300][611.784s][info][gc,phases,start] GC(480) Marking Phase
[2019-07-24T17:29:45.475-0300][612.592s][info][gc,phases      ] GC(480) Marking Phase 807.561ms
[2019-07-24T17:29:45.475-0300][612.592s][info][gc,phases,start] GC(480) Summary Phase
[2019-07-24T17:29:45.475-0300][612.592s][info][gc,phases      ] GC(480) Summary Phase 0.018ms
[2019-07-24T17:29:45.475-0300][612.592s][info][gc,phases,start] GC(480) Adjust Roots
[2019-07-24T17:29:45.477-0300][612.594s][info][gc,phases      ] GC(480) Adjust Roots 1.525ms
[2019-07-24T17:29:45.477-0300][612.594s][info][gc,phases,start] GC(480) Compaction Phase
[2019-07-24T17:29:45.784-0300][612.901s][info][gc,phases      ] GC(480) Compaction Phase 307.089ms
[2019-07-24T17:29:45.784-0300][612.901s][info][gc,phases,start] GC(480) Post Compact
[2019-07-24T17:29:45.785-0300][612.902s][info][gc,phases      ] GC(480) Post Compact 0.743ms
[2019-07-24T17:29:45.785-0300][612.902s][info][gc,heap        ] GC(480) PSYoungGen: 131583K->131583K(153088K)
[2019-07-24T17:29:45.785-0300][612.902s][info][gc,heap        ] GC(480) ParOldGen: 297450K->297450K(349696K)
[2019-07-24T17:29:45.785-0300][612.902s][info][gc,metaspace   ] GC(480) Metaspace: 13315K->13315K(1062912K)
[2019-07-24T17:29:45.785-0300][612.902s][info][gc             ] GC(480) Pause Full (Ergonomics) 418M->418M(491M) 1117.233ms
[2019-07-24T17:29:45.785-0300][612.902s][info][gc,cpu         ] GC(480) User=3.49s Sys=0.02s Real=1.12s
[2019-07-24T17:29:45.785-0300][612.902s][info][gc,start       ] GC(481) Pause Full (Ergonomics)
[2019-07-24T17:29:45.785-0300][612.902s][info][gc,phases,start] GC(481) Marking Phase
